[2026-09-30T22:12:58.608+0000] {taskinstance.py:1087} INFO - Dependencies all met for <TaskInstance: near_earth_objects.api_request scheduled__2026-06-10T00:00:00+00:00 [queued]>
[2026-09-30T22:12:58.638+0000] {taskinstance.py:1087} INFO - Dependencies all met for <TaskInstance: near_earth_objects.api_request scheduled__2026-06-10T00:00:00+00:00 [queued]>
[2026-09-30T22:12:58.639+0000] {taskinstance.py:1283} INFO - 
--------------------------------------------------------------------------------
[2026-09-30T22:12:58.640+0000] {taskinstance.py:1284} INFO - Starting attempt 1 of 1
[2026-09-30T22:12:58.641+0000] {taskinstance.py:1285} INFO - 
--------------------------------------------------------------------------------
[2026-09-30T22:12:58.698+0000] {taskinstance.py:1304} INFO - Executing <Task(_PythonDecoratedOperator): api_request> on 2026-06-10 00:00:00+00:00
[2026-09-30T22:12:58.735+0000] {standard_task_runner.py:55} INFO - Started process 17989 to run task
[2026-09-30T22:12:58.781+0000] {standard_task_runner.py:82} INFO - Running: ['***', 'tasks', 'run', 'near_earth_objects', 'api_request', 'scheduled__2026-06-10T00:00:00+00:00', '--job-id', '610', '--raw', '--subdir', 'DAGS_FOLDER/near_earth_objects.py', '--cfg-path', '/tmp/tmpzdyqzmmh']
[2026-09-30T22:12:58.784+0000] {standard_task_runner.py:83} INFO - Job 610: Subtask api_request
[2026-09-30T22:12:59.041+0000] {task_command.py:389} INFO - Running <TaskInstance: near_earth_objects.api_request scheduled__2026-06-10T00:00:00+00:00 [running]> on host 99d7515dcb98
[2026-09-30T22:12:59.280+0000] {taskinstance.py:1513} INFO - Exporting the following env vars:
AIRFLOW_CTX_DAG_OWNER=***
AIRFLOW_CTX_DAG_ID=near_earth_objects
AIRFLOW_CTX_TASK_ID=api_request
AIRFLOW_CTX_EXECUTION_DATE=2026-06-10T00:00:00+00:00
AIRFLOW_CTX_TRY_NUMBER=1
AIRFLOW_CTX_DAG_RUN_ID=scheduled__2026-06-10T00:00:00+00:00
[2026-09-30T22:12:59.342+0000] {taskinstance.py:1772} ERROR - Task failed with exception
Traceback (most recent call last):
  File "/home/airflow/.local/lib/python3.7/site-packages/airflow/decorators/base.py", line 217, in execute
    return_value = super().execute(context)
  File "/home/airflow/.local/lib/python3.7/site-packages/airflow/operators/python.py", line 175, in execute
    return_value = self.execute_callable()
  File "/home/airflow/.local/lib/python3.7/site-packages/airflow/operators/python.py", line 192, in execute_callable
    return self.python_callable(*self.op_args, **self.op_kwargs)
  File "/opt/airflow/dags/near_earth_objects.py", line 29, in api_request
    with Client(proxy=proxy) as request:
TypeError: __init__() got an unexpected keyword argument 'proxy'
[2026-09-30T22:12:59.362+0000] {taskinstance.py:1327} INFO - Marking task as FAILED. dag_id=near_earth_objects, task_id=api_request, execution_date=20260610T000000, start_date=20260930T221258, end_date=20260930T221259
[2026-09-30T22:12:59.390+0000] {standard_task_runner.py:105} ERROR - Failed to execute job 610 for task api_request (__init__() got an unexpected keyword argument 'proxy'; 17989)
[2026-09-30T22:12:59.424+0000] {local_task_job.py:159} INFO - Task exited with return code 1
[2026-09-30T22:12:59.533+0000] {taskinstance.py:2582} INFO - 0 downstream tasks scheduled from follow-on schedule check
