[2026-09-30T21:49:47.221+0000] {taskinstance.py:1087} INFO - Dependencies all met for <TaskInstance: near_earth_objects.init_table scheduled__2026-02-19T00:00:00+00:00 [queued]>
[2026-09-30T21:49:47.240+0000] {taskinstance.py:1087} INFO - Dependencies all met for <TaskInstance: near_earth_objects.init_table scheduled__2026-02-19T00:00:00+00:00 [queued]>
[2026-09-30T21:49:47.240+0000] {taskinstance.py:1283} INFO - 
--------------------------------------------------------------------------------
[2026-09-30T21:49:47.240+0000] {taskinstance.py:1284} INFO - Starting attempt 1 of 1
[2026-09-30T21:49:47.241+0000] {taskinstance.py:1285} INFO - 
--------------------------------------------------------------------------------
[2026-09-30T21:49:47.284+0000] {taskinstance.py:1304} INFO - Executing <Task(_PythonDecoratedOperator): init_table> on 2026-02-19 00:00:00+00:00
[2026-09-30T21:49:47.304+0000] {standard_task_runner.py:55} INFO - Started process 14739 to run task
[2026-09-30T21:49:47.310+0000] {standard_task_runner.py:82} INFO - Running: ['***', 'tasks', 'run', 'near_earth_objects', 'init_table', 'scheduled__2026-02-19T00:00:00+00:00', '--job-id', '53', '--raw', '--subdir', 'DAGS_FOLDER/near_earth_objects.py', '--cfg-path', '/tmp/tmplb7n2xe6']
[2026-09-30T21:49:47.311+0000] {standard_task_runner.py:83} INFO - Job 53: Subtask init_table
[2026-09-30T21:49:47.405+0000] {task_command.py:389} INFO - Running <TaskInstance: near_earth_objects.init_table scheduled__2026-02-19T00:00:00+00:00 [running]> on host 99d7515dcb98
[2026-09-30T21:49:47.513+0000] {taskinstance.py:1513} INFO - Exporting the following env vars:
AIRFLOW_CTX_DAG_OWNER=***
AIRFLOW_CTX_DAG_ID=near_earth_objects
AIRFLOW_CTX_TASK_ID=init_table
AIRFLOW_CTX_EXECUTION_DATE=2026-02-19T00:00:00+00:00
AIRFLOW_CTX_TRY_NUMBER=1
AIRFLOW_CTX_DAG_RUN_ID=scheduled__2026-02-19T00:00:00+00:00
[2026-09-30T21:49:47.527+0000] {taskinstance.py:1772} ERROR - Task failed with exception
Traceback (most recent call last):
  File "/home/airflow/.local/lib/python3.7/site-packages/airflow/decorators/base.py", line 217, in execute
    return_value = super().execute(context)
  File "/home/airflow/.local/lib/python3.7/site-packages/airflow/operators/python.py", line 175, in execute
    return_value = self.execute_callable()
  File "/home/airflow/.local/lib/python3.7/site-packages/airflow/operators/python.py", line 192, in execute_callable
    return self.python_callable(*self.op_args, **self.op_kwargs)
  File "/opt/airflow/dags/near_earth_objects.py", line 18, in init_table
    conn = psycopg2.connect(Variable.get('dburi'))
  File "/home/airflow/.local/lib/python3.7/site-packages/psycopg2/__init__.py", line 122, in connect
    conn = _connect(dsn, connection_factory=connection_factory, **kwasync)
psycopg2.OperationalError: connection to server at "localhost" (::1), port 5432 failed: Connection refused
	Is the server running on that host and accepting TCP/IP connections?
connection to server at "localhost" (127.0.0.1), port 5432 failed: Connection refused
	Is the server running on that host and accepting TCP/IP connections?

[2026-09-30T21:49:47.541+0000] {taskinstance.py:1327} INFO - Marking task as FAILED. dag_id=near_earth_objects, task_id=init_table, execution_date=20260219T000000, start_date=20260930T214947, end_date=20260930T214947
[2026-09-30T21:49:47.556+0000] {standard_task_runner.py:105} ERROR - Failed to execute job 53 for task init_table (connection to server at "localhost" (::1), port 5432 failed: Connection refused
	Is the server running on that host and accepting TCP/IP connections?
connection to server at "localhost" (127.0.0.1), port 5432 failed: Connection refused
	Is the server running on that host and accepting TCP/IP connections?
; 14739)
[2026-09-30T21:49:47.602+0000] {local_task_job.py:159} INFO - Task exited with return code 1
[2026-09-30T21:49:47.709+0000] {taskinstance.py:2582} INFO - 0 downstream tasks scheduled from follow-on schedule check
[2026-09-30T22:11:41.588+0000] {taskinstance.py:1087} INFO - Dependencies all met for <TaskInstance: near_earth_objects.init_table scheduled__2026-02-19T00:00:00+00:00 [queued]>
[2026-09-30T22:11:41.601+0000] {taskinstance.py:1087} INFO - Dependencies all met for <TaskInstance: near_earth_objects.init_table scheduled__2026-02-19T00:00:00+00:00 [queued]>
[2026-09-30T22:11:41.601+0000] {taskinstance.py:1283} INFO - 
--------------------------------------------------------------------------------
[2026-09-30T22:11:41.601+0000] {taskinstance.py:1284} INFO - Starting attempt 1 of 1
[2026-09-30T22:11:41.602+0000] {taskinstance.py:1285} INFO - 
--------------------------------------------------------------------------------
[2026-09-30T22:11:41.630+0000] {taskinstance.py:1304} INFO - Executing <Task(_PythonDecoratedOperator): init_table> on 2026-02-19 00:00:00+00:00
[2026-09-30T22:11:41.643+0000] {standard_task_runner.py:55} INFO - Started process 17419 to run task
[2026-09-30T22:11:41.648+0000] {standard_task_runner.py:82} INFO - Running: ['***', 'tasks', 'run', 'near_earth_objects', 'init_table', 'scheduled__2026-02-19T00:00:00+00:00', '--job-id', '388', '--raw', '--subdir', 'DAGS_FOLDER/near_earth_objects.py', '--cfg-path', '/tmp/tmps85uix_k']
[2026-09-30T22:11:41.649+0000] {standard_task_runner.py:83} INFO - Job 388: Subtask init_table
[2026-09-30T22:11:41.753+0000] {task_command.py:389} INFO - Running <TaskInstance: near_earth_objects.init_table scheduled__2026-02-19T00:00:00+00:00 [running]> on host 99d7515dcb98
[2026-09-30T22:11:41.876+0000] {taskinstance.py:1513} INFO - Exporting the following env vars:
AIRFLOW_CTX_DAG_OWNER=***
AIRFLOW_CTX_DAG_ID=near_earth_objects
AIRFLOW_CTX_TASK_ID=init_table
AIRFLOW_CTX_EXECUTION_DATE=2026-02-19T00:00:00+00:00
AIRFLOW_CTX_TRY_NUMBER=1
AIRFLOW_CTX_DAG_RUN_ID=scheduled__2026-02-19T00:00:00+00:00
[2026-09-30T22:11:41.912+0000] {python.py:177} INFO - Done. Returned value was: None
[2026-09-30T22:11:41.927+0000] {taskinstance.py:1327} INFO - Marking task as SUCCESS. dag_id=near_earth_objects, task_id=init_table, execution_date=20260219T000000, start_date=20260930T221141, end_date=20260930T221141
[2026-09-30T22:11:41.985+0000] {local_task_job.py:159} INFO - Task exited with return code 0
[2026-09-30T22:11:42.035+0000] {taskinstance.py:2582} INFO - 1 downstream tasks scheduled from follow-on schedule check
