[2026-09-30T21:51:02.366+0000] {taskinstance.py:1087} INFO - Dependencies all met for <TaskInstance: near_earth_objects.init_table scheduled__2026-06-03T00:00:00+00:00 [queued]>
[2026-09-30T21:51:02.381+0000] {taskinstance.py:1087} INFO - Dependencies all met for <TaskInstance: near_earth_objects.init_table scheduled__2026-06-03T00:00:00+00:00 [queued]>
[2026-09-30T21:51:02.382+0000] {taskinstance.py:1283} INFO - 
--------------------------------------------------------------------------------
[2026-09-30T21:51:02.382+0000] {taskinstance.py:1284} INFO - Starting attempt 1 of 1
[2026-09-30T21:51:02.382+0000] {taskinstance.py:1285} INFO - 
--------------------------------------------------------------------------------
[2026-09-30T21:51:02.399+0000] {taskinstance.py:1304} INFO - Executing <Task(_PythonDecoratedOperator): init_table> on 2026-06-03 00:00:00+00:00
[2026-09-30T21:51:02.412+0000] {standard_task_runner.py:55} INFO - Started process 15059 to run task
[2026-09-30T21:51:02.418+0000] {standard_task_runner.py:82} INFO - Running: ['***', 'tasks', 'run', 'near_earth_objects', 'init_table', 'scheduled__2026-06-03T00:00:00+00:00', '--job-id', '157', '--raw', '--subdir', 'DAGS_FOLDER/near_earth_objects.py', '--cfg-path', '/tmp/tmpj7z_sj_v']
[2026-09-30T21:51:02.419+0000] {standard_task_runner.py:83} INFO - Job 157: Subtask init_table
[2026-09-30T21:51:02.513+0000] {task_command.py:389} INFO - Running <TaskInstance: near_earth_objects.init_table scheduled__2026-06-03T00:00:00+00:00 [running]> on host 99d7515dcb98
[2026-09-30T21:51:02.624+0000] {taskinstance.py:1513} INFO - Exporting the following env vars:
AIRFLOW_CTX_DAG_OWNER=***
AIRFLOW_CTX_DAG_ID=near_earth_objects
AIRFLOW_CTX_TASK_ID=init_table
AIRFLOW_CTX_EXECUTION_DATE=2026-06-03T00:00:00+00:00
AIRFLOW_CTX_TRY_NUMBER=1
AIRFLOW_CTX_DAG_RUN_ID=scheduled__2026-06-03T00:00:00+00:00
[2026-09-30T21:51:02.638+0000] {taskinstance.py:1772} ERROR - Task failed with exception
Traceback (most recent call last):
  File "/home/airflow/.local/lib/python3.7/site-packages/airflow/decorators/base.py", line 217, in execute
    return_value = super().execute(context)
  File "/home/airflow/.local/lib/python3.7/site-packages/airflow/operators/python.py", line 175, in execute
    return_value = self.execute_callable()
  File "/home/airflow/.local/lib/python3.7/site-packages/airflow/operators/python.py", line 192, in execute_callable
    return self.python_callable(*self.op_args, **self.op_kwargs)
  File "/opt/airflow/dags/near_earth_objects.py", line 18, in init_table
    conn = psycopg2.connect(Variable.get('dburi'))
  File "/home/airflow/.local/lib/python3.7/site-packages/psycopg2/__init__.py", line 122, in connect
    conn = _connect(dsn, connection_factory=connection_factory, **kwasync)
psycopg2.OperationalError: connection to server at "localhost" (::1), port 5432 failed: Connection refused
	Is the server running on that host and accepting TCP/IP connections?
connection to server at "localhost" (127.0.0.1), port 5432 failed: Connection refused
	Is the server running on that host and accepting TCP/IP connections?

[2026-09-30T21:51:02.653+0000] {taskinstance.py:1327} INFO - Marking task as FAILED. dag_id=near_earth_objects, task_id=init_table, execution_date=20260603T000000, start_date=20260930T215102, end_date=20260930T215102
[2026-09-30T21:51:02.670+0000] {standard_task_runner.py:105} ERROR - Failed to execute job 157 for task init_table (connection to server at "localhost" (::1), port 5432 failed: Connection refused
	Is the server running on that host and accepting TCP/IP connections?
connection to server at "localhost" (127.0.0.1), port 5432 failed: Connection refused
	Is the server running on that host and accepting TCP/IP connections?
; 15059)
[2026-09-30T21:51:02.708+0000] {local_task_job.py:159} INFO - Task exited with return code 1
[2026-09-30T21:51:02.752+0000] {taskinstance.py:2582} INFO - 0 downstream tasks scheduled from follow-on schedule check
[2026-09-30T22:12:51.252+0000] {taskinstance.py:1087} INFO - Dependencies all met for <TaskInstance: near_earth_objects.init_table scheduled__2026-06-03T00:00:00+00:00 [queued]>
[2026-09-30T22:12:51.270+0000] {taskinstance.py:1087} INFO - Dependencies all met for <TaskInstance: near_earth_objects.init_table scheduled__2026-06-03T00:00:00+00:00 [queued]>
[2026-09-30T22:12:51.270+0000] {taskinstance.py:1283} INFO - 
--------------------------------------------------------------------------------
[2026-09-30T22:12:51.271+0000] {taskinstance.py:1284} INFO - Starting attempt 1 of 1
[2026-09-30T22:12:51.271+0000] {taskinstance.py:1285} INFO - 
--------------------------------------------------------------------------------
[2026-09-30T22:12:51.302+0000] {taskinstance.py:1304} INFO - Executing <Task(_PythonDecoratedOperator): init_table> on 2026-06-03 00:00:00+00:00
[2026-09-30T22:12:51.318+0000] {standard_task_runner.py:55} INFO - Started process 17924 to run task
[2026-09-30T22:12:51.324+0000] {standard_task_runner.py:82} INFO - Running: ['***', 'tasks', 'run', 'near_earth_objects', 'init_table', 'scheduled__2026-06-03T00:00:00+00:00', '--job-id', '587', '--raw', '--subdir', 'DAGS_FOLDER/near_earth_objects.py', '--cfg-path', '/tmp/tmpl5ygo4uh']
[2026-09-30T22:12:51.325+0000] {standard_task_runner.py:83} INFO - Job 587: Subtask init_table
[2026-09-30T22:12:51.425+0000] {task_command.py:389} INFO - Running <TaskInstance: near_earth_objects.init_table scheduled__2026-06-03T00:00:00+00:00 [running]> on host 99d7515dcb98
[2026-09-30T22:12:51.559+0000] {taskinstance.py:1513} INFO - Exporting the following env vars:
AIRFLOW_CTX_DAG_OWNER=***
AIRFLOW_CTX_DAG_ID=near_earth_objects
AIRFLOW_CTX_TASK_ID=init_table
AIRFLOW_CTX_EXECUTION_DATE=2026-06-03T00:00:00+00:00
AIRFLOW_CTX_TRY_NUMBER=1
AIRFLOW_CTX_DAG_RUN_ID=scheduled__2026-06-03T00:00:00+00:00
[2026-09-30T22:12:51.598+0000] {python.py:177} INFO - Done. Returned value was: None
[2026-09-30T22:12:51.622+0000] {taskinstance.py:1327} INFO - Marking task as SUCCESS. dag_id=near_earth_objects, task_id=init_table, execution_date=20260603T000000, start_date=20260930T221251, end_date=20260930T221251
[2026-09-30T22:12:51.658+0000] {local_task_job.py:159} INFO - Task exited with return code 0
[2026-09-30T22:12:51.712+0000] {taskinstance.py:2582} INFO - 1 downstream tasks scheduled from follow-on schedule check
