[2026-09-30T22:11:16.988+0000] {taskinstance.py:1087} INFO - Dependencies all met for <TaskInstance: near_earth_objects.api_request scheduled__2026-01-13T00:00:00+00:00 [queued]>
[2026-09-30T22:11:17.005+0000] {taskinstance.py:1087} INFO - Dependencies all met for <TaskInstance: near_earth_objects.api_request scheduled__2026-01-13T00:00:00+00:00 [queued]>
[2026-09-30T22:11:17.006+0000] {taskinstance.py:1283} INFO - 
--------------------------------------------------------------------------------
[2026-09-30T22:11:17.006+0000] {taskinstance.py:1284} INFO - Starting attempt 1 of 1
[2026-09-30T22:11:17.006+0000] {taskinstance.py:1285} INFO - 
--------------------------------------------------------------------------------
[2026-09-30T22:11:17.028+0000] {taskinstance.py:1304} INFO - Executing <Task(_PythonDecoratedOperator): api_request> on 2026-01-13 00:00:00+00:00
[2026-09-30T22:11:17.039+0000] {standard_task_runner.py:55} INFO - Started process 17248 to run task
[2026-09-30T22:11:17.044+0000] {standard_task_runner.py:82} INFO - Running: ['***', 'tasks', 'run', 'near_earth_objects', 'api_request', 'scheduled__2026-01-13T00:00:00+00:00', '--job-id', '322', '--raw', '--subdir', 'DAGS_FOLDER/near_earth_objects.py', '--cfg-path', '/tmp/tmppd957c2z']
[2026-09-30T22:11:17.044+0000] {standard_task_runner.py:83} INFO - Job 322: Subtask api_request
[2026-09-30T22:11:17.145+0000] {task_command.py:389} INFO - Running <TaskInstance: near_earth_objects.api_request scheduled__2026-01-13T00:00:00+00:00 [running]> on host 99d7515dcb98
[2026-09-30T22:11:17.248+0000] {taskinstance.py:1513} INFO - Exporting the following env vars:
AIRFLOW_CTX_DAG_OWNER=***
AIRFLOW_CTX_DAG_ID=near_earth_objects
AIRFLOW_CTX_TASK_ID=api_request
AIRFLOW_CTX_EXECUTION_DATE=2026-01-13T00:00:00+00:00
AIRFLOW_CTX_TRY_NUMBER=1
AIRFLOW_CTX_DAG_RUN_ID=scheduled__2026-01-13T00:00:00+00:00
[2026-09-30T22:11:17.268+0000] {taskinstance.py:1772} ERROR - Task failed with exception
Traceback (most recent call last):
  File "/home/airflow/.local/lib/python3.7/site-packages/airflow/decorators/base.py", line 217, in execute
    return_value = super().execute(context)
  File "/home/airflow/.local/lib/python3.7/site-packages/airflow/operators/python.py", line 175, in execute
    return_value = self.execute_callable()
  File "/home/airflow/.local/lib/python3.7/site-packages/airflow/operators/python.py", line 192, in execute_callable
    return self.python_callable(*self.op_args, **self.op_kwargs)
  File "/opt/airflow/dags/near_earth_objects.py", line 29, in api_request
    with Client(proxy=Proxy(url=proxy)) as request:
TypeError: __init__() got an unexpected keyword argument 'proxy'
[2026-09-30T22:11:17.279+0000] {taskinstance.py:1327} INFO - Marking task as FAILED. dag_id=near_earth_objects, task_id=api_request, execution_date=20260113T000000, start_date=20260930T221116, end_date=20260930T221117
[2026-09-30T22:11:17.293+0000] {standard_task_runner.py:105} ERROR - Failed to execute job 322 for task api_request (__init__() got an unexpected keyword argument 'proxy'; 17248)
[2026-09-30T22:11:17.340+0000] {local_task_job.py:159} INFO - Task exited with return code 1
[2026-09-30T22:11:17.464+0000] {taskinstance.py:2582} INFO - 0 downstream tasks scheduled from follow-on schedule check
