[2026-09-30T22:11:34.100+0000] {taskinstance.py:1087} INFO - Dependencies all met for <TaskInstance: near_earth_objects.api_request scheduled__2026-02-05T00:00:00+00:00 [queued]>
[2026-09-30T22:11:34.116+0000] {taskinstance.py:1087} INFO - Dependencies all met for <TaskInstance: near_earth_objects.api_request scheduled__2026-02-05T00:00:00+00:00 [queued]>
[2026-09-30T22:11:34.116+0000] {taskinstance.py:1283} INFO - 
--------------------------------------------------------------------------------
[2026-09-30T22:11:34.116+0000] {taskinstance.py:1284} INFO - Starting attempt 1 of 1
[2026-09-30T22:11:34.116+0000] {taskinstance.py:1285} INFO - 
--------------------------------------------------------------------------------
[2026-09-30T22:11:34.139+0000] {taskinstance.py:1304} INFO - Executing <Task(_PythonDecoratedOperator): api_request> on 2026-02-05 00:00:00+00:00
[2026-09-30T22:11:34.156+0000] {standard_task_runner.py:55} INFO - Started process 17363 to run task
[2026-09-30T22:11:34.162+0000] {standard_task_runner.py:82} INFO - Running: ['***', 'tasks', 'run', 'near_earth_objects', 'api_request', 'scheduled__2026-02-05T00:00:00+00:00', '--job-id', '370', '--raw', '--subdir', 'DAGS_FOLDER/near_earth_objects.py', '--cfg-path', '/tmp/tmp9gywiloa']
[2026-09-30T22:11:34.163+0000] {standard_task_runner.py:83} INFO - Job 370: Subtask api_request
[2026-09-30T22:11:34.276+0000] {task_command.py:389} INFO - Running <TaskInstance: near_earth_objects.api_request scheduled__2026-02-05T00:00:00+00:00 [running]> on host 99d7515dcb98
[2026-09-30T22:11:34.492+0000] {taskinstance.py:1513} INFO - Exporting the following env vars:
AIRFLOW_CTX_DAG_OWNER=***
AIRFLOW_CTX_DAG_ID=near_earth_objects
AIRFLOW_CTX_TASK_ID=api_request
AIRFLOW_CTX_EXECUTION_DATE=2026-02-05T00:00:00+00:00
AIRFLOW_CTX_TRY_NUMBER=1
AIRFLOW_CTX_DAG_RUN_ID=scheduled__2026-02-05T00:00:00+00:00
[2026-09-30T22:11:34.578+0000] {taskinstance.py:1772} ERROR - Task failed with exception
Traceback (most recent call last):
  File "/home/airflow/.local/lib/python3.7/site-packages/airflow/decorators/base.py", line 217, in execute
    return_value = super().execute(context)
  File "/home/airflow/.local/lib/python3.7/site-packages/airflow/operators/python.py", line 175, in execute
    return_value = self.execute_callable()
  File "/home/airflow/.local/lib/python3.7/site-packages/airflow/operators/python.py", line 192, in execute_callable
    return self.python_callable(*self.op_args, **self.op_kwargs)
  File "/opt/airflow/dags/near_earth_objects.py", line 29, in api_request
    with Client(proxy=Proxy(url=proxy)) as request:
TypeError: __init__() got an unexpected keyword argument 'proxy'
[2026-09-30T22:11:34.614+0000] {taskinstance.py:1327} INFO - Marking task as FAILED. dag_id=near_earth_objects, task_id=api_request, execution_date=20260205T000000, start_date=20260930T221134, end_date=20260930T221134
[2026-09-30T22:11:34.647+0000] {standard_task_runner.py:105} ERROR - Failed to execute job 370 for task api_request (__init__() got an unexpected keyword argument 'proxy'; 17363)
[2026-09-30T22:11:34.712+0000] {local_task_job.py:159} INFO - Task exited with return code 1
[2026-09-30T22:11:34.758+0000] {taskinstance.py:2582} INFO - 0 downstream tasks scheduled from follow-on schedule check
