[2026-09-30T22:06:11.266+0000] {taskinstance.py:1087} INFO - Dependencies all met for <TaskInstance: near_earth_objects.init_table manual__2026-09-30T22:06:09.810680+00:00 [queued]>
[2026-09-30T22:06:11.276+0000] {taskinstance.py:1087} INFO - Dependencies all met for <TaskInstance: near_earth_objects.init_table manual__2026-09-30T22:06:09.810680+00:00 [queued]>
[2026-09-30T22:06:11.277+0000] {taskinstance.py:1283} INFO - 
--------------------------------------------------------------------------------
[2026-09-30T22:06:11.277+0000] {taskinstance.py:1284} INFO - Starting attempt 1 of 1
[2026-09-30T22:06:11.277+0000] {taskinstance.py:1285} INFO - 
--------------------------------------------------------------------------------
[2026-09-30T22:06:11.293+0000] {taskinstance.py:1304} INFO - Executing <Task(_PythonDecoratedOperator): init_table> on 2026-09-30 22:06:09.810680+00:00
[2026-09-30T22:06:11.304+0000] {standard_task_runner.py:55} INFO - Started process 16690 to run task
[2026-09-30T22:06:11.308+0000] {standard_task_runner.py:82} INFO - Running: ['***', 'tasks', 'run', 'near_earth_objects', 'init_table', 'manual__2026-09-30T22:06:09.810680+00:00', '--job-id', '280', '--raw', '--subdir', 'DAGS_FOLDER/near_earth_objects.py', '--cfg-path', '/tmp/tmpj9rtbcid']
[2026-09-30T22:06:11.309+0000] {standard_task_runner.py:83} INFO - Job 280: Subtask init_table
[2026-09-30T22:06:11.381+0000] {task_command.py:389} INFO - Running <TaskInstance: near_earth_objects.init_table manual__2026-09-30T22:06:09.810680+00:00 [running]> on host 99d7515dcb98
[2026-09-30T22:06:11.464+0000] {taskinstance.py:1513} INFO - Exporting the following env vars:
AIRFLOW_CTX_DAG_OWNER=***
AIRFLOW_CTX_DAG_ID=near_earth_objects
AIRFLOW_CTX_TASK_ID=init_table
AIRFLOW_CTX_EXECUTION_DATE=2026-09-30T22:06:09.810680+00:00
AIRFLOW_CTX_TRY_NUMBER=1
AIRFLOW_CTX_DAG_RUN_ID=manual__2026-09-30T22:06:09.810680+00:00
[2026-09-30T22:06:11.503+0000] {python.py:177} INFO - Done. Returned value was: None
[2026-09-30T22:06:11.520+0000] {taskinstance.py:1327} INFO - Marking task as SUCCESS. dag_id=near_earth_objects, task_id=init_table, execution_date=20260930T220609, start_date=20260930T220611, end_date=20260930T220611
[2026-09-30T22:06:11.559+0000] {local_task_job.py:159} INFO - Task exited with return code 0
[2026-09-30T22:06:11.610+0000] {taskinstance.py:2582} INFO - 1 downstream tasks scheduled from follow-on schedule check
