[2026-09-30T22:22:17.414+0000] {taskinstance.py:1087} INFO - Dependencies all met for <TaskInstance: near_earth_objects.api_request manual__2026-09-30T22:22:14.597075+00:00 [queued]>
[2026-09-30T22:22:17.425+0000] {taskinstance.py:1087} INFO - Dependencies all met for <TaskInstance: near_earth_objects.api_request manual__2026-09-30T22:22:14.597075+00:00 [queued]>
[2026-09-30T22:22:17.426+0000] {taskinstance.py:1283} INFO - 
--------------------------------------------------------------------------------
[2026-09-30T22:22:17.426+0000] {taskinstance.py:1284} INFO - Starting attempt 1 of 1
[2026-09-30T22:22:17.426+0000] {taskinstance.py:1285} INFO - 
--------------------------------------------------------------------------------
[2026-09-30T22:22:17.442+0000] {taskinstance.py:1304} INFO - Executing <Task(_PythonDecoratedOperator): api_request> on 2026-09-30 22:22:14.597075+00:00
[2026-09-30T22:22:17.453+0000] {standard_task_runner.py:55} INFO - Started process 19292 to run task
[2026-09-30T22:22:17.458+0000] {standard_task_runner.py:82} INFO - Running: ['***', 'tasks', 'run', 'near_earth_objects', 'api_request', 'manual__2026-09-30T22:22:14.597075+00:00', '--job-id', '834', '--raw', '--subdir', 'DAGS_FOLDER/near_earth_objects.py', '--cfg-path', '/tmp/tmprome_y3u']
[2026-09-30T22:22:17.459+0000] {standard_task_runner.py:83} INFO - Job 834: Subtask api_request
[2026-09-30T22:22:17.532+0000] {task_command.py:389} INFO - Running <TaskInstance: near_earth_objects.api_request manual__2026-09-30T22:22:14.597075+00:00 [running]> on host 99d7515dcb98
[2026-09-30T22:22:17.627+0000] {taskinstance.py:1513} INFO - Exporting the following env vars:
AIRFLOW_CTX_DAG_OWNER=***
AIRFLOW_CTX_DAG_ID=near_earth_objects
AIRFLOW_CTX_TASK_ID=api_request
AIRFLOW_CTX_EXECUTION_DATE=2026-09-30T22:22:14.597075+00:00
AIRFLOW_CTX_TRY_NUMBER=1
AIRFLOW_CTX_DAG_RUN_ID=manual__2026-09-30T22:22:14.597075+00:00
[2026-09-30T22:22:18.090+0000] {taskinstance.py:1772} ERROR - Task failed with exception
Traceback (most recent call last):
  File "/home/airflow/.local/lib/python3.7/site-packages/httpcore/_exceptions.py", line 10, in map_exceptions
    yield
  File "/home/airflow/.local/lib/python3.7/site-packages/httpcore/backends/sync.py", line 95, in connect_tcp
    address, timeout, source_address=source_address
  File "/usr/local/lib/python3.7/socket.py", line 707, in create_connection
    for res in getaddrinfo(host, port, 0, SOCK_STREAM):
  File "/usr/local/lib/python3.7/socket.py", line 752, in getaddrinfo
    for res in _socket.getaddrinfo(host, port, family, type, proto, flags):
socket.gaierror: [Errno -2] Name or service not known

During handling of the above exception, another exception occurred:

Traceback (most recent call last):
  File "/home/airflow/.local/lib/python3.7/site-packages/httpx/_transports/default.py", line 60, in map_httpcore_exceptions
    yield
  File "/home/airflow/.local/lib/python3.7/site-packages/httpx/_transports/default.py", line 218, in handle_request
    resp = self._pool.handle_request(req)
  File "/home/airflow/.local/lib/python3.7/site-packages/httpcore/_sync/connection_pool.py", line 253, in handle_request
    raise exc
  File "/home/airflow/.local/lib/python3.7/site-packages/httpcore/_sync/connection_pool.py", line 237, in handle_request
    response = connection.handle_request(request)
  File "/home/airflow/.local/lib/python3.7/site-packages/httpcore/_sync/http_proxy.py", line 259, in handle_request
    connect_request
  File "/home/airflow/.local/lib/python3.7/site-packages/httpcore/_sync/connection.py", line 86, in handle_request
    raise exc
  File "/home/airflow/.local/lib/python3.7/site-packages/httpcore/_sync/connection.py", line 63, in handle_request
    stream = self._connect(request)
  File "/home/airflow/.local/lib/python3.7/site-packages/httpcore/_sync/connection.py", line 111, in _connect
    stream = self._network_backend.connect_tcp(**kwargs)
  File "/home/airflow/.local/lib/python3.7/site-packages/httpcore/backends/sync.py", line 95, in connect_tcp
    address, timeout, source_address=source_address
  File "/usr/local/lib/python3.7/contextlib.py", line 130, in __exit__
    self.gen.throw(type, value, traceback)
  File "/home/airflow/.local/lib/python3.7/site-packages/httpcore/_exceptions.py", line 14, in map_exceptions
    raise to_exc(exc)
httpcore.ConnectError: [Errno -2] Name or service not known

The above exception was the direct cause of the following exception:

Traceback (most recent call last):
  File "/home/airflow/.local/lib/python3.7/site-packages/airflow/decorators/base.py", line 217, in execute
    return_value = super().execute(context)
  File "/home/airflow/.local/lib/python3.7/site-packages/airflow/operators/python.py", line 175, in execute
    return_value = self.execute_callable()
  File "/home/airflow/.local/lib/python3.7/site-packages/airflow/operators/python.py", line 192, in execute_callable
    return self.python_callable(*self.op_args, **self.op_kwargs)
  File "/opt/airflow/dags/near_earth_objects.py", line 35, in api_request
    'end_date':  dtime.now().isoformat()
  File "/home/airflow/.local/lib/python3.7/site-packages/httpx/_client.py", line 1054, in get
    extensions=extensions,
  File "/home/airflow/.local/lib/python3.7/site-packages/httpx/_client.py", line 821, in request
    return self.send(request, auth=auth, follow_redirects=follow_redirects)
  File "/home/airflow/.local/lib/python3.7/site-packages/httpx/_client.py", line 912, in send
    history=[],
  File "/home/airflow/.local/lib/python3.7/site-packages/httpx/_client.py", line 939, in _send_handling_auth
    history=history,
  File "/home/airflow/.local/lib/python3.7/site-packages/httpx/_client.py", line 973, in _send_handling_redirects
    response = self._send_single_request(request)
  File "/home/airflow/.local/lib/python3.7/site-packages/httpx/_client.py", line 1009, in _send_single_request
    response = transport.handle_request(request)
  File "/home/airflow/.local/lib/python3.7/site-packages/httpx/_transports/default.py", line 218, in handle_request
    resp = self._pool.handle_request(req)
  File "/usr/local/lib/python3.7/contextlib.py", line 130, in __exit__
    self.gen.throw(type, value, traceback)
  File "/home/airflow/.local/lib/python3.7/site-packages/httpx/_transports/default.py", line 77, in map_httpcore_exceptions
    raise mapped_exc(message) from exc
httpx.ConnectError: [Errno -2] Name or service not known
[2026-09-30T22:22:18.103+0000] {taskinstance.py:1327} INFO - Marking task as FAILED. dag_id=near_earth_objects, task_id=api_request, execution_date=20260930T222214, start_date=20260930T222217, end_date=20260930T222218
[2026-09-30T22:22:18.118+0000] {standard_task_runner.py:105} ERROR - Failed to execute job 834 for task api_request ([Errno -2] Name or service not known; 19292)
[2026-09-30T22:22:18.150+0000] {local_task_job.py:159} INFO - Task exited with return code 1
[2026-09-30T22:22:18.186+0000] {taskinstance.py:2582} INFO - 0 downstream tasks scheduled from follow-on schedule check
