[2026-09-30T21:50:57.681+0000] {taskinstance.py:1087} INFO - Dependencies all met for <TaskInstance: near_earth_objects.init_table scheduled__2026-05-23T00:00:00+00:00 [queued]>
[2026-09-30T21:50:57.691+0000] {taskinstance.py:1087} INFO - Dependencies all met for <TaskInstance: near_earth_objects.init_table scheduled__2026-05-23T00:00:00+00:00 [queued]>
[2026-09-30T21:50:57.692+0000] {taskinstance.py:1283} INFO - 
--------------------------------------------------------------------------------
[2026-09-30T21:50:57.692+0000] {taskinstance.py:1284} INFO - Starting attempt 1 of 1
[2026-09-30T21:50:57.692+0000] {taskinstance.py:1285} INFO - 
--------------------------------------------------------------------------------
[2026-09-30T21:50:57.706+0000] {taskinstance.py:1304} INFO - Executing <Task(_PythonDecoratedOperator): init_table> on 2026-05-23 00:00:00+00:00
[2026-09-30T21:50:57.716+0000] {standard_task_runner.py:55} INFO - Started process 15038 to run task
[2026-09-30T21:50:57.720+0000] {standard_task_runner.py:82} INFO - Running: ['***', 'tasks', 'run', 'near_earth_objects', 'init_table', 'scheduled__2026-05-23T00:00:00+00:00', '--job-id', '146', '--raw', '--subdir', 'DAGS_FOLDER/near_earth_objects.py', '--cfg-path', '/tmp/tmpstqjv9v8']
[2026-09-30T21:50:57.721+0000] {standard_task_runner.py:83} INFO - Job 146: Subtask init_table
[2026-09-30T21:50:57.783+0000] {task_command.py:389} INFO - Running <TaskInstance: near_earth_objects.init_table scheduled__2026-05-23T00:00:00+00:00 [running]> on host 99d7515dcb98
[2026-09-30T21:50:57.855+0000] {taskinstance.py:1513} INFO - Exporting the following env vars:
AIRFLOW_CTX_DAG_OWNER=***
AIRFLOW_CTX_DAG_ID=near_earth_objects
AIRFLOW_CTX_TASK_ID=init_table
AIRFLOW_CTX_EXECUTION_DATE=2026-05-23T00:00:00+00:00
AIRFLOW_CTX_TRY_NUMBER=1
AIRFLOW_CTX_DAG_RUN_ID=scheduled__2026-05-23T00:00:00+00:00
[2026-09-30T21:50:57.864+0000] {taskinstance.py:1772} ERROR - Task failed with exception
Traceback (most recent call last):
  File "/home/airflow/.local/lib/python3.7/site-packages/airflow/decorators/base.py", line 217, in execute
    return_value = super().execute(context)
  File "/home/airflow/.local/lib/python3.7/site-packages/airflow/operators/python.py", line 175, in execute
    return_value = self.execute_callable()
  File "/home/airflow/.local/lib/python3.7/site-packages/airflow/operators/python.py", line 192, in execute_callable
    return self.python_callable(*self.op_args, **self.op_kwargs)
  File "/opt/airflow/dags/near_earth_objects.py", line 18, in init_table
    conn = psycopg2.connect(Variable.get('dburi'))
  File "/home/airflow/.local/lib/python3.7/site-packages/psycopg2/__init__.py", line 122, in connect
    conn = _connect(dsn, connection_factory=connection_factory, **kwasync)
psycopg2.OperationalError: connection to server at "localhost" (::1), port 5432 failed: Connection refused
	Is the server running on that host and accepting TCP/IP connections?
connection to server at "localhost" (127.0.0.1), port 5432 failed: Connection refused
	Is the server running on that host and accepting TCP/IP connections?

[2026-09-30T21:50:57.873+0000] {taskinstance.py:1327} INFO - Marking task as FAILED. dag_id=near_earth_objects, task_id=init_table, execution_date=20260523T000000, start_date=20260930T215057, end_date=20260930T215057
[2026-09-30T21:50:57.882+0000] {standard_task_runner.py:105} ERROR - Failed to execute job 146 for task init_table (connection to server at "localhost" (::1), port 5432 failed: Connection refused
	Is the server running on that host and accepting TCP/IP connections?
connection to server at "localhost" (127.0.0.1), port 5432 failed: Connection refused
	Is the server running on that host and accepting TCP/IP connections?
; 15038)
[2026-09-30T21:50:57.931+0000] {local_task_job.py:159} INFO - Task exited with return code 1
[2026-09-30T21:50:57.963+0000] {taskinstance.py:2582} INFO - 0 downstream tasks scheduled from follow-on schedule check
[2026-09-30T22:12:42.372+0000] {taskinstance.py:1087} INFO - Dependencies all met for <TaskInstance: near_earth_objects.init_table scheduled__2026-05-23T00:00:00+00:00 [queued]>
[2026-09-30T22:12:42.395+0000] {taskinstance.py:1087} INFO - Dependencies all met for <TaskInstance: near_earth_objects.init_table scheduled__2026-05-23T00:00:00+00:00 [queued]>
[2026-09-30T22:12:42.395+0000] {taskinstance.py:1283} INFO - 
--------------------------------------------------------------------------------
[2026-09-30T22:12:42.395+0000] {taskinstance.py:1284} INFO - Starting attempt 1 of 1
[2026-09-30T22:12:42.395+0000] {taskinstance.py:1285} INFO - 
--------------------------------------------------------------------------------
[2026-09-30T22:12:42.422+0000] {taskinstance.py:1304} INFO - Executing <Task(_PythonDecoratedOperator): init_table> on 2026-05-23 00:00:00+00:00
[2026-09-30T22:12:42.438+0000] {standard_task_runner.py:55} INFO - Started process 17878 to run task
[2026-09-30T22:12:42.447+0000] {standard_task_runner.py:82} INFO - Running: ['***', 'tasks', 'run', 'near_earth_objects', 'init_table', 'scheduled__2026-05-23T00:00:00+00:00', '--job-id', '565', '--raw', '--subdir', 'DAGS_FOLDER/near_earth_objects.py', '--cfg-path', '/tmp/tmpyjaq_bj5']
[2026-09-30T22:12:42.448+0000] {standard_task_runner.py:83} INFO - Job 565: Subtask init_table
[2026-09-30T22:12:42.556+0000] {task_command.py:389} INFO - Running <TaskInstance: near_earth_objects.init_table scheduled__2026-05-23T00:00:00+00:00 [running]> on host 99d7515dcb98
[2026-09-30T22:12:42.675+0000] {taskinstance.py:1513} INFO - Exporting the following env vars:
AIRFLOW_CTX_DAG_OWNER=***
AIRFLOW_CTX_DAG_ID=near_earth_objects
AIRFLOW_CTX_TASK_ID=init_table
AIRFLOW_CTX_EXECUTION_DATE=2026-05-23T00:00:00+00:00
AIRFLOW_CTX_TRY_NUMBER=1
AIRFLOW_CTX_DAG_RUN_ID=scheduled__2026-05-23T00:00:00+00:00
[2026-09-30T22:12:42.704+0000] {python.py:177} INFO - Done. Returned value was: None
[2026-09-30T22:12:42.721+0000] {taskinstance.py:1327} INFO - Marking task as SUCCESS. dag_id=near_earth_objects, task_id=init_table, execution_date=20260523T000000, start_date=20260930T221242, end_date=20260930T221242
[2026-09-30T22:12:42.781+0000] {local_task_job.py:159} INFO - Task exited with return code 0
[2026-09-30T22:12:42.828+0000] {taskinstance.py:2582} INFO - 1 downstream tasks scheduled from follow-on schedule check
