[2026-09-30T21:51:36.722+0000] {taskinstance.py:1087} INFO - Dependencies all met for <TaskInstance: near_earth_objects.init_table scheduled__2026-07-20T00:00:00+00:00 [queued]>
[2026-09-30T21:51:36.737+0000] {taskinstance.py:1087} INFO - Dependencies all met for <TaskInstance: near_earth_objects.init_table scheduled__2026-07-20T00:00:00+00:00 [queued]>
[2026-09-30T21:51:36.737+0000] {taskinstance.py:1283} INFO - 
--------------------------------------------------------------------------------
[2026-09-30T21:51:36.737+0000] {taskinstance.py:1284} INFO - Starting attempt 1 of 1
[2026-09-30T21:51:36.737+0000] {taskinstance.py:1285} INFO - 
--------------------------------------------------------------------------------
[2026-09-30T21:51:36.763+0000] {taskinstance.py:1304} INFO - Executing <Task(_PythonDecoratedOperator): init_table> on 2026-07-20 00:00:00+00:00
[2026-09-30T21:51:36.776+0000] {standard_task_runner.py:55} INFO - Started process 15213 to run task
[2026-09-30T21:51:36.783+0000] {standard_task_runner.py:82} INFO - Running: ['***', 'tasks', 'run', 'near_earth_objects', 'init_table', 'scheduled__2026-07-20T00:00:00+00:00', '--job-id', '204', '--raw', '--subdir', 'DAGS_FOLDER/near_earth_objects.py', '--cfg-path', '/tmp/tmprv2fzzwd']
[2026-09-30T21:51:36.784+0000] {standard_task_runner.py:83} INFO - Job 204: Subtask init_table
[2026-09-30T21:51:36.889+0000] {task_command.py:389} INFO - Running <TaskInstance: near_earth_objects.init_table scheduled__2026-07-20T00:00:00+00:00 [running]> on host 99d7515dcb98
[2026-09-30T21:51:36.988+0000] {taskinstance.py:1513} INFO - Exporting the following env vars:
AIRFLOW_CTX_DAG_OWNER=***
AIRFLOW_CTX_DAG_ID=near_earth_objects
AIRFLOW_CTX_TASK_ID=init_table
AIRFLOW_CTX_EXECUTION_DATE=2026-07-20T00:00:00+00:00
AIRFLOW_CTX_TRY_NUMBER=1
AIRFLOW_CTX_DAG_RUN_ID=scheduled__2026-07-20T00:00:00+00:00
[2026-09-30T21:51:37.004+0000] {taskinstance.py:1772} ERROR - Task failed with exception
Traceback (most recent call last):
  File "/home/airflow/.local/lib/python3.7/site-packages/airflow/decorators/base.py", line 217, in execute
    return_value = super().execute(context)
  File "/home/airflow/.local/lib/python3.7/site-packages/airflow/operators/python.py", line 175, in execute
    return_value = self.execute_callable()
  File "/home/airflow/.local/lib/python3.7/site-packages/airflow/operators/python.py", line 192, in execute_callable
    return self.python_callable(*self.op_args, **self.op_kwargs)
  File "/opt/airflow/dags/near_earth_objects.py", line 18, in init_table
    conn = psycopg2.connect(Variable.get('dburi'))
  File "/home/airflow/.local/lib/python3.7/site-packages/psycopg2/__init__.py", line 122, in connect
    conn = _connect(dsn, connection_factory=connection_factory, **kwasync)
psycopg2.OperationalError: connection to server at "localhost" (::1), port 5432 failed: Connection refused
	Is the server running on that host and accepting TCP/IP connections?
connection to server at "localhost" (127.0.0.1), port 5432 failed: Connection refused
	Is the server running on that host and accepting TCP/IP connections?

[2026-09-30T21:51:37.016+0000] {taskinstance.py:1327} INFO - Marking task as FAILED. dag_id=near_earth_objects, task_id=init_table, execution_date=20260720T000000, start_date=20260930T215136, end_date=20260930T215137
[2026-09-30T21:51:37.032+0000] {standard_task_runner.py:105} ERROR - Failed to execute job 204 for task init_table (connection to server at "localhost" (::1), port 5432 failed: Connection refused
	Is the server running on that host and accepting TCP/IP connections?
connection to server at "localhost" (127.0.0.1), port 5432 failed: Connection refused
	Is the server running on that host and accepting TCP/IP connections?
; 15213)
[2026-09-30T21:51:37.076+0000] {local_task_job.py:159} INFO - Task exited with return code 1
[2026-09-30T21:51:37.201+0000] {taskinstance.py:2582} INFO - 0 downstream tasks scheduled from follow-on schedule check
[2026-09-30T22:13:21.572+0000] {taskinstance.py:1087} INFO - Dependencies all met for <TaskInstance: near_earth_objects.init_table scheduled__2026-07-20T00:00:00+00:00 [queued]>
[2026-09-30T22:13:21.583+0000] {taskinstance.py:1087} INFO - Dependencies all met for <TaskInstance: near_earth_objects.init_table scheduled__2026-07-20T00:00:00+00:00 [queued]>
[2026-09-30T22:13:21.583+0000] {taskinstance.py:1283} INFO - 
--------------------------------------------------------------------------------
[2026-09-30T22:13:21.583+0000] {taskinstance.py:1284} INFO - Starting attempt 1 of 1
[2026-09-30T22:13:21.583+0000] {taskinstance.py:1285} INFO - 
--------------------------------------------------------------------------------
[2026-09-30T22:13:21.605+0000] {taskinstance.py:1304} INFO - Executing <Task(_PythonDecoratedOperator): init_table> on 2026-07-20 00:00:00+00:00
[2026-09-30T22:13:21.615+0000] {standard_task_runner.py:55} INFO - Started process 18171 to run task
[2026-09-30T22:13:21.621+0000] {standard_task_runner.py:82} INFO - Running: ['***', 'tasks', 'run', 'near_earth_objects', 'init_table', 'scheduled__2026-07-20T00:00:00+00:00', '--job-id', '682', '--raw', '--subdir', 'DAGS_FOLDER/near_earth_objects.py', '--cfg-path', '/tmp/tmp_excib6b']
[2026-09-30T22:13:21.622+0000] {standard_task_runner.py:83} INFO - Job 682: Subtask init_table
[2026-09-30T22:13:21.710+0000] {task_command.py:389} INFO - Running <TaskInstance: near_earth_objects.init_table scheduled__2026-07-20T00:00:00+00:00 [running]> on host 99d7515dcb98
[2026-09-30T22:13:21.803+0000] {taskinstance.py:1513} INFO - Exporting the following env vars:
AIRFLOW_CTX_DAG_OWNER=***
AIRFLOW_CTX_DAG_ID=near_earth_objects
AIRFLOW_CTX_TASK_ID=init_table
AIRFLOW_CTX_EXECUTION_DATE=2026-07-20T00:00:00+00:00
AIRFLOW_CTX_TRY_NUMBER=1
AIRFLOW_CTX_DAG_RUN_ID=scheduled__2026-07-20T00:00:00+00:00
[2026-09-30T22:13:21.839+0000] {python.py:177} INFO - Done. Returned value was: None
[2026-09-30T22:13:21.854+0000] {taskinstance.py:1327} INFO - Marking task as SUCCESS. dag_id=near_earth_objects, task_id=init_table, execution_date=20260720T000000, start_date=20260930T221321, end_date=20260930T221321
[2026-09-30T22:13:21.911+0000] {local_task_job.py:159} INFO - Task exited with return code 0
[2026-09-30T22:13:22.010+0000] {taskinstance.py:2582} INFO - 0 downstream tasks scheduled from follow-on schedule check
