[2026-09-30T21:50:52.089+0000] {taskinstance.py:1087} INFO - Dependencies all met for <TaskInstance: near_earth_objects.init_table scheduled__2026-05-21T00:00:00+00:00 [queued]>
[2026-09-30T21:50:52.101+0000] {taskinstance.py:1087} INFO - Dependencies all met for <TaskInstance: near_earth_objects.init_table scheduled__2026-05-21T00:00:00+00:00 [queued]>
[2026-09-30T21:50:52.101+0000] {taskinstance.py:1283} INFO - 
--------------------------------------------------------------------------------
[2026-09-30T21:50:52.101+0000] {taskinstance.py:1284} INFO - Starting attempt 1 of 1
[2026-09-30T21:50:52.101+0000] {taskinstance.py:1285} INFO - 
--------------------------------------------------------------------------------
[2026-09-30T21:50:52.119+0000] {taskinstance.py:1304} INFO - Executing <Task(_PythonDecoratedOperator): init_table> on 2026-05-21 00:00:00+00:00
[2026-09-30T21:50:52.133+0000] {standard_task_runner.py:55} INFO - Started process 15017 to run task
[2026-09-30T21:50:52.137+0000] {standard_task_runner.py:82} INFO - Running: ['***', 'tasks', 'run', 'near_earth_objects', 'init_table', 'scheduled__2026-05-21T00:00:00+00:00', '--job-id', '143', '--raw', '--subdir', 'DAGS_FOLDER/near_earth_objects.py', '--cfg-path', '/tmp/tmpbsb6c117']
[2026-09-30T21:50:52.138+0000] {standard_task_runner.py:83} INFO - Job 143: Subtask init_table
[2026-09-30T21:50:52.217+0000] {task_command.py:389} INFO - Running <TaskInstance: near_earth_objects.init_table scheduled__2026-05-21T00:00:00+00:00 [running]> on host 99d7515dcb98
[2026-09-30T21:50:52.300+0000] {taskinstance.py:1513} INFO - Exporting the following env vars:
AIRFLOW_CTX_DAG_OWNER=***
AIRFLOW_CTX_DAG_ID=near_earth_objects
AIRFLOW_CTX_TASK_ID=init_table
AIRFLOW_CTX_EXECUTION_DATE=2026-05-21T00:00:00+00:00
AIRFLOW_CTX_TRY_NUMBER=1
AIRFLOW_CTX_DAG_RUN_ID=scheduled__2026-05-21T00:00:00+00:00
[2026-09-30T21:50:52.311+0000] {taskinstance.py:1772} ERROR - Task failed with exception
Traceback (most recent call last):
  File "/home/airflow/.local/lib/python3.7/site-packages/airflow/decorators/base.py", line 217, in execute
    return_value = super().execute(context)
  File "/home/airflow/.local/lib/python3.7/site-packages/airflow/operators/python.py", line 175, in execute
    return_value = self.execute_callable()
  File "/home/airflow/.local/lib/python3.7/site-packages/airflow/operators/python.py", line 192, in execute_callable
    return self.python_callable(*self.op_args, **self.op_kwargs)
  File "/opt/airflow/dags/near_earth_objects.py", line 18, in init_table
    conn = psycopg2.connect(Variable.get('dburi'))
  File "/home/airflow/.local/lib/python3.7/site-packages/psycopg2/__init__.py", line 122, in connect
    conn = _connect(dsn, connection_factory=connection_factory, **kwasync)
psycopg2.OperationalError: connection to server at "localhost" (::1), port 5432 failed: Connection refused
	Is the server running on that host and accepting TCP/IP connections?
connection to server at "localhost" (127.0.0.1), port 5432 failed: Connection refused
	Is the server running on that host and accepting TCP/IP connections?

[2026-09-30T21:50:52.323+0000] {taskinstance.py:1327} INFO - Marking task as FAILED. dag_id=near_earth_objects, task_id=init_table, execution_date=20260521T000000, start_date=20260930T215052, end_date=20260930T215052
[2026-09-30T21:50:52.335+0000] {standard_task_runner.py:105} ERROR - Failed to execute job 143 for task init_table (connection to server at "localhost" (::1), port 5432 failed: Connection refused
	Is the server running on that host and accepting TCP/IP connections?
connection to server at "localhost" (127.0.0.1), port 5432 failed: Connection refused
	Is the server running on that host and accepting TCP/IP connections?
; 15017)
[2026-09-30T21:50:52.388+0000] {local_task_job.py:159} INFO - Task exited with return code 1
[2026-09-30T21:50:52.429+0000] {taskinstance.py:2582} INFO - 0 downstream tasks scheduled from follow-on schedule check
[2026-09-30T22:12:41.458+0000] {taskinstance.py:1087} INFO - Dependencies all met for <TaskInstance: near_earth_objects.init_table scheduled__2026-05-21T00:00:00+00:00 [queued]>
[2026-09-30T22:12:41.486+0000] {taskinstance.py:1087} INFO - Dependencies all met for <TaskInstance: near_earth_objects.init_table scheduled__2026-05-21T00:00:00+00:00 [queued]>
[2026-09-30T22:12:41.486+0000] {taskinstance.py:1283} INFO - 
--------------------------------------------------------------------------------
[2026-09-30T22:12:41.487+0000] {taskinstance.py:1284} INFO - Starting attempt 1 of 1
[2026-09-30T22:12:41.487+0000] {taskinstance.py:1285} INFO - 
--------------------------------------------------------------------------------
[2026-09-30T22:12:41.536+0000] {taskinstance.py:1304} INFO - Executing <Task(_PythonDecoratedOperator): init_table> on 2026-05-21 00:00:00+00:00
[2026-09-30T22:12:41.555+0000] {standard_task_runner.py:55} INFO - Started process 17870 to run task
[2026-09-30T22:12:41.564+0000] {standard_task_runner.py:82} INFO - Running: ['***', 'tasks', 'run', 'near_earth_objects', 'init_table', 'scheduled__2026-05-21T00:00:00+00:00', '--job-id', '560', '--raw', '--subdir', 'DAGS_FOLDER/near_earth_objects.py', '--cfg-path', '/tmp/tmpm8bmqymp']
[2026-09-30T22:12:41.565+0000] {standard_task_runner.py:83} INFO - Job 560: Subtask init_table
[2026-09-30T22:12:41.740+0000] {task_command.py:389} INFO - Running <TaskInstance: near_earth_objects.init_table scheduled__2026-05-21T00:00:00+00:00 [running]> on host 99d7515dcb98
[2026-09-30T22:12:41.945+0000] {taskinstance.py:1513} INFO - Exporting the following env vars:
AIRFLOW_CTX_DAG_OWNER=***
AIRFLOW_CTX_DAG_ID=near_earth_objects
AIRFLOW_CTX_TASK_ID=init_table
AIRFLOW_CTX_EXECUTION_DATE=2026-05-21T00:00:00+00:00
AIRFLOW_CTX_TRY_NUMBER=1
AIRFLOW_CTX_DAG_RUN_ID=scheduled__2026-05-21T00:00:00+00:00
[2026-09-30T22:12:41.989+0000] {python.py:177} INFO - Done. Returned value was: None
[2026-09-30T22:12:42.012+0000] {taskinstance.py:1327} INFO - Marking task as SUCCESS. dag_id=near_earth_objects, task_id=init_table, execution_date=20260521T000000, start_date=20260930T221241, end_date=20260930T221242
[2026-09-30T22:12:42.116+0000] {local_task_job.py:159} INFO - Task exited with return code 0
[2026-09-30T22:12:42.266+0000] {taskinstance.py:2582} INFO - 1 downstream tasks scheduled from follow-on schedule check
