[2026-10-01T00:00:06.394+0000] {taskinstance.py:1087} INFO - Dependencies all met for <TaskInstance: near_earth_objects.clean_and_upload scheduled__2026-09-30T00:00:00+00:00 [queued]>
[2026-10-01T00:00:06.406+0000] {taskinstance.py:1087} INFO - Dependencies all met for <TaskInstance: near_earth_objects.clean_and_upload scheduled__2026-09-30T00:00:00+00:00 [queued]>
[2026-10-01T00:00:06.406+0000] {taskinstance.py:1283} INFO - 
--------------------------------------------------------------------------------
[2026-10-01T00:00:06.406+0000] {taskinstance.py:1284} INFO - Starting attempt 1 of 1
[2026-10-01T00:00:06.406+0000] {taskinstance.py:1285} INFO - 
--------------------------------------------------------------------------------
[2026-10-01T00:00:06.424+0000] {taskinstance.py:1304} INFO - Executing <Task(_PythonDecoratedOperator): clean_and_upload> on 2026-09-30 00:00:00+00:00
[2026-10-01T00:00:06.437+0000] {standard_task_runner.py:55} INFO - Started process 8303 to run task
[2026-10-01T00:00:06.443+0000] {standard_task_runner.py:82} INFO - Running: ['***', 'tasks', 'run', 'near_earth_objects', 'clean_and_upload', 'scheduled__2026-09-30T00:00:00+00:00', '--job-id', '844', '--raw', '--subdir', 'DAGS_FOLDER/near_earth_objects.py', '--cfg-path', '/tmp/tmpnszdcsss']
[2026-10-01T00:00:06.444+0000] {standard_task_runner.py:83} INFO - Job 844: Subtask clean_and_upload
[2026-10-01T00:00:06.526+0000] {task_command.py:389} INFO - Running <TaskInstance: near_earth_objects.clean_and_upload scheduled__2026-09-30T00:00:00+00:00 [running]> on host e2e90d667d72
[2026-10-01T00:00:06.632+0000] {taskinstance.py:1513} INFO - Exporting the following env vars:
AIRFLOW_CTX_DAG_OWNER=***
AIRFLOW_CTX_DAG_ID=near_earth_objects
AIRFLOW_CTX_TASK_ID=clean_and_upload
AIRFLOW_CTX_EXECUTION_DATE=2026-09-30T00:00:00+00:00
AIRFLOW_CTX_TRY_NUMBER=1
AIRFLOW_CTX_DAG_RUN_ID=scheduled__2026-09-30T00:00:00+00:00
[2026-10-01T00:00:06.654+0000] {taskinstance.py:1772} ERROR - Task failed with exception
Traceback (most recent call last):
  File "/home/airflow/.local/lib/python3.7/site-packages/airflow/decorators/base.py", line 217, in execute
    return_value = super().execute(context)
  File "/home/airflow/.local/lib/python3.7/site-packages/airflow/operators/python.py", line 175, in execute
    return_value = self.execute_callable()
  File "/home/airflow/.local/lib/python3.7/site-packages/airflow/operators/python.py", line 192, in execute_callable
    return self.python_callable(*self.op_args, **self.op_kwargs)
  File "/opt/airflow/dags/near_earth_objects.py", line 56, in clean_and_upload
    cursor.execute(insert_one_near_earth_objects, obj)
psycopg2.errors.SyntaxError: syntax error at or near "absolute_magnitude"
LINE 15:     absolute_magnitude    = EXCLUDED.absolute_magnitude,
             ^

[2026-10-01T00:00:06.665+0000] {taskinstance.py:1327} INFO - Marking task as FAILED. dag_id=near_earth_objects, task_id=clean_and_upload, execution_date=20260930T000000, start_date=20261001T000006, end_date=20261001T000006
[2026-10-01T00:00:06.676+0000] {standard_task_runner.py:105} ERROR - Failed to execute job 844 for task clean_and_upload (syntax error at or near "absolute_magnitude"
LINE 15:     absolute_magnitude    = EXCLUDED.absolute_magnitude,
             ^
; 8303)
[2026-10-01T00:00:06.734+0000] {local_task_job.py:159} INFO - Task exited with return code 1
[2026-10-01T00:00:06.756+0000] {taskinstance.py:2582} INFO - 0 downstream tasks scheduled from follow-on schedule check
