[2026-09-30T21:57:57.230+0000] {taskinstance.py:1087} INFO - Dependencies all met for <TaskInstance: near_earth_objects.init_table manual__2026-09-30T21:57:55.850442+00:00 [queued]>
[2026-09-30T21:57:57.242+0000] {taskinstance.py:1087} INFO - Dependencies all met for <TaskInstance: near_earth_objects.init_table manual__2026-09-30T21:57:55.850442+00:00 [queued]>
[2026-09-30T21:57:57.243+0000] {taskinstance.py:1283} INFO - 
--------------------------------------------------------------------------------
[2026-09-30T21:57:57.243+0000] {taskinstance.py:1284} INFO - Starting attempt 1 of 1
[2026-09-30T21:57:57.243+0000] {taskinstance.py:1285} INFO - 
--------------------------------------------------------------------------------
[2026-09-30T21:57:57.263+0000] {taskinstance.py:1304} INFO - Executing <Task(_PythonDecoratedOperator): init_table> on 2026-09-30 21:57:55.850442+00:00
[2026-09-30T21:57:57.274+0000] {standard_task_runner.py:55} INFO - Started process 15935 to run task
[2026-09-30T21:57:57.278+0000] {standard_task_runner.py:82} INFO - Running: ['***', 'tasks', 'run', 'near_earth_objects', 'init_table', 'manual__2026-09-30T21:57:55.850442+00:00', '--job-id', '277', '--raw', '--subdir', 'DAGS_FOLDER/near_earth_objects.py', '--cfg-path', '/tmp/tmp6mvbphq5']
[2026-09-30T21:57:57.279+0000] {standard_task_runner.py:83} INFO - Job 277: Subtask init_table
[2026-09-30T21:57:57.353+0000] {task_command.py:389} INFO - Running <TaskInstance: near_earth_objects.init_table manual__2026-09-30T21:57:55.850442+00:00 [running]> on host 99d7515dcb98
[2026-09-30T21:57:57.435+0000] {taskinstance.py:1513} INFO - Exporting the following env vars:
AIRFLOW_CTX_DAG_OWNER=***
AIRFLOW_CTX_DAG_ID=near_earth_objects
AIRFLOW_CTX_TASK_ID=init_table
AIRFLOW_CTX_EXECUTION_DATE=2026-09-30T21:57:55.850442+00:00
AIRFLOW_CTX_TRY_NUMBER=1
AIRFLOW_CTX_DAG_RUN_ID=manual__2026-09-30T21:57:55.850442+00:00
[2026-09-30T21:57:57.732+0000] {taskinstance.py:1772} ERROR - Task failed with exception
Traceback (most recent call last):
  File "/home/airflow/.local/lib/python3.7/site-packages/airflow/decorators/base.py", line 217, in execute
    return_value = super().execute(context)
  File "/home/airflow/.local/lib/python3.7/site-packages/airflow/operators/python.py", line 175, in execute
    return_value = self.execute_callable()
  File "/home/airflow/.local/lib/python3.7/site-packages/airflow/operators/python.py", line 192, in execute_callable
    return self.python_callable(*self.op_args, **self.op_kwargs)
  File "/opt/airflow/dags/near_earth_objects.py", line 18, in init_table
    conn = psycopg2.connect(Variable.get('dburi'))
  File "/home/airflow/.local/lib/python3.7/site-packages/psycopg2/__init__.py", line 122, in connect
    conn = _connect(dsn, connection_factory=connection_factory, **kwasync)
psycopg2.OperationalError: could not translate host name "host.docker.internal" to address: Name or service not known

[2026-09-30T21:57:57.742+0000] {taskinstance.py:1327} INFO - Marking task as FAILED. dag_id=near_earth_objects, task_id=init_table, execution_date=20260930T215755, start_date=20260930T215757, end_date=20260930T215757
[2026-09-30T21:57:57.756+0000] {standard_task_runner.py:105} ERROR - Failed to execute job 277 for task init_table (could not translate host name "host.docker.internal" to address: Name or service not known
; 15935)
[2026-09-30T21:57:57.770+0000] {local_task_job.py:159} INFO - Task exited with return code 1
[2026-09-30T21:57:57.803+0000] {taskinstance.py:2582} INFO - 0 downstream tasks scheduled from follow-on schedule check
