[2026-09-30T21:52:03.522+0000] {taskinstance.py:1087} INFO - Dependencies all met for <TaskInstance: near_earth_objects.init_table scheduled__2026-09-05T00:00:00+00:00 [queued]>
[2026-09-30T21:52:03.538+0000] {taskinstance.py:1087} INFO - Dependencies all met for <TaskInstance: near_earth_objects.init_table scheduled__2026-09-05T00:00:00+00:00 [queued]>
[2026-09-30T21:52:03.539+0000] {taskinstance.py:1283} INFO - 
--------------------------------------------------------------------------------
[2026-09-30T21:52:03.539+0000] {taskinstance.py:1284} INFO - Starting attempt 1 of 1
[2026-09-30T21:52:03.539+0000] {taskinstance.py:1285} INFO - 
--------------------------------------------------------------------------------
[2026-09-30T21:52:03.561+0000] {taskinstance.py:1304} INFO - Executing <Task(_PythonDecoratedOperator): init_table> on 2026-09-05 00:00:00+00:00
[2026-09-30T21:52:03.574+0000] {standard_task_runner.py:55} INFO - Started process 15345 to run task
[2026-09-30T21:52:03.580+0000] {standard_task_runner.py:82} INFO - Running: ['***', 'tasks', 'run', 'near_earth_objects', 'init_table', 'scheduled__2026-09-05T00:00:00+00:00', '--job-id', '251', '--raw', '--subdir', 'DAGS_FOLDER/near_earth_objects.py', '--cfg-path', '/tmp/tmp1xmwkq7u']
[2026-09-30T21:52:03.581+0000] {standard_task_runner.py:83} INFO - Job 251: Subtask init_table
[2026-09-30T21:52:03.676+0000] {task_command.py:389} INFO - Running <TaskInstance: near_earth_objects.init_table scheduled__2026-09-05T00:00:00+00:00 [running]> on host 99d7515dcb98
[2026-09-30T21:52:03.813+0000] {taskinstance.py:1513} INFO - Exporting the following env vars:
AIRFLOW_CTX_DAG_OWNER=***
AIRFLOW_CTX_DAG_ID=near_earth_objects
AIRFLOW_CTX_TASK_ID=init_table
AIRFLOW_CTX_EXECUTION_DATE=2026-09-05T00:00:00+00:00
AIRFLOW_CTX_TRY_NUMBER=1
AIRFLOW_CTX_DAG_RUN_ID=scheduled__2026-09-05T00:00:00+00:00
[2026-09-30T21:52:03.836+0000] {taskinstance.py:1772} ERROR - Task failed with exception
Traceback (most recent call last):
  File "/home/airflow/.local/lib/python3.7/site-packages/airflow/decorators/base.py", line 217, in execute
    return_value = super().execute(context)
  File "/home/airflow/.local/lib/python3.7/site-packages/airflow/operators/python.py", line 175, in execute
    return_value = self.execute_callable()
  File "/home/airflow/.local/lib/python3.7/site-packages/airflow/operators/python.py", line 192, in execute_callable
    return self.python_callable(*self.op_args, **self.op_kwargs)
  File "/opt/airflow/dags/near_earth_objects.py", line 18, in init_table
    conn = psycopg2.connect(Variable.get('dburi'))
  File "/home/airflow/.local/lib/python3.7/site-packages/psycopg2/__init__.py", line 122, in connect
    conn = _connect(dsn, connection_factory=connection_factory, **kwasync)
psycopg2.OperationalError: connection to server at "localhost" (::1), port 5432 failed: Connection refused
	Is the server running on that host and accepting TCP/IP connections?
connection to server at "localhost" (127.0.0.1), port 5432 failed: Connection refused
	Is the server running on that host and accepting TCP/IP connections?

[2026-09-30T21:52:03.853+0000] {taskinstance.py:1327} INFO - Marking task as FAILED. dag_id=near_earth_objects, task_id=init_table, execution_date=20260905T000000, start_date=20260930T215203, end_date=20260930T215203
[2026-09-30T21:52:03.880+0000] {standard_task_runner.py:105} ERROR - Failed to execute job 251 for task init_table (connection to server at "localhost" (::1), port 5432 failed: Connection refused
	Is the server running on that host and accepting TCP/IP connections?
connection to server at "localhost" (127.0.0.1), port 5432 failed: Connection refused
	Is the server running on that host and accepting TCP/IP connections?
; 15345)
[2026-09-30T21:52:03.913+0000] {local_task_job.py:159} INFO - Task exited with return code 1
[2026-09-30T21:52:03.959+0000] {taskinstance.py:2582} INFO - 0 downstream tasks scheduled from follow-on schedule check
[2026-09-30T22:13:53.302+0000] {taskinstance.py:1087} INFO - Dependencies all met for <TaskInstance: near_earth_objects.init_table scheduled__2026-09-05T00:00:00+00:00 [queued]>
[2026-09-30T22:13:53.322+0000] {taskinstance.py:1087} INFO - Dependencies all met for <TaskInstance: near_earth_objects.init_table scheduled__2026-09-05T00:00:00+00:00 [queued]>
[2026-09-30T22:13:53.322+0000] {taskinstance.py:1283} INFO - 
--------------------------------------------------------------------------------
[2026-09-30T22:13:53.322+0000] {taskinstance.py:1284} INFO - Starting attempt 1 of 1
[2026-09-30T22:13:53.324+0000] {taskinstance.py:1285} INFO - 
--------------------------------------------------------------------------------
[2026-09-30T22:13:53.353+0000] {taskinstance.py:1304} INFO - Executing <Task(_PythonDecoratedOperator): init_table> on 2026-09-05 00:00:00+00:00
[2026-09-30T22:13:53.370+0000] {standard_task_runner.py:55} INFO - Started process 18401 to run task
[2026-09-30T22:13:53.377+0000] {standard_task_runner.py:82} INFO - Running: ['***', 'tasks', 'run', 'near_earth_objects', 'init_table', 'scheduled__2026-09-05T00:00:00+00:00', '--job-id', '775', '--raw', '--subdir', 'DAGS_FOLDER/near_earth_objects.py', '--cfg-path', '/tmp/tmpu8bz1ykx']
[2026-09-30T22:13:53.378+0000] {standard_task_runner.py:83} INFO - Job 775: Subtask init_table
[2026-09-30T22:13:53.541+0000] {task_command.py:389} INFO - Running <TaskInstance: near_earth_objects.init_table scheduled__2026-09-05T00:00:00+00:00 [running]> on host 99d7515dcb98
[2026-09-30T22:13:53.708+0000] {taskinstance.py:1513} INFO - Exporting the following env vars:
AIRFLOW_CTX_DAG_OWNER=***
AIRFLOW_CTX_DAG_ID=near_earth_objects
AIRFLOW_CTX_TASK_ID=init_table
AIRFLOW_CTX_EXECUTION_DATE=2026-09-05T00:00:00+00:00
AIRFLOW_CTX_TRY_NUMBER=1
AIRFLOW_CTX_DAG_RUN_ID=scheduled__2026-09-05T00:00:00+00:00
[2026-09-30T22:13:53.736+0000] {python.py:177} INFO - Done. Returned value was: None
[2026-09-30T22:13:53.750+0000] {taskinstance.py:1327} INFO - Marking task as SUCCESS. dag_id=near_earth_objects, task_id=init_table, execution_date=20260905T000000, start_date=20260930T221353, end_date=20260930T221353
[2026-09-30T22:13:53.793+0000] {local_task_job.py:159} INFO - Task exited with return code 0
[2026-09-30T22:13:53.841+0000] {taskinstance.py:2582} INFO - 1 downstream tasks scheduled from follow-on schedule check
