[2026-09-30T21:51:36.813+0000] {taskinstance.py:1087} INFO - Dependencies all met for <TaskInstance: near_earth_objects.init_table scheduled__2026-07-21T00:00:00+00:00 [queued]>
[2026-09-30T21:51:36.829+0000] {taskinstance.py:1087} INFO - Dependencies all met for <TaskInstance: near_earth_objects.init_table scheduled__2026-07-21T00:00:00+00:00 [queued]>
[2026-09-30T21:51:36.829+0000] {taskinstance.py:1283} INFO - 
--------------------------------------------------------------------------------
[2026-09-30T21:51:36.830+0000] {taskinstance.py:1284} INFO - Starting attempt 1 of 1
[2026-09-30T21:51:36.830+0000] {taskinstance.py:1285} INFO - 
--------------------------------------------------------------------------------
[2026-09-30T21:51:36.856+0000] {taskinstance.py:1304} INFO - Executing <Task(_PythonDecoratedOperator): init_table> on 2026-07-21 00:00:00+00:00
[2026-09-30T21:51:36.868+0000] {standard_task_runner.py:55} INFO - Started process 15215 to run task
[2026-09-30T21:51:36.874+0000] {standard_task_runner.py:82} INFO - Running: ['***', 'tasks', 'run', 'near_earth_objects', 'init_table', 'scheduled__2026-07-21T00:00:00+00:00', '--job-id', '205', '--raw', '--subdir', 'DAGS_FOLDER/near_earth_objects.py', '--cfg-path', '/tmp/tmpfxq7jlo5']
[2026-09-30T21:51:36.874+0000] {standard_task_runner.py:83} INFO - Job 205: Subtask init_table
[2026-09-30T21:51:36.966+0000] {task_command.py:389} INFO - Running <TaskInstance: near_earth_objects.init_table scheduled__2026-07-21T00:00:00+00:00 [running]> on host 99d7515dcb98
[2026-09-30T21:51:37.063+0000] {taskinstance.py:1513} INFO - Exporting the following env vars:
AIRFLOW_CTX_DAG_OWNER=***
AIRFLOW_CTX_DAG_ID=near_earth_objects
AIRFLOW_CTX_TASK_ID=init_table
AIRFLOW_CTX_EXECUTION_DATE=2026-07-21T00:00:00+00:00
AIRFLOW_CTX_TRY_NUMBER=1
AIRFLOW_CTX_DAG_RUN_ID=scheduled__2026-07-21T00:00:00+00:00
[2026-09-30T21:51:37.076+0000] {taskinstance.py:1772} ERROR - Task failed with exception
Traceback (most recent call last):
  File "/home/airflow/.local/lib/python3.7/site-packages/airflow/decorators/base.py", line 217, in execute
    return_value = super().execute(context)
  File "/home/airflow/.local/lib/python3.7/site-packages/airflow/operators/python.py", line 175, in execute
    return_value = self.execute_callable()
  File "/home/airflow/.local/lib/python3.7/site-packages/airflow/operators/python.py", line 192, in execute_callable
    return self.python_callable(*self.op_args, **self.op_kwargs)
  File "/opt/airflow/dags/near_earth_objects.py", line 18, in init_table
    conn = psycopg2.connect(Variable.get('dburi'))
  File "/home/airflow/.local/lib/python3.7/site-packages/psycopg2/__init__.py", line 122, in connect
    conn = _connect(dsn, connection_factory=connection_factory, **kwasync)
psycopg2.OperationalError: connection to server at "localhost" (::1), port 5432 failed: Connection refused
	Is the server running on that host and accepting TCP/IP connections?
connection to server at "localhost" (127.0.0.1), port 5432 failed: Connection refused
	Is the server running on that host and accepting TCP/IP connections?

[2026-09-30T21:51:37.089+0000] {taskinstance.py:1327} INFO - Marking task as FAILED. dag_id=near_earth_objects, task_id=init_table, execution_date=20260721T000000, start_date=20260930T215136, end_date=20260930T215137
[2026-09-30T21:51:37.104+0000] {standard_task_runner.py:105} ERROR - Failed to execute job 205 for task init_table (connection to server at "localhost" (::1), port 5432 failed: Connection refused
	Is the server running on that host and accepting TCP/IP connections?
connection to server at "localhost" (127.0.0.1), port 5432 failed: Connection refused
	Is the server running on that host and accepting TCP/IP connections?
; 15215)
[2026-09-30T21:51:37.126+0000] {local_task_job.py:159} INFO - Task exited with return code 1
[2026-09-30T21:51:37.203+0000] {taskinstance.py:2582} INFO - 0 downstream tasks scheduled from follow-on schedule check
[2026-09-30T22:13:22.017+0000] {taskinstance.py:1087} INFO - Dependencies all met for <TaskInstance: near_earth_objects.init_table scheduled__2026-07-21T00:00:00+00:00 [queued]>
[2026-09-30T22:13:22.042+0000] {taskinstance.py:1087} INFO - Dependencies all met for <TaskInstance: near_earth_objects.init_table scheduled__2026-07-21T00:00:00+00:00 [queued]>
[2026-09-30T22:13:22.042+0000] {taskinstance.py:1283} INFO - 
--------------------------------------------------------------------------------
[2026-09-30T22:13:22.042+0000] {taskinstance.py:1284} INFO - Starting attempt 1 of 1
[2026-09-30T22:13:22.042+0000] {taskinstance.py:1285} INFO - 
--------------------------------------------------------------------------------
[2026-09-30T22:13:22.071+0000] {taskinstance.py:1304} INFO - Executing <Task(_PythonDecoratedOperator): init_table> on 2026-07-21 00:00:00+00:00
[2026-09-30T22:13:22.081+0000] {standard_task_runner.py:55} INFO - Started process 18177 to run task
[2026-09-30T22:13:22.085+0000] {standard_task_runner.py:82} INFO - Running: ['***', 'tasks', 'run', 'near_earth_objects', 'init_table', 'scheduled__2026-07-21T00:00:00+00:00', '--job-id', '684', '--raw', '--subdir', 'DAGS_FOLDER/near_earth_objects.py', '--cfg-path', '/tmp/tmpg36732ng']
[2026-09-30T22:13:22.086+0000] {standard_task_runner.py:83} INFO - Job 684: Subtask init_table
[2026-09-30T22:13:22.169+0000] {task_command.py:389} INFO - Running <TaskInstance: near_earth_objects.init_table scheduled__2026-07-21T00:00:00+00:00 [running]> on host 99d7515dcb98
[2026-09-30T22:13:22.287+0000] {taskinstance.py:1513} INFO - Exporting the following env vars:
AIRFLOW_CTX_DAG_OWNER=***
AIRFLOW_CTX_DAG_ID=near_earth_objects
AIRFLOW_CTX_TASK_ID=init_table
AIRFLOW_CTX_EXECUTION_DATE=2026-07-21T00:00:00+00:00
AIRFLOW_CTX_TRY_NUMBER=1
AIRFLOW_CTX_DAG_RUN_ID=scheduled__2026-07-21T00:00:00+00:00
[2026-09-30T22:13:22.312+0000] {python.py:177} INFO - Done. Returned value was: None
[2026-09-30T22:13:22.325+0000] {taskinstance.py:1327} INFO - Marking task as SUCCESS. dag_id=near_earth_objects, task_id=init_table, execution_date=20260721T000000, start_date=20260930T221322, end_date=20260930T221322
[2026-09-30T22:13:22.377+0000] {local_task_job.py:159} INFO - Task exited with return code 0
[2026-09-30T22:13:22.420+0000] {taskinstance.py:2582} INFO - 1 downstream tasks scheduled from follow-on schedule check
