[2026-09-30T22:48:37.195+0000] {taskinstance.py:1087} INFO - Dependencies all met for <TaskInstance: near_earth_objects.clean_and_upload manual__2026-09-30T22:48:32.479149+00:00 [queued]>
[2026-09-30T22:48:37.206+0000] {taskinstance.py:1087} INFO - Dependencies all met for <TaskInstance: near_earth_objects.clean_and_upload manual__2026-09-30T22:48:32.479149+00:00 [queued]>
[2026-09-30T22:48:37.207+0000] {taskinstance.py:1283} INFO - 
--------------------------------------------------------------------------------
[2026-09-30T22:48:37.207+0000] {taskinstance.py:1284} INFO - Starting attempt 1 of 1
[2026-09-30T22:48:37.207+0000] {taskinstance.py:1285} INFO - 
--------------------------------------------------------------------------------
[2026-09-30T22:48:37.223+0000] {taskinstance.py:1304} INFO - Executing <Task(_PythonDecoratedOperator): clean_and_upload> on 2026-09-30 22:48:32.479149+00:00
[2026-09-30T22:48:37.235+0000] {standard_task_runner.py:55} INFO - Started process 1751 to run task
[2026-09-30T22:48:37.239+0000] {standard_task_runner.py:82} INFO - Running: ['***', 'tasks', 'run', 'near_earth_objects', 'clean_and_upload', 'manual__2026-09-30T22:48:32.479149+00:00', '--job-id', '841', '--raw', '--subdir', 'DAGS_FOLDER/near_earth_objects.py', '--cfg-path', '/tmp/tmpo8yij68a']
[2026-09-30T22:48:37.240+0000] {standard_task_runner.py:83} INFO - Job 841: Subtask clean_and_upload
[2026-09-30T22:48:37.312+0000] {task_command.py:389} INFO - Running <TaskInstance: near_earth_objects.clean_and_upload manual__2026-09-30T22:48:32.479149+00:00 [running]> on host e2e90d667d72
[2026-09-30T22:48:37.416+0000] {taskinstance.py:1513} INFO - Exporting the following env vars:
AIRFLOW_CTX_DAG_OWNER=***
AIRFLOW_CTX_DAG_ID=near_earth_objects
AIRFLOW_CTX_TASK_ID=clean_and_upload
AIRFLOW_CTX_EXECUTION_DATE=2026-09-30T22:48:32.479149+00:00
AIRFLOW_CTX_TRY_NUMBER=1
AIRFLOW_CTX_DAG_RUN_ID=manual__2026-09-30T22:48:32.479149+00:00
[2026-09-30T22:48:37.447+0000] {python.py:177} INFO - Done. Returned value was: None
[2026-09-30T22:48:37.460+0000] {taskinstance.py:1327} INFO - Marking task as SUCCESS. dag_id=near_earth_objects, task_id=clean_and_upload, execution_date=20260930T224832, start_date=20260930T224837, end_date=20260930T224837
[2026-09-30T22:48:37.490+0000] {local_task_job.py:159} INFO - Task exited with return code 0
[2026-09-30T22:48:37.513+0000] {taskinstance.py:2582} INFO - 0 downstream tasks scheduled from follow-on schedule check
