[2026-09-30T21:51:09.559+0000] {taskinstance.py:1087} INFO - Dependencies all met for <TaskInstance: near_earth_objects.init_table scheduled__2026-06-15T00:00:00+00:00 [queued]>
[2026-09-30T21:51:09.574+0000] {taskinstance.py:1087} INFO - Dependencies all met for <TaskInstance: near_earth_objects.init_table scheduled__2026-06-15T00:00:00+00:00 [queued]>
[2026-09-30T21:51:09.574+0000] {taskinstance.py:1283} INFO - 
--------------------------------------------------------------------------------
[2026-09-30T21:51:09.575+0000] {taskinstance.py:1284} INFO - Starting attempt 1 of 1
[2026-09-30T21:51:09.575+0000] {taskinstance.py:1285} INFO - 
--------------------------------------------------------------------------------
[2026-09-30T21:51:09.593+0000] {taskinstance.py:1304} INFO - Executing <Task(_PythonDecoratedOperator): init_table> on 2026-06-15 00:00:00+00:00
[2026-09-30T21:51:09.604+0000] {standard_task_runner.py:55} INFO - Started process 15102 to run task
[2026-09-30T21:51:09.610+0000] {standard_task_runner.py:82} INFO - Running: ['***', 'tasks', 'run', 'near_earth_objects', 'init_table', 'scheduled__2026-06-15T00:00:00+00:00', '--job-id', '169', '--raw', '--subdir', 'DAGS_FOLDER/near_earth_objects.py', '--cfg-path', '/tmp/tmpc64e3ufr']
[2026-09-30T21:51:09.611+0000] {standard_task_runner.py:83} INFO - Job 169: Subtask init_table
[2026-09-30T21:51:09.709+0000] {task_command.py:389} INFO - Running <TaskInstance: near_earth_objects.init_table scheduled__2026-06-15T00:00:00+00:00 [running]> on host 99d7515dcb98
[2026-09-30T21:51:09.817+0000] {taskinstance.py:1513} INFO - Exporting the following env vars:
AIRFLOW_CTX_DAG_OWNER=***
AIRFLOW_CTX_DAG_ID=near_earth_objects
AIRFLOW_CTX_TASK_ID=init_table
AIRFLOW_CTX_EXECUTION_DATE=2026-06-15T00:00:00+00:00
AIRFLOW_CTX_TRY_NUMBER=1
AIRFLOW_CTX_DAG_RUN_ID=scheduled__2026-06-15T00:00:00+00:00
[2026-09-30T21:51:09.832+0000] {taskinstance.py:1772} ERROR - Task failed with exception
Traceback (most recent call last):
  File "/home/airflow/.local/lib/python3.7/site-packages/airflow/decorators/base.py", line 217, in execute
    return_value = super().execute(context)
  File "/home/airflow/.local/lib/python3.7/site-packages/airflow/operators/python.py", line 175, in execute
    return_value = self.execute_callable()
  File "/home/airflow/.local/lib/python3.7/site-packages/airflow/operators/python.py", line 192, in execute_callable
    return self.python_callable(*self.op_args, **self.op_kwargs)
  File "/opt/airflow/dags/near_earth_objects.py", line 18, in init_table
    conn = psycopg2.connect(Variable.get('dburi'))
  File "/home/airflow/.local/lib/python3.7/site-packages/psycopg2/__init__.py", line 122, in connect
    conn = _connect(dsn, connection_factory=connection_factory, **kwasync)
psycopg2.OperationalError: connection to server at "localhost" (::1), port 5432 failed: Connection refused
	Is the server running on that host and accepting TCP/IP connections?
connection to server at "localhost" (127.0.0.1), port 5432 failed: Connection refused
	Is the server running on that host and accepting TCP/IP connections?

[2026-09-30T21:51:09.844+0000] {taskinstance.py:1327} INFO - Marking task as FAILED. dag_id=near_earth_objects, task_id=init_table, execution_date=20260615T000000, start_date=20260930T215109, end_date=20260930T215109
[2026-09-30T21:51:09.859+0000] {standard_task_runner.py:105} ERROR - Failed to execute job 169 for task init_table (connection to server at "localhost" (::1), port 5432 failed: Connection refused
	Is the server running on that host and accepting TCP/IP connections?
connection to server at "localhost" (127.0.0.1), port 5432 failed: Connection refused
	Is the server running on that host and accepting TCP/IP connections?
; 15102)
[2026-09-30T21:51:09.900+0000] {local_task_job.py:159} INFO - Task exited with return code 1
[2026-09-30T21:51:09.948+0000] {taskinstance.py:2582} INFO - 0 downstream tasks scheduled from follow-on schedule check
[2026-09-30T22:12:58.880+0000] {taskinstance.py:1087} INFO - Dependencies all met for <TaskInstance: near_earth_objects.init_table scheduled__2026-06-15T00:00:00+00:00 [queued]>
[2026-09-30T22:12:58.914+0000] {taskinstance.py:1087} INFO - Dependencies all met for <TaskInstance: near_earth_objects.init_table scheduled__2026-06-15T00:00:00+00:00 [queued]>
[2026-09-30T22:12:58.915+0000] {taskinstance.py:1283} INFO - 
--------------------------------------------------------------------------------
[2026-09-30T22:12:58.915+0000] {taskinstance.py:1284} INFO - Starting attempt 1 of 1
[2026-09-30T22:12:58.915+0000] {taskinstance.py:1285} INFO - 
--------------------------------------------------------------------------------
[2026-09-30T22:12:58.996+0000] {taskinstance.py:1304} INFO - Executing <Task(_PythonDecoratedOperator): init_table> on 2026-06-15 00:00:00+00:00
[2026-09-30T22:12:59.024+0000] {standard_task_runner.py:55} INFO - Started process 17992 to run task
[2026-09-30T22:12:59.042+0000] {standard_task_runner.py:82} INFO - Running: ['***', 'tasks', 'run', 'near_earth_objects', 'init_table', 'scheduled__2026-06-15T00:00:00+00:00', '--job-id', '611', '--raw', '--subdir', 'DAGS_FOLDER/near_earth_objects.py', '--cfg-path', '/tmp/tmpcd_ydktz']
[2026-09-30T22:12:59.043+0000] {standard_task_runner.py:83} INFO - Job 611: Subtask init_table
[2026-09-30T22:12:59.264+0000] {task_command.py:389} INFO - Running <TaskInstance: near_earth_objects.init_table scheduled__2026-06-15T00:00:00+00:00 [running]> on host 99d7515dcb98
[2026-09-30T22:12:59.454+0000] {taskinstance.py:1513} INFO - Exporting the following env vars:
AIRFLOW_CTX_DAG_OWNER=***
AIRFLOW_CTX_DAG_ID=near_earth_objects
AIRFLOW_CTX_TASK_ID=init_table
AIRFLOW_CTX_EXECUTION_DATE=2026-06-15T00:00:00+00:00
AIRFLOW_CTX_TRY_NUMBER=1
AIRFLOW_CTX_DAG_RUN_ID=scheduled__2026-06-15T00:00:00+00:00
[2026-09-30T22:12:59.528+0000] {python.py:177} INFO - Done. Returned value was: None
[2026-09-30T22:12:59.557+0000] {taskinstance.py:1327} INFO - Marking task as SUCCESS. dag_id=near_earth_objects, task_id=init_table, execution_date=20260615T000000, start_date=20260930T221258, end_date=20260930T221259
[2026-09-30T22:12:59.660+0000] {local_task_job.py:159} INFO - Task exited with return code 0
[2026-09-30T22:12:59.835+0000] {taskinstance.py:2582} INFO - 0 downstream tasks scheduled from follow-on schedule check
