[2026-10-01T00:00:01.531+0000] {taskinstance.py:1087} INFO - Dependencies all met for <TaskInstance: near_earth_objects.init_table scheduled__2026-09-30T00:00:00+00:00 [queued]>
[2026-10-01T00:00:01.547+0000] {taskinstance.py:1087} INFO - Dependencies all met for <TaskInstance: near_earth_objects.init_table scheduled__2026-09-30T00:00:00+00:00 [queued]>
[2026-10-01T00:00:01.547+0000] {taskinstance.py:1283} INFO - 
--------------------------------------------------------------------------------
[2026-10-01T00:00:01.547+0000] {taskinstance.py:1284} INFO - Starting attempt 1 of 1
[2026-10-01T00:00:01.547+0000] {taskinstance.py:1285} INFO - 
--------------------------------------------------------------------------------
[2026-10-01T00:00:01.567+0000] {taskinstance.py:1304} INFO - Executing <Task(_PythonDecoratedOperator): init_table> on 2026-09-30 00:00:00+00:00
[2026-10-01T00:00:01.580+0000] {standard_task_runner.py:55} INFO - Started process 8299 to run task
[2026-10-01T00:00:01.584+0000] {standard_task_runner.py:82} INFO - Running: ['***', 'tasks', 'run', 'near_earth_objects', 'init_table', 'scheduled__2026-09-30T00:00:00+00:00', '--job-id', '842', '--raw', '--subdir', 'DAGS_FOLDER/near_earth_objects.py', '--cfg-path', '/tmp/tmpboe0aj49']
[2026-10-01T00:00:01.584+0000] {standard_task_runner.py:83} INFO - Job 842: Subtask init_table
[2026-10-01T00:00:01.660+0000] {task_command.py:389} INFO - Running <TaskInstance: near_earth_objects.init_table scheduled__2026-09-30T00:00:00+00:00 [running]> on host e2e90d667d72
[2026-10-01T00:00:01.763+0000] {taskinstance.py:1513} INFO - Exporting the following env vars:
AIRFLOW_CTX_DAG_OWNER=***
AIRFLOW_CTX_DAG_ID=near_earth_objects
AIRFLOW_CTX_TASK_ID=init_table
AIRFLOW_CTX_EXECUTION_DATE=2026-09-30T00:00:00+00:00
AIRFLOW_CTX_TRY_NUMBER=1
AIRFLOW_CTX_DAG_RUN_ID=scheduled__2026-09-30T00:00:00+00:00
[2026-10-01T00:00:01.800+0000] {python.py:177} INFO - Done. Returned value was: None
[2026-10-01T00:00:01.814+0000] {taskinstance.py:1327} INFO - Marking task as SUCCESS. dag_id=near_earth_objects, task_id=init_table, execution_date=20260930T000000, start_date=20261001T000001, end_date=20261001T000001
[2026-10-01T00:00:01.877+0000] {local_task_job.py:159} INFO - Task exited with return code 0
[2026-10-01T00:00:01.916+0000] {taskinstance.py:2582} INFO - 1 downstream tasks scheduled from follow-on schedule check
