[2026-09-30T22:14:00.097+0000] {taskinstance.py:1087} INFO - Dependencies all met for <TaskInstance: near_earth_objects.api_request scheduled__2026-09-15T00:00:00+00:00 [queued]>
[2026-09-30T22:14:00.110+0000] {taskinstance.py:1087} INFO - Dependencies all met for <TaskInstance: near_earth_objects.api_request scheduled__2026-09-15T00:00:00+00:00 [queued]>
[2026-09-30T22:14:00.111+0000] {taskinstance.py:1283} INFO - 
--------------------------------------------------------------------------------
[2026-09-30T22:14:00.111+0000] {taskinstance.py:1284} INFO - Starting attempt 1 of 1
[2026-09-30T22:14:00.111+0000] {taskinstance.py:1285} INFO - 
--------------------------------------------------------------------------------
[2026-09-30T22:14:00.135+0000] {taskinstance.py:1304} INFO - Executing <Task(_PythonDecoratedOperator): api_request> on 2026-09-15 00:00:00+00:00
[2026-09-30T22:14:00.145+0000] {standard_task_runner.py:55} INFO - Started process 18472 to run task
[2026-09-30T22:14:00.148+0000] {standard_task_runner.py:82} INFO - Running: ['***', 'tasks', 'run', 'near_earth_objects', 'api_request', 'scheduled__2026-09-15T00:00:00+00:00', '--job-id', '803', '--raw', '--subdir', 'DAGS_FOLDER/near_earth_objects.py', '--cfg-path', '/tmp/tmpx1hl4ra5']
[2026-09-30T22:14:00.148+0000] {standard_task_runner.py:83} INFO - Job 803: Subtask api_request
[2026-09-30T22:14:00.213+0000] {task_command.py:389} INFO - Running <TaskInstance: near_earth_objects.api_request scheduled__2026-09-15T00:00:00+00:00 [running]> on host 99d7515dcb98
[2026-09-30T22:14:00.282+0000] {taskinstance.py:1513} INFO - Exporting the following env vars:
AIRFLOW_CTX_DAG_OWNER=***
AIRFLOW_CTX_DAG_ID=near_earth_objects
AIRFLOW_CTX_TASK_ID=api_request
AIRFLOW_CTX_EXECUTION_DATE=2026-09-15T00:00:00+00:00
AIRFLOW_CTX_TRY_NUMBER=1
AIRFLOW_CTX_DAG_RUN_ID=scheduled__2026-09-15T00:00:00+00:00
[2026-09-30T22:14:00.298+0000] {taskinstance.py:1772} ERROR - Task failed with exception
Traceback (most recent call last):
  File "/home/airflow/.local/lib/python3.7/site-packages/airflow/decorators/base.py", line 217, in execute
    return_value = super().execute(context)
  File "/home/airflow/.local/lib/python3.7/site-packages/airflow/operators/python.py", line 175, in execute
    return_value = self.execute_callable()
  File "/home/airflow/.local/lib/python3.7/site-packages/airflow/operators/python.py", line 192, in execute_callable
    return self.python_callable(*self.op_args, **self.op_kwargs)
  File "/opt/airflow/dags/near_earth_objects.py", line 29, in api_request
    with Client(proxy=proxy) as request:
TypeError: __init__() got an unexpected keyword argument 'proxy'
[2026-09-30T22:14:00.306+0000] {taskinstance.py:1327} INFO - Marking task as FAILED. dag_id=near_earth_objects, task_id=api_request, execution_date=20260915T000000, start_date=20260930T221400, end_date=20260930T221400
[2026-09-30T22:14:00.317+0000] {standard_task_runner.py:105} ERROR - Failed to execute job 803 for task api_request (__init__() got an unexpected keyword argument 'proxy'; 18472)
[2026-09-30T22:14:00.359+0000] {local_task_job.py:159} INFO - Task exited with return code 1
[2026-09-30T22:14:00.387+0000] {taskinstance.py:2582} INFO - 0 downstream tasks scheduled from follow-on schedule check
