[2026-10-01T00:00:16.702+0000] {processor.py:153} INFO - Started process (PID=14964) to work on /home/airflow/.local/lib/python3.7/site-packages/airflow/example_dags/example_trigger_target_dag.py
[2026-10-01T00:00:16.702+0000] {processor.py:743} INFO - Processing file /home/airflow/.local/lib/python3.7/site-packages/airflow/example_dags/example_trigger_target_dag.py for tasks to queue
[2026-10-01T00:00:16.703+0000] {logging_mixin.py:137} INFO - [2026-10-01T00:00:16.703+0000] {dagbag.py:538} INFO - Filling up the DagBag from /home/airflow/.local/lib/python3.7/site-packages/airflow/example_dags/example_trigger_target_dag.py
[2026-10-01T00:00:16.724+0000] {processor.py:753} INFO - DAG(s) dict_keys(['example_trigger_target_dag']) retrieved from /home/airflow/.local/lib/python3.7/site-packages/airflow/example_dags/example_trigger_target_dag.py
[2026-10-01T00:00:16.772+0000] {logging_mixin.py:137} INFO - [2026-10-01T00:00:16.772+0000] {dag.py:2676} INFO - Sync 1 DAGs
[2026-10-01T00:00:16.806+0000] {logging_mixin.py:137} INFO - [2026-10-01T00:00:16.806+0000] {dag.py:3427} INFO - Setting next_dagrun for example_trigger_target_dag to None, run_after=None
[2026-10-01T00:00:16.828+0000] {processor.py:175} INFO - Processing /home/airflow/.local/lib/python3.7/site-packages/airflow/example_dags/example_trigger_target_dag.py took 0.129 seconds
[2026-10-01T00:00:47.783+0000] {processor.py:153} INFO - Started process (PID=15043) to work on /home/airflow/.local/lib/python3.7/site-packages/airflow/example_dags/example_trigger_target_dag.py
[2026-10-01T00:00:47.784+0000] {processor.py:743} INFO - Processing file /home/airflow/.local/lib/python3.7/site-packages/airflow/example_dags/example_trigger_target_dag.py for tasks to queue
[2026-10-01T00:00:47.785+0000] {logging_mixin.py:137} INFO - [2026-10-01T00:00:47.785+0000] {dagbag.py:538} INFO - Filling up the DagBag from /home/airflow/.local/lib/python3.7/site-packages/airflow/example_dags/example_trigger_target_dag.py
[2026-10-01T00:00:47.815+0000] {processor.py:753} INFO - DAG(s) dict_keys(['example_trigger_target_dag']) retrieved from /home/airflow/.local/lib/python3.7/site-packages/airflow/example_dags/example_trigger_target_dag.py
[2026-10-01T00:00:47.865+0000] {logging_mixin.py:137} INFO - [2026-10-01T00:00:47.864+0000] {dag.py:2676} INFO - Sync 1 DAGs
[2026-10-01T00:00:47.895+0000] {logging_mixin.py:137} INFO - [2026-10-01T00:00:47.895+0000] {dag.py:3427} INFO - Setting next_dagrun for example_trigger_target_dag to None, run_after=None
[2026-10-01T00:00:47.919+0000] {processor.py:175} INFO - Processing /home/airflow/.local/lib/python3.7/site-packages/airflow/example_dags/example_trigger_target_dag.py took 0.139 seconds
[2026-10-01T00:01:18.568+0000] {processor.py:153} INFO - Started process (PID=15122) to work on /home/airflow/.local/lib/python3.7/site-packages/airflow/example_dags/example_trigger_target_dag.py
[2026-10-01T00:01:18.569+0000] {processor.py:743} INFO - Processing file /home/airflow/.local/lib/python3.7/site-packages/airflow/example_dags/example_trigger_target_dag.py for tasks to queue
[2026-10-01T00:01:18.570+0000] {logging_mixin.py:137} INFO - [2026-10-01T00:01:18.570+0000] {dagbag.py:538} INFO - Filling up the DagBag from /home/airflow/.local/lib/python3.7/site-packages/airflow/example_dags/example_trigger_target_dag.py
[2026-10-01T00:01:18.600+0000] {processor.py:753} INFO - DAG(s) dict_keys(['example_trigger_target_dag']) retrieved from /home/airflow/.local/lib/python3.7/site-packages/airflow/example_dags/example_trigger_target_dag.py
[2026-10-01T00:01:18.660+0000] {logging_mixin.py:137} INFO - [2026-10-01T00:01:18.659+0000] {dag.py:2676} INFO - Sync 1 DAGs
[2026-10-01T00:01:18.699+0000] {logging_mixin.py:137} INFO - [2026-10-01T00:01:18.698+0000] {dag.py:3427} INFO - Setting next_dagrun for example_trigger_target_dag to None, run_after=None
[2026-10-01T00:01:18.721+0000] {processor.py:175} INFO - Processing /home/airflow/.local/lib/python3.7/site-packages/airflow/example_dags/example_trigger_target_dag.py took 0.157 seconds
[2026-10-01T00:01:49.468+0000] {processor.py:153} INFO - Started process (PID=15221) to work on /home/airflow/.local/lib/python3.7/site-packages/airflow/example_dags/example_trigger_target_dag.py
[2026-10-01T00:01:49.469+0000] {processor.py:743} INFO - Processing file /home/airflow/.local/lib/python3.7/site-packages/airflow/example_dags/example_trigger_target_dag.py for tasks to queue
[2026-10-01T00:01:49.470+0000] {logging_mixin.py:137} INFO - [2026-10-01T00:01:49.470+0000] {dagbag.py:538} INFO - Filling up the DagBag from /home/airflow/.local/lib/python3.7/site-packages/airflow/example_dags/example_trigger_target_dag.py
[2026-10-01T00:01:49.497+0000] {processor.py:753} INFO - DAG(s) dict_keys(['example_trigger_target_dag']) retrieved from /home/airflow/.local/lib/python3.7/site-packages/airflow/example_dags/example_trigger_target_dag.py
[2026-10-01T00:01:49.545+0000] {logging_mixin.py:137} INFO - [2026-10-01T00:01:49.545+0000] {dag.py:2676} INFO - Sync 1 DAGs
[2026-10-01T00:01:49.574+0000] {logging_mixin.py:137} INFO - [2026-10-01T00:01:49.574+0000] {dag.py:3427} INFO - Setting next_dagrun for example_trigger_target_dag to None, run_after=None
[2026-10-01T00:01:49.595+0000] {processor.py:175} INFO - Processing /home/airflow/.local/lib/python3.7/site-packages/airflow/example_dags/example_trigger_target_dag.py took 0.130 seconds
[2026-10-01T00:02:20.270+0000] {processor.py:153} INFO - Started process (PID=15300) to work on /home/airflow/.local/lib/python3.7/site-packages/airflow/example_dags/example_trigger_target_dag.py
[2026-10-01T00:02:20.272+0000] {processor.py:743} INFO - Processing file /home/airflow/.local/lib/python3.7/site-packages/airflow/example_dags/example_trigger_target_dag.py for tasks to queue
[2026-10-01T00:02:20.273+0000] {logging_mixin.py:137} INFO - [2026-10-01T00:02:20.273+0000] {dagbag.py:538} INFO - Filling up the DagBag from /home/airflow/.local/lib/python3.7/site-packages/airflow/example_dags/example_trigger_target_dag.py
[2026-10-01T00:02:20.316+0000] {processor.py:753} INFO - DAG(s) dict_keys(['example_trigger_target_dag']) retrieved from /home/airflow/.local/lib/python3.7/site-packages/airflow/example_dags/example_trigger_target_dag.py
[2026-10-01T00:02:20.392+0000] {logging_mixin.py:137} INFO - [2026-10-01T00:02:20.392+0000] {dag.py:2676} INFO - Sync 1 DAGs
[2026-10-01T00:02:20.440+0000] {logging_mixin.py:137} INFO - [2026-10-01T00:02:20.439+0000] {dag.py:3427} INFO - Setting next_dagrun for example_trigger_target_dag to None, run_after=None
[2026-10-01T00:02:20.470+0000] {processor.py:175} INFO - Processing /home/airflow/.local/lib/python3.7/site-packages/airflow/example_dags/example_trigger_target_dag.py took 0.207 seconds
[2026-10-01T00:02:50.572+0000] {processor.py:153} INFO - Started process (PID=15379) to work on /home/airflow/.local/lib/python3.7/site-packages/airflow/example_dags/example_trigger_target_dag.py
[2026-10-01T00:02:50.573+0000] {processor.py:743} INFO - Processing file /home/airflow/.local/lib/python3.7/site-packages/airflow/example_dags/example_trigger_target_dag.py for tasks to queue
[2026-10-01T00:02:50.574+0000] {logging_mixin.py:137} INFO - [2026-10-01T00:02:50.574+0000] {dagbag.py:538} INFO - Filling up the DagBag from /home/airflow/.local/lib/python3.7/site-packages/airflow/example_dags/example_trigger_target_dag.py
[2026-10-01T00:02:50.601+0000] {processor.py:753} INFO - DAG(s) dict_keys(['example_trigger_target_dag']) retrieved from /home/airflow/.local/lib/python3.7/site-packages/airflow/example_dags/example_trigger_target_dag.py
[2026-10-01T00:02:50.646+0000] {logging_mixin.py:137} INFO - [2026-10-01T00:02:50.646+0000] {dag.py:2676} INFO - Sync 1 DAGs
[2026-10-01T00:02:50.676+0000] {logging_mixin.py:137} INFO - [2026-10-01T00:02:50.676+0000] {dag.py:3427} INFO - Setting next_dagrun for example_trigger_target_dag to None, run_after=None
[2026-10-01T00:02:50.697+0000] {processor.py:175} INFO - Processing /home/airflow/.local/lib/python3.7/site-packages/airflow/example_dags/example_trigger_target_dag.py took 0.129 seconds
[2026-10-01T00:03:20.856+0000] {processor.py:153} INFO - Started process (PID=15458) to work on /home/airflow/.local/lib/python3.7/site-packages/airflow/example_dags/example_trigger_target_dag.py
[2026-10-01T00:03:20.858+0000] {processor.py:743} INFO - Processing file /home/airflow/.local/lib/python3.7/site-packages/airflow/example_dags/example_trigger_target_dag.py for tasks to queue
[2026-10-01T00:03:20.859+0000] {logging_mixin.py:137} INFO - [2026-10-01T00:03:20.859+0000] {dagbag.py:538} INFO - Filling up the DagBag from /home/airflow/.local/lib/python3.7/site-packages/airflow/example_dags/example_trigger_target_dag.py
[2026-10-01T00:03:20.906+0000] {processor.py:753} INFO - DAG(s) dict_keys(['example_trigger_target_dag']) retrieved from /home/airflow/.local/lib/python3.7/site-packages/airflow/example_dags/example_trigger_target_dag.py
[2026-10-01T00:03:20.960+0000] {logging_mixin.py:137} INFO - [2026-10-01T00:03:20.960+0000] {dag.py:2676} INFO - Sync 1 DAGs
[2026-10-01T00:03:20.999+0000] {logging_mixin.py:137} INFO - [2026-10-01T00:03:20.999+0000] {dag.py:3427} INFO - Setting next_dagrun for example_trigger_target_dag to None, run_after=None
[2026-10-01T00:03:21.027+0000] {processor.py:175} INFO - Processing /home/airflow/.local/lib/python3.7/site-packages/airflow/example_dags/example_trigger_target_dag.py took 0.177 seconds
[2026-10-01T00:03:51.295+0000] {processor.py:153} INFO - Started process (PID=15546) to work on /home/airflow/.local/lib/python3.7/site-packages/airflow/example_dags/example_trigger_target_dag.py
[2026-10-01T00:03:51.296+0000] {processor.py:743} INFO - Processing file /home/airflow/.local/lib/python3.7/site-packages/airflow/example_dags/example_trigger_target_dag.py for tasks to queue
[2026-10-01T00:03:51.296+0000] {logging_mixin.py:137} INFO - [2026-10-01T00:03:51.296+0000] {dagbag.py:538} INFO - Filling up the DagBag from /home/airflow/.local/lib/python3.7/site-packages/airflow/example_dags/example_trigger_target_dag.py
[2026-10-01T00:03:51.325+0000] {processor.py:753} INFO - DAG(s) dict_keys(['example_trigger_target_dag']) retrieved from /home/airflow/.local/lib/python3.7/site-packages/airflow/example_dags/example_trigger_target_dag.py
[2026-10-01T00:03:51.380+0000] {logging_mixin.py:137} INFO - [2026-10-01T00:03:51.380+0000] {dag.py:2676} INFO - Sync 1 DAGs
[2026-10-01T00:03:51.418+0000] {logging_mixin.py:137} INFO - [2026-10-01T00:03:51.417+0000] {dag.py:3427} INFO - Setting next_dagrun for example_trigger_target_dag to None, run_after=None
[2026-10-01T00:03:51.439+0000] {processor.py:175} INFO - Processing /home/airflow/.local/lib/python3.7/site-packages/airflow/example_dags/example_trigger_target_dag.py took 0.148 seconds
[2026-10-01T00:04:21.562+0000] {processor.py:153} INFO - Started process (PID=15636) to work on /home/airflow/.local/lib/python3.7/site-packages/airflow/example_dags/example_trigger_target_dag.py
[2026-10-01T00:04:21.563+0000] {processor.py:743} INFO - Processing file /home/airflow/.local/lib/python3.7/site-packages/airflow/example_dags/example_trigger_target_dag.py for tasks to queue
[2026-10-01T00:04:21.564+0000] {logging_mixin.py:137} INFO - [2026-10-01T00:04:21.563+0000] {dagbag.py:538} INFO - Filling up the DagBag from /home/airflow/.local/lib/python3.7/site-packages/airflow/example_dags/example_trigger_target_dag.py
[2026-10-01T00:04:21.591+0000] {processor.py:753} INFO - DAG(s) dict_keys(['example_trigger_target_dag']) retrieved from /home/airflow/.local/lib/python3.7/site-packages/airflow/example_dags/example_trigger_target_dag.py
[2026-10-01T00:04:21.650+0000] {logging_mixin.py:137} INFO - [2026-10-01T00:04:21.650+0000] {dag.py:2676} INFO - Sync 1 DAGs
[2026-10-01T00:04:21.682+0000] {logging_mixin.py:137} INFO - [2026-10-01T00:04:21.682+0000] {dag.py:3427} INFO - Setting next_dagrun for example_trigger_target_dag to None, run_after=None
[2026-10-01T00:04:21.702+0000] {processor.py:175} INFO - Processing /home/airflow/.local/lib/python3.7/site-packages/airflow/example_dags/example_trigger_target_dag.py took 0.144 seconds
[2026-10-01T00:04:52.577+0000] {processor.py:153} INFO - Started process (PID=15715) to work on /home/airflow/.local/lib/python3.7/site-packages/airflow/example_dags/example_trigger_target_dag.py
[2026-10-01T00:04:52.578+0000] {processor.py:743} INFO - Processing file /home/airflow/.local/lib/python3.7/site-packages/airflow/example_dags/example_trigger_target_dag.py for tasks to queue
[2026-10-01T00:04:52.579+0000] {logging_mixin.py:137} INFO - [2026-10-01T00:04:52.579+0000] {dagbag.py:538} INFO - Filling up the DagBag from /home/airflow/.local/lib/python3.7/site-packages/airflow/example_dags/example_trigger_target_dag.py
[2026-10-01T00:04:52.608+0000] {processor.py:753} INFO - DAG(s) dict_keys(['example_trigger_target_dag']) retrieved from /home/airflow/.local/lib/python3.7/site-packages/airflow/example_dags/example_trigger_target_dag.py
[2026-10-01T00:04:52.666+0000] {logging_mixin.py:137} INFO - [2026-10-01T00:04:52.666+0000] {dag.py:2676} INFO - Sync 1 DAGs
[2026-10-01T00:04:52.705+0000] {logging_mixin.py:137} INFO - [2026-10-01T00:04:52.704+0000] {dag.py:3427} INFO - Setting next_dagrun for example_trigger_target_dag to None, run_after=None
[2026-10-01T00:04:52.733+0000] {processor.py:175} INFO - Processing /home/airflow/.local/lib/python3.7/site-packages/airflow/example_dags/example_trigger_target_dag.py took 0.160 seconds
[2026-10-01T00:05:23.641+0000] {processor.py:153} INFO - Started process (PID=15794) to work on /home/airflow/.local/lib/python3.7/site-packages/airflow/example_dags/example_trigger_target_dag.py
[2026-10-01T00:05:23.642+0000] {processor.py:743} INFO - Processing file /home/airflow/.local/lib/python3.7/site-packages/airflow/example_dags/example_trigger_target_dag.py for tasks to queue
[2026-10-01T00:05:23.643+0000] {logging_mixin.py:137} INFO - [2026-10-01T00:05:23.643+0000] {dagbag.py:538} INFO - Filling up the DagBag from /home/airflow/.local/lib/python3.7/site-packages/airflow/example_dags/example_trigger_target_dag.py
[2026-10-01T00:05:23.688+0000] {processor.py:753} INFO - DAG(s) dict_keys(['example_trigger_target_dag']) retrieved from /home/airflow/.local/lib/python3.7/site-packages/airflow/example_dags/example_trigger_target_dag.py
[2026-10-01T00:05:23.753+0000] {logging_mixin.py:137} INFO - [2026-10-01T00:05:23.753+0000] {dag.py:2676} INFO - Sync 1 DAGs
[2026-10-01T00:05:23.801+0000] {logging_mixin.py:137} INFO - [2026-10-01T00:05:23.801+0000] {dag.py:3427} INFO - Setting next_dagrun for example_trigger_target_dag to None, run_after=None
[2026-10-01T00:05:23.829+0000] {processor.py:175} INFO - Processing /home/airflow/.local/lib/python3.7/site-packages/airflow/example_dags/example_trigger_target_dag.py took 0.193 seconds
[2026-10-01T00:05:54.152+0000] {processor.py:153} INFO - Started process (PID=15893) to work on /home/airflow/.local/lib/python3.7/site-packages/airflow/example_dags/example_trigger_target_dag.py
[2026-10-01T00:05:54.153+0000] {processor.py:743} INFO - Processing file /home/airflow/.local/lib/python3.7/site-packages/airflow/example_dags/example_trigger_target_dag.py for tasks to queue
[2026-10-01T00:05:54.154+0000] {logging_mixin.py:137} INFO - [2026-10-01T00:05:54.154+0000] {dagbag.py:538} INFO - Filling up the DagBag from /home/airflow/.local/lib/python3.7/site-packages/airflow/example_dags/example_trigger_target_dag.py
[2026-10-01T00:05:54.193+0000] {processor.py:753} INFO - DAG(s) dict_keys(['example_trigger_target_dag']) retrieved from /home/airflow/.local/lib/python3.7/site-packages/airflow/example_dags/example_trigger_target_dag.py
[2026-10-01T00:05:54.290+0000] {logging_mixin.py:137} INFO - [2026-10-01T00:05:54.290+0000] {dag.py:2676} INFO - Sync 1 DAGs
[2026-10-01T00:05:54.331+0000] {logging_mixin.py:137} INFO - [2026-10-01T00:05:54.331+0000] {dag.py:3427} INFO - Setting next_dagrun for example_trigger_target_dag to None, run_after=None
[2026-10-01T00:05:54.357+0000] {processor.py:175} INFO - Processing /home/airflow/.local/lib/python3.7/site-packages/airflow/example_dags/example_trigger_target_dag.py took 0.209 seconds
[2026-10-01T00:06:25.215+0000] {processor.py:153} INFO - Started process (PID=15972) to work on /home/airflow/.local/lib/python3.7/site-packages/airflow/example_dags/example_trigger_target_dag.py
[2026-10-01T00:06:25.216+0000] {processor.py:743} INFO - Processing file /home/airflow/.local/lib/python3.7/site-packages/airflow/example_dags/example_trigger_target_dag.py for tasks to queue
[2026-10-01T00:06:25.217+0000] {logging_mixin.py:137} INFO - [2026-10-01T00:06:25.217+0000] {dagbag.py:538} INFO - Filling up the DagBag from /home/airflow/.local/lib/python3.7/site-packages/airflow/example_dags/example_trigger_target_dag.py
[2026-10-01T00:06:25.256+0000] {processor.py:753} INFO - DAG(s) dict_keys(['example_trigger_target_dag']) retrieved from /home/airflow/.local/lib/python3.7/site-packages/airflow/example_dags/example_trigger_target_dag.py
[2026-10-01T00:06:25.316+0000] {logging_mixin.py:137} INFO - [2026-10-01T00:06:25.316+0000] {dag.py:2676} INFO - Sync 1 DAGs
[2026-10-01T00:06:25.345+0000] {logging_mixin.py:137} INFO - [2026-10-01T00:06:25.345+0000] {dag.py:3427} INFO - Setting next_dagrun for example_trigger_target_dag to None, run_after=None
[2026-10-01T00:06:25.375+0000] {processor.py:175} INFO - Processing /home/airflow/.local/lib/python3.7/site-packages/airflow/example_dags/example_trigger_target_dag.py took 0.166 seconds
[2026-10-01T00:06:55.531+0000] {processor.py:153} INFO - Started process (PID=16051) to work on /home/airflow/.local/lib/python3.7/site-packages/airflow/example_dags/example_trigger_target_dag.py
[2026-10-01T00:06:55.532+0000] {processor.py:743} INFO - Processing file /home/airflow/.local/lib/python3.7/site-packages/airflow/example_dags/example_trigger_target_dag.py for tasks to queue
[2026-10-01T00:06:55.533+0000] {logging_mixin.py:137} INFO - [2026-10-01T00:06:55.533+0000] {dagbag.py:538} INFO - Filling up the DagBag from /home/airflow/.local/lib/python3.7/site-packages/airflow/example_dags/example_trigger_target_dag.py
[2026-10-01T00:06:55.570+0000] {processor.py:753} INFO - DAG(s) dict_keys(['example_trigger_target_dag']) retrieved from /home/airflow/.local/lib/python3.7/site-packages/airflow/example_dags/example_trigger_target_dag.py
[2026-10-01T00:06:55.624+0000] {logging_mixin.py:137} INFO - [2026-10-01T00:06:55.624+0000] {dag.py:2676} INFO - Sync 1 DAGs
[2026-10-01T00:06:55.657+0000] {logging_mixin.py:137} INFO - [2026-10-01T00:06:55.657+0000] {dag.py:3427} INFO - Setting next_dagrun for example_trigger_target_dag to None, run_after=None
[2026-10-01T00:06:55.682+0000] {processor.py:175} INFO - Processing /home/airflow/.local/lib/python3.7/site-packages/airflow/example_dags/example_trigger_target_dag.py took 0.155 seconds
[2026-10-01T00:07:25.869+0000] {processor.py:153} INFO - Started process (PID=16139) to work on /home/airflow/.local/lib/python3.7/site-packages/airflow/example_dags/example_trigger_target_dag.py
[2026-10-01T00:07:25.870+0000] {processor.py:743} INFO - Processing file /home/airflow/.local/lib/python3.7/site-packages/airflow/example_dags/example_trigger_target_dag.py for tasks to queue
[2026-10-01T00:07:25.871+0000] {logging_mixin.py:137} INFO - [2026-10-01T00:07:25.870+0000] {dagbag.py:538} INFO - Filling up the DagBag from /home/airflow/.local/lib/python3.7/site-packages/airflow/example_dags/example_trigger_target_dag.py
[2026-10-01T00:07:25.899+0000] {processor.py:753} INFO - DAG(s) dict_keys(['example_trigger_target_dag']) retrieved from /home/airflow/.local/lib/python3.7/site-packages/airflow/example_dags/example_trigger_target_dag.py
[2026-10-01T00:07:25.947+0000] {logging_mixin.py:137} INFO - [2026-10-01T00:07:25.947+0000] {dag.py:2676} INFO - Sync 1 DAGs
[2026-10-01T00:07:25.978+0000] {logging_mixin.py:137} INFO - [2026-10-01T00:07:25.978+0000] {dag.py:3427} INFO - Setting next_dagrun for example_trigger_target_dag to None, run_after=None
[2026-10-01T00:07:26.002+0000] {processor.py:175} INFO - Processing /home/airflow/.local/lib/python3.7/site-packages/airflow/example_dags/example_trigger_target_dag.py took 0.136 seconds
[2026-10-01T00:07:56.487+0000] {processor.py:153} INFO - Started process (PID=16229) to work on /home/airflow/.local/lib/python3.7/site-packages/airflow/example_dags/example_trigger_target_dag.py
[2026-10-01T00:07:56.488+0000] {processor.py:743} INFO - Processing file /home/airflow/.local/lib/python3.7/site-packages/airflow/example_dags/example_trigger_target_dag.py for tasks to queue
[2026-10-01T00:07:56.488+0000] {logging_mixin.py:137} INFO - [2026-10-01T00:07:56.488+0000] {dagbag.py:538} INFO - Filling up the DagBag from /home/airflow/.local/lib/python3.7/site-packages/airflow/example_dags/example_trigger_target_dag.py
[2026-10-01T00:07:56.516+0000] {processor.py:753} INFO - DAG(s) dict_keys(['example_trigger_target_dag']) retrieved from /home/airflow/.local/lib/python3.7/site-packages/airflow/example_dags/example_trigger_target_dag.py
[2026-10-01T00:07:56.566+0000] {logging_mixin.py:137} INFO - [2026-10-01T00:07:56.566+0000] {dag.py:2676} INFO - Sync 1 DAGs
[2026-10-01T00:07:56.609+0000] {logging_mixin.py:137} INFO - [2026-10-01T00:07:56.609+0000] {dag.py:3427} INFO - Setting next_dagrun for example_trigger_target_dag to None, run_after=None
[2026-10-01T00:07:56.634+0000] {processor.py:175} INFO - Processing /home/airflow/.local/lib/python3.7/site-packages/airflow/example_dags/example_trigger_target_dag.py took 0.153 seconds
[2026-10-01T00:08:26.842+0000] {processor.py:153} INFO - Started process (PID=16308) to work on /home/airflow/.local/lib/python3.7/site-packages/airflow/example_dags/example_trigger_target_dag.py
[2026-10-01T00:08:26.843+0000] {processor.py:743} INFO - Processing file /home/airflow/.local/lib/python3.7/site-packages/airflow/example_dags/example_trigger_target_dag.py for tasks to queue
[2026-10-01T00:08:26.844+0000] {logging_mixin.py:137} INFO - [2026-10-01T00:08:26.844+0000] {dagbag.py:538} INFO - Filling up the DagBag from /home/airflow/.local/lib/python3.7/site-packages/airflow/example_dags/example_trigger_target_dag.py
[2026-10-01T00:08:26.873+0000] {processor.py:753} INFO - DAG(s) dict_keys(['example_trigger_target_dag']) retrieved from /home/airflow/.local/lib/python3.7/site-packages/airflow/example_dags/example_trigger_target_dag.py
[2026-10-01T00:08:26.925+0000] {logging_mixin.py:137} INFO - [2026-10-01T00:08:26.925+0000] {dag.py:2676} INFO - Sync 1 DAGs
[2026-10-01T00:08:26.956+0000] {logging_mixin.py:137} INFO - [2026-10-01T00:08:26.955+0000] {dag.py:3427} INFO - Setting next_dagrun for example_trigger_target_dag to None, run_after=None
[2026-10-01T00:08:26.977+0000] {processor.py:175} INFO - Processing /home/airflow/.local/lib/python3.7/site-packages/airflow/example_dags/example_trigger_target_dag.py took 0.139 seconds
[2026-10-01T00:08:57.107+0000] {processor.py:153} INFO - Started process (PID=16387) to work on /home/airflow/.local/lib/python3.7/site-packages/airflow/example_dags/example_trigger_target_dag.py
[2026-10-01T00:08:57.108+0000] {processor.py:743} INFO - Processing file /home/airflow/.local/lib/python3.7/site-packages/airflow/example_dags/example_trigger_target_dag.py for tasks to queue
[2026-10-01T00:08:57.109+0000] {logging_mixin.py:137} INFO - [2026-10-01T00:08:57.108+0000] {dagbag.py:538} INFO - Filling up the DagBag from /home/airflow/.local/lib/python3.7/site-packages/airflow/example_dags/example_trigger_target_dag.py
[2026-10-01T00:08:57.144+0000] {processor.py:753} INFO - DAG(s) dict_keys(['example_trigger_target_dag']) retrieved from /home/airflow/.local/lib/python3.7/site-packages/airflow/example_dags/example_trigger_target_dag.py
[2026-10-01T00:08:57.196+0000] {logging_mixin.py:137} INFO - [2026-10-01T00:08:57.196+0000] {dag.py:2676} INFO - Sync 1 DAGs
[2026-10-01T00:08:57.232+0000] {logging_mixin.py:137} INFO - [2026-10-01T00:08:57.232+0000] {dag.py:3427} INFO - Setting next_dagrun for example_trigger_target_dag to None, run_after=None
[2026-10-01T00:08:57.254+0000] {processor.py:175} INFO - Processing /home/airflow/.local/lib/python3.7/site-packages/airflow/example_dags/example_trigger_target_dag.py took 0.153 seconds
[2026-10-01T00:09:27.658+0000] {processor.py:153} INFO - Started process (PID=16475) to work on /home/airflow/.local/lib/python3.7/site-packages/airflow/example_dags/example_trigger_target_dag.py
[2026-10-01T00:09:27.660+0000] {processor.py:743} INFO - Processing file /home/airflow/.local/lib/python3.7/site-packages/airflow/example_dags/example_trigger_target_dag.py for tasks to queue
[2026-10-01T00:09:27.661+0000] {logging_mixin.py:137} INFO - [2026-10-01T00:09:27.661+0000] {dagbag.py:538} INFO - Filling up the DagBag from /home/airflow/.local/lib/python3.7/site-packages/airflow/example_dags/example_trigger_target_dag.py
[2026-10-01T00:09:27.694+0000] {processor.py:753} INFO - DAG(s) dict_keys(['example_trigger_target_dag']) retrieved from /home/airflow/.local/lib/python3.7/site-packages/airflow/example_dags/example_trigger_target_dag.py
[2026-10-01T00:09:27.743+0000] {logging_mixin.py:137} INFO - [2026-10-01T00:09:27.743+0000] {dag.py:2676} INFO - Sync 1 DAGs
[2026-10-01T00:09:27.777+0000] {logging_mixin.py:137} INFO - [2026-10-01T00:09:27.777+0000] {dag.py:3427} INFO - Setting next_dagrun for example_trigger_target_dag to None, run_after=None
[2026-10-01T00:09:27.799+0000] {processor.py:175} INFO - Processing /home/airflow/.local/lib/python3.7/site-packages/airflow/example_dags/example_trigger_target_dag.py took 0.147 seconds
[2026-10-01T00:09:57.979+0000] {processor.py:153} INFO - Started process (PID=16565) to work on /home/airflow/.local/lib/python3.7/site-packages/airflow/example_dags/example_trigger_target_dag.py
[2026-10-01T00:09:57.980+0000] {processor.py:743} INFO - Processing file /home/airflow/.local/lib/python3.7/site-packages/airflow/example_dags/example_trigger_target_dag.py for tasks to queue
[2026-10-01T00:09:57.981+0000] {logging_mixin.py:137} INFO - [2026-10-01T00:09:57.981+0000] {dagbag.py:538} INFO - Filling up the DagBag from /home/airflow/.local/lib/python3.7/site-packages/airflow/example_dags/example_trigger_target_dag.py
[2026-10-01T00:09:58.023+0000] {processor.py:753} INFO - DAG(s) dict_keys(['example_trigger_target_dag']) retrieved from /home/airflow/.local/lib/python3.7/site-packages/airflow/example_dags/example_trigger_target_dag.py
[2026-10-01T00:09:58.083+0000] {logging_mixin.py:137} INFO - [2026-10-01T00:09:58.083+0000] {dag.py:2676} INFO - Sync 1 DAGs
[2026-10-01T00:09:58.117+0000] {logging_mixin.py:137} INFO - [2026-10-01T00:09:58.117+0000] {dag.py:3427} INFO - Setting next_dagrun for example_trigger_target_dag to None, run_after=None
[2026-10-01T00:09:58.139+0000] {processor.py:175} INFO - Processing /home/airflow/.local/lib/python3.7/site-packages/airflow/example_dags/example_trigger_target_dag.py took 0.164 seconds
[2026-10-01T00:10:28.330+0000] {processor.py:153} INFO - Started process (PID=16644) to work on /home/airflow/.local/lib/python3.7/site-packages/airflow/example_dags/example_trigger_target_dag.py
[2026-10-01T00:10:28.332+0000] {processor.py:743} INFO - Processing file /home/airflow/.local/lib/python3.7/site-packages/airflow/example_dags/example_trigger_target_dag.py for tasks to queue
[2026-10-01T00:10:28.333+0000] {logging_mixin.py:137} INFO - [2026-10-01T00:10:28.333+0000] {dagbag.py:538} INFO - Filling up the DagBag from /home/airflow/.local/lib/python3.7/site-packages/airflow/example_dags/example_trigger_target_dag.py
[2026-10-01T00:10:28.361+0000] {processor.py:753} INFO - DAG(s) dict_keys(['example_trigger_target_dag']) retrieved from /home/airflow/.local/lib/python3.7/site-packages/airflow/example_dags/example_trigger_target_dag.py
[2026-10-01T00:10:28.411+0000] {logging_mixin.py:137} INFO - [2026-10-01T00:10:28.411+0000] {dag.py:2676} INFO - Sync 1 DAGs
[2026-10-01T00:10:28.442+0000] {logging_mixin.py:137} INFO - [2026-10-01T00:10:28.442+0000] {dag.py:3427} INFO - Setting next_dagrun for example_trigger_target_dag to None, run_after=None
[2026-10-01T00:10:28.464+0000] {processor.py:175} INFO - Processing /home/airflow/.local/lib/python3.7/site-packages/airflow/example_dags/example_trigger_target_dag.py took 0.139 seconds
[2026-10-01T00:10:59.298+0000] {processor.py:153} INFO - Started process (PID=16723) to work on /home/airflow/.local/lib/python3.7/site-packages/airflow/example_dags/example_trigger_target_dag.py
[2026-10-01T00:10:59.300+0000] {processor.py:743} INFO - Processing file /home/airflow/.local/lib/python3.7/site-packages/airflow/example_dags/example_trigger_target_dag.py for tasks to queue
[2026-10-01T00:10:59.301+0000] {logging_mixin.py:137} INFO - [2026-10-01T00:10:59.301+0000] {dagbag.py:538} INFO - Filling up the DagBag from /home/airflow/.local/lib/python3.7/site-packages/airflow/example_dags/example_trigger_target_dag.py
[2026-10-01T00:10:59.344+0000] {processor.py:753} INFO - DAG(s) dict_keys(['example_trigger_target_dag']) retrieved from /home/airflow/.local/lib/python3.7/site-packages/airflow/example_dags/example_trigger_target_dag.py
[2026-10-01T00:10:59.418+0000] {logging_mixin.py:137} INFO - [2026-10-01T00:10:59.418+0000] {dag.py:2676} INFO - Sync 1 DAGs
[2026-10-01T00:10:59.457+0000] {logging_mixin.py:137} INFO - [2026-10-01T00:10:59.456+0000] {dag.py:3427} INFO - Setting next_dagrun for example_trigger_target_dag to None, run_after=None
[2026-10-01T00:10:59.482+0000] {processor.py:175} INFO - Processing /home/airflow/.local/lib/python3.7/site-packages/airflow/example_dags/example_trigger_target_dag.py took 0.190 seconds
[2026-10-01T00:11:29.542+0000] {processor.py:153} INFO - Started process (PID=16809) to work on /home/airflow/.local/lib/python3.7/site-packages/airflow/example_dags/example_trigger_target_dag.py
[2026-10-01T00:11:29.544+0000] {processor.py:743} INFO - Processing file /home/airflow/.local/lib/python3.7/site-packages/airflow/example_dags/example_trigger_target_dag.py for tasks to queue
[2026-10-01T00:11:29.545+0000] {logging_mixin.py:137} INFO - [2026-10-01T00:11:29.545+0000] {dagbag.py:538} INFO - Filling up the DagBag from /home/airflow/.local/lib/python3.7/site-packages/airflow/example_dags/example_trigger_target_dag.py
[2026-10-01T00:11:29.585+0000] {processor.py:753} INFO - DAG(s) dict_keys(['example_trigger_target_dag']) retrieved from /home/airflow/.local/lib/python3.7/site-packages/airflow/example_dags/example_trigger_target_dag.py
[2026-10-01T00:11:29.649+0000] {logging_mixin.py:137} INFO - [2026-10-01T00:11:29.649+0000] {dag.py:2676} INFO - Sync 1 DAGs
[2026-10-01T00:11:29.685+0000] {logging_mixin.py:137} INFO - [2026-10-01T00:11:29.684+0000] {dag.py:3427} INFO - Setting next_dagrun for example_trigger_target_dag to None, run_after=None
[2026-10-01T00:11:29.710+0000] {processor.py:175} INFO - Processing /home/airflow/.local/lib/python3.7/site-packages/airflow/example_dags/example_trigger_target_dag.py took 0.175 seconds
[2026-10-01T00:11:59.784+0000] {processor.py:153} INFO - Started process (PID=16901) to work on /home/airflow/.local/lib/python3.7/site-packages/airflow/example_dags/example_trigger_target_dag.py
[2026-10-01T00:11:59.786+0000] {processor.py:743} INFO - Processing file /home/airflow/.local/lib/python3.7/site-packages/airflow/example_dags/example_trigger_target_dag.py for tasks to queue
[2026-10-01T00:11:59.787+0000] {logging_mixin.py:137} INFO - [2026-10-01T00:11:59.786+0000] {dagbag.py:538} INFO - Filling up the DagBag from /home/airflow/.local/lib/python3.7/site-packages/airflow/example_dags/example_trigger_target_dag.py
[2026-10-01T00:11:59.827+0000] {processor.py:753} INFO - DAG(s) dict_keys(['example_trigger_target_dag']) retrieved from /home/airflow/.local/lib/python3.7/site-packages/airflow/example_dags/example_trigger_target_dag.py
[2026-10-01T00:11:59.894+0000] {logging_mixin.py:137} INFO - [2026-10-01T00:11:59.894+0000] {dag.py:2676} INFO - Sync 1 DAGs
[2026-10-01T00:11:59.928+0000] {logging_mixin.py:137} INFO - [2026-10-01T00:11:59.928+0000] {dag.py:3427} INFO - Setting next_dagrun for example_trigger_target_dag to None, run_after=None
[2026-10-01T00:11:59.957+0000] {processor.py:175} INFO - Processing /home/airflow/.local/lib/python3.7/site-packages/airflow/example_dags/example_trigger_target_dag.py took 0.179 seconds
[2026-10-01T00:12:30.956+0000] {processor.py:153} INFO - Started process (PID=16980) to work on /home/airflow/.local/lib/python3.7/site-packages/airflow/example_dags/example_trigger_target_dag.py
[2026-10-01T00:12:30.957+0000] {processor.py:743} INFO - Processing file /home/airflow/.local/lib/python3.7/site-packages/airflow/example_dags/example_trigger_target_dag.py for tasks to queue
[2026-10-01T00:12:30.958+0000] {logging_mixin.py:137} INFO - [2026-10-01T00:12:30.958+0000] {dagbag.py:538} INFO - Filling up the DagBag from /home/airflow/.local/lib/python3.7/site-packages/airflow/example_dags/example_trigger_target_dag.py
[2026-10-01T00:12:30.986+0000] {processor.py:753} INFO - DAG(s) dict_keys(['example_trigger_target_dag']) retrieved from /home/airflow/.local/lib/python3.7/site-packages/airflow/example_dags/example_trigger_target_dag.py
[2026-10-01T00:12:31.033+0000] {logging_mixin.py:137} INFO - [2026-10-01T00:12:31.033+0000] {dag.py:2676} INFO - Sync 1 DAGs
[2026-10-01T00:12:31.065+0000] {logging_mixin.py:137} INFO - [2026-10-01T00:12:31.065+0000] {dag.py:3427} INFO - Setting next_dagrun for example_trigger_target_dag to None, run_after=None
[2026-10-01T00:12:31.092+0000] {processor.py:175} INFO - Processing /home/airflow/.local/lib/python3.7/site-packages/airflow/example_dags/example_trigger_target_dag.py took 0.140 seconds
[2026-10-01T00:13:01.642+0000] {processor.py:153} INFO - Started process (PID=17059) to work on /home/airflow/.local/lib/python3.7/site-packages/airflow/example_dags/example_trigger_target_dag.py
[2026-10-01T00:13:01.643+0000] {processor.py:743} INFO - Processing file /home/airflow/.local/lib/python3.7/site-packages/airflow/example_dags/example_trigger_target_dag.py for tasks to queue
[2026-10-01T00:13:01.644+0000] {logging_mixin.py:137} INFO - [2026-10-01T00:13:01.644+0000] {dagbag.py:538} INFO - Filling up the DagBag from /home/airflow/.local/lib/python3.7/site-packages/airflow/example_dags/example_trigger_target_dag.py
[2026-10-01T00:13:01.682+0000] {processor.py:753} INFO - DAG(s) dict_keys(['example_trigger_target_dag']) retrieved from /home/airflow/.local/lib/python3.7/site-packages/airflow/example_dags/example_trigger_target_dag.py
[2026-10-01T00:13:01.748+0000] {logging_mixin.py:137} INFO - [2026-10-01T00:13:01.747+0000] {dag.py:2676} INFO - Sync 1 DAGs
[2026-10-01T00:13:01.797+0000] {logging_mixin.py:137} INFO - [2026-10-01T00:13:01.797+0000] {dag.py:3427} INFO - Setting next_dagrun for example_trigger_target_dag to None, run_after=None
[2026-10-01T00:13:01.829+0000] {processor.py:175} INFO - Processing /home/airflow/.local/lib/python3.7/site-packages/airflow/example_dags/example_trigger_target_dag.py took 0.193 seconds
[2026-10-01T00:13:31.952+0000] {processor.py:153} INFO - Started process (PID=17147) to work on /home/airflow/.local/lib/python3.7/site-packages/airflow/example_dags/example_trigger_target_dag.py
[2026-10-01T00:13:31.952+0000] {processor.py:743} INFO - Processing file /home/airflow/.local/lib/python3.7/site-packages/airflow/example_dags/example_trigger_target_dag.py for tasks to queue
[2026-10-01T00:13:31.953+0000] {logging_mixin.py:137} INFO - [2026-10-01T00:13:31.953+0000] {dagbag.py:538} INFO - Filling up the DagBag from /home/airflow/.local/lib/python3.7/site-packages/airflow/example_dags/example_trigger_target_dag.py
[2026-10-01T00:13:32.001+0000] {processor.py:753} INFO - DAG(s) dict_keys(['example_trigger_target_dag']) retrieved from /home/airflow/.local/lib/python3.7/site-packages/airflow/example_dags/example_trigger_target_dag.py
[2026-10-01T00:13:32.078+0000] {logging_mixin.py:137} INFO - [2026-10-01T00:13:32.078+0000] {dag.py:2676} INFO - Sync 1 DAGs
[2026-10-01T00:13:32.112+0000] {logging_mixin.py:137} INFO - [2026-10-01T00:13:32.112+0000] {dag.py:3427} INFO - Setting next_dagrun for example_trigger_target_dag to None, run_after=None
[2026-10-01T00:13:32.132+0000] {processor.py:175} INFO - Processing /home/airflow/.local/lib/python3.7/site-packages/airflow/example_dags/example_trigger_target_dag.py took 0.185 seconds
[2026-10-01T00:14:02.174+0000] {processor.py:153} INFO - Started process (PID=17237) to work on /home/airflow/.local/lib/python3.7/site-packages/airflow/example_dags/example_trigger_target_dag.py
[2026-10-01T00:14:02.175+0000] {processor.py:743} INFO - Processing file /home/airflow/.local/lib/python3.7/site-packages/airflow/example_dags/example_trigger_target_dag.py for tasks to queue
[2026-10-01T00:14:02.176+0000] {logging_mixin.py:137} INFO - [2026-10-01T00:14:02.176+0000] {dagbag.py:538} INFO - Filling up the DagBag from /home/airflow/.local/lib/python3.7/site-packages/airflow/example_dags/example_trigger_target_dag.py
[2026-10-01T00:14:02.206+0000] {processor.py:753} INFO - DAG(s) dict_keys(['example_trigger_target_dag']) retrieved from /home/airflow/.local/lib/python3.7/site-packages/airflow/example_dags/example_trigger_target_dag.py
[2026-10-01T00:14:02.253+0000] {logging_mixin.py:137} INFO - [2026-10-01T00:14:02.252+0000] {dag.py:2676} INFO - Sync 1 DAGs
[2026-10-01T00:14:02.288+0000] {logging_mixin.py:137} INFO - [2026-10-01T00:14:02.288+0000] {dag.py:3427} INFO - Setting next_dagrun for example_trigger_target_dag to None, run_after=None
[2026-10-01T00:14:02.311+0000] {processor.py:175} INFO - Processing /home/airflow/.local/lib/python3.7/site-packages/airflow/example_dags/example_trigger_target_dag.py took 0.141 seconds
[2026-10-01T00:14:33.148+0000] {processor.py:153} INFO - Started process (PID=17316) to work on /home/airflow/.local/lib/python3.7/site-packages/airflow/example_dags/example_trigger_target_dag.py
[2026-10-01T00:14:33.149+0000] {processor.py:743} INFO - Processing file /home/airflow/.local/lib/python3.7/site-packages/airflow/example_dags/example_trigger_target_dag.py for tasks to queue
[2026-10-01T00:14:33.150+0000] {logging_mixin.py:137} INFO - [2026-10-01T00:14:33.150+0000] {dagbag.py:538} INFO - Filling up the DagBag from /home/airflow/.local/lib/python3.7/site-packages/airflow/example_dags/example_trigger_target_dag.py
[2026-10-01T00:14:33.187+0000] {processor.py:753} INFO - DAG(s) dict_keys(['example_trigger_target_dag']) retrieved from /home/airflow/.local/lib/python3.7/site-packages/airflow/example_dags/example_trigger_target_dag.py
[2026-10-01T00:14:33.240+0000] {logging_mixin.py:137} INFO - [2026-10-01T00:14:33.240+0000] {dag.py:2676} INFO - Sync 1 DAGs
[2026-10-01T00:14:33.272+0000] {logging_mixin.py:137} INFO - [2026-10-01T00:14:33.272+0000] {dag.py:3427} INFO - Setting next_dagrun for example_trigger_target_dag to None, run_after=None
[2026-10-01T00:14:33.291+0000] {processor.py:175} INFO - Processing /home/airflow/.local/lib/python3.7/site-packages/airflow/example_dags/example_trigger_target_dag.py took 0.151 seconds
[2026-10-01T00:15:03.484+0000] {processor.py:153} INFO - Started process (PID=17395) to work on /home/airflow/.local/lib/python3.7/site-packages/airflow/example_dags/example_trigger_target_dag.py
[2026-10-01T00:15:03.486+0000] {processor.py:743} INFO - Processing file /home/airflow/.local/lib/python3.7/site-packages/airflow/example_dags/example_trigger_target_dag.py for tasks to queue
[2026-10-01T00:15:03.487+0000] {logging_mixin.py:137} INFO - [2026-10-01T00:15:03.487+0000] {dagbag.py:538} INFO - Filling up the DagBag from /home/airflow/.local/lib/python3.7/site-packages/airflow/example_dags/example_trigger_target_dag.py
[2026-10-01T00:15:03.533+0000] {processor.py:753} INFO - DAG(s) dict_keys(['example_trigger_target_dag']) retrieved from /home/airflow/.local/lib/python3.7/site-packages/airflow/example_dags/example_trigger_target_dag.py
[2026-10-01T00:15:03.607+0000] {logging_mixin.py:137} INFO - [2026-10-01T00:15:03.607+0000] {dag.py:2676} INFO - Sync 1 DAGs
[2026-10-01T00:15:03.654+0000] {logging_mixin.py:137} INFO - [2026-10-01T00:15:03.654+0000] {dag.py:3427} INFO - Setting next_dagrun for example_trigger_target_dag to None, run_after=None
[2026-10-01T00:15:03.690+0000] {processor.py:175} INFO - Processing /home/airflow/.local/lib/python3.7/site-packages/airflow/example_dags/example_trigger_target_dag.py took 0.212 seconds
[2026-10-01T00:15:33.931+0000] {processor.py:153} INFO - Started process (PID=17481) to work on /home/airflow/.local/lib/python3.7/site-packages/airflow/example_dags/example_trigger_target_dag.py
[2026-10-01T00:15:33.933+0000] {processor.py:743} INFO - Processing file /home/airflow/.local/lib/python3.7/site-packages/airflow/example_dags/example_trigger_target_dag.py for tasks to queue
[2026-10-01T00:15:33.934+0000] {logging_mixin.py:137} INFO - [2026-10-01T00:15:33.934+0000] {dagbag.py:538} INFO - Filling up the DagBag from /home/airflow/.local/lib/python3.7/site-packages/airflow/example_dags/example_trigger_target_dag.py
[2026-10-01T00:15:33.969+0000] {processor.py:753} INFO - DAG(s) dict_keys(['example_trigger_target_dag']) retrieved from /home/airflow/.local/lib/python3.7/site-packages/airflow/example_dags/example_trigger_target_dag.py
[2026-10-01T00:15:34.022+0000] {logging_mixin.py:137} INFO - [2026-10-01T00:15:34.022+0000] {dag.py:2676} INFO - Sync 1 DAGs
[2026-10-01T00:15:34.071+0000] {logging_mixin.py:137} INFO - [2026-10-01T00:15:34.071+0000] {dag.py:3427} INFO - Setting next_dagrun for example_trigger_target_dag to None, run_after=None
[2026-10-01T00:15:34.101+0000] {processor.py:175} INFO - Processing /home/airflow/.local/lib/python3.7/site-packages/airflow/example_dags/example_trigger_target_dag.py took 0.176 seconds
[2026-10-01T00:16:04.620+0000] {processor.py:153} INFO - Started process (PID=17573) to work on /home/airflow/.local/lib/python3.7/site-packages/airflow/example_dags/example_trigger_target_dag.py
[2026-10-01T00:16:04.621+0000] {processor.py:743} INFO - Processing file /home/airflow/.local/lib/python3.7/site-packages/airflow/example_dags/example_trigger_target_dag.py for tasks to queue
[2026-10-01T00:16:04.621+0000] {logging_mixin.py:137} INFO - [2026-10-01T00:16:04.621+0000] {dagbag.py:538} INFO - Filling up the DagBag from /home/airflow/.local/lib/python3.7/site-packages/airflow/example_dags/example_trigger_target_dag.py
[2026-10-01T00:16:04.651+0000] {processor.py:753} INFO - DAG(s) dict_keys(['example_trigger_target_dag']) retrieved from /home/airflow/.local/lib/python3.7/site-packages/airflow/example_dags/example_trigger_target_dag.py
[2026-10-01T00:16:04.699+0000] {logging_mixin.py:137} INFO - [2026-10-01T00:16:04.699+0000] {dag.py:2676} INFO - Sync 1 DAGs
[2026-10-01T00:16:04.730+0000] {logging_mixin.py:137} INFO - [2026-10-01T00:16:04.730+0000] {dag.py:3427} INFO - Setting next_dagrun for example_trigger_target_dag to None, run_after=None
[2026-10-01T00:16:04.752+0000] {processor.py:175} INFO - Processing /home/airflow/.local/lib/python3.7/site-packages/airflow/example_dags/example_trigger_target_dag.py took 0.138 seconds
[2026-10-01T00:16:35.373+0000] {processor.py:153} INFO - Started process (PID=17652) to work on /home/airflow/.local/lib/python3.7/site-packages/airflow/example_dags/example_trigger_target_dag.py
[2026-10-01T00:16:35.374+0000] {processor.py:743} INFO - Processing file /home/airflow/.local/lib/python3.7/site-packages/airflow/example_dags/example_trigger_target_dag.py for tasks to queue
[2026-10-01T00:16:35.375+0000] {logging_mixin.py:137} INFO - [2026-10-01T00:16:35.375+0000] {dagbag.py:538} INFO - Filling up the DagBag from /home/airflow/.local/lib/python3.7/site-packages/airflow/example_dags/example_trigger_target_dag.py
[2026-10-01T00:16:35.407+0000] {processor.py:753} INFO - DAG(s) dict_keys(['example_trigger_target_dag']) retrieved from /home/airflow/.local/lib/python3.7/site-packages/airflow/example_dags/example_trigger_target_dag.py
[2026-10-01T00:16:35.458+0000] {logging_mixin.py:137} INFO - [2026-10-01T00:16:35.457+0000] {dag.py:2676} INFO - Sync 1 DAGs
[2026-10-01T00:16:35.490+0000] {logging_mixin.py:137} INFO - [2026-10-01T00:16:35.489+0000] {dag.py:3427} INFO - Setting next_dagrun for example_trigger_target_dag to None, run_after=None
[2026-10-01T00:16:35.510+0000] {processor.py:175} INFO - Processing /home/airflow/.local/lib/python3.7/site-packages/airflow/example_dags/example_trigger_target_dag.py took 0.141 seconds
[2026-10-01T00:17:06.469+0000] {processor.py:153} INFO - Started process (PID=17731) to work on /home/airflow/.local/lib/python3.7/site-packages/airflow/example_dags/example_trigger_target_dag.py
[2026-10-01T00:17:06.470+0000] {processor.py:743} INFO - Processing file /home/airflow/.local/lib/python3.7/site-packages/airflow/example_dags/example_trigger_target_dag.py for tasks to queue
[2026-10-01T00:17:06.471+0000] {logging_mixin.py:137} INFO - [2026-10-01T00:17:06.470+0000] {dagbag.py:538} INFO - Filling up the DagBag from /home/airflow/.local/lib/python3.7/site-packages/airflow/example_dags/example_trigger_target_dag.py
[2026-10-01T00:17:06.499+0000] {processor.py:753} INFO - DAG(s) dict_keys(['example_trigger_target_dag']) retrieved from /home/airflow/.local/lib/python3.7/site-packages/airflow/example_dags/example_trigger_target_dag.py
[2026-10-01T00:17:06.562+0000] {logging_mixin.py:137} INFO - [2026-10-01T00:17:06.561+0000] {dag.py:2676} INFO - Sync 1 DAGs
[2026-10-01T00:17:06.606+0000] {logging_mixin.py:137} INFO - [2026-10-01T00:17:06.606+0000] {dag.py:3427} INFO - Setting next_dagrun for example_trigger_target_dag to None, run_after=None
[2026-10-01T00:17:06.639+0000] {processor.py:175} INFO - Processing /home/airflow/.local/lib/python3.7/site-packages/airflow/example_dags/example_trigger_target_dag.py took 0.174 seconds
[2026-10-01T00:17:37.701+0000] {processor.py:153} INFO - Started process (PID=17830) to work on /home/airflow/.local/lib/python3.7/site-packages/airflow/example_dags/example_trigger_target_dag.py
[2026-10-01T00:17:37.703+0000] {processor.py:743} INFO - Processing file /home/airflow/.local/lib/python3.7/site-packages/airflow/example_dags/example_trigger_target_dag.py for tasks to queue
[2026-10-01T00:17:37.704+0000] {logging_mixin.py:137} INFO - [2026-10-01T00:17:37.704+0000] {dagbag.py:538} INFO - Filling up the DagBag from /home/airflow/.local/lib/python3.7/site-packages/airflow/example_dags/example_trigger_target_dag.py
[2026-10-01T00:17:37.741+0000] {processor.py:753} INFO - DAG(s) dict_keys(['example_trigger_target_dag']) retrieved from /home/airflow/.local/lib/python3.7/site-packages/airflow/example_dags/example_trigger_target_dag.py
[2026-10-01T00:17:37.795+0000] {logging_mixin.py:137} INFO - [2026-10-01T00:17:37.795+0000] {dag.py:2676} INFO - Sync 1 DAGs
[2026-10-01T00:17:37.828+0000] {logging_mixin.py:137} INFO - [2026-10-01T00:17:37.827+0000] {dag.py:3427} INFO - Setting next_dagrun for example_trigger_target_dag to None, run_after=None
[2026-10-01T00:17:37.850+0000] {processor.py:175} INFO - Processing /home/airflow/.local/lib/python3.7/site-packages/airflow/example_dags/example_trigger_target_dag.py took 0.153 seconds
[2026-10-01T00:18:07.893+0000] {processor.py:153} INFO - Started process (PID=17909) to work on /home/airflow/.local/lib/python3.7/site-packages/airflow/example_dags/example_trigger_target_dag.py
[2026-10-01T00:18:07.894+0000] {processor.py:743} INFO - Processing file /home/airflow/.local/lib/python3.7/site-packages/airflow/example_dags/example_trigger_target_dag.py for tasks to queue
[2026-10-01T00:18:07.895+0000] {logging_mixin.py:137} INFO - [2026-10-01T00:18:07.895+0000] {dagbag.py:538} INFO - Filling up the DagBag from /home/airflow/.local/lib/python3.7/site-packages/airflow/example_dags/example_trigger_target_dag.py
[2026-10-01T00:18:07.927+0000] {processor.py:753} INFO - DAG(s) dict_keys(['example_trigger_target_dag']) retrieved from /home/airflow/.local/lib/python3.7/site-packages/airflow/example_dags/example_trigger_target_dag.py
[2026-10-01T00:18:07.979+0000] {logging_mixin.py:137} INFO - [2026-10-01T00:18:07.979+0000] {dag.py:2676} INFO - Sync 1 DAGs
[2026-10-01T00:18:08.013+0000] {logging_mixin.py:137} INFO - [2026-10-01T00:18:08.012+0000] {dag.py:3427} INFO - Setting next_dagrun for example_trigger_target_dag to None, run_after=None
[2026-10-01T00:18:08.034+0000] {processor.py:175} INFO - Processing /home/airflow/.local/lib/python3.7/site-packages/airflow/example_dags/example_trigger_target_dag.py took 0.145 seconds
[2026-10-01T00:18:38.271+0000] {processor.py:153} INFO - Started process (PID=17988) to work on /home/airflow/.local/lib/python3.7/site-packages/airflow/example_dags/example_trigger_target_dag.py
[2026-10-01T00:18:38.273+0000] {processor.py:743} INFO - Processing file /home/airflow/.local/lib/python3.7/site-packages/airflow/example_dags/example_trigger_target_dag.py for tasks to queue
[2026-10-01T00:18:38.274+0000] {logging_mixin.py:137} INFO - [2026-10-01T00:18:38.273+0000] {dagbag.py:538} INFO - Filling up the DagBag from /home/airflow/.local/lib/python3.7/site-packages/airflow/example_dags/example_trigger_target_dag.py
[2026-10-01T00:18:38.319+0000] {processor.py:753} INFO - DAG(s) dict_keys(['example_trigger_target_dag']) retrieved from /home/airflow/.local/lib/python3.7/site-packages/airflow/example_dags/example_trigger_target_dag.py
[2026-10-01T00:18:38.382+0000] {logging_mixin.py:137} INFO - [2026-10-01T00:18:38.382+0000] {dag.py:2676} INFO - Sync 1 DAGs
[2026-10-01T00:18:38.418+0000] {logging_mixin.py:137} INFO - [2026-10-01T00:18:38.418+0000] {dag.py:3427} INFO - Setting next_dagrun for example_trigger_target_dag to None, run_after=None
[2026-10-01T00:18:38.440+0000] {processor.py:175} INFO - Processing /home/airflow/.local/lib/python3.7/site-packages/airflow/example_dags/example_trigger_target_dag.py took 0.174 seconds
[2026-10-01T00:19:09.478+0000] {processor.py:153} INFO - Started process (PID=18067) to work on /home/airflow/.local/lib/python3.7/site-packages/airflow/example_dags/example_trigger_target_dag.py
[2026-10-01T00:19:09.479+0000] {processor.py:743} INFO - Processing file /home/airflow/.local/lib/python3.7/site-packages/airflow/example_dags/example_trigger_target_dag.py for tasks to queue
[2026-10-01T00:19:09.480+0000] {logging_mixin.py:137} INFO - [2026-10-01T00:19:09.479+0000] {dagbag.py:538} INFO - Filling up the DagBag from /home/airflow/.local/lib/python3.7/site-packages/airflow/example_dags/example_trigger_target_dag.py
[2026-10-01T00:19:09.513+0000] {processor.py:753} INFO - DAG(s) dict_keys(['example_trigger_target_dag']) retrieved from /home/airflow/.local/lib/python3.7/site-packages/airflow/example_dags/example_trigger_target_dag.py
[2026-10-01T00:19:09.571+0000] {logging_mixin.py:137} INFO - [2026-10-01T00:19:09.571+0000] {dag.py:2676} INFO - Sync 1 DAGs
[2026-10-01T00:19:09.617+0000] {logging_mixin.py:137} INFO - [2026-10-01T00:19:09.617+0000] {dag.py:3427} INFO - Setting next_dagrun for example_trigger_target_dag to None, run_after=None
[2026-10-01T00:19:09.645+0000] {processor.py:175} INFO - Processing /home/airflow/.local/lib/python3.7/site-packages/airflow/example_dags/example_trigger_target_dag.py took 0.171 seconds
[2026-10-01T00:19:40.165+0000] {processor.py:153} INFO - Started process (PID=18166) to work on /home/airflow/.local/lib/python3.7/site-packages/airflow/example_dags/example_trigger_target_dag.py
[2026-10-01T00:19:40.166+0000] {processor.py:743} INFO - Processing file /home/airflow/.local/lib/python3.7/site-packages/airflow/example_dags/example_trigger_target_dag.py for tasks to queue
[2026-10-01T00:19:40.167+0000] {logging_mixin.py:137} INFO - [2026-10-01T00:19:40.167+0000] {dagbag.py:538} INFO - Filling up the DagBag from /home/airflow/.local/lib/python3.7/site-packages/airflow/example_dags/example_trigger_target_dag.py
[2026-10-01T00:19:40.203+0000] {processor.py:753} INFO - DAG(s) dict_keys(['example_trigger_target_dag']) retrieved from /home/airflow/.local/lib/python3.7/site-packages/airflow/example_dags/example_trigger_target_dag.py
[2026-10-01T00:19:40.260+0000] {logging_mixin.py:137} INFO - [2026-10-01T00:19:40.259+0000] {dag.py:2676} INFO - Sync 1 DAGs
[2026-10-01T00:19:40.300+0000] {logging_mixin.py:137} INFO - [2026-10-01T00:19:40.300+0000] {dag.py:3427} INFO - Setting next_dagrun for example_trigger_target_dag to None, run_after=None
[2026-10-01T00:19:40.329+0000] {processor.py:175} INFO - Processing /home/airflow/.local/lib/python3.7/site-packages/airflow/example_dags/example_trigger_target_dag.py took 0.168 seconds
[2026-10-01T00:20:10.402+0000] {processor.py:153} INFO - Started process (PID=18245) to work on /home/airflow/.local/lib/python3.7/site-packages/airflow/example_dags/example_trigger_target_dag.py
[2026-10-01T00:20:10.402+0000] {processor.py:743} INFO - Processing file /home/airflow/.local/lib/python3.7/site-packages/airflow/example_dags/example_trigger_target_dag.py for tasks to queue
[2026-10-01T00:20:10.403+0000] {logging_mixin.py:137} INFO - [2026-10-01T00:20:10.403+0000] {dagbag.py:538} INFO - Filling up the DagBag from /home/airflow/.local/lib/python3.7/site-packages/airflow/example_dags/example_trigger_target_dag.py
[2026-10-01T00:20:10.446+0000] {processor.py:753} INFO - DAG(s) dict_keys(['example_trigger_target_dag']) retrieved from /home/airflow/.local/lib/python3.7/site-packages/airflow/example_dags/example_trigger_target_dag.py
[2026-10-01T00:20:10.522+0000] {logging_mixin.py:137} INFO - [2026-10-01T00:20:10.521+0000] {dag.py:2676} INFO - Sync 1 DAGs
[2026-10-01T00:20:10.575+0000] {logging_mixin.py:137} INFO - [2026-10-01T00:20:10.574+0000] {dag.py:3427} INFO - Setting next_dagrun for example_trigger_target_dag to None, run_after=None
[2026-10-01T00:20:10.596+0000] {processor.py:175} INFO - Processing /home/airflow/.local/lib/python3.7/site-packages/airflow/example_dags/example_trigger_target_dag.py took 0.198 seconds
[2026-10-01T00:20:40.907+0000] {processor.py:153} INFO - Started process (PID=18324) to work on /home/airflow/.local/lib/python3.7/site-packages/airflow/example_dags/example_trigger_target_dag.py
[2026-10-01T00:20:40.908+0000] {processor.py:743} INFO - Processing file /home/airflow/.local/lib/python3.7/site-packages/airflow/example_dags/example_trigger_target_dag.py for tasks to queue
[2026-10-01T00:20:40.909+0000] {logging_mixin.py:137} INFO - [2026-10-01T00:20:40.909+0000] {dagbag.py:538} INFO - Filling up the DagBag from /home/airflow/.local/lib/python3.7/site-packages/airflow/example_dags/example_trigger_target_dag.py
[2026-10-01T00:20:40.954+0000] {processor.py:753} INFO - DAG(s) dict_keys(['example_trigger_target_dag']) retrieved from /home/airflow/.local/lib/python3.7/site-packages/airflow/example_dags/example_trigger_target_dag.py
[2026-10-01T00:20:41.035+0000] {logging_mixin.py:137} INFO - [2026-10-01T00:20:41.035+0000] {dag.py:2676} INFO - Sync 1 DAGs
[2026-10-01T00:20:41.100+0000] {logging_mixin.py:137} INFO - [2026-10-01T00:20:41.099+0000] {dag.py:3427} INFO - Setting next_dagrun for example_trigger_target_dag to None, run_after=None
[2026-10-01T00:20:41.134+0000] {processor.py:175} INFO - Processing /home/airflow/.local/lib/python3.7/site-packages/airflow/example_dags/example_trigger_target_dag.py took 0.233 seconds
