[2026-10-01T00:00:16.860+0000] {processor.py:153} INFO - Started process (PID=14965) to work on /home/airflow/.local/lib/python3.7/site-packages/airflow/example_dags/example_xcom.py
[2026-10-01T00:00:16.860+0000] {processor.py:743} INFO - Processing file /home/airflow/.local/lib/python3.7/site-packages/airflow/example_dags/example_xcom.py for tasks to queue
[2026-10-01T00:00:16.861+0000] {logging_mixin.py:137} INFO - [2026-10-01T00:00:16.861+0000] {dagbag.py:538} INFO - Filling up the DagBag from /home/airflow/.local/lib/python3.7/site-packages/airflow/example_dags/example_xcom.py
[2026-10-01T00:00:16.884+0000] {processor.py:753} INFO - DAG(s) dict_keys(['example_xcom']) retrieved from /home/airflow/.local/lib/python3.7/site-packages/airflow/example_dags/example_xcom.py
[2026-10-01T00:00:16.924+0000] {logging_mixin.py:137} INFO - [2026-10-01T00:00:16.924+0000] {dag.py:2676} INFO - Sync 1 DAGs
[2026-10-01T00:00:16.949+0000] {logging_mixin.py:137} INFO - [2026-10-01T00:00:16.949+0000] {dag.py:3427} INFO - Setting next_dagrun for example_xcom to 2021-01-01T00:00:00+00:00, run_after=2021-01-01T00:00:00+00:00
[2026-10-01T00:00:16.968+0000] {processor.py:175} INFO - Processing /home/airflow/.local/lib/python3.7/site-packages/airflow/example_dags/example_xcom.py took 0.112 seconds
[2026-10-01T00:00:47.819+0000] {processor.py:153} INFO - Started process (PID=15044) to work on /home/airflow/.local/lib/python3.7/site-packages/airflow/example_dags/example_xcom.py
[2026-10-01T00:00:47.820+0000] {processor.py:743} INFO - Processing file /home/airflow/.local/lib/python3.7/site-packages/airflow/example_dags/example_xcom.py for tasks to queue
[2026-10-01T00:00:47.822+0000] {logging_mixin.py:137} INFO - [2026-10-01T00:00:47.822+0000] {dagbag.py:538} INFO - Filling up the DagBag from /home/airflow/.local/lib/python3.7/site-packages/airflow/example_dags/example_xcom.py
[2026-10-01T00:00:47.855+0000] {processor.py:753} INFO - DAG(s) dict_keys(['example_xcom']) retrieved from /home/airflow/.local/lib/python3.7/site-packages/airflow/example_dags/example_xcom.py
[2026-10-01T00:00:47.905+0000] {logging_mixin.py:137} INFO - [2026-10-01T00:00:47.905+0000] {dag.py:2676} INFO - Sync 1 DAGs
[2026-10-01T00:00:47.939+0000] {logging_mixin.py:137} INFO - [2026-10-01T00:00:47.939+0000] {dag.py:3427} INFO - Setting next_dagrun for example_xcom to 2021-01-01T00:00:00+00:00, run_after=2021-01-01T00:00:00+00:00
[2026-10-01T00:00:47.966+0000] {processor.py:175} INFO - Processing /home/airflow/.local/lib/python3.7/site-packages/airflow/example_dags/example_xcom.py took 0.150 seconds
[2026-10-01T00:01:18.710+0000] {processor.py:153} INFO - Started process (PID=15123) to work on /home/airflow/.local/lib/python3.7/site-packages/airflow/example_dags/example_xcom.py
[2026-10-01T00:01:18.711+0000] {processor.py:743} INFO - Processing file /home/airflow/.local/lib/python3.7/site-packages/airflow/example_dags/example_xcom.py for tasks to queue
[2026-10-01T00:01:18.712+0000] {logging_mixin.py:137} INFO - [2026-10-01T00:01:18.712+0000] {dagbag.py:538} INFO - Filling up the DagBag from /home/airflow/.local/lib/python3.7/site-packages/airflow/example_dags/example_xcom.py
[2026-10-01T00:01:18.747+0000] {processor.py:753} INFO - DAG(s) dict_keys(['example_xcom']) retrieved from /home/airflow/.local/lib/python3.7/site-packages/airflow/example_dags/example_xcom.py
[2026-10-01T00:01:18.801+0000] {logging_mixin.py:137} INFO - [2026-10-01T00:01:18.801+0000] {dag.py:2676} INFO - Sync 1 DAGs
[2026-10-01T00:01:18.836+0000] {logging_mixin.py:137} INFO - [2026-10-01T00:01:18.836+0000] {dag.py:3427} INFO - Setting next_dagrun for example_xcom to 2021-01-01T00:00:00+00:00, run_after=2021-01-01T00:00:00+00:00
[2026-10-01T00:01:18.857+0000] {processor.py:175} INFO - Processing /home/airflow/.local/lib/python3.7/site-packages/airflow/example_dags/example_xcom.py took 0.152 seconds
[2026-10-01T00:01:49.629+0000] {processor.py:153} INFO - Started process (PID=15222) to work on /home/airflow/.local/lib/python3.7/site-packages/airflow/example_dags/example_xcom.py
[2026-10-01T00:01:49.630+0000] {processor.py:743} INFO - Processing file /home/airflow/.local/lib/python3.7/site-packages/airflow/example_dags/example_xcom.py for tasks to queue
[2026-10-01T00:01:49.631+0000] {logging_mixin.py:137} INFO - [2026-10-01T00:01:49.631+0000] {dagbag.py:538} INFO - Filling up the DagBag from /home/airflow/.local/lib/python3.7/site-packages/airflow/example_dags/example_xcom.py
[2026-10-01T00:01:49.669+0000] {processor.py:753} INFO - DAG(s) dict_keys(['example_xcom']) retrieved from /home/airflow/.local/lib/python3.7/site-packages/airflow/example_dags/example_xcom.py
[2026-10-01T00:01:49.721+0000] {logging_mixin.py:137} INFO - [2026-10-01T00:01:49.721+0000] {dag.py:2676} INFO - Sync 1 DAGs
[2026-10-01T00:01:49.763+0000] {logging_mixin.py:137} INFO - [2026-10-01T00:01:49.762+0000] {dag.py:3427} INFO - Setting next_dagrun for example_xcom to 2021-01-01T00:00:00+00:00, run_after=2021-01-01T00:00:00+00:00
[2026-10-01T00:01:49.787+0000] {processor.py:175} INFO - Processing /home/airflow/.local/lib/python3.7/site-packages/airflow/example_dags/example_xcom.py took 0.161 seconds
[2026-10-01T00:02:20.287+0000] {processor.py:153} INFO - Started process (PID=15301) to work on /home/airflow/.local/lib/python3.7/site-packages/airflow/example_dags/example_xcom.py
[2026-10-01T00:02:20.288+0000] {processor.py:743} INFO - Processing file /home/airflow/.local/lib/python3.7/site-packages/airflow/example_dags/example_xcom.py for tasks to queue
[2026-10-01T00:02:20.289+0000] {logging_mixin.py:137} INFO - [2026-10-01T00:02:20.289+0000] {dagbag.py:538} INFO - Filling up the DagBag from /home/airflow/.local/lib/python3.7/site-packages/airflow/example_dags/example_xcom.py
[2026-10-01T00:02:20.331+0000] {processor.py:753} INFO - DAG(s) dict_keys(['example_xcom']) retrieved from /home/airflow/.local/lib/python3.7/site-packages/airflow/example_dags/example_xcom.py
[2026-10-01T00:02:20.401+0000] {logging_mixin.py:137} INFO - [2026-10-01T00:02:20.401+0000] {dag.py:2676} INFO - Sync 1 DAGs
[2026-10-01T00:02:20.447+0000] {logging_mixin.py:137} INFO - [2026-10-01T00:02:20.447+0000] {dag.py:3427} INFO - Setting next_dagrun for example_xcom to 2021-01-01T00:00:00+00:00, run_after=2021-01-01T00:00:00+00:00
[2026-10-01T00:02:20.478+0000] {processor.py:175} INFO - Processing /home/airflow/.local/lib/python3.7/site-packages/airflow/example_dags/example_xcom.py took 0.195 seconds
[2026-10-01T00:02:50.733+0000] {processor.py:153} INFO - Started process (PID=15380) to work on /home/airflow/.local/lib/python3.7/site-packages/airflow/example_dags/example_xcom.py
[2026-10-01T00:02:50.734+0000] {processor.py:743} INFO - Processing file /home/airflow/.local/lib/python3.7/site-packages/airflow/example_dags/example_xcom.py for tasks to queue
[2026-10-01T00:02:50.735+0000] {logging_mixin.py:137} INFO - [2026-10-01T00:02:50.734+0000] {dagbag.py:538} INFO - Filling up the DagBag from /home/airflow/.local/lib/python3.7/site-packages/airflow/example_dags/example_xcom.py
[2026-10-01T00:02:50.762+0000] {processor.py:753} INFO - DAG(s) dict_keys(['example_xcom']) retrieved from /home/airflow/.local/lib/python3.7/site-packages/airflow/example_dags/example_xcom.py
[2026-10-01T00:02:50.808+0000] {logging_mixin.py:137} INFO - [2026-10-01T00:02:50.808+0000] {dag.py:2676} INFO - Sync 1 DAGs
[2026-10-01T00:02:50.836+0000] {logging_mixin.py:137} INFO - [2026-10-01T00:02:50.836+0000] {dag.py:3427} INFO - Setting next_dagrun for example_xcom to 2021-01-01T00:00:00+00:00, run_after=2021-01-01T00:00:00+00:00
[2026-10-01T00:02:50.857+0000] {processor.py:175} INFO - Processing /home/airflow/.local/lib/python3.7/site-packages/airflow/example_dags/example_xcom.py took 0.128 seconds
[2026-10-01T00:03:20.947+0000] {processor.py:153} INFO - Started process (PID=15459) to work on /home/airflow/.local/lib/python3.7/site-packages/airflow/example_dags/example_xcom.py
[2026-10-01T00:03:20.948+0000] {processor.py:743} INFO - Processing file /home/airflow/.local/lib/python3.7/site-packages/airflow/example_dags/example_xcom.py for tasks to queue
[2026-10-01T00:03:20.950+0000] {logging_mixin.py:137} INFO - [2026-10-01T00:03:20.950+0000] {dagbag.py:538} INFO - Filling up the DagBag from /home/airflow/.local/lib/python3.7/site-packages/airflow/example_dags/example_xcom.py
[2026-10-01T00:03:20.990+0000] {processor.py:753} INFO - DAG(s) dict_keys(['example_xcom']) retrieved from /home/airflow/.local/lib/python3.7/site-packages/airflow/example_dags/example_xcom.py
[2026-10-01T00:03:21.065+0000] {logging_mixin.py:137} INFO - [2026-10-01T00:03:21.065+0000] {dag.py:2676} INFO - Sync 1 DAGs
[2026-10-01T00:03:21.096+0000] {logging_mixin.py:137} INFO - [2026-10-01T00:03:21.096+0000] {dag.py:3427} INFO - Setting next_dagrun for example_xcom to 2021-01-01T00:00:00+00:00, run_after=2021-01-01T00:00:00+00:00
[2026-10-01T00:03:21.119+0000] {processor.py:175} INFO - Processing /home/airflow/.local/lib/python3.7/site-packages/airflow/example_dags/example_xcom.py took 0.175 seconds
[2026-10-01T00:03:51.347+0000] {processor.py:153} INFO - Started process (PID=15547) to work on /home/airflow/.local/lib/python3.7/site-packages/airflow/example_dags/example_xcom.py
[2026-10-01T00:03:51.348+0000] {processor.py:743} INFO - Processing file /home/airflow/.local/lib/python3.7/site-packages/airflow/example_dags/example_xcom.py for tasks to queue
[2026-10-01T00:03:51.348+0000] {logging_mixin.py:137} INFO - [2026-10-01T00:03:51.348+0000] {dagbag.py:538} INFO - Filling up the DagBag from /home/airflow/.local/lib/python3.7/site-packages/airflow/example_dags/example_xcom.py
[2026-10-01T00:03:51.379+0000] {processor.py:753} INFO - DAG(s) dict_keys(['example_xcom']) retrieved from /home/airflow/.local/lib/python3.7/site-packages/airflow/example_dags/example_xcom.py
[2026-10-01T00:03:51.438+0000] {logging_mixin.py:137} INFO - [2026-10-01T00:03:51.438+0000] {dag.py:2676} INFO - Sync 1 DAGs
[2026-10-01T00:03:51.468+0000] {logging_mixin.py:137} INFO - [2026-10-01T00:03:51.468+0000] {dag.py:3427} INFO - Setting next_dagrun for example_xcom to 2021-01-01T00:00:00+00:00, run_after=2021-01-01T00:00:00+00:00
[2026-10-01T00:03:51.493+0000] {processor.py:175} INFO - Processing /home/airflow/.local/lib/python3.7/site-packages/airflow/example_dags/example_xcom.py took 0.150 seconds
[2026-10-01T00:04:21.662+0000] {processor.py:153} INFO - Started process (PID=15637) to work on /home/airflow/.local/lib/python3.7/site-packages/airflow/example_dags/example_xcom.py
[2026-10-01T00:04:21.664+0000] {processor.py:743} INFO - Processing file /home/airflow/.local/lib/python3.7/site-packages/airflow/example_dags/example_xcom.py for tasks to queue
[2026-10-01T00:04:21.665+0000] {logging_mixin.py:137} INFO - [2026-10-01T00:04:21.665+0000] {dagbag.py:538} INFO - Filling up the DagBag from /home/airflow/.local/lib/python3.7/site-packages/airflow/example_dags/example_xcom.py
[2026-10-01T00:04:21.713+0000] {processor.py:753} INFO - DAG(s) dict_keys(['example_xcom']) retrieved from /home/airflow/.local/lib/python3.7/site-packages/airflow/example_dags/example_xcom.py
[2026-10-01T00:04:21.769+0000] {logging_mixin.py:137} INFO - [2026-10-01T00:04:21.769+0000] {dag.py:2676} INFO - Sync 1 DAGs
[2026-10-01T00:04:21.802+0000] {logging_mixin.py:137} INFO - [2026-10-01T00:04:21.802+0000] {dag.py:3427} INFO - Setting next_dagrun for example_xcom to 2021-01-01T00:00:00+00:00, run_after=2021-01-01T00:00:00+00:00
[2026-10-01T00:04:21.823+0000] {processor.py:175} INFO - Processing /home/airflow/.local/lib/python3.7/site-packages/airflow/example_dags/example_xcom.py took 0.167 seconds
[2026-10-01T00:04:52.772+0000] {processor.py:153} INFO - Started process (PID=15716) to work on /home/airflow/.local/lib/python3.7/site-packages/airflow/example_dags/example_xcom.py
[2026-10-01T00:04:52.773+0000] {processor.py:743} INFO - Processing file /home/airflow/.local/lib/python3.7/site-packages/airflow/example_dags/example_xcom.py for tasks to queue
[2026-10-01T00:04:52.774+0000] {logging_mixin.py:137} INFO - [2026-10-01T00:04:52.774+0000] {dagbag.py:538} INFO - Filling up the DagBag from /home/airflow/.local/lib/python3.7/site-packages/airflow/example_dags/example_xcom.py
[2026-10-01T00:04:52.811+0000] {processor.py:753} INFO - DAG(s) dict_keys(['example_xcom']) retrieved from /home/airflow/.local/lib/python3.7/site-packages/airflow/example_dags/example_xcom.py
[2026-10-01T00:04:52.860+0000] {logging_mixin.py:137} INFO - [2026-10-01T00:04:52.860+0000] {dag.py:2676} INFO - Sync 1 DAGs
[2026-10-01T00:04:52.895+0000] {logging_mixin.py:137} INFO - [2026-10-01T00:04:52.895+0000] {dag.py:3427} INFO - Setting next_dagrun for example_xcom to 2021-01-01T00:00:00+00:00, run_after=2021-01-01T00:00:00+00:00
[2026-10-01T00:04:52.916+0000] {processor.py:175} INFO - Processing /home/airflow/.local/lib/python3.7/site-packages/airflow/example_dags/example_xcom.py took 0.151 seconds
[2026-10-01T00:05:23.649+0000] {processor.py:153} INFO - Started process (PID=15795) to work on /home/airflow/.local/lib/python3.7/site-packages/airflow/example_dags/example_xcom.py
[2026-10-01T00:05:23.650+0000] {processor.py:743} INFO - Processing file /home/airflow/.local/lib/python3.7/site-packages/airflow/example_dags/example_xcom.py for tasks to queue
[2026-10-01T00:05:23.651+0000] {logging_mixin.py:137} INFO - [2026-10-01T00:05:23.651+0000] {dagbag.py:538} INFO - Filling up the DagBag from /home/airflow/.local/lib/python3.7/site-packages/airflow/example_dags/example_xcom.py
[2026-10-01T00:05:23.684+0000] {processor.py:753} INFO - DAG(s) dict_keys(['example_xcom']) retrieved from /home/airflow/.local/lib/python3.7/site-packages/airflow/example_dags/example_xcom.py
[2026-10-01T00:05:23.738+0000] {logging_mixin.py:137} INFO - [2026-10-01T00:05:23.738+0000] {dag.py:2676} INFO - Sync 1 DAGs
[2026-10-01T00:05:23.784+0000] {logging_mixin.py:137} INFO - [2026-10-01T00:05:23.783+0000] {dag.py:3427} INFO - Setting next_dagrun for example_xcom to 2021-01-01T00:00:00+00:00, run_after=2021-01-01T00:00:00+00:00
[2026-10-01T00:05:23.806+0000] {processor.py:175} INFO - Processing /home/airflow/.local/lib/python3.7/site-packages/airflow/example_dags/example_xcom.py took 0.160 seconds
[2026-10-01T00:05:54.341+0000] {processor.py:153} INFO - Started process (PID=15894) to work on /home/airflow/.local/lib/python3.7/site-packages/airflow/example_dags/example_xcom.py
[2026-10-01T00:05:54.342+0000] {processor.py:743} INFO - Processing file /home/airflow/.local/lib/python3.7/site-packages/airflow/example_dags/example_xcom.py for tasks to queue
[2026-10-01T00:05:54.343+0000] {logging_mixin.py:137} INFO - [2026-10-01T00:05:54.343+0000] {dagbag.py:538} INFO - Filling up the DagBag from /home/airflow/.local/lib/python3.7/site-packages/airflow/example_dags/example_xcom.py
[2026-10-01T00:05:54.375+0000] {processor.py:753} INFO - DAG(s) dict_keys(['example_xcom']) retrieved from /home/airflow/.local/lib/python3.7/site-packages/airflow/example_dags/example_xcom.py
[2026-10-01T00:05:54.429+0000] {logging_mixin.py:137} INFO - [2026-10-01T00:05:54.429+0000] {dag.py:2676} INFO - Sync 1 DAGs
[2026-10-01T00:05:54.465+0000] {logging_mixin.py:137} INFO - [2026-10-01T00:05:54.465+0000] {dag.py:3427} INFO - Setting next_dagrun for example_xcom to 2021-01-01T00:00:00+00:00, run_after=2021-01-01T00:00:00+00:00
[2026-10-01T00:05:54.491+0000] {processor.py:175} INFO - Processing /home/airflow/.local/lib/python3.7/site-packages/airflow/example_dags/example_xcom.py took 0.154 seconds
[2026-10-01T00:06:25.363+0000] {processor.py:153} INFO - Started process (PID=15973) to work on /home/airflow/.local/lib/python3.7/site-packages/airflow/example_dags/example_xcom.py
[2026-10-01T00:06:25.364+0000] {processor.py:743} INFO - Processing file /home/airflow/.local/lib/python3.7/site-packages/airflow/example_dags/example_xcom.py for tasks to queue
[2026-10-01T00:06:25.364+0000] {logging_mixin.py:137} INFO - [2026-10-01T00:06:25.364+0000] {dagbag.py:538} INFO - Filling up the DagBag from /home/airflow/.local/lib/python3.7/site-packages/airflow/example_dags/example_xcom.py
[2026-10-01T00:06:25.395+0000] {processor.py:753} INFO - DAG(s) dict_keys(['example_xcom']) retrieved from /home/airflow/.local/lib/python3.7/site-packages/airflow/example_dags/example_xcom.py
[2026-10-01T00:06:25.444+0000] {logging_mixin.py:137} INFO - [2026-10-01T00:06:25.444+0000] {dag.py:2676} INFO - Sync 1 DAGs
[2026-10-01T00:06:25.475+0000] {logging_mixin.py:137} INFO - [2026-10-01T00:06:25.474+0000] {dag.py:3427} INFO - Setting next_dagrun for example_xcom to 2021-01-01T00:00:00+00:00, run_after=2021-01-01T00:00:00+00:00
[2026-10-01T00:06:25.495+0000] {processor.py:175} INFO - Processing /home/airflow/.local/lib/python3.7/site-packages/airflow/example_dags/example_xcom.py took 0.136 seconds
[2026-10-01T00:06:55.703+0000] {processor.py:153} INFO - Started process (PID=16052) to work on /home/airflow/.local/lib/python3.7/site-packages/airflow/example_dags/example_xcom.py
[2026-10-01T00:06:55.705+0000] {processor.py:743} INFO - Processing file /home/airflow/.local/lib/python3.7/site-packages/airflow/example_dags/example_xcom.py for tasks to queue
[2026-10-01T00:06:55.705+0000] {logging_mixin.py:137} INFO - [2026-10-01T00:06:55.705+0000] {dagbag.py:538} INFO - Filling up the DagBag from /home/airflow/.local/lib/python3.7/site-packages/airflow/example_dags/example_xcom.py
[2026-10-01T00:06:55.740+0000] {processor.py:753} INFO - DAG(s) dict_keys(['example_xcom']) retrieved from /home/airflow/.local/lib/python3.7/site-packages/airflow/example_dags/example_xcom.py
[2026-10-01T00:06:55.794+0000] {logging_mixin.py:137} INFO - [2026-10-01T00:06:55.794+0000] {dag.py:2676} INFO - Sync 1 DAGs
[2026-10-01T00:06:55.824+0000] {logging_mixin.py:137} INFO - [2026-10-01T00:06:55.824+0000] {dag.py:3427} INFO - Setting next_dagrun for example_xcom to 2021-01-01T00:00:00+00:00, run_after=2021-01-01T00:00:00+00:00
[2026-10-01T00:06:55.846+0000] {processor.py:175} INFO - Processing /home/airflow/.local/lib/python3.7/site-packages/airflow/example_dags/example_xcom.py took 0.146 seconds
[2026-10-01T00:07:26.035+0000] {processor.py:153} INFO - Started process (PID=16140) to work on /home/airflow/.local/lib/python3.7/site-packages/airflow/example_dags/example_xcom.py
[2026-10-01T00:07:26.036+0000] {processor.py:743} INFO - Processing file /home/airflow/.local/lib/python3.7/site-packages/airflow/example_dags/example_xcom.py for tasks to queue
[2026-10-01T00:07:26.037+0000] {logging_mixin.py:137} INFO - [2026-10-01T00:07:26.037+0000] {dagbag.py:538} INFO - Filling up the DagBag from /home/airflow/.local/lib/python3.7/site-packages/airflow/example_dags/example_xcom.py
[2026-10-01T00:07:26.067+0000] {processor.py:753} INFO - DAG(s) dict_keys(['example_xcom']) retrieved from /home/airflow/.local/lib/python3.7/site-packages/airflow/example_dags/example_xcom.py
[2026-10-01T00:07:26.116+0000] {logging_mixin.py:137} INFO - [2026-10-01T00:07:26.115+0000] {dag.py:2676} INFO - Sync 1 DAGs
[2026-10-01T00:07:26.158+0000] {logging_mixin.py:137} INFO - [2026-10-01T00:07:26.158+0000] {dag.py:3427} INFO - Setting next_dagrun for example_xcom to 2021-01-01T00:00:00+00:00, run_after=2021-01-01T00:00:00+00:00
[2026-10-01T00:07:26.178+0000] {processor.py:175} INFO - Processing /home/airflow/.local/lib/python3.7/site-packages/airflow/example_dags/example_xcom.py took 0.147 seconds
[2026-10-01T00:07:56.650+0000] {processor.py:153} INFO - Started process (PID=16230) to work on /home/airflow/.local/lib/python3.7/site-packages/airflow/example_dags/example_xcom.py
[2026-10-01T00:07:56.650+0000] {processor.py:743} INFO - Processing file /home/airflow/.local/lib/python3.7/site-packages/airflow/example_dags/example_xcom.py for tasks to queue
[2026-10-01T00:07:56.651+0000] {logging_mixin.py:137} INFO - [2026-10-01T00:07:56.651+0000] {dagbag.py:538} INFO - Filling up the DagBag from /home/airflow/.local/lib/python3.7/site-packages/airflow/example_dags/example_xcom.py
[2026-10-01T00:07:56.684+0000] {processor.py:753} INFO - DAG(s) dict_keys(['example_xcom']) retrieved from /home/airflow/.local/lib/python3.7/site-packages/airflow/example_dags/example_xcom.py
[2026-10-01T00:07:56.734+0000] {logging_mixin.py:137} INFO - [2026-10-01T00:07:56.734+0000] {dag.py:2676} INFO - Sync 1 DAGs
[2026-10-01T00:07:56.765+0000] {logging_mixin.py:137} INFO - [2026-10-01T00:07:56.765+0000] {dag.py:3427} INFO - Setting next_dagrun for example_xcom to 2021-01-01T00:00:00+00:00, run_after=2021-01-01T00:00:00+00:00
[2026-10-01T00:07:56.786+0000] {processor.py:175} INFO - Processing /home/airflow/.local/lib/python3.7/site-packages/airflow/example_dags/example_xcom.py took 0.141 seconds
[2026-10-01T00:08:27.010+0000] {processor.py:153} INFO - Started process (PID=16309) to work on /home/airflow/.local/lib/python3.7/site-packages/airflow/example_dags/example_xcom.py
[2026-10-01T00:08:27.012+0000] {processor.py:743} INFO - Processing file /home/airflow/.local/lib/python3.7/site-packages/airflow/example_dags/example_xcom.py for tasks to queue
[2026-10-01T00:08:27.012+0000] {logging_mixin.py:137} INFO - [2026-10-01T00:08:27.012+0000] {dagbag.py:538} INFO - Filling up the DagBag from /home/airflow/.local/lib/python3.7/site-packages/airflow/example_dags/example_xcom.py
[2026-10-01T00:08:27.043+0000] {processor.py:753} INFO - DAG(s) dict_keys(['example_xcom']) retrieved from /home/airflow/.local/lib/python3.7/site-packages/airflow/example_dags/example_xcom.py
[2026-10-01T00:08:27.096+0000] {logging_mixin.py:137} INFO - [2026-10-01T00:08:27.095+0000] {dag.py:2676} INFO - Sync 1 DAGs
[2026-10-01T00:08:27.129+0000] {logging_mixin.py:137} INFO - [2026-10-01T00:08:27.129+0000] {dag.py:3427} INFO - Setting next_dagrun for example_xcom to 2021-01-01T00:00:00+00:00, run_after=2021-01-01T00:00:00+00:00
[2026-10-01T00:08:27.153+0000] {processor.py:175} INFO - Processing /home/airflow/.local/lib/python3.7/site-packages/airflow/example_dags/example_xcom.py took 0.147 seconds
[2026-10-01T00:08:57.288+0000] {processor.py:153} INFO - Started process (PID=16388) to work on /home/airflow/.local/lib/python3.7/site-packages/airflow/example_dags/example_xcom.py
[2026-10-01T00:08:57.289+0000] {processor.py:743} INFO - Processing file /home/airflow/.local/lib/python3.7/site-packages/airflow/example_dags/example_xcom.py for tasks to queue
[2026-10-01T00:08:57.290+0000] {logging_mixin.py:137} INFO - [2026-10-01T00:08:57.290+0000] {dagbag.py:538} INFO - Filling up the DagBag from /home/airflow/.local/lib/python3.7/site-packages/airflow/example_dags/example_xcom.py
[2026-10-01T00:08:57.321+0000] {processor.py:753} INFO - DAG(s) dict_keys(['example_xcom']) retrieved from /home/airflow/.local/lib/python3.7/site-packages/airflow/example_dags/example_xcom.py
[2026-10-01T00:08:57.371+0000] {logging_mixin.py:137} INFO - [2026-10-01T00:08:57.371+0000] {dag.py:2676} INFO - Sync 1 DAGs
[2026-10-01T00:08:57.411+0000] {logging_mixin.py:137} INFO - [2026-10-01T00:08:57.411+0000] {dag.py:3427} INFO - Setting next_dagrun for example_xcom to 2021-01-01T00:00:00+00:00, run_after=2021-01-01T00:00:00+00:00
[2026-10-01T00:08:57.434+0000] {processor.py:175} INFO - Processing /home/airflow/.local/lib/python3.7/site-packages/airflow/example_dags/example_xcom.py took 0.150 seconds
[2026-10-01T00:09:27.814+0000] {processor.py:153} INFO - Started process (PID=16476) to work on /home/airflow/.local/lib/python3.7/site-packages/airflow/example_dags/example_xcom.py
[2026-10-01T00:09:27.815+0000] {processor.py:743} INFO - Processing file /home/airflow/.local/lib/python3.7/site-packages/airflow/example_dags/example_xcom.py for tasks to queue
[2026-10-01T00:09:27.816+0000] {logging_mixin.py:137} INFO - [2026-10-01T00:09:27.815+0000] {dagbag.py:538} INFO - Filling up the DagBag from /home/airflow/.local/lib/python3.7/site-packages/airflow/example_dags/example_xcom.py
[2026-10-01T00:09:27.848+0000] {processor.py:753} INFO - DAG(s) dict_keys(['example_xcom']) retrieved from /home/airflow/.local/lib/python3.7/site-packages/airflow/example_dags/example_xcom.py
[2026-10-01T00:09:27.896+0000] {logging_mixin.py:137} INFO - [2026-10-01T00:09:27.896+0000] {dag.py:2676} INFO - Sync 1 DAGs
[2026-10-01T00:09:27.938+0000] {logging_mixin.py:137} INFO - [2026-10-01T00:09:27.938+0000] {dag.py:3427} INFO - Setting next_dagrun for example_xcom to 2021-01-01T00:00:00+00:00, run_after=2021-01-01T00:00:00+00:00
[2026-10-01T00:09:27.970+0000] {processor.py:175} INFO - Processing /home/airflow/.local/lib/python3.7/site-packages/airflow/example_dags/example_xcom.py took 0.160 seconds
[2026-10-01T00:09:58.112+0000] {processor.py:153} INFO - Started process (PID=16566) to work on /home/airflow/.local/lib/python3.7/site-packages/airflow/example_dags/example_xcom.py
[2026-10-01T00:09:58.113+0000] {processor.py:743} INFO - Processing file /home/airflow/.local/lib/python3.7/site-packages/airflow/example_dags/example_xcom.py for tasks to queue
[2026-10-01T00:09:58.114+0000] {logging_mixin.py:137} INFO - [2026-10-01T00:09:58.114+0000] {dagbag.py:538} INFO - Filling up the DagBag from /home/airflow/.local/lib/python3.7/site-packages/airflow/example_dags/example_xcom.py
[2026-10-01T00:09:58.146+0000] {processor.py:753} INFO - DAG(s) dict_keys(['example_xcom']) retrieved from /home/airflow/.local/lib/python3.7/site-packages/airflow/example_dags/example_xcom.py
[2026-10-01T00:09:58.195+0000] {logging_mixin.py:137} INFO - [2026-10-01T00:09:58.195+0000] {dag.py:2676} INFO - Sync 1 DAGs
[2026-10-01T00:09:58.224+0000] {logging_mixin.py:137} INFO - [2026-10-01T00:09:58.224+0000] {dag.py:3427} INFO - Setting next_dagrun for example_xcom to 2021-01-01T00:00:00+00:00, run_after=2021-01-01T00:00:00+00:00
[2026-10-01T00:09:58.247+0000] {processor.py:175} INFO - Processing /home/airflow/.local/lib/python3.7/site-packages/airflow/example_dags/example_xcom.py took 0.138 seconds
[2026-10-01T00:10:28.340+0000] {processor.py:153} INFO - Started process (PID=16645) to work on /home/airflow/.local/lib/python3.7/site-packages/airflow/example_dags/example_xcom.py
[2026-10-01T00:10:28.342+0000] {processor.py:743} INFO - Processing file /home/airflow/.local/lib/python3.7/site-packages/airflow/example_dags/example_xcom.py for tasks to queue
[2026-10-01T00:10:28.343+0000] {logging_mixin.py:137} INFO - [2026-10-01T00:10:28.342+0000] {dagbag.py:538} INFO - Filling up the DagBag from /home/airflow/.local/lib/python3.7/site-packages/airflow/example_dags/example_xcom.py
[2026-10-01T00:10:28.378+0000] {processor.py:753} INFO - DAG(s) dict_keys(['example_xcom']) retrieved from /home/airflow/.local/lib/python3.7/site-packages/airflow/example_dags/example_xcom.py
[2026-10-01T00:10:28.432+0000] {logging_mixin.py:137} INFO - [2026-10-01T00:10:28.432+0000] {dag.py:2676} INFO - Sync 1 DAGs
[2026-10-01T00:10:28.467+0000] {logging_mixin.py:137} INFO - [2026-10-01T00:10:28.466+0000] {dag.py:3427} INFO - Setting next_dagrun for example_xcom to 2021-01-01T00:00:00+00:00, run_after=2021-01-01T00:00:00+00:00
[2026-10-01T00:10:28.488+0000] {processor.py:175} INFO - Processing /home/airflow/.local/lib/python3.7/site-packages/airflow/example_dags/example_xcom.py took 0.153 seconds
[2026-10-01T00:10:59.517+0000] {processor.py:153} INFO - Started process (PID=16724) to work on /home/airflow/.local/lib/python3.7/site-packages/airflow/example_dags/example_xcom.py
[2026-10-01T00:10:59.518+0000] {processor.py:743} INFO - Processing file /home/airflow/.local/lib/python3.7/site-packages/airflow/example_dags/example_xcom.py for tasks to queue
[2026-10-01T00:10:59.519+0000] {logging_mixin.py:137} INFO - [2026-10-01T00:10:59.518+0000] {dagbag.py:538} INFO - Filling up the DagBag from /home/airflow/.local/lib/python3.7/site-packages/airflow/example_dags/example_xcom.py
[2026-10-01T00:10:59.550+0000] {processor.py:753} INFO - DAG(s) dict_keys(['example_xcom']) retrieved from /home/airflow/.local/lib/python3.7/site-packages/airflow/example_dags/example_xcom.py
[2026-10-01T00:10:59.602+0000] {logging_mixin.py:137} INFO - [2026-10-01T00:10:59.602+0000] {dag.py:2676} INFO - Sync 1 DAGs
[2026-10-01T00:10:59.644+0000] {logging_mixin.py:137} INFO - [2026-10-01T00:10:59.644+0000] {dag.py:3427} INFO - Setting next_dagrun for example_xcom to 2021-01-01T00:00:00+00:00, run_after=2021-01-01T00:00:00+00:00
[2026-10-01T00:10:59.678+0000] {processor.py:175} INFO - Processing /home/airflow/.local/lib/python3.7/site-packages/airflow/example_dags/example_xcom.py took 0.165 seconds
[2026-10-01T00:11:29.754+0000] {processor.py:153} INFO - Started process (PID=16810) to work on /home/airflow/.local/lib/python3.7/site-packages/airflow/example_dags/example_xcom.py
[2026-10-01T00:11:29.755+0000] {processor.py:743} INFO - Processing file /home/airflow/.local/lib/python3.7/site-packages/airflow/example_dags/example_xcom.py for tasks to queue
[2026-10-01T00:11:29.756+0000] {logging_mixin.py:137} INFO - [2026-10-01T00:11:29.756+0000] {dagbag.py:538} INFO - Filling up the DagBag from /home/airflow/.local/lib/python3.7/site-packages/airflow/example_dags/example_xcom.py
[2026-10-01T00:11:29.791+0000] {processor.py:753} INFO - DAG(s) dict_keys(['example_xcom']) retrieved from /home/airflow/.local/lib/python3.7/site-packages/airflow/example_dags/example_xcom.py
[2026-10-01T00:11:29.857+0000] {logging_mixin.py:137} INFO - [2026-10-01T00:11:29.857+0000] {dag.py:2676} INFO - Sync 1 DAGs
[2026-10-01T00:11:29.897+0000] {logging_mixin.py:137} INFO - [2026-10-01T00:11:29.896+0000] {dag.py:3427} INFO - Setting next_dagrun for example_xcom to 2021-01-01T00:00:00+00:00, run_after=2021-01-01T00:00:00+00:00
[2026-10-01T00:11:29.920+0000] {processor.py:175} INFO - Processing /home/airflow/.local/lib/python3.7/site-packages/airflow/example_dags/example_xcom.py took 0.172 seconds
[2026-10-01T00:12:00.005+0000] {processor.py:153} INFO - Started process (PID=16902) to work on /home/airflow/.local/lib/python3.7/site-packages/airflow/example_dags/example_xcom.py
[2026-10-01T00:12:00.006+0000] {processor.py:743} INFO - Processing file /home/airflow/.local/lib/python3.7/site-packages/airflow/example_dags/example_xcom.py for tasks to queue
[2026-10-01T00:12:00.007+0000] {logging_mixin.py:137} INFO - [2026-10-01T00:12:00.007+0000] {dagbag.py:538} INFO - Filling up the DagBag from /home/airflow/.local/lib/python3.7/site-packages/airflow/example_dags/example_xcom.py
[2026-10-01T00:12:00.046+0000] {processor.py:753} INFO - DAG(s) dict_keys(['example_xcom']) retrieved from /home/airflow/.local/lib/python3.7/site-packages/airflow/example_dags/example_xcom.py
[2026-10-01T00:12:00.099+0000] {logging_mixin.py:137} INFO - [2026-10-01T00:12:00.099+0000] {dag.py:2676} INFO - Sync 1 DAGs
[2026-10-01T00:12:00.138+0000] {logging_mixin.py:137} INFO - [2026-10-01T00:12:00.138+0000] {dag.py:3427} INFO - Setting next_dagrun for example_xcom to 2021-01-01T00:00:00+00:00, run_after=2021-01-01T00:00:00+00:00
[2026-10-01T00:12:00.163+0000] {processor.py:175} INFO - Processing /home/airflow/.local/lib/python3.7/site-packages/airflow/example_dags/example_xcom.py took 0.164 seconds
[2026-10-01T00:12:30.972+0000] {processor.py:153} INFO - Started process (PID=16981) to work on /home/airflow/.local/lib/python3.7/site-packages/airflow/example_dags/example_xcom.py
[2026-10-01T00:12:30.972+0000] {processor.py:743} INFO - Processing file /home/airflow/.local/lib/python3.7/site-packages/airflow/example_dags/example_xcom.py for tasks to queue
[2026-10-01T00:12:30.973+0000] {logging_mixin.py:137} INFO - [2026-10-01T00:12:30.973+0000] {dagbag.py:538} INFO - Filling up the DagBag from /home/airflow/.local/lib/python3.7/site-packages/airflow/example_dags/example_xcom.py
[2026-10-01T00:12:31.003+0000] {processor.py:753} INFO - DAG(s) dict_keys(['example_xcom']) retrieved from /home/airflow/.local/lib/python3.7/site-packages/airflow/example_dags/example_xcom.py
[2026-10-01T00:12:31.052+0000] {logging_mixin.py:137} INFO - [2026-10-01T00:12:31.051+0000] {dag.py:2676} INFO - Sync 1 DAGs
[2026-10-01T00:12:31.082+0000] {logging_mixin.py:137} INFO - [2026-10-01T00:12:31.082+0000] {dag.py:3427} INFO - Setting next_dagrun for example_xcom to 2021-01-01T00:00:00+00:00, run_after=2021-01-01T00:00:00+00:00
[2026-10-01T00:12:31.104+0000] {processor.py:175} INFO - Processing /home/airflow/.local/lib/python3.7/site-packages/airflow/example_dags/example_xcom.py took 0.136 seconds
[2026-10-01T00:13:01.867+0000] {processor.py:153} INFO - Started process (PID=17060) to work on /home/airflow/.local/lib/python3.7/site-packages/airflow/example_dags/example_xcom.py
[2026-10-01T00:13:01.869+0000] {processor.py:743} INFO - Processing file /home/airflow/.local/lib/python3.7/site-packages/airflow/example_dags/example_xcom.py for tasks to queue
[2026-10-01T00:13:01.869+0000] {logging_mixin.py:137} INFO - [2026-10-01T00:13:01.869+0000] {dagbag.py:538} INFO - Filling up the DagBag from /home/airflow/.local/lib/python3.7/site-packages/airflow/example_dags/example_xcom.py
[2026-10-01T00:13:01.902+0000] {processor.py:753} INFO - DAG(s) dict_keys(['example_xcom']) retrieved from /home/airflow/.local/lib/python3.7/site-packages/airflow/example_dags/example_xcom.py
[2026-10-01T00:13:01.962+0000] {logging_mixin.py:137} INFO - [2026-10-01T00:13:01.961+0000] {dag.py:2676} INFO - Sync 1 DAGs
[2026-10-01T00:13:02.009+0000] {logging_mixin.py:137} INFO - [2026-10-01T00:13:02.009+0000] {dag.py:3427} INFO - Setting next_dagrun for example_xcom to 2021-01-01T00:00:00+00:00, run_after=2021-01-01T00:00:00+00:00
[2026-10-01T00:13:02.039+0000] {processor.py:175} INFO - Processing /home/airflow/.local/lib/python3.7/site-packages/airflow/example_dags/example_xcom.py took 0.175 seconds
[2026-10-01T00:13:32.175+0000] {processor.py:153} INFO - Started process (PID=17148) to work on /home/airflow/.local/lib/python3.7/site-packages/airflow/example_dags/example_xcom.py
[2026-10-01T00:13:32.177+0000] {processor.py:743} INFO - Processing file /home/airflow/.local/lib/python3.7/site-packages/airflow/example_dags/example_xcom.py for tasks to queue
[2026-10-01T00:13:32.178+0000] {logging_mixin.py:137} INFO - [2026-10-01T00:13:32.178+0000] {dagbag.py:538} INFO - Filling up the DagBag from /home/airflow/.local/lib/python3.7/site-packages/airflow/example_dags/example_xcom.py
[2026-10-01T00:13:32.229+0000] {processor.py:753} INFO - DAG(s) dict_keys(['example_xcom']) retrieved from /home/airflow/.local/lib/python3.7/site-packages/airflow/example_dags/example_xcom.py
[2026-10-01T00:13:32.292+0000] {logging_mixin.py:137} INFO - [2026-10-01T00:13:32.292+0000] {dag.py:2676} INFO - Sync 1 DAGs
[2026-10-01T00:13:32.333+0000] {logging_mixin.py:137} INFO - [2026-10-01T00:13:32.333+0000] {dag.py:3427} INFO - Setting next_dagrun for example_xcom to 2021-01-01T00:00:00+00:00, run_after=2021-01-01T00:00:00+00:00
[2026-10-01T00:13:32.365+0000] {processor.py:175} INFO - Processing /home/airflow/.local/lib/python3.7/site-packages/airflow/example_dags/example_xcom.py took 0.196 seconds
[2026-10-01T00:14:03.216+0000] {processor.py:153} INFO - Started process (PID=17238) to work on /home/airflow/.local/lib/python3.7/site-packages/airflow/example_dags/example_xcom.py
[2026-10-01T00:14:03.218+0000] {processor.py:743} INFO - Processing file /home/airflow/.local/lib/python3.7/site-packages/airflow/example_dags/example_xcom.py for tasks to queue
[2026-10-01T00:14:03.219+0000] {logging_mixin.py:137} INFO - [2026-10-01T00:14:03.219+0000] {dagbag.py:538} INFO - Filling up the DagBag from /home/airflow/.local/lib/python3.7/site-packages/airflow/example_dags/example_xcom.py
[2026-10-01T00:14:03.263+0000] {processor.py:753} INFO - DAG(s) dict_keys(['example_xcom']) retrieved from /home/airflow/.local/lib/python3.7/site-packages/airflow/example_dags/example_xcom.py
[2026-10-01T00:14:03.323+0000] {logging_mixin.py:137} INFO - [2026-10-01T00:14:03.323+0000] {dag.py:2676} INFO - Sync 1 DAGs
[2026-10-01T00:14:03.361+0000] {logging_mixin.py:137} INFO - [2026-10-01T00:14:03.361+0000] {dag.py:3427} INFO - Setting next_dagrun for example_xcom to 2021-01-01T00:00:00+00:00, run_after=2021-01-01T00:00:00+00:00
[2026-10-01T00:14:03.389+0000] {processor.py:175} INFO - Processing /home/airflow/.local/lib/python3.7/site-packages/airflow/example_dags/example_xcom.py took 0.177 seconds
[2026-10-01T00:14:34.285+0000] {processor.py:153} INFO - Started process (PID=17317) to work on /home/airflow/.local/lib/python3.7/site-packages/airflow/example_dags/example_xcom.py
[2026-10-01T00:14:34.289+0000] {processor.py:743} INFO - Processing file /home/airflow/.local/lib/python3.7/site-packages/airflow/example_dags/example_xcom.py for tasks to queue
[2026-10-01T00:14:34.290+0000] {logging_mixin.py:137} INFO - [2026-10-01T00:14:34.290+0000] {dagbag.py:538} INFO - Filling up the DagBag from /home/airflow/.local/lib/python3.7/site-packages/airflow/example_dags/example_xcom.py
[2026-10-01T00:14:34.324+0000] {processor.py:753} INFO - DAG(s) dict_keys(['example_xcom']) retrieved from /home/airflow/.local/lib/python3.7/site-packages/airflow/example_dags/example_xcom.py
[2026-10-01T00:14:34.391+0000] {logging_mixin.py:137} INFO - [2026-10-01T00:14:34.391+0000] {dag.py:2676} INFO - Sync 1 DAGs
[2026-10-01T00:14:34.441+0000] {logging_mixin.py:137} INFO - [2026-10-01T00:14:34.441+0000] {dag.py:3427} INFO - Setting next_dagrun for example_xcom to 2021-01-01T00:00:00+00:00, run_after=2021-01-01T00:00:00+00:00
[2026-10-01T00:14:34.463+0000] {processor.py:175} INFO - Processing /home/airflow/.local/lib/python3.7/site-packages/airflow/example_dags/example_xcom.py took 0.184 seconds
[2026-10-01T00:15:04.636+0000] {processor.py:153} INFO - Started process (PID=17396) to work on /home/airflow/.local/lib/python3.7/site-packages/airflow/example_dags/example_xcom.py
[2026-10-01T00:15:04.638+0000] {processor.py:743} INFO - Processing file /home/airflow/.local/lib/python3.7/site-packages/airflow/example_dags/example_xcom.py for tasks to queue
[2026-10-01T00:15:04.639+0000] {logging_mixin.py:137} INFO - [2026-10-01T00:15:04.639+0000] {dagbag.py:538} INFO - Filling up the DagBag from /home/airflow/.local/lib/python3.7/site-packages/airflow/example_dags/example_xcom.py
[2026-10-01T00:15:04.690+0000] {processor.py:753} INFO - DAG(s) dict_keys(['example_xcom']) retrieved from /home/airflow/.local/lib/python3.7/site-packages/airflow/example_dags/example_xcom.py
[2026-10-01T00:15:04.766+0000] {logging_mixin.py:137} INFO - [2026-10-01T00:15:04.765+0000] {dag.py:2676} INFO - Sync 1 DAGs
[2026-10-01T00:15:04.804+0000] {logging_mixin.py:137} INFO - [2026-10-01T00:15:04.804+0000] {dag.py:3427} INFO - Setting next_dagrun for example_xcom to 2021-01-01T00:00:00+00:00, run_after=2021-01-01T00:00:00+00:00
[2026-10-01T00:15:04.825+0000] {processor.py:175} INFO - Processing /home/airflow/.local/lib/python3.7/site-packages/airflow/example_dags/example_xcom.py took 0.194 seconds
[2026-10-01T00:15:34.975+0000] {processor.py:153} INFO - Started process (PID=17495) to work on /home/airflow/.local/lib/python3.7/site-packages/airflow/example_dags/example_xcom.py
[2026-10-01T00:15:34.982+0000] {processor.py:743} INFO - Processing file /home/airflow/.local/lib/python3.7/site-packages/airflow/example_dags/example_xcom.py for tasks to queue
[2026-10-01T00:15:34.984+0000] {logging_mixin.py:137} INFO - [2026-10-01T00:15:34.984+0000] {dagbag.py:538} INFO - Filling up the DagBag from /home/airflow/.local/lib/python3.7/site-packages/airflow/example_dags/example_xcom.py
[2026-10-01T00:15:35.050+0000] {processor.py:753} INFO - DAG(s) dict_keys(['example_xcom']) retrieved from /home/airflow/.local/lib/python3.7/site-packages/airflow/example_dags/example_xcom.py
[2026-10-01T00:15:35.111+0000] {logging_mixin.py:137} INFO - [2026-10-01T00:15:35.111+0000] {dag.py:2676} INFO - Sync 1 DAGs
[2026-10-01T00:15:35.146+0000] {logging_mixin.py:137} INFO - [2026-10-01T00:15:35.146+0000] {dag.py:3427} INFO - Setting next_dagrun for example_xcom to 2021-01-01T00:00:00+00:00, run_after=2021-01-01T00:00:00+00:00
[2026-10-01T00:15:35.169+0000] {processor.py:175} INFO - Processing /home/airflow/.local/lib/python3.7/site-packages/airflow/example_dags/example_xcom.py took 0.209 seconds
[2026-10-01T00:16:05.640+0000] {processor.py:153} INFO - Started process (PID=17574) to work on /home/airflow/.local/lib/python3.7/site-packages/airflow/example_dags/example_xcom.py
[2026-10-01T00:16:05.641+0000] {processor.py:743} INFO - Processing file /home/airflow/.local/lib/python3.7/site-packages/airflow/example_dags/example_xcom.py for tasks to queue
[2026-10-01T00:16:05.642+0000] {logging_mixin.py:137} INFO - [2026-10-01T00:16:05.642+0000] {dagbag.py:538} INFO - Filling up the DagBag from /home/airflow/.local/lib/python3.7/site-packages/airflow/example_dags/example_xcom.py
[2026-10-01T00:16:05.684+0000] {processor.py:753} INFO - DAG(s) dict_keys(['example_xcom']) retrieved from /home/airflow/.local/lib/python3.7/site-packages/airflow/example_dags/example_xcom.py
[2026-10-01T00:16:05.738+0000] {logging_mixin.py:137} INFO - [2026-10-01T00:16:05.738+0000] {dag.py:2676} INFO - Sync 1 DAGs
[2026-10-01T00:16:05.769+0000] {logging_mixin.py:137} INFO - [2026-10-01T00:16:05.769+0000] {dag.py:3427} INFO - Setting next_dagrun for example_xcom to 2021-01-01T00:00:00+00:00, run_after=2021-01-01T00:00:00+00:00
[2026-10-01T00:16:05.789+0000] {processor.py:175} INFO - Processing /home/airflow/.local/lib/python3.7/site-packages/airflow/example_dags/example_xcom.py took 0.155 seconds
[2026-10-01T00:16:36.524+0000] {processor.py:153} INFO - Started process (PID=17653) to work on /home/airflow/.local/lib/python3.7/site-packages/airflow/example_dags/example_xcom.py
[2026-10-01T00:16:36.526+0000] {processor.py:743} INFO - Processing file /home/airflow/.local/lib/python3.7/site-packages/airflow/example_dags/example_xcom.py for tasks to queue
[2026-10-01T00:16:36.527+0000] {logging_mixin.py:137} INFO - [2026-10-01T00:16:36.527+0000] {dagbag.py:538} INFO - Filling up the DagBag from /home/airflow/.local/lib/python3.7/site-packages/airflow/example_dags/example_xcom.py
[2026-10-01T00:16:36.578+0000] {processor.py:753} INFO - DAG(s) dict_keys(['example_xcom']) retrieved from /home/airflow/.local/lib/python3.7/site-packages/airflow/example_dags/example_xcom.py
[2026-10-01T00:16:36.648+0000] {logging_mixin.py:137} INFO - [2026-10-01T00:16:36.648+0000] {dag.py:2676} INFO - Sync 1 DAGs
[2026-10-01T00:16:36.683+0000] {logging_mixin.py:137} INFO - [2026-10-01T00:16:36.683+0000] {dag.py:3427} INFO - Setting next_dagrun for example_xcom to 2021-01-01T00:00:00+00:00, run_after=2021-01-01T00:00:00+00:00
[2026-10-01T00:16:36.712+0000] {processor.py:175} INFO - Processing /home/airflow/.local/lib/python3.7/site-packages/airflow/example_dags/example_xcom.py took 0.194 seconds
[2026-10-01T00:17:07.484+0000] {processor.py:153} INFO - Started process (PID=17732) to work on /home/airflow/.local/lib/python3.7/site-packages/airflow/example_dags/example_xcom.py
[2026-10-01T00:17:07.485+0000] {processor.py:743} INFO - Processing file /home/airflow/.local/lib/python3.7/site-packages/airflow/example_dags/example_xcom.py for tasks to queue
[2026-10-01T00:17:07.486+0000] {logging_mixin.py:137} INFO - [2026-10-01T00:17:07.486+0000] {dagbag.py:538} INFO - Filling up the DagBag from /home/airflow/.local/lib/python3.7/site-packages/airflow/example_dags/example_xcom.py
[2026-10-01T00:17:07.526+0000] {processor.py:753} INFO - DAG(s) dict_keys(['example_xcom']) retrieved from /home/airflow/.local/lib/python3.7/site-packages/airflow/example_dags/example_xcom.py
[2026-10-01T00:17:07.578+0000] {logging_mixin.py:137} INFO - [2026-10-01T00:17:07.578+0000] {dag.py:2676} INFO - Sync 1 DAGs
[2026-10-01T00:17:07.614+0000] {logging_mixin.py:137} INFO - [2026-10-01T00:17:07.614+0000] {dag.py:3427} INFO - Setting next_dagrun for example_xcom to 2021-01-01T00:00:00+00:00, run_after=2021-01-01T00:00:00+00:00
[2026-10-01T00:17:07.643+0000] {processor.py:175} INFO - Processing /home/airflow/.local/lib/python3.7/site-packages/airflow/example_dags/example_xcom.py took 0.163 seconds
[2026-10-01T00:17:37.722+0000] {processor.py:153} INFO - Started process (PID=17831) to work on /home/airflow/.local/lib/python3.7/site-packages/airflow/example_dags/example_xcom.py
[2026-10-01T00:17:37.723+0000] {processor.py:743} INFO - Processing file /home/airflow/.local/lib/python3.7/site-packages/airflow/example_dags/example_xcom.py for tasks to queue
[2026-10-01T00:17:37.724+0000] {logging_mixin.py:137} INFO - [2026-10-01T00:17:37.724+0000] {dagbag.py:538} INFO - Filling up the DagBag from /home/airflow/.local/lib/python3.7/site-packages/airflow/example_dags/example_xcom.py
[2026-10-01T00:17:37.760+0000] {processor.py:753} INFO - DAG(s) dict_keys(['example_xcom']) retrieved from /home/airflow/.local/lib/python3.7/site-packages/airflow/example_dags/example_xcom.py
[2026-10-01T00:17:37.811+0000] {logging_mixin.py:137} INFO - [2026-10-01T00:17:37.811+0000] {dag.py:2676} INFO - Sync 1 DAGs
[2026-10-01T00:17:37.846+0000] {logging_mixin.py:137} INFO - [2026-10-01T00:17:37.846+0000] {dag.py:3427} INFO - Setting next_dagrun for example_xcom to 2021-01-01T00:00:00+00:00, run_after=2021-01-01T00:00:00+00:00
[2026-10-01T00:17:37.871+0000] {processor.py:175} INFO - Processing /home/airflow/.local/lib/python3.7/site-packages/airflow/example_dags/example_xcom.py took 0.152 seconds
[2026-10-01T00:18:08.071+0000] {processor.py:153} INFO - Started process (PID=17910) to work on /home/airflow/.local/lib/python3.7/site-packages/airflow/example_dags/example_xcom.py
[2026-10-01T00:18:08.073+0000] {processor.py:743} INFO - Processing file /home/airflow/.local/lib/python3.7/site-packages/airflow/example_dags/example_xcom.py for tasks to queue
[2026-10-01T00:18:08.074+0000] {logging_mixin.py:137} INFO - [2026-10-01T00:18:08.074+0000] {dagbag.py:538} INFO - Filling up the DagBag from /home/airflow/.local/lib/python3.7/site-packages/airflow/example_dags/example_xcom.py
[2026-10-01T00:18:08.108+0000] {processor.py:753} INFO - DAG(s) dict_keys(['example_xcom']) retrieved from /home/airflow/.local/lib/python3.7/site-packages/airflow/example_dags/example_xcom.py
[2026-10-01T00:18:08.161+0000] {logging_mixin.py:137} INFO - [2026-10-01T00:18:08.161+0000] {dag.py:2676} INFO - Sync 1 DAGs
[2026-10-01T00:18:08.193+0000] {logging_mixin.py:137} INFO - [2026-10-01T00:18:08.192+0000] {dag.py:3427} INFO - Setting next_dagrun for example_xcom to 2021-01-01T00:00:00+00:00, run_after=2021-01-01T00:00:00+00:00
[2026-10-01T00:18:08.220+0000] {processor.py:175} INFO - Processing /home/airflow/.local/lib/python3.7/site-packages/airflow/example_dags/example_xcom.py took 0.152 seconds
[2026-10-01T00:18:38.405+0000] {processor.py:153} INFO - Started process (PID=17989) to work on /home/airflow/.local/lib/python3.7/site-packages/airflow/example_dags/example_xcom.py
[2026-10-01T00:18:38.406+0000] {processor.py:743} INFO - Processing file /home/airflow/.local/lib/python3.7/site-packages/airflow/example_dags/example_xcom.py for tasks to queue
[2026-10-01T00:18:38.407+0000] {logging_mixin.py:137} INFO - [2026-10-01T00:18:38.407+0000] {dagbag.py:538} INFO - Filling up the DagBag from /home/airflow/.local/lib/python3.7/site-packages/airflow/example_dags/example_xcom.py
[2026-10-01T00:18:38.456+0000] {processor.py:753} INFO - DAG(s) dict_keys(['example_xcom']) retrieved from /home/airflow/.local/lib/python3.7/site-packages/airflow/example_dags/example_xcom.py
[2026-10-01T00:18:38.533+0000] {logging_mixin.py:137} INFO - [2026-10-01T00:18:38.533+0000] {dag.py:2676} INFO - Sync 1 DAGs
[2026-10-01T00:18:38.581+0000] {logging_mixin.py:137} INFO - [2026-10-01T00:18:38.580+0000] {dag.py:3427} INFO - Setting next_dagrun for example_xcom to 2021-01-01T00:00:00+00:00, run_after=2021-01-01T00:00:00+00:00
[2026-10-01T00:18:38.603+0000] {processor.py:175} INFO - Processing /home/airflow/.local/lib/python3.7/site-packages/airflow/example_dags/example_xcom.py took 0.206 seconds
[2026-10-01T00:19:09.489+0000] {processor.py:153} INFO - Started process (PID=18068) to work on /home/airflow/.local/lib/python3.7/site-packages/airflow/example_dags/example_xcom.py
[2026-10-01T00:19:09.490+0000] {processor.py:743} INFO - Processing file /home/airflow/.local/lib/python3.7/site-packages/airflow/example_dags/example_xcom.py for tasks to queue
[2026-10-01T00:19:09.491+0000] {logging_mixin.py:137} INFO - [2026-10-01T00:19:09.491+0000] {dagbag.py:538} INFO - Filling up the DagBag from /home/airflow/.local/lib/python3.7/site-packages/airflow/example_dags/example_xcom.py
[2026-10-01T00:19:09.529+0000] {processor.py:753} INFO - DAG(s) dict_keys(['example_xcom']) retrieved from /home/airflow/.local/lib/python3.7/site-packages/airflow/example_dags/example_xcom.py
[2026-10-01T00:19:09.583+0000] {logging_mixin.py:137} INFO - [2026-10-01T00:19:09.583+0000] {dag.py:2676} INFO - Sync 1 DAGs
[2026-10-01T00:19:09.621+0000] {logging_mixin.py:137} INFO - [2026-10-01T00:19:09.621+0000] {dag.py:3427} INFO - Setting next_dagrun for example_xcom to 2021-01-01T00:00:00+00:00, run_after=2021-01-01T00:00:00+00:00
[2026-10-01T00:19:09.646+0000] {processor.py:175} INFO - Processing /home/airflow/.local/lib/python3.7/site-packages/airflow/example_dags/example_xcom.py took 0.161 seconds
[2026-10-01T00:19:40.279+0000] {processor.py:153} INFO - Started process (PID=18167) to work on /home/airflow/.local/lib/python3.7/site-packages/airflow/example_dags/example_xcom.py
[2026-10-01T00:19:40.280+0000] {processor.py:743} INFO - Processing file /home/airflow/.local/lib/python3.7/site-packages/airflow/example_dags/example_xcom.py for tasks to queue
[2026-10-01T00:19:40.281+0000] {logging_mixin.py:137} INFO - [2026-10-01T00:19:40.280+0000] {dagbag.py:538} INFO - Filling up the DagBag from /home/airflow/.local/lib/python3.7/site-packages/airflow/example_dags/example_xcom.py
[2026-10-01T00:19:40.322+0000] {processor.py:753} INFO - DAG(s) dict_keys(['example_xcom']) retrieved from /home/airflow/.local/lib/python3.7/site-packages/airflow/example_dags/example_xcom.py
[2026-10-01T00:19:40.376+0000] {logging_mixin.py:137} INFO - [2026-10-01T00:19:40.376+0000] {dag.py:2676} INFO - Sync 1 DAGs
[2026-10-01T00:19:40.427+0000] {logging_mixin.py:137} INFO - [2026-10-01T00:19:40.426+0000] {dag.py:3427} INFO - Setting next_dagrun for example_xcom to 2021-01-01T00:00:00+00:00, run_after=2021-01-01T00:00:00+00:00
[2026-10-01T00:19:40.454+0000] {processor.py:175} INFO - Processing /home/airflow/.local/lib/python3.7/site-packages/airflow/example_dags/example_xcom.py took 0.180 seconds
[2026-10-01T00:20:10.532+0000] {processor.py:153} INFO - Started process (PID=18246) to work on /home/airflow/.local/lib/python3.7/site-packages/airflow/example_dags/example_xcom.py
[2026-10-01T00:20:10.533+0000] {processor.py:743} INFO - Processing file /home/airflow/.local/lib/python3.7/site-packages/airflow/example_dags/example_xcom.py for tasks to queue
[2026-10-01T00:20:10.534+0000] {logging_mixin.py:137} INFO - [2026-10-01T00:20:10.533+0000] {dagbag.py:538} INFO - Filling up the DagBag from /home/airflow/.local/lib/python3.7/site-packages/airflow/example_dags/example_xcom.py
[2026-10-01T00:20:10.577+0000] {processor.py:753} INFO - DAG(s) dict_keys(['example_xcom']) retrieved from /home/airflow/.local/lib/python3.7/site-packages/airflow/example_dags/example_xcom.py
[2026-10-01T00:20:10.638+0000] {logging_mixin.py:137} INFO - [2026-10-01T00:20:10.638+0000] {dag.py:2676} INFO - Sync 1 DAGs
[2026-10-01T00:20:10.687+0000] {logging_mixin.py:137} INFO - [2026-10-01T00:20:10.687+0000] {dag.py:3427} INFO - Setting next_dagrun for example_xcom to 2021-01-01T00:00:00+00:00, run_after=2021-01-01T00:00:00+00:00
[2026-10-01T00:20:10.712+0000] {processor.py:175} INFO - Processing /home/airflow/.local/lib/python3.7/site-packages/airflow/example_dags/example_xcom.py took 0.184 seconds
[2026-10-01T00:20:41.028+0000] {processor.py:153} INFO - Started process (PID=18325) to work on /home/airflow/.local/lib/python3.7/site-packages/airflow/example_dags/example_xcom.py
[2026-10-01T00:20:41.030+0000] {processor.py:743} INFO - Processing file /home/airflow/.local/lib/python3.7/site-packages/airflow/example_dags/example_xcom.py for tasks to queue
[2026-10-01T00:20:41.031+0000] {logging_mixin.py:137} INFO - [2026-10-01T00:20:41.031+0000] {dagbag.py:538} INFO - Filling up the DagBag from /home/airflow/.local/lib/python3.7/site-packages/airflow/example_dags/example_xcom.py
[2026-10-01T00:20:41.073+0000] {processor.py:753} INFO - DAG(s) dict_keys(['example_xcom']) retrieved from /home/airflow/.local/lib/python3.7/site-packages/airflow/example_dags/example_xcom.py
[2026-10-01T00:20:41.142+0000] {logging_mixin.py:137} INFO - [2026-10-01T00:20:41.142+0000] {dag.py:2676} INFO - Sync 1 DAGs
[2026-10-01T00:20:41.190+0000] {logging_mixin.py:137} INFO - [2026-10-01T00:20:41.190+0000] {dag.py:3427} INFO - Setting next_dagrun for example_xcom to 2021-01-01T00:00:00+00:00, run_after=2021-01-01T00:00:00+00:00
[2026-10-01T00:20:41.225+0000] {processor.py:175} INFO - Processing /home/airflow/.local/lib/python3.7/site-packages/airflow/example_dags/example_xcom.py took 0.203 seconds
