[2026-10-01T00:00:18.163+0000] {processor.py:153} INFO - Started process (PID=14970) to work on /home/airflow/.local/lib/python3.7/site-packages/airflow/example_dags/example_short_circuit_operator.py
[2026-10-01T00:00:18.163+0000] {processor.py:743} INFO - Processing file /home/airflow/.local/lib/python3.7/site-packages/airflow/example_dags/example_short_circuit_operator.py for tasks to queue
[2026-10-01T00:00:18.164+0000] {logging_mixin.py:137} INFO - [2026-10-01T00:00:18.164+0000] {dagbag.py:538} INFO - Filling up the DagBag from /home/airflow/.local/lib/python3.7/site-packages/airflow/example_dags/example_short_circuit_operator.py
[2026-10-01T00:00:18.180+0000] {processor.py:753} INFO - DAG(s) dict_keys(['example_short_circuit_operator']) retrieved from /home/airflow/.local/lib/python3.7/site-packages/airflow/example_dags/example_short_circuit_operator.py
[2026-10-01T00:00:18.218+0000] {logging_mixin.py:137} INFO - [2026-10-01T00:00:18.218+0000] {dag.py:2676} INFO - Sync 1 DAGs
[2026-10-01T00:00:18.243+0000] {logging_mixin.py:137} INFO - [2026-10-01T00:00:18.242+0000] {dag.py:3427} INFO - Setting next_dagrun for example_short_circuit_operator to 2026-09-30T00:00:18.242778+00:00, run_after=2026-10-01T00:00:18.242778+00:00
[2026-10-01T00:00:18.261+0000] {processor.py:175} INFO - Processing /home/airflow/.local/lib/python3.7/site-packages/airflow/example_dags/example_short_circuit_operator.py took 0.101 seconds
[2026-10-01T00:00:48.338+0000] {processor.py:153} INFO - Started process (PID=15049) to work on /home/airflow/.local/lib/python3.7/site-packages/airflow/example_dags/example_short_circuit_operator.py
[2026-10-01T00:00:48.339+0000] {processor.py:743} INFO - Processing file /home/airflow/.local/lib/python3.7/site-packages/airflow/example_dags/example_short_circuit_operator.py for tasks to queue
[2026-10-01T00:00:48.340+0000] {logging_mixin.py:137} INFO - [2026-10-01T00:00:48.340+0000] {dagbag.py:538} INFO - Filling up the DagBag from /home/airflow/.local/lib/python3.7/site-packages/airflow/example_dags/example_short_circuit_operator.py
[2026-10-01T00:00:48.362+0000] {processor.py:753} INFO - DAG(s) dict_keys(['example_short_circuit_operator']) retrieved from /home/airflow/.local/lib/python3.7/site-packages/airflow/example_dags/example_short_circuit_operator.py
[2026-10-01T00:00:48.419+0000] {logging_mixin.py:137} INFO - [2026-10-01T00:00:48.419+0000] {dag.py:2676} INFO - Sync 1 DAGs
[2026-10-01T00:00:48.467+0000] {logging_mixin.py:137} INFO - [2026-10-01T00:00:48.466+0000] {dag.py:3427} INFO - Setting next_dagrun for example_short_circuit_operator to 2026-09-30T00:00:48.466497+00:00, run_after=2026-10-01T00:00:48.466497+00:00
[2026-10-01T00:00:48.489+0000] {processor.py:175} INFO - Processing /home/airflow/.local/lib/python3.7/site-packages/airflow/example_dags/example_short_circuit_operator.py took 0.155 seconds
[2026-10-01T00:01:19.164+0000] {processor.py:153} INFO - Started process (PID=15128) to work on /home/airflow/.local/lib/python3.7/site-packages/airflow/example_dags/example_short_circuit_operator.py
[2026-10-01T00:01:19.165+0000] {processor.py:743} INFO - Processing file /home/airflow/.local/lib/python3.7/site-packages/airflow/example_dags/example_short_circuit_operator.py for tasks to queue
[2026-10-01T00:01:19.166+0000] {logging_mixin.py:137} INFO - [2026-10-01T00:01:19.166+0000] {dagbag.py:538} INFO - Filling up the DagBag from /home/airflow/.local/lib/python3.7/site-packages/airflow/example_dags/example_short_circuit_operator.py
[2026-10-01T00:01:19.191+0000] {processor.py:753} INFO - DAG(s) dict_keys(['example_short_circuit_operator']) retrieved from /home/airflow/.local/lib/python3.7/site-packages/airflow/example_dags/example_short_circuit_operator.py
[2026-10-01T00:01:19.246+0000] {logging_mixin.py:137} INFO - [2026-10-01T00:01:19.246+0000] {dag.py:2676} INFO - Sync 1 DAGs
[2026-10-01T00:01:19.278+0000] {logging_mixin.py:137} INFO - [2026-10-01T00:01:19.278+0000] {dag.py:3427} INFO - Setting next_dagrun for example_short_circuit_operator to 2026-09-30T00:01:19.278050+00:00, run_after=2026-10-01T00:01:19.278050+00:00
[2026-10-01T00:01:19.301+0000] {processor.py:175} INFO - Processing /home/airflow/.local/lib/python3.7/site-packages/airflow/example_dags/example_short_circuit_operator.py took 0.142 seconds
[2026-10-01T00:01:50.097+0000] {processor.py:153} INFO - Started process (PID=15227) to work on /home/airflow/.local/lib/python3.7/site-packages/airflow/example_dags/example_short_circuit_operator.py
[2026-10-01T00:01:50.098+0000] {processor.py:743} INFO - Processing file /home/airflow/.local/lib/python3.7/site-packages/airflow/example_dags/example_short_circuit_operator.py for tasks to queue
[2026-10-01T00:01:50.099+0000] {logging_mixin.py:137} INFO - [2026-10-01T00:01:50.099+0000] {dagbag.py:538} INFO - Filling up the DagBag from /home/airflow/.local/lib/python3.7/site-packages/airflow/example_dags/example_short_circuit_operator.py
[2026-10-01T00:01:50.121+0000] {processor.py:753} INFO - DAG(s) dict_keys(['example_short_circuit_operator']) retrieved from /home/airflow/.local/lib/python3.7/site-packages/airflow/example_dags/example_short_circuit_operator.py
[2026-10-01T00:01:50.191+0000] {logging_mixin.py:137} INFO - [2026-10-01T00:01:50.191+0000] {dag.py:2676} INFO - Sync 1 DAGs
[2026-10-01T00:01:50.239+0000] {logging_mixin.py:137} INFO - [2026-10-01T00:01:50.239+0000] {dag.py:3427} INFO - Setting next_dagrun for example_short_circuit_operator to 2026-09-30T00:01:50.239253+00:00, run_after=2026-10-01T00:01:50.239253+00:00
[2026-10-01T00:01:50.261+0000] {processor.py:175} INFO - Processing /home/airflow/.local/lib/python3.7/site-packages/airflow/example_dags/example_short_circuit_operator.py took 0.169 seconds
[2026-10-01T00:02:20.921+0000] {processor.py:153} INFO - Started process (PID=15306) to work on /home/airflow/.local/lib/python3.7/site-packages/airflow/example_dags/example_short_circuit_operator.py
[2026-10-01T00:02:20.922+0000] {processor.py:743} INFO - Processing file /home/airflow/.local/lib/python3.7/site-packages/airflow/example_dags/example_short_circuit_operator.py for tasks to queue
[2026-10-01T00:02:20.923+0000] {logging_mixin.py:137} INFO - [2026-10-01T00:02:20.923+0000] {dagbag.py:538} INFO - Filling up the DagBag from /home/airflow/.local/lib/python3.7/site-packages/airflow/example_dags/example_short_circuit_operator.py
[2026-10-01T00:02:20.945+0000] {processor.py:753} INFO - DAG(s) dict_keys(['example_short_circuit_operator']) retrieved from /home/airflow/.local/lib/python3.7/site-packages/airflow/example_dags/example_short_circuit_operator.py
[2026-10-01T00:02:20.997+0000] {logging_mixin.py:137} INFO - [2026-10-01T00:02:20.997+0000] {dag.py:2676} INFO - Sync 1 DAGs
[2026-10-01T00:02:21.030+0000] {logging_mixin.py:137} INFO - [2026-10-01T00:02:21.030+0000] {dag.py:3427} INFO - Setting next_dagrun for example_short_circuit_operator to 2026-09-30T00:02:21.029904+00:00, run_after=2026-10-01T00:02:21.029904+00:00
[2026-10-01T00:02:21.057+0000] {processor.py:175} INFO - Processing /home/airflow/.local/lib/python3.7/site-packages/airflow/example_dags/example_short_circuit_operator.py took 0.141 seconds
[2026-10-01T00:02:51.205+0000] {processor.py:153} INFO - Started process (PID=15385) to work on /home/airflow/.local/lib/python3.7/site-packages/airflow/example_dags/example_short_circuit_operator.py
[2026-10-01T00:02:51.206+0000] {processor.py:743} INFO - Processing file /home/airflow/.local/lib/python3.7/site-packages/airflow/example_dags/example_short_circuit_operator.py for tasks to queue
[2026-10-01T00:02:51.207+0000] {logging_mixin.py:137} INFO - [2026-10-01T00:02:51.206+0000] {dagbag.py:538} INFO - Filling up the DagBag from /home/airflow/.local/lib/python3.7/site-packages/airflow/example_dags/example_short_circuit_operator.py
[2026-10-01T00:02:51.224+0000] {processor.py:753} INFO - DAG(s) dict_keys(['example_short_circuit_operator']) retrieved from /home/airflow/.local/lib/python3.7/site-packages/airflow/example_dags/example_short_circuit_operator.py
[2026-10-01T00:02:51.264+0000] {logging_mixin.py:137} INFO - [2026-10-01T00:02:51.264+0000] {dag.py:2676} INFO - Sync 1 DAGs
[2026-10-01T00:02:51.291+0000] {logging_mixin.py:137} INFO - [2026-10-01T00:02:51.291+0000] {dag.py:3427} INFO - Setting next_dagrun for example_short_circuit_operator to 2026-09-30T00:02:51.290835+00:00, run_after=2026-10-01T00:02:51.290835+00:00
[2026-10-01T00:02:51.309+0000] {processor.py:175} INFO - Processing /home/airflow/.local/lib/python3.7/site-packages/airflow/example_dags/example_short_circuit_operator.py took 0.107 seconds
[2026-10-01T00:03:21.347+0000] {processor.py:153} INFO - Started process (PID=15463) to work on /home/airflow/.local/lib/python3.7/site-packages/airflow/example_dags/example_short_circuit_operator.py
[2026-10-01T00:03:21.349+0000] {processor.py:743} INFO - Processing file /home/airflow/.local/lib/python3.7/site-packages/airflow/example_dags/example_short_circuit_operator.py for tasks to queue
[2026-10-01T00:03:21.350+0000] {logging_mixin.py:137} INFO - [2026-10-01T00:03:21.350+0000] {dagbag.py:538} INFO - Filling up the DagBag from /home/airflow/.local/lib/python3.7/site-packages/airflow/example_dags/example_short_circuit_operator.py
[2026-10-01T00:03:21.383+0000] {processor.py:753} INFO - DAG(s) dict_keys(['example_short_circuit_operator']) retrieved from /home/airflow/.local/lib/python3.7/site-packages/airflow/example_dags/example_short_circuit_operator.py
[2026-10-01T00:03:21.456+0000] {logging_mixin.py:137} INFO - [2026-10-01T00:03:21.455+0000] {dag.py:2676} INFO - Sync 1 DAGs
[2026-10-01T00:03:21.493+0000] {logging_mixin.py:137} INFO - [2026-10-01T00:03:21.493+0000] {dag.py:3427} INFO - Setting next_dagrun for example_short_circuit_operator to 2026-09-30T00:03:21.493451+00:00, run_after=2026-10-01T00:03:21.493451+00:00
[2026-10-01T00:03:21.518+0000] {processor.py:175} INFO - Processing /home/airflow/.local/lib/python3.7/site-packages/airflow/example_dags/example_short_circuit_operator.py took 0.178 seconds
[2026-10-01T00:03:51.891+0000] {processor.py:153} INFO - Started process (PID=15552) to work on /home/airflow/.local/lib/python3.7/site-packages/airflow/example_dags/example_short_circuit_operator.py
[2026-10-01T00:03:51.891+0000] {processor.py:743} INFO - Processing file /home/airflow/.local/lib/python3.7/site-packages/airflow/example_dags/example_short_circuit_operator.py for tasks to queue
[2026-10-01T00:03:51.892+0000] {logging_mixin.py:137} INFO - [2026-10-01T00:03:51.892+0000] {dagbag.py:538} INFO - Filling up the DagBag from /home/airflow/.local/lib/python3.7/site-packages/airflow/example_dags/example_short_circuit_operator.py
[2026-10-01T00:03:51.920+0000] {processor.py:753} INFO - DAG(s) dict_keys(['example_short_circuit_operator']) retrieved from /home/airflow/.local/lib/python3.7/site-packages/airflow/example_dags/example_short_circuit_operator.py
[2026-10-01T00:03:52.008+0000] {logging_mixin.py:137} INFO - [2026-10-01T00:03:52.008+0000] {dag.py:2676} INFO - Sync 1 DAGs
[2026-10-01T00:03:52.045+0000] {logging_mixin.py:137} INFO - [2026-10-01T00:03:52.045+0000] {dag.py:3427} INFO - Setting next_dagrun for example_short_circuit_operator to 2026-09-30T00:03:52.044834+00:00, run_after=2026-10-01T00:03:52.044834+00:00
[2026-10-01T00:03:52.068+0000] {processor.py:175} INFO - Processing /home/airflow/.local/lib/python3.7/site-packages/airflow/example_dags/example_short_circuit_operator.py took 0.181 seconds
[2026-10-01T00:04:22.139+0000] {processor.py:153} INFO - Started process (PID=15642) to work on /home/airflow/.local/lib/python3.7/site-packages/airflow/example_dags/example_short_circuit_operator.py
[2026-10-01T00:04:22.140+0000] {processor.py:743} INFO - Processing file /home/airflow/.local/lib/python3.7/site-packages/airflow/example_dags/example_short_circuit_operator.py for tasks to queue
[2026-10-01T00:04:22.141+0000] {logging_mixin.py:137} INFO - [2026-10-01T00:04:22.141+0000] {dagbag.py:538} INFO - Filling up the DagBag from /home/airflow/.local/lib/python3.7/site-packages/airflow/example_dags/example_short_circuit_operator.py
[2026-10-01T00:04:22.162+0000] {processor.py:753} INFO - DAG(s) dict_keys(['example_short_circuit_operator']) retrieved from /home/airflow/.local/lib/python3.7/site-packages/airflow/example_dags/example_short_circuit_operator.py
[2026-10-01T00:04:22.212+0000] {logging_mixin.py:137} INFO - [2026-10-01T00:04:22.212+0000] {dag.py:2676} INFO - Sync 1 DAGs
[2026-10-01T00:04:22.249+0000] {logging_mixin.py:137} INFO - [2026-10-01T00:04:22.249+0000] {dag.py:3427} INFO - Setting next_dagrun for example_short_circuit_operator to 2026-09-30T00:04:22.249282+00:00, run_after=2026-10-01T00:04:22.249282+00:00
[2026-10-01T00:04:22.272+0000] {processor.py:175} INFO - Processing /home/airflow/.local/lib/python3.7/site-packages/airflow/example_dags/example_short_circuit_operator.py took 0.138 seconds
[2026-10-01T00:04:53.184+0000] {processor.py:153} INFO - Started process (PID=15721) to work on /home/airflow/.local/lib/python3.7/site-packages/airflow/example_dags/example_short_circuit_operator.py
[2026-10-01T00:04:53.185+0000] {processor.py:743} INFO - Processing file /home/airflow/.local/lib/python3.7/site-packages/airflow/example_dags/example_short_circuit_operator.py for tasks to queue
[2026-10-01T00:04:53.186+0000] {logging_mixin.py:137} INFO - [2026-10-01T00:04:53.186+0000] {dagbag.py:538} INFO - Filling up the DagBag from /home/airflow/.local/lib/python3.7/site-packages/airflow/example_dags/example_short_circuit_operator.py
[2026-10-01T00:04:53.215+0000] {processor.py:753} INFO - DAG(s) dict_keys(['example_short_circuit_operator']) retrieved from /home/airflow/.local/lib/python3.7/site-packages/airflow/example_dags/example_short_circuit_operator.py
[2026-10-01T00:04:53.280+0000] {logging_mixin.py:137} INFO - [2026-10-01T00:04:53.280+0000] {dag.py:2676} INFO - Sync 1 DAGs
[2026-10-01T00:04:53.321+0000] {logging_mixin.py:137} INFO - [2026-10-01T00:04:53.321+0000] {dag.py:3427} INFO - Setting next_dagrun for example_short_circuit_operator to 2026-09-30T00:04:53.321065+00:00, run_after=2026-10-01T00:04:53.321065+00:00
[2026-10-01T00:04:53.343+0000] {processor.py:175} INFO - Processing /home/airflow/.local/lib/python3.7/site-packages/airflow/example_dags/example_short_circuit_operator.py took 0.166 seconds
[2026-10-01T00:05:24.302+0000] {processor.py:153} INFO - Started process (PID=15800) to work on /home/airflow/.local/lib/python3.7/site-packages/airflow/example_dags/example_short_circuit_operator.py
[2026-10-01T00:05:24.303+0000] {processor.py:743} INFO - Processing file /home/airflow/.local/lib/python3.7/site-packages/airflow/example_dags/example_short_circuit_operator.py for tasks to queue
[2026-10-01T00:05:24.303+0000] {logging_mixin.py:137} INFO - [2026-10-01T00:05:24.303+0000] {dagbag.py:538} INFO - Filling up the DagBag from /home/airflow/.local/lib/python3.7/site-packages/airflow/example_dags/example_short_circuit_operator.py
[2026-10-01T00:05:24.324+0000] {processor.py:753} INFO - DAG(s) dict_keys(['example_short_circuit_operator']) retrieved from /home/airflow/.local/lib/python3.7/site-packages/airflow/example_dags/example_short_circuit_operator.py
[2026-10-01T00:05:24.384+0000] {logging_mixin.py:137} INFO - [2026-10-01T00:05:24.384+0000] {dag.py:2676} INFO - Sync 1 DAGs
[2026-10-01T00:05:24.420+0000] {logging_mixin.py:137} INFO - [2026-10-01T00:05:24.420+0000] {dag.py:3427} INFO - Setting next_dagrun for example_short_circuit_operator to 2026-09-30T00:05:24.420381+00:00, run_after=2026-10-01T00:05:24.420381+00:00
[2026-10-01T00:05:24.449+0000] {processor.py:175} INFO - Processing /home/airflow/.local/lib/python3.7/site-packages/airflow/example_dags/example_short_circuit_operator.py took 0.152 seconds
[2026-10-01T00:05:54.800+0000] {processor.py:153} INFO - Started process (PID=15899) to work on /home/airflow/.local/lib/python3.7/site-packages/airflow/example_dags/example_short_circuit_operator.py
[2026-10-01T00:05:54.800+0000] {processor.py:743} INFO - Processing file /home/airflow/.local/lib/python3.7/site-packages/airflow/example_dags/example_short_circuit_operator.py for tasks to queue
[2026-10-01T00:05:54.801+0000] {logging_mixin.py:137} INFO - [2026-10-01T00:05:54.801+0000] {dagbag.py:538} INFO - Filling up the DagBag from /home/airflow/.local/lib/python3.7/site-packages/airflow/example_dags/example_short_circuit_operator.py
[2026-10-01T00:05:54.826+0000] {processor.py:753} INFO - DAG(s) dict_keys(['example_short_circuit_operator']) retrieved from /home/airflow/.local/lib/python3.7/site-packages/airflow/example_dags/example_short_circuit_operator.py
[2026-10-01T00:05:54.899+0000] {logging_mixin.py:137} INFO - [2026-10-01T00:05:54.899+0000] {dag.py:2676} INFO - Sync 1 DAGs
[2026-10-01T00:05:54.932+0000] {logging_mixin.py:137} INFO - [2026-10-01T00:05:54.931+0000] {dag.py:3427} INFO - Setting next_dagrun for example_short_circuit_operator to 2026-09-30T00:05:54.931540+00:00, run_after=2026-10-01T00:05:54.931540+00:00
[2026-10-01T00:05:54.957+0000] {processor.py:175} INFO - Processing /home/airflow/.local/lib/python3.7/site-packages/airflow/example_dags/example_short_circuit_operator.py took 0.161 seconds
[2026-10-01T00:06:25.794+0000] {processor.py:153} INFO - Started process (PID=15978) to work on /home/airflow/.local/lib/python3.7/site-packages/airflow/example_dags/example_short_circuit_operator.py
[2026-10-01T00:06:25.795+0000] {processor.py:743} INFO - Processing file /home/airflow/.local/lib/python3.7/site-packages/airflow/example_dags/example_short_circuit_operator.py for tasks to queue
[2026-10-01T00:06:25.795+0000] {logging_mixin.py:137} INFO - [2026-10-01T00:06:25.795+0000] {dagbag.py:538} INFO - Filling up the DagBag from /home/airflow/.local/lib/python3.7/site-packages/airflow/example_dags/example_short_circuit_operator.py
[2026-10-01T00:06:25.817+0000] {processor.py:753} INFO - DAG(s) dict_keys(['example_short_circuit_operator']) retrieved from /home/airflow/.local/lib/python3.7/site-packages/airflow/example_dags/example_short_circuit_operator.py
[2026-10-01T00:06:25.865+0000] {logging_mixin.py:137} INFO - [2026-10-01T00:06:25.864+0000] {dag.py:2676} INFO - Sync 1 DAGs
[2026-10-01T00:06:25.898+0000] {logging_mixin.py:137} INFO - [2026-10-01T00:06:25.898+0000] {dag.py:3427} INFO - Setting next_dagrun for example_short_circuit_operator to 2026-09-30T00:06:25.897609+00:00, run_after=2026-10-01T00:06:25.897609+00:00
[2026-10-01T00:06:25.923+0000] {processor.py:175} INFO - Processing /home/airflow/.local/lib/python3.7/site-packages/airflow/example_dags/example_short_circuit_operator.py took 0.133 seconds
[2026-10-01T00:06:56.334+0000] {processor.py:153} INFO - Started process (PID=16057) to work on /home/airflow/.local/lib/python3.7/site-packages/airflow/example_dags/example_short_circuit_operator.py
[2026-10-01T00:06:56.335+0000] {processor.py:743} INFO - Processing file /home/airflow/.local/lib/python3.7/site-packages/airflow/example_dags/example_short_circuit_operator.py for tasks to queue
[2026-10-01T00:06:56.337+0000] {logging_mixin.py:137} INFO - [2026-10-01T00:06:56.336+0000] {dagbag.py:538} INFO - Filling up the DagBag from /home/airflow/.local/lib/python3.7/site-packages/airflow/example_dags/example_short_circuit_operator.py
[2026-10-01T00:06:56.370+0000] {processor.py:753} INFO - DAG(s) dict_keys(['example_short_circuit_operator']) retrieved from /home/airflow/.local/lib/python3.7/site-packages/airflow/example_dags/example_short_circuit_operator.py
[2026-10-01T00:06:56.446+0000] {logging_mixin.py:137} INFO - [2026-10-01T00:06:56.446+0000] {dag.py:2676} INFO - Sync 1 DAGs
[2026-10-01T00:06:56.488+0000] {logging_mixin.py:137} INFO - [2026-10-01T00:06:56.488+0000] {dag.py:3427} INFO - Setting next_dagrun for example_short_circuit_operator to 2026-09-30T00:06:56.488091+00:00, run_after=2026-10-01T00:06:56.488091+00:00
[2026-10-01T00:06:56.516+0000] {processor.py:175} INFO - Processing /home/airflow/.local/lib/python3.7/site-packages/airflow/example_dags/example_short_circuit_operator.py took 0.188 seconds
[2026-10-01T00:07:26.599+0000] {processor.py:153} INFO - Started process (PID=16145) to work on /home/airflow/.local/lib/python3.7/site-packages/airflow/example_dags/example_short_circuit_operator.py
[2026-10-01T00:07:26.600+0000] {processor.py:743} INFO - Processing file /home/airflow/.local/lib/python3.7/site-packages/airflow/example_dags/example_short_circuit_operator.py for tasks to queue
[2026-10-01T00:07:26.601+0000] {logging_mixin.py:137} INFO - [2026-10-01T00:07:26.600+0000] {dagbag.py:538} INFO - Filling up the DagBag from /home/airflow/.local/lib/python3.7/site-packages/airflow/example_dags/example_short_circuit_operator.py
[2026-10-01T00:07:26.622+0000] {processor.py:753} INFO - DAG(s) dict_keys(['example_short_circuit_operator']) retrieved from /home/airflow/.local/lib/python3.7/site-packages/airflow/example_dags/example_short_circuit_operator.py
[2026-10-01T00:07:26.670+0000] {logging_mixin.py:137} INFO - [2026-10-01T00:07:26.670+0000] {dag.py:2676} INFO - Sync 1 DAGs
[2026-10-01T00:07:26.702+0000] {logging_mixin.py:137} INFO - [2026-10-01T00:07:26.702+0000] {dag.py:3427} INFO - Setting next_dagrun for example_short_circuit_operator to 2026-09-30T00:07:26.702405+00:00, run_after=2026-10-01T00:07:26.702405+00:00
[2026-10-01T00:07:26.729+0000] {processor.py:175} INFO - Processing /home/airflow/.local/lib/python3.7/site-packages/airflow/example_dags/example_short_circuit_operator.py took 0.134 seconds
[2026-10-01T00:07:57.048+0000] {processor.py:153} INFO - Started process (PID=16235) to work on /home/airflow/.local/lib/python3.7/site-packages/airflow/example_dags/example_short_circuit_operator.py
[2026-10-01T00:07:57.049+0000] {processor.py:743} INFO - Processing file /home/airflow/.local/lib/python3.7/site-packages/airflow/example_dags/example_short_circuit_operator.py for tasks to queue
[2026-10-01T00:07:57.049+0000] {logging_mixin.py:137} INFO - [2026-10-01T00:07:57.049+0000] {dagbag.py:538} INFO - Filling up the DagBag from /home/airflow/.local/lib/python3.7/site-packages/airflow/example_dags/example_short_circuit_operator.py
[2026-10-01T00:07:57.075+0000] {processor.py:753} INFO - DAG(s) dict_keys(['example_short_circuit_operator']) retrieved from /home/airflow/.local/lib/python3.7/site-packages/airflow/example_dags/example_short_circuit_operator.py
[2026-10-01T00:07:57.132+0000] {logging_mixin.py:137} INFO - [2026-10-01T00:07:57.132+0000] {dag.py:2676} INFO - Sync 1 DAGs
[2026-10-01T00:07:57.166+0000] {logging_mixin.py:137} INFO - [2026-10-01T00:07:57.165+0000] {dag.py:3427} INFO - Setting next_dagrun for example_short_circuit_operator to 2026-09-30T00:07:57.165478+00:00, run_after=2026-10-01T00:07:57.165478+00:00
[2026-10-01T00:07:57.192+0000] {processor.py:175} INFO - Processing /home/airflow/.local/lib/python3.7/site-packages/airflow/example_dags/example_short_circuit_operator.py took 0.149 seconds
[2026-10-01T00:08:27.571+0000] {processor.py:153} INFO - Started process (PID=16314) to work on /home/airflow/.local/lib/python3.7/site-packages/airflow/example_dags/example_short_circuit_operator.py
[2026-10-01T00:08:27.572+0000] {processor.py:743} INFO - Processing file /home/airflow/.local/lib/python3.7/site-packages/airflow/example_dags/example_short_circuit_operator.py for tasks to queue
[2026-10-01T00:08:27.573+0000] {logging_mixin.py:137} INFO - [2026-10-01T00:08:27.573+0000] {dagbag.py:538} INFO - Filling up the DagBag from /home/airflow/.local/lib/python3.7/site-packages/airflow/example_dags/example_short_circuit_operator.py
[2026-10-01T00:08:27.594+0000] {processor.py:753} INFO - DAG(s) dict_keys(['example_short_circuit_operator']) retrieved from /home/airflow/.local/lib/python3.7/site-packages/airflow/example_dags/example_short_circuit_operator.py
[2026-10-01T00:08:27.642+0000] {logging_mixin.py:137} INFO - [2026-10-01T00:08:27.642+0000] {dag.py:2676} INFO - Sync 1 DAGs
[2026-10-01T00:08:27.673+0000] {logging_mixin.py:137} INFO - [2026-10-01T00:08:27.673+0000] {dag.py:3427} INFO - Setting next_dagrun for example_short_circuit_operator to 2026-09-30T00:08:27.673191+00:00, run_after=2026-10-01T00:08:27.673191+00:00
[2026-10-01T00:08:27.696+0000] {processor.py:175} INFO - Processing /home/airflow/.local/lib/python3.7/site-packages/airflow/example_dags/example_short_circuit_operator.py took 0.129 seconds
[2026-10-01T00:08:57.951+0000] {processor.py:153} INFO - Started process (PID=16393) to work on /home/airflow/.local/lib/python3.7/site-packages/airflow/example_dags/example_short_circuit_operator.py
[2026-10-01T00:08:57.952+0000] {processor.py:743} INFO - Processing file /home/airflow/.local/lib/python3.7/site-packages/airflow/example_dags/example_short_circuit_operator.py for tasks to queue
[2026-10-01T00:08:57.953+0000] {logging_mixin.py:137} INFO - [2026-10-01T00:08:57.953+0000] {dagbag.py:538} INFO - Filling up the DagBag from /home/airflow/.local/lib/python3.7/site-packages/airflow/example_dags/example_short_circuit_operator.py
[2026-10-01T00:08:57.977+0000] {processor.py:753} INFO - DAG(s) dict_keys(['example_short_circuit_operator']) retrieved from /home/airflow/.local/lib/python3.7/site-packages/airflow/example_dags/example_short_circuit_operator.py
[2026-10-01T00:08:58.037+0000] {logging_mixin.py:137} INFO - [2026-10-01T00:08:58.037+0000] {dag.py:2676} INFO - Sync 1 DAGs
[2026-10-01T00:08:58.077+0000] {logging_mixin.py:137} INFO - [2026-10-01T00:08:58.076+0000] {dag.py:3427} INFO - Setting next_dagrun for example_short_circuit_operator to 2026-09-30T00:08:58.076642+00:00, run_after=2026-10-01T00:08:58.076642+00:00
[2026-10-01T00:08:58.099+0000] {processor.py:175} INFO - Processing /home/airflow/.local/lib/python3.7/site-packages/airflow/example_dags/example_short_circuit_operator.py took 0.152 seconds
[2026-10-01T00:09:28.167+0000] {processor.py:153} INFO - Started process (PID=16480) to work on /home/airflow/.local/lib/python3.7/site-packages/airflow/example_dags/example_short_circuit_operator.py
[2026-10-01T00:09:28.168+0000] {processor.py:743} INFO - Processing file /home/airflow/.local/lib/python3.7/site-packages/airflow/example_dags/example_short_circuit_operator.py for tasks to queue
[2026-10-01T00:09:28.169+0000] {logging_mixin.py:137} INFO - [2026-10-01T00:09:28.168+0000] {dagbag.py:538} INFO - Filling up the DagBag from /home/airflow/.local/lib/python3.7/site-packages/airflow/example_dags/example_short_circuit_operator.py
[2026-10-01T00:09:28.192+0000] {processor.py:753} INFO - DAG(s) dict_keys(['example_short_circuit_operator']) retrieved from /home/airflow/.local/lib/python3.7/site-packages/airflow/example_dags/example_short_circuit_operator.py
[2026-10-01T00:09:28.242+0000] {logging_mixin.py:137} INFO - [2026-10-01T00:09:28.242+0000] {dag.py:2676} INFO - Sync 1 DAGs
[2026-10-01T00:09:28.278+0000] {logging_mixin.py:137} INFO - [2026-10-01T00:09:28.277+0000] {dag.py:3427} INFO - Setting next_dagrun for example_short_circuit_operator to 2026-09-30T00:09:28.277527+00:00, run_after=2026-10-01T00:09:28.277527+00:00
[2026-10-01T00:09:28.305+0000] {processor.py:175} INFO - Processing /home/airflow/.local/lib/python3.7/site-packages/airflow/example_dags/example_short_circuit_operator.py took 0.142 seconds
[2026-10-01T00:09:58.560+0000] {processor.py:153} INFO - Started process (PID=16571) to work on /home/airflow/.local/lib/python3.7/site-packages/airflow/example_dags/example_short_circuit_operator.py
[2026-10-01T00:09:58.561+0000] {processor.py:743} INFO - Processing file /home/airflow/.local/lib/python3.7/site-packages/airflow/example_dags/example_short_circuit_operator.py for tasks to queue
[2026-10-01T00:09:58.562+0000] {logging_mixin.py:137} INFO - [2026-10-01T00:09:58.561+0000] {dagbag.py:538} INFO - Filling up the DagBag from /home/airflow/.local/lib/python3.7/site-packages/airflow/example_dags/example_short_circuit_operator.py
[2026-10-01T00:09:58.584+0000] {processor.py:753} INFO - DAG(s) dict_keys(['example_short_circuit_operator']) retrieved from /home/airflow/.local/lib/python3.7/site-packages/airflow/example_dags/example_short_circuit_operator.py
[2026-10-01T00:09:58.632+0000] {logging_mixin.py:137} INFO - [2026-10-01T00:09:58.632+0000] {dag.py:2676} INFO - Sync 1 DAGs
[2026-10-01T00:09:58.668+0000] {logging_mixin.py:137} INFO - [2026-10-01T00:09:58.668+0000] {dag.py:3427} INFO - Setting next_dagrun for example_short_circuit_operator to 2026-09-30T00:09:58.668007+00:00, run_after=2026-10-01T00:09:58.668007+00:00
[2026-10-01T00:09:58.699+0000] {processor.py:175} INFO - Processing /home/airflow/.local/lib/python3.7/site-packages/airflow/example_dags/example_short_circuit_operator.py took 0.143 seconds
[2026-10-01T00:10:28.881+0000] {processor.py:153} INFO - Started process (PID=16650) to work on /home/airflow/.local/lib/python3.7/site-packages/airflow/example_dags/example_short_circuit_operator.py
[2026-10-01T00:10:28.882+0000] {processor.py:743} INFO - Processing file /home/airflow/.local/lib/python3.7/site-packages/airflow/example_dags/example_short_circuit_operator.py for tasks to queue
[2026-10-01T00:10:28.883+0000] {logging_mixin.py:137} INFO - [2026-10-01T00:10:28.883+0000] {dagbag.py:538} INFO - Filling up the DagBag from /home/airflow/.local/lib/python3.7/site-packages/airflow/example_dags/example_short_circuit_operator.py
[2026-10-01T00:10:28.904+0000] {processor.py:753} INFO - DAG(s) dict_keys(['example_short_circuit_operator']) retrieved from /home/airflow/.local/lib/python3.7/site-packages/airflow/example_dags/example_short_circuit_operator.py
[2026-10-01T00:10:28.950+0000] {logging_mixin.py:137} INFO - [2026-10-01T00:10:28.949+0000] {dag.py:2676} INFO - Sync 1 DAGs
[2026-10-01T00:10:28.978+0000] {logging_mixin.py:137} INFO - [2026-10-01T00:10:28.978+0000] {dag.py:3427} INFO - Setting next_dagrun for example_short_circuit_operator to 2026-09-30T00:10:28.978125+00:00, run_after=2026-10-01T00:10:28.978125+00:00
[2026-10-01T00:10:28.997+0000] {processor.py:175} INFO - Processing /home/airflow/.local/lib/python3.7/site-packages/airflow/example_dags/example_short_circuit_operator.py took 0.120 seconds
[2026-10-01T00:11:00.148+0000] {processor.py:153} INFO - Started process (PID=16729) to work on /home/airflow/.local/lib/python3.7/site-packages/airflow/example_dags/example_short_circuit_operator.py
[2026-10-01T00:11:00.149+0000] {processor.py:743} INFO - Processing file /home/airflow/.local/lib/python3.7/site-packages/airflow/example_dags/example_short_circuit_operator.py for tasks to queue
[2026-10-01T00:11:00.149+0000] {logging_mixin.py:137} INFO - [2026-10-01T00:11:00.149+0000] {dagbag.py:538} INFO - Filling up the DagBag from /home/airflow/.local/lib/python3.7/site-packages/airflow/example_dags/example_short_circuit_operator.py
[2026-10-01T00:11:00.171+0000] {processor.py:753} INFO - DAG(s) dict_keys(['example_short_circuit_operator']) retrieved from /home/airflow/.local/lib/python3.7/site-packages/airflow/example_dags/example_short_circuit_operator.py
[2026-10-01T00:11:00.221+0000] {logging_mixin.py:137} INFO - [2026-10-01T00:11:00.220+0000] {dag.py:2676} INFO - Sync 1 DAGs
[2026-10-01T00:11:00.257+0000] {logging_mixin.py:137} INFO - [2026-10-01T00:11:00.256+0000] {dag.py:3427} INFO - Setting next_dagrun for example_short_circuit_operator to 2026-09-30T00:11:00.256545+00:00, run_after=2026-10-01T00:11:00.256545+00:00
[2026-10-01T00:11:00.279+0000] {processor.py:175} INFO - Processing /home/airflow/.local/lib/python3.7/site-packages/airflow/example_dags/example_short_circuit_operator.py took 0.135 seconds
[2026-10-01T00:11:30.400+0000] {processor.py:153} INFO - Started process (PID=16817) to work on /home/airflow/.local/lib/python3.7/site-packages/airflow/example_dags/example_short_circuit_operator.py
[2026-10-01T00:11:30.401+0000] {processor.py:743} INFO - Processing file /home/airflow/.local/lib/python3.7/site-packages/airflow/example_dags/example_short_circuit_operator.py for tasks to queue
[2026-10-01T00:11:30.401+0000] {logging_mixin.py:137} INFO - [2026-10-01T00:11:30.401+0000] {dagbag.py:538} INFO - Filling up the DagBag from /home/airflow/.local/lib/python3.7/site-packages/airflow/example_dags/example_short_circuit_operator.py
[2026-10-01T00:11:30.424+0000] {processor.py:753} INFO - DAG(s) dict_keys(['example_short_circuit_operator']) retrieved from /home/airflow/.local/lib/python3.7/site-packages/airflow/example_dags/example_short_circuit_operator.py
[2026-10-01T00:11:30.472+0000] {logging_mixin.py:137} INFO - [2026-10-01T00:11:30.472+0000] {dag.py:2676} INFO - Sync 1 DAGs
[2026-10-01T00:11:30.530+0000] {logging_mixin.py:137} INFO - [2026-10-01T00:11:30.530+0000] {dag.py:3427} INFO - Setting next_dagrun for example_short_circuit_operator to 2026-09-30T00:11:30.529878+00:00, run_after=2026-10-01T00:11:30.529878+00:00
[2026-10-01T00:11:30.568+0000] {processor.py:175} INFO - Processing /home/airflow/.local/lib/python3.7/site-packages/airflow/example_dags/example_short_circuit_operator.py took 0.173 seconds
[2026-10-01T00:12:01.378+0000] {processor.py:153} INFO - Started process (PID=16907) to work on /home/airflow/.local/lib/python3.7/site-packages/airflow/example_dags/example_short_circuit_operator.py
[2026-10-01T00:12:01.379+0000] {processor.py:743} INFO - Processing file /home/airflow/.local/lib/python3.7/site-packages/airflow/example_dags/example_short_circuit_operator.py for tasks to queue
[2026-10-01T00:12:01.379+0000] {logging_mixin.py:137} INFO - [2026-10-01T00:12:01.379+0000] {dagbag.py:538} INFO - Filling up the DagBag from /home/airflow/.local/lib/python3.7/site-packages/airflow/example_dags/example_short_circuit_operator.py
[2026-10-01T00:12:01.402+0000] {processor.py:753} INFO - DAG(s) dict_keys(['example_short_circuit_operator']) retrieved from /home/airflow/.local/lib/python3.7/site-packages/airflow/example_dags/example_short_circuit_operator.py
[2026-10-01T00:12:01.446+0000] {logging_mixin.py:137} INFO - [2026-10-01T00:12:01.446+0000] {dag.py:2676} INFO - Sync 1 DAGs
[2026-10-01T00:12:01.476+0000] {logging_mixin.py:137} INFO - [2026-10-01T00:12:01.476+0000] {dag.py:3427} INFO - Setting next_dagrun for example_short_circuit_operator to 2026-09-30T00:12:01.476273+00:00, run_after=2026-10-01T00:12:01.476273+00:00
[2026-10-01T00:12:01.494+0000] {processor.py:175} INFO - Processing /home/airflow/.local/lib/python3.7/site-packages/airflow/example_dags/example_short_circuit_operator.py took 0.120 seconds
[2026-10-01T00:12:31.679+0000] {processor.py:153} INFO - Started process (PID=16986) to work on /home/airflow/.local/lib/python3.7/site-packages/airflow/example_dags/example_short_circuit_operator.py
[2026-10-01T00:12:31.680+0000] {processor.py:743} INFO - Processing file /home/airflow/.local/lib/python3.7/site-packages/airflow/example_dags/example_short_circuit_operator.py for tasks to queue
[2026-10-01T00:12:31.681+0000] {logging_mixin.py:137} INFO - [2026-10-01T00:12:31.681+0000] {dagbag.py:538} INFO - Filling up the DagBag from /home/airflow/.local/lib/python3.7/site-packages/airflow/example_dags/example_short_circuit_operator.py
[2026-10-01T00:12:31.703+0000] {processor.py:753} INFO - DAG(s) dict_keys(['example_short_circuit_operator']) retrieved from /home/airflow/.local/lib/python3.7/site-packages/airflow/example_dags/example_short_circuit_operator.py
[2026-10-01T00:12:31.756+0000] {logging_mixin.py:137} INFO - [2026-10-01T00:12:31.756+0000] {dag.py:2676} INFO - Sync 1 DAGs
[2026-10-01T00:12:31.787+0000] {logging_mixin.py:137} INFO - [2026-10-01T00:12:31.787+0000] {dag.py:3427} INFO - Setting next_dagrun for example_short_circuit_operator to 2026-09-30T00:12:31.787253+00:00, run_after=2026-10-01T00:12:31.787253+00:00
[2026-10-01T00:12:31.809+0000] {processor.py:175} INFO - Processing /home/airflow/.local/lib/python3.7/site-packages/airflow/example_dags/example_short_circuit_operator.py took 0.135 seconds
[2026-10-01T00:13:02.396+0000] {processor.py:153} INFO - Started process (PID=17065) to work on /home/airflow/.local/lib/python3.7/site-packages/airflow/example_dags/example_short_circuit_operator.py
[2026-10-01T00:13:02.397+0000] {processor.py:743} INFO - Processing file /home/airflow/.local/lib/python3.7/site-packages/airflow/example_dags/example_short_circuit_operator.py for tasks to queue
[2026-10-01T00:13:02.399+0000] {logging_mixin.py:137} INFO - [2026-10-01T00:13:02.398+0000] {dagbag.py:538} INFO - Filling up the DagBag from /home/airflow/.local/lib/python3.7/site-packages/airflow/example_dags/example_short_circuit_operator.py
[2026-10-01T00:13:02.434+0000] {processor.py:753} INFO - DAG(s) dict_keys(['example_short_circuit_operator']) retrieved from /home/airflow/.local/lib/python3.7/site-packages/airflow/example_dags/example_short_circuit_operator.py
[2026-10-01T00:13:02.488+0000] {logging_mixin.py:137} INFO - [2026-10-01T00:13:02.488+0000] {dag.py:2676} INFO - Sync 1 DAGs
[2026-10-01T00:13:02.538+0000] {logging_mixin.py:137} INFO - [2026-10-01T00:13:02.538+0000] {dag.py:3427} INFO - Setting next_dagrun for example_short_circuit_operator to 2026-09-30T00:13:02.537623+00:00, run_after=2026-10-01T00:13:02.537623+00:00
[2026-10-01T00:13:02.573+0000] {processor.py:175} INFO - Processing /home/airflow/.local/lib/python3.7/site-packages/airflow/example_dags/example_short_circuit_operator.py took 0.183 seconds
[2026-10-01T00:13:32.784+0000] {processor.py:153} INFO - Started process (PID=17153) to work on /home/airflow/.local/lib/python3.7/site-packages/airflow/example_dags/example_short_circuit_operator.py
[2026-10-01T00:13:32.785+0000] {processor.py:743} INFO - Processing file /home/airflow/.local/lib/python3.7/site-packages/airflow/example_dags/example_short_circuit_operator.py for tasks to queue
[2026-10-01T00:13:32.785+0000] {logging_mixin.py:137} INFO - [2026-10-01T00:13:32.785+0000] {dagbag.py:538} INFO - Filling up the DagBag from /home/airflow/.local/lib/python3.7/site-packages/airflow/example_dags/example_short_circuit_operator.py
[2026-10-01T00:13:32.809+0000] {processor.py:753} INFO - DAG(s) dict_keys(['example_short_circuit_operator']) retrieved from /home/airflow/.local/lib/python3.7/site-packages/airflow/example_dags/example_short_circuit_operator.py
[2026-10-01T00:13:32.881+0000] {logging_mixin.py:137} INFO - [2026-10-01T00:13:32.881+0000] {dag.py:2676} INFO - Sync 1 DAGs
[2026-10-01T00:13:32.913+0000] {logging_mixin.py:137} INFO - [2026-10-01T00:13:32.912+0000] {dag.py:3427} INFO - Setting next_dagrun for example_short_circuit_operator to 2026-09-30T00:13:32.912649+00:00, run_after=2026-10-01T00:13:32.912649+00:00
[2026-10-01T00:13:32.936+0000] {processor.py:175} INFO - Processing /home/airflow/.local/lib/python3.7/site-packages/airflow/example_dags/example_short_circuit_operator.py took 0.157 seconds
[2026-10-01T00:14:03.641+0000] {processor.py:153} INFO - Started process (PID=17243) to work on /home/airflow/.local/lib/python3.7/site-packages/airflow/example_dags/example_short_circuit_operator.py
[2026-10-01T00:14:03.643+0000] {processor.py:743} INFO - Processing file /home/airflow/.local/lib/python3.7/site-packages/airflow/example_dags/example_short_circuit_operator.py for tasks to queue
[2026-10-01T00:14:03.644+0000] {logging_mixin.py:137} INFO - [2026-10-01T00:14:03.644+0000] {dagbag.py:538} INFO - Filling up the DagBag from /home/airflow/.local/lib/python3.7/site-packages/airflow/example_dags/example_short_circuit_operator.py
[2026-10-01T00:14:03.668+0000] {processor.py:753} INFO - DAG(s) dict_keys(['example_short_circuit_operator']) retrieved from /home/airflow/.local/lib/python3.7/site-packages/airflow/example_dags/example_short_circuit_operator.py
[2026-10-01T00:14:03.720+0000] {logging_mixin.py:137} INFO - [2026-10-01T00:14:03.720+0000] {dag.py:2676} INFO - Sync 1 DAGs
[2026-10-01T00:14:03.758+0000] {logging_mixin.py:137} INFO - [2026-10-01T00:14:03.758+0000] {dag.py:3427} INFO - Setting next_dagrun for example_short_circuit_operator to 2026-09-30T00:14:03.758023+00:00, run_after=2026-10-01T00:14:03.758023+00:00
[2026-10-01T00:14:03.782+0000] {processor.py:175} INFO - Processing /home/airflow/.local/lib/python3.7/site-packages/airflow/example_dags/example_short_circuit_operator.py took 0.146 seconds
[2026-10-01T00:14:34.881+0000] {processor.py:153} INFO - Started process (PID=17322) to work on /home/airflow/.local/lib/python3.7/site-packages/airflow/example_dags/example_short_circuit_operator.py
[2026-10-01T00:14:34.882+0000] {processor.py:743} INFO - Processing file /home/airflow/.local/lib/python3.7/site-packages/airflow/example_dags/example_short_circuit_operator.py for tasks to queue
[2026-10-01T00:14:34.883+0000] {logging_mixin.py:137} INFO - [2026-10-01T00:14:34.883+0000] {dagbag.py:538} INFO - Filling up the DagBag from /home/airflow/.local/lib/python3.7/site-packages/airflow/example_dags/example_short_circuit_operator.py
[2026-10-01T00:14:34.906+0000] {processor.py:753} INFO - DAG(s) dict_keys(['example_short_circuit_operator']) retrieved from /home/airflow/.local/lib/python3.7/site-packages/airflow/example_dags/example_short_circuit_operator.py
[2026-10-01T00:14:34.962+0000] {logging_mixin.py:137} INFO - [2026-10-01T00:14:34.961+0000] {dag.py:2676} INFO - Sync 1 DAGs
[2026-10-01T00:14:35.001+0000] {logging_mixin.py:137} INFO - [2026-10-01T00:14:35.001+0000] {dag.py:3427} INFO - Setting next_dagrun for example_short_circuit_operator to 2026-09-30T00:14:35.000665+00:00, run_after=2026-10-01T00:14:35.000665+00:00
[2026-10-01T00:14:35.030+0000] {processor.py:175} INFO - Processing /home/airflow/.local/lib/python3.7/site-packages/airflow/example_dags/example_short_circuit_operator.py took 0.154 seconds
[2026-10-01T00:15:05.184+0000] {processor.py:153} INFO - Started process (PID=17401) to work on /home/airflow/.local/lib/python3.7/site-packages/airflow/example_dags/example_short_circuit_operator.py
[2026-10-01T00:15:05.185+0000] {processor.py:743} INFO - Processing file /home/airflow/.local/lib/python3.7/site-packages/airflow/example_dags/example_short_circuit_operator.py for tasks to queue
[2026-10-01T00:15:05.186+0000] {logging_mixin.py:137} INFO - [2026-10-01T00:15:05.185+0000] {dagbag.py:538} INFO - Filling up the DagBag from /home/airflow/.local/lib/python3.7/site-packages/airflow/example_dags/example_short_circuit_operator.py
[2026-10-01T00:15:05.210+0000] {processor.py:753} INFO - DAG(s) dict_keys(['example_short_circuit_operator']) retrieved from /home/airflow/.local/lib/python3.7/site-packages/airflow/example_dags/example_short_circuit_operator.py
[2026-10-01T00:15:05.265+0000] {logging_mixin.py:137} INFO - [2026-10-01T00:15:05.265+0000] {dag.py:2676} INFO - Sync 1 DAGs
[2026-10-01T00:15:05.312+0000] {logging_mixin.py:137} INFO - [2026-10-01T00:15:05.312+0000] {dag.py:3427} INFO - Setting next_dagrun for example_short_circuit_operator to 2026-09-30T00:15:05.311746+00:00, run_after=2026-10-01T00:15:05.311746+00:00
[2026-10-01T00:15:05.347+0000] {processor.py:175} INFO - Processing /home/airflow/.local/lib/python3.7/site-packages/airflow/example_dags/example_short_circuit_operator.py took 0.167 seconds
[2026-10-01T00:15:35.630+0000] {processor.py:153} INFO - Started process (PID=17500) to work on /home/airflow/.local/lib/python3.7/site-packages/airflow/example_dags/example_short_circuit_operator.py
[2026-10-01T00:15:35.631+0000] {processor.py:743} INFO - Processing file /home/airflow/.local/lib/python3.7/site-packages/airflow/example_dags/example_short_circuit_operator.py for tasks to queue
[2026-10-01T00:15:35.632+0000] {logging_mixin.py:137} INFO - [2026-10-01T00:15:35.631+0000] {dagbag.py:538} INFO - Filling up the DagBag from /home/airflow/.local/lib/python3.7/site-packages/airflow/example_dags/example_short_circuit_operator.py
[2026-10-01T00:15:35.655+0000] {processor.py:753} INFO - DAG(s) dict_keys(['example_short_circuit_operator']) retrieved from /home/airflow/.local/lib/python3.7/site-packages/airflow/example_dags/example_short_circuit_operator.py
[2026-10-01T00:15:35.710+0000] {logging_mixin.py:137} INFO - [2026-10-01T00:15:35.710+0000] {dag.py:2676} INFO - Sync 1 DAGs
[2026-10-01T00:15:35.763+0000] {logging_mixin.py:137} INFO - [2026-10-01T00:15:35.763+0000] {dag.py:3427} INFO - Setting next_dagrun for example_short_circuit_operator to 2026-09-30T00:15:35.763424+00:00, run_after=2026-10-01T00:15:35.763424+00:00
[2026-10-01T00:15:35.789+0000] {processor.py:175} INFO - Processing /home/airflow/.local/lib/python3.7/site-packages/airflow/example_dags/example_short_circuit_operator.py took 0.164 seconds
[2026-10-01T00:16:06.032+0000] {processor.py:153} INFO - Started process (PID=17579) to work on /home/airflow/.local/lib/python3.7/site-packages/airflow/example_dags/example_short_circuit_operator.py
[2026-10-01T00:16:06.034+0000] {processor.py:743} INFO - Processing file /home/airflow/.local/lib/python3.7/site-packages/airflow/example_dags/example_short_circuit_operator.py for tasks to queue
[2026-10-01T00:16:06.035+0000] {logging_mixin.py:137} INFO - [2026-10-01T00:16:06.035+0000] {dagbag.py:538} INFO - Filling up the DagBag from /home/airflow/.local/lib/python3.7/site-packages/airflow/example_dags/example_short_circuit_operator.py
[2026-10-01T00:16:06.059+0000] {processor.py:753} INFO - DAG(s) dict_keys(['example_short_circuit_operator']) retrieved from /home/airflow/.local/lib/python3.7/site-packages/airflow/example_dags/example_short_circuit_operator.py
[2026-10-01T00:16:06.106+0000] {logging_mixin.py:137} INFO - [2026-10-01T00:16:06.106+0000] {dag.py:2676} INFO - Sync 1 DAGs
[2026-10-01T00:16:06.139+0000] {logging_mixin.py:137} INFO - [2026-10-01T00:16:06.139+0000] {dag.py:3427} INFO - Setting next_dagrun for example_short_circuit_operator to 2026-09-30T00:16:06.139457+00:00, run_after=2026-10-01T00:16:06.139457+00:00
[2026-10-01T00:16:06.160+0000] {processor.py:175} INFO - Processing /home/airflow/.local/lib/python3.7/site-packages/airflow/example_dags/example_short_circuit_operator.py took 0.132 seconds
[2026-10-01T00:16:36.934+0000] {processor.py:153} INFO - Started process (PID=17658) to work on /home/airflow/.local/lib/python3.7/site-packages/airflow/example_dags/example_short_circuit_operator.py
[2026-10-01T00:16:36.935+0000] {processor.py:743} INFO - Processing file /home/airflow/.local/lib/python3.7/site-packages/airflow/example_dags/example_short_circuit_operator.py for tasks to queue
[2026-10-01T00:16:36.936+0000] {logging_mixin.py:137} INFO - [2026-10-01T00:16:36.936+0000] {dagbag.py:538} INFO - Filling up the DagBag from /home/airflow/.local/lib/python3.7/site-packages/airflow/example_dags/example_short_circuit_operator.py
[2026-10-01T00:16:36.958+0000] {processor.py:753} INFO - DAG(s) dict_keys(['example_short_circuit_operator']) retrieved from /home/airflow/.local/lib/python3.7/site-packages/airflow/example_dags/example_short_circuit_operator.py
[2026-10-01T00:16:37.009+0000] {logging_mixin.py:137} INFO - [2026-10-01T00:16:37.008+0000] {dag.py:2676} INFO - Sync 1 DAGs
[2026-10-01T00:16:37.040+0000] {logging_mixin.py:137} INFO - [2026-10-01T00:16:37.039+0000] {dag.py:3427} INFO - Setting next_dagrun for example_short_circuit_operator to 2026-09-30T00:16:37.039579+00:00, run_after=2026-10-01T00:16:37.039579+00:00
[2026-10-01T00:16:37.060+0000] {processor.py:175} INFO - Processing /home/airflow/.local/lib/python3.7/site-packages/airflow/example_dags/example_short_circuit_operator.py took 0.129 seconds
[2026-10-01T00:17:08.050+0000] {processor.py:153} INFO - Started process (PID=17737) to work on /home/airflow/.local/lib/python3.7/site-packages/airflow/example_dags/example_short_circuit_operator.py
[2026-10-01T00:17:08.051+0000] {processor.py:743} INFO - Processing file /home/airflow/.local/lib/python3.7/site-packages/airflow/example_dags/example_short_circuit_operator.py for tasks to queue
[2026-10-01T00:17:08.052+0000] {logging_mixin.py:137} INFO - [2026-10-01T00:17:08.052+0000] {dagbag.py:538} INFO - Filling up the DagBag from /home/airflow/.local/lib/python3.7/site-packages/airflow/example_dags/example_short_circuit_operator.py
[2026-10-01T00:17:08.078+0000] {processor.py:753} INFO - DAG(s) dict_keys(['example_short_circuit_operator']) retrieved from /home/airflow/.local/lib/python3.7/site-packages/airflow/example_dags/example_short_circuit_operator.py
[2026-10-01T00:17:08.137+0000] {logging_mixin.py:137} INFO - [2026-10-01T00:17:08.137+0000] {dag.py:2676} INFO - Sync 1 DAGs
[2026-10-01T00:17:08.168+0000] {logging_mixin.py:137} INFO - [2026-10-01T00:17:08.168+0000] {dag.py:3427} INFO - Setting next_dagrun for example_short_circuit_operator to 2026-09-30T00:17:08.168455+00:00, run_after=2026-10-01T00:17:08.168455+00:00
[2026-10-01T00:17:08.190+0000] {processor.py:175} INFO - Processing /home/airflow/.local/lib/python3.7/site-packages/airflow/example_dags/example_short_circuit_operator.py took 0.144 seconds
[2026-10-01T00:17:38.470+0000] {processor.py:153} INFO - Started process (PID=17836) to work on /home/airflow/.local/lib/python3.7/site-packages/airflow/example_dags/example_short_circuit_operator.py
[2026-10-01T00:17:38.471+0000] {processor.py:743} INFO - Processing file /home/airflow/.local/lib/python3.7/site-packages/airflow/example_dags/example_short_circuit_operator.py for tasks to queue
[2026-10-01T00:17:38.472+0000] {logging_mixin.py:137} INFO - [2026-10-01T00:17:38.472+0000] {dagbag.py:538} INFO - Filling up the DagBag from /home/airflow/.local/lib/python3.7/site-packages/airflow/example_dags/example_short_circuit_operator.py
[2026-10-01T00:17:38.495+0000] {processor.py:753} INFO - DAG(s) dict_keys(['example_short_circuit_operator']) retrieved from /home/airflow/.local/lib/python3.7/site-packages/airflow/example_dags/example_short_circuit_operator.py
[2026-10-01T00:17:38.548+0000] {logging_mixin.py:137} INFO - [2026-10-01T00:17:38.548+0000] {dag.py:2676} INFO - Sync 1 DAGs
[2026-10-01T00:17:38.585+0000] {logging_mixin.py:137} INFO - [2026-10-01T00:17:38.583+0000] {dag.py:3427} INFO - Setting next_dagrun for example_short_circuit_operator to 2026-09-30T00:17:38.583016+00:00, run_after=2026-10-01T00:17:38.583016+00:00
[2026-10-01T00:17:38.610+0000] {processor.py:175} INFO - Processing /home/airflow/.local/lib/python3.7/site-packages/airflow/example_dags/example_short_circuit_operator.py took 0.146 seconds
[2026-10-01T00:18:08.659+0000] {processor.py:153} INFO - Started process (PID=17915) to work on /home/airflow/.local/lib/python3.7/site-packages/airflow/example_dags/example_short_circuit_operator.py
[2026-10-01T00:18:08.660+0000] {processor.py:743} INFO - Processing file /home/airflow/.local/lib/python3.7/site-packages/airflow/example_dags/example_short_circuit_operator.py for tasks to queue
[2026-10-01T00:18:08.661+0000] {logging_mixin.py:137} INFO - [2026-10-01T00:18:08.661+0000] {dagbag.py:538} INFO - Filling up the DagBag from /home/airflow/.local/lib/python3.7/site-packages/airflow/example_dags/example_short_circuit_operator.py
[2026-10-01T00:18:08.687+0000] {processor.py:753} INFO - DAG(s) dict_keys(['example_short_circuit_operator']) retrieved from /home/airflow/.local/lib/python3.7/site-packages/airflow/example_dags/example_short_circuit_operator.py
[2026-10-01T00:18:08.739+0000] {logging_mixin.py:137} INFO - [2026-10-01T00:18:08.739+0000] {dag.py:2676} INFO - Sync 1 DAGs
[2026-10-01T00:18:08.779+0000] {logging_mixin.py:137} INFO - [2026-10-01T00:18:08.778+0000] {dag.py:3427} INFO - Setting next_dagrun for example_short_circuit_operator to 2026-09-30T00:18:08.778436+00:00, run_after=2026-10-01T00:18:08.778436+00:00
[2026-10-01T00:18:08.813+0000] {processor.py:175} INFO - Processing /home/airflow/.local/lib/python3.7/site-packages/airflow/example_dags/example_short_circuit_operator.py took 0.158 seconds
[2026-10-01T00:18:39.084+0000] {processor.py:153} INFO - Started process (PID=17994) to work on /home/airflow/.local/lib/python3.7/site-packages/airflow/example_dags/example_short_circuit_operator.py
[2026-10-01T00:18:39.086+0000] {processor.py:743} INFO - Processing file /home/airflow/.local/lib/python3.7/site-packages/airflow/example_dags/example_short_circuit_operator.py for tasks to queue
[2026-10-01T00:18:39.087+0000] {logging_mixin.py:137} INFO - [2026-10-01T00:18:39.087+0000] {dagbag.py:538} INFO - Filling up the DagBag from /home/airflow/.local/lib/python3.7/site-packages/airflow/example_dags/example_short_circuit_operator.py
[2026-10-01T00:18:39.122+0000] {processor.py:753} INFO - DAG(s) dict_keys(['example_short_circuit_operator']) retrieved from /home/airflow/.local/lib/python3.7/site-packages/airflow/example_dags/example_short_circuit_operator.py
[2026-10-01T00:18:39.187+0000] {logging_mixin.py:137} INFO - [2026-10-01T00:18:39.187+0000] {dag.py:2676} INFO - Sync 1 DAGs
[2026-10-01T00:18:39.224+0000] {logging_mixin.py:137} INFO - [2026-10-01T00:18:39.224+0000] {dag.py:3427} INFO - Setting next_dagrun for example_short_circuit_operator to 2026-09-30T00:18:39.223797+00:00, run_after=2026-10-01T00:18:39.223797+00:00
[2026-10-01T00:18:39.244+0000] {processor.py:175} INFO - Processing /home/airflow/.local/lib/python3.7/site-packages/airflow/example_dags/example_short_circuit_operator.py took 0.165 seconds
[2026-10-01T00:19:10.299+0000] {processor.py:153} INFO - Started process (PID=18080) to work on /home/airflow/.local/lib/python3.7/site-packages/airflow/example_dags/example_short_circuit_operator.py
[2026-10-01T00:19:10.300+0000] {processor.py:743} INFO - Processing file /home/airflow/.local/lib/python3.7/site-packages/airflow/example_dags/example_short_circuit_operator.py for tasks to queue
[2026-10-01T00:19:10.301+0000] {logging_mixin.py:137} INFO - [2026-10-01T00:19:10.301+0000] {dagbag.py:538} INFO - Filling up the DagBag from /home/airflow/.local/lib/python3.7/site-packages/airflow/example_dags/example_short_circuit_operator.py
[2026-10-01T00:19:10.329+0000] {processor.py:753} INFO - DAG(s) dict_keys(['example_short_circuit_operator']) retrieved from /home/airflow/.local/lib/python3.7/site-packages/airflow/example_dags/example_short_circuit_operator.py
[2026-10-01T00:19:10.395+0000] {logging_mixin.py:137} INFO - [2026-10-01T00:19:10.395+0000] {dag.py:2676} INFO - Sync 1 DAGs
[2026-10-01T00:19:10.430+0000] {logging_mixin.py:137} INFO - [2026-10-01T00:19:10.430+0000] {dag.py:3427} INFO - Setting next_dagrun for example_short_circuit_operator to 2026-09-30T00:19:10.429938+00:00, run_after=2026-10-01T00:19:10.429938+00:00
[2026-10-01T00:19:10.453+0000] {processor.py:175} INFO - Processing /home/airflow/.local/lib/python3.7/site-packages/airflow/example_dags/example_short_circuit_operator.py took 0.159 seconds
[2026-10-01T00:19:40.777+0000] {processor.py:153} INFO - Started process (PID=18172) to work on /home/airflow/.local/lib/python3.7/site-packages/airflow/example_dags/example_short_circuit_operator.py
[2026-10-01T00:19:40.778+0000] {processor.py:743} INFO - Processing file /home/airflow/.local/lib/python3.7/site-packages/airflow/example_dags/example_short_circuit_operator.py for tasks to queue
[2026-10-01T00:19:40.779+0000] {logging_mixin.py:137} INFO - [2026-10-01T00:19:40.779+0000] {dagbag.py:538} INFO - Filling up the DagBag from /home/airflow/.local/lib/python3.7/site-packages/airflow/example_dags/example_short_circuit_operator.py
[2026-10-01T00:19:40.801+0000] {processor.py:753} INFO - DAG(s) dict_keys(['example_short_circuit_operator']) retrieved from /home/airflow/.local/lib/python3.7/site-packages/airflow/example_dags/example_short_circuit_operator.py
[2026-10-01T00:19:40.860+0000] {logging_mixin.py:137} INFO - [2026-10-01T00:19:40.860+0000] {dag.py:2676} INFO - Sync 1 DAGs
[2026-10-01T00:19:40.898+0000] {logging_mixin.py:137} INFO - [2026-10-01T00:19:40.898+0000] {dag.py:3427} INFO - Setting next_dagrun for example_short_circuit_operator to 2026-09-30T00:19:40.897826+00:00, run_after=2026-10-01T00:19:40.897826+00:00
[2026-10-01T00:19:40.922+0000] {processor.py:175} INFO - Processing /home/airflow/.local/lib/python3.7/site-packages/airflow/example_dags/example_short_circuit_operator.py took 0.150 seconds
[2026-10-01T00:20:11.104+0000] {processor.py:153} INFO - Started process (PID=18251) to work on /home/airflow/.local/lib/python3.7/site-packages/airflow/example_dags/example_short_circuit_operator.py
[2026-10-01T00:20:11.105+0000] {processor.py:743} INFO - Processing file /home/airflow/.local/lib/python3.7/site-packages/airflow/example_dags/example_short_circuit_operator.py for tasks to queue
[2026-10-01T00:20:11.106+0000] {logging_mixin.py:137} INFO - [2026-10-01T00:20:11.105+0000] {dagbag.py:538} INFO - Filling up the DagBag from /home/airflow/.local/lib/python3.7/site-packages/airflow/example_dags/example_short_circuit_operator.py
[2026-10-01T00:20:11.130+0000] {processor.py:753} INFO - DAG(s) dict_keys(['example_short_circuit_operator']) retrieved from /home/airflow/.local/lib/python3.7/site-packages/airflow/example_dags/example_short_circuit_operator.py
[2026-10-01T00:20:11.185+0000] {logging_mixin.py:137} INFO - [2026-10-01T00:20:11.185+0000] {dag.py:2676} INFO - Sync 1 DAGs
[2026-10-01T00:20:11.228+0000] {logging_mixin.py:137} INFO - [2026-10-01T00:20:11.227+0000] {dag.py:3427} INFO - Setting next_dagrun for example_short_circuit_operator to 2026-09-30T00:20:11.227505+00:00, run_after=2026-10-01T00:20:11.227505+00:00
[2026-10-01T00:20:11.252+0000] {processor.py:175} INFO - Processing /home/airflow/.local/lib/python3.7/site-packages/airflow/example_dags/example_short_circuit_operator.py took 0.152 seconds
[2026-10-01T00:20:41.688+0000] {processor.py:153} INFO - Started process (PID=18330) to work on /home/airflow/.local/lib/python3.7/site-packages/airflow/example_dags/example_short_circuit_operator.py
[2026-10-01T00:20:41.689+0000] {processor.py:743} INFO - Processing file /home/airflow/.local/lib/python3.7/site-packages/airflow/example_dags/example_short_circuit_operator.py for tasks to queue
[2026-10-01T00:20:41.691+0000] {logging_mixin.py:137} INFO - [2026-10-01T00:20:41.690+0000] {dagbag.py:538} INFO - Filling up the DagBag from /home/airflow/.local/lib/python3.7/site-packages/airflow/example_dags/example_short_circuit_operator.py
[2026-10-01T00:20:41.720+0000] {processor.py:753} INFO - DAG(s) dict_keys(['example_short_circuit_operator']) retrieved from /home/airflow/.local/lib/python3.7/site-packages/airflow/example_dags/example_short_circuit_operator.py
[2026-10-01T00:20:41.775+0000] {logging_mixin.py:137} INFO - [2026-10-01T00:20:41.774+0000] {dag.py:2676} INFO - Sync 1 DAGs
[2026-10-01T00:20:41.810+0000] {logging_mixin.py:137} INFO - [2026-10-01T00:20:41.810+0000] {dag.py:3427} INFO - Setting next_dagrun for example_short_circuit_operator to 2026-09-30T00:20:41.810250+00:00, run_after=2026-10-01T00:20:41.810250+00:00
[2026-10-01T00:20:41.835+0000] {processor.py:175} INFO - Processing /home/airflow/.local/lib/python3.7/site-packages/airflow/example_dags/example_short_circuit_operator.py took 0.152 seconds
