[2026-10-01T00:00:16.297+0000] {processor.py:153} INFO - Started process (PID=14960) to work on /home/airflow/.local/lib/python3.7/site-packages/airflow/example_dags/example_branch_day_of_week_operator.py
[2026-10-01T00:00:16.297+0000] {processor.py:743} INFO - Processing file /home/airflow/.local/lib/python3.7/site-packages/airflow/example_dags/example_branch_day_of_week_operator.py for tasks to queue
[2026-10-01T00:00:16.298+0000] {logging_mixin.py:137} INFO - [2026-10-01T00:00:16.298+0000] {dagbag.py:538} INFO - Filling up the DagBag from /home/airflow/.local/lib/python3.7/site-packages/airflow/example_dags/example_branch_day_of_week_operator.py
[2026-10-01T00:00:16.314+0000] {processor.py:753} INFO - DAG(s) dict_keys(['example_weekday_branch_operator']) retrieved from /home/airflow/.local/lib/python3.7/site-packages/airflow/example_dags/example_branch_day_of_week_operator.py
[2026-10-01T00:00:16.350+0000] {logging_mixin.py:137} INFO - [2026-10-01T00:00:16.349+0000] {dag.py:2676} INFO - Sync 1 DAGs
[2026-10-01T00:00:16.373+0000] {logging_mixin.py:137} INFO - [2026-10-01T00:00:16.373+0000] {dag.py:3427} INFO - Setting next_dagrun for example_weekday_branch_operator to 2026-09-30T00:00:00+00:00, run_after=2026-10-01T00:00:00+00:00
[2026-10-01T00:00:16.390+0000] {processor.py:175} INFO - Processing /home/airflow/.local/lib/python3.7/site-packages/airflow/example_dags/example_branch_day_of_week_operator.py took 0.097 seconds
[2026-10-01T00:00:47.240+0000] {processor.py:153} INFO - Started process (PID=15039) to work on /home/airflow/.local/lib/python3.7/site-packages/airflow/example_dags/example_branch_day_of_week_operator.py
[2026-10-01T00:00:47.241+0000] {processor.py:743} INFO - Processing file /home/airflow/.local/lib/python3.7/site-packages/airflow/example_dags/example_branch_day_of_week_operator.py for tasks to queue
[2026-10-01T00:00:47.242+0000] {logging_mixin.py:137} INFO - [2026-10-01T00:00:47.242+0000] {dagbag.py:538} INFO - Filling up the DagBag from /home/airflow/.local/lib/python3.7/site-packages/airflow/example_dags/example_branch_day_of_week_operator.py
[2026-10-01T00:00:47.267+0000] {processor.py:753} INFO - DAG(s) dict_keys(['example_weekday_branch_operator']) retrieved from /home/airflow/.local/lib/python3.7/site-packages/airflow/example_dags/example_branch_day_of_week_operator.py
[2026-10-01T00:00:47.315+0000] {logging_mixin.py:137} INFO - [2026-10-01T00:00:47.315+0000] {dag.py:2676} INFO - Sync 1 DAGs
[2026-10-01T00:00:47.350+0000] {logging_mixin.py:137} INFO - [2026-10-01T00:00:47.350+0000] {dag.py:3427} INFO - Setting next_dagrun for example_weekday_branch_operator to 2026-09-30T00:00:00+00:00, run_after=2026-10-01T00:00:00+00:00
[2026-10-01T00:00:47.373+0000] {processor.py:175} INFO - Processing /home/airflow/.local/lib/python3.7/site-packages/airflow/example_dags/example_branch_day_of_week_operator.py took 0.136 seconds
[2026-10-01T00:01:18.176+0000] {processor.py:153} INFO - Started process (PID=15118) to work on /home/airflow/.local/lib/python3.7/site-packages/airflow/example_dags/example_branch_day_of_week_operator.py
[2026-10-01T00:01:18.177+0000] {processor.py:743} INFO - Processing file /home/airflow/.local/lib/python3.7/site-packages/airflow/example_dags/example_branch_day_of_week_operator.py for tasks to queue
[2026-10-01T00:01:18.178+0000] {logging_mixin.py:137} INFO - [2026-10-01T00:01:18.178+0000] {dagbag.py:538} INFO - Filling up the DagBag from /home/airflow/.local/lib/python3.7/site-packages/airflow/example_dags/example_branch_day_of_week_operator.py
[2026-10-01T00:01:18.202+0000] {processor.py:753} INFO - DAG(s) dict_keys(['example_weekday_branch_operator']) retrieved from /home/airflow/.local/lib/python3.7/site-packages/airflow/example_dags/example_branch_day_of_week_operator.py
[2026-10-01T00:01:18.254+0000] {logging_mixin.py:137} INFO - [2026-10-01T00:01:18.253+0000] {dag.py:2676} INFO - Sync 1 DAGs
[2026-10-01T00:01:18.290+0000] {logging_mixin.py:137} INFO - [2026-10-01T00:01:18.290+0000] {dag.py:3427} INFO - Setting next_dagrun for example_weekday_branch_operator to 2026-09-30T00:00:00+00:00, run_after=2026-10-01T00:00:00+00:00
[2026-10-01T00:01:18.316+0000] {processor.py:175} INFO - Processing /home/airflow/.local/lib/python3.7/site-packages/airflow/example_dags/example_branch_day_of_week_operator.py took 0.144 seconds
[2026-10-01T00:01:49.071+0000] {processor.py:153} INFO - Started process (PID=15217) to work on /home/airflow/.local/lib/python3.7/site-packages/airflow/example_dags/example_branch_day_of_week_operator.py
[2026-10-01T00:01:49.072+0000] {processor.py:743} INFO - Processing file /home/airflow/.local/lib/python3.7/site-packages/airflow/example_dags/example_branch_day_of_week_operator.py for tasks to queue
[2026-10-01T00:01:49.073+0000] {logging_mixin.py:137} INFO - [2026-10-01T00:01:49.073+0000] {dagbag.py:538} INFO - Filling up the DagBag from /home/airflow/.local/lib/python3.7/site-packages/airflow/example_dags/example_branch_day_of_week_operator.py
[2026-10-01T00:01:49.104+0000] {processor.py:753} INFO - DAG(s) dict_keys(['example_weekday_branch_operator']) retrieved from /home/airflow/.local/lib/python3.7/site-packages/airflow/example_dags/example_branch_day_of_week_operator.py
[2026-10-01T00:01:49.161+0000] {logging_mixin.py:137} INFO - [2026-10-01T00:01:49.161+0000] {dag.py:2676} INFO - Sync 1 DAGs
[2026-10-01T00:01:49.210+0000] {logging_mixin.py:137} INFO - [2026-10-01T00:01:49.210+0000] {dag.py:3427} INFO - Setting next_dagrun for example_weekday_branch_operator to 2026-09-30T00:00:00+00:00, run_after=2026-10-01T00:00:00+00:00
[2026-10-01T00:01:49.233+0000] {processor.py:175} INFO - Processing /home/airflow/.local/lib/python3.7/site-packages/airflow/example_dags/example_branch_day_of_week_operator.py took 0.169 seconds
[2026-10-01T00:02:19.708+0000] {processor.py:153} INFO - Started process (PID=15296) to work on /home/airflow/.local/lib/python3.7/site-packages/airflow/example_dags/example_branch_day_of_week_operator.py
[2026-10-01T00:02:19.709+0000] {processor.py:743} INFO - Processing file /home/airflow/.local/lib/python3.7/site-packages/airflow/example_dags/example_branch_day_of_week_operator.py for tasks to queue
[2026-10-01T00:02:19.710+0000] {logging_mixin.py:137} INFO - [2026-10-01T00:02:19.710+0000] {dagbag.py:538} INFO - Filling up the DagBag from /home/airflow/.local/lib/python3.7/site-packages/airflow/example_dags/example_branch_day_of_week_operator.py
[2026-10-01T00:02:19.730+0000] {processor.py:753} INFO - DAG(s) dict_keys(['example_weekday_branch_operator']) retrieved from /home/airflow/.local/lib/python3.7/site-packages/airflow/example_dags/example_branch_day_of_week_operator.py
[2026-10-01T00:02:19.781+0000] {logging_mixin.py:137} INFO - [2026-10-01T00:02:19.781+0000] {dag.py:2676} INFO - Sync 1 DAGs
[2026-10-01T00:02:19.812+0000] {logging_mixin.py:137} INFO - [2026-10-01T00:02:19.812+0000] {dag.py:3427} INFO - Setting next_dagrun for example_weekday_branch_operator to 2026-09-30T00:00:00+00:00, run_after=2026-10-01T00:00:00+00:00
[2026-10-01T00:02:19.835+0000] {processor.py:175} INFO - Processing /home/airflow/.local/lib/python3.7/site-packages/airflow/example_dags/example_branch_day_of_week_operator.py took 0.131 seconds
[2026-10-01T00:02:50.068+0000] {processor.py:153} INFO - Started process (PID=15375) to work on /home/airflow/.local/lib/python3.7/site-packages/airflow/example_dags/example_branch_day_of_week_operator.py
[2026-10-01T00:02:50.069+0000] {processor.py:743} INFO - Processing file /home/airflow/.local/lib/python3.7/site-packages/airflow/example_dags/example_branch_day_of_week_operator.py for tasks to queue
[2026-10-01T00:02:50.070+0000] {logging_mixin.py:137} INFO - [2026-10-01T00:02:50.070+0000] {dagbag.py:538} INFO - Filling up the DagBag from /home/airflow/.local/lib/python3.7/site-packages/airflow/example_dags/example_branch_day_of_week_operator.py
[2026-10-01T00:02:50.091+0000] {processor.py:753} INFO - DAG(s) dict_keys(['example_weekday_branch_operator']) retrieved from /home/airflow/.local/lib/python3.7/site-packages/airflow/example_dags/example_branch_day_of_week_operator.py
[2026-10-01T00:02:50.143+0000] {logging_mixin.py:137} INFO - [2026-10-01T00:02:50.143+0000] {dag.py:2676} INFO - Sync 1 DAGs
[2026-10-01T00:02:50.180+0000] {logging_mixin.py:137} INFO - [2026-10-01T00:02:50.180+0000] {dag.py:3427} INFO - Setting next_dagrun for example_weekday_branch_operator to 2026-09-30T00:00:00+00:00, run_after=2026-10-01T00:00:00+00:00
[2026-10-01T00:02:50.206+0000] {processor.py:175} INFO - Processing /home/airflow/.local/lib/python3.7/site-packages/airflow/example_dags/example_branch_day_of_week_operator.py took 0.142 seconds
[2026-10-01T00:03:20.474+0000] {processor.py:153} INFO - Started process (PID=15454) to work on /home/airflow/.local/lib/python3.7/site-packages/airflow/example_dags/example_branch_day_of_week_operator.py
[2026-10-01T00:03:20.475+0000] {processor.py:743} INFO - Processing file /home/airflow/.local/lib/python3.7/site-packages/airflow/example_dags/example_branch_day_of_week_operator.py for tasks to queue
[2026-10-01T00:03:20.476+0000] {logging_mixin.py:137} INFO - [2026-10-01T00:03:20.476+0000] {dagbag.py:538} INFO - Filling up the DagBag from /home/airflow/.local/lib/python3.7/site-packages/airflow/example_dags/example_branch_day_of_week_operator.py
[2026-10-01T00:03:20.498+0000] {processor.py:753} INFO - DAG(s) dict_keys(['example_weekday_branch_operator']) retrieved from /home/airflow/.local/lib/python3.7/site-packages/airflow/example_dags/example_branch_day_of_week_operator.py
[2026-10-01T00:03:20.547+0000] {logging_mixin.py:137} INFO - [2026-10-01T00:03:20.547+0000] {dag.py:2676} INFO - Sync 1 DAGs
[2026-10-01T00:03:20.581+0000] {logging_mixin.py:137} INFO - [2026-10-01T00:03:20.581+0000] {dag.py:3427} INFO - Setting next_dagrun for example_weekday_branch_operator to 2026-09-30T00:00:00+00:00, run_after=2026-10-01T00:00:00+00:00
[2026-10-01T00:03:20.608+0000] {processor.py:175} INFO - Processing /home/airflow/.local/lib/python3.7/site-packages/airflow/example_dags/example_branch_day_of_week_operator.py took 0.138 seconds
[2026-10-01T00:03:50.909+0000] {processor.py:153} INFO - Started process (PID=15542) to work on /home/airflow/.local/lib/python3.7/site-packages/airflow/example_dags/example_branch_day_of_week_operator.py
[2026-10-01T00:03:50.911+0000] {processor.py:743} INFO - Processing file /home/airflow/.local/lib/python3.7/site-packages/airflow/example_dags/example_branch_day_of_week_operator.py for tasks to queue
[2026-10-01T00:03:50.912+0000] {logging_mixin.py:137} INFO - [2026-10-01T00:03:50.912+0000] {dagbag.py:538} INFO - Filling up the DagBag from /home/airflow/.local/lib/python3.7/site-packages/airflow/example_dags/example_branch_day_of_week_operator.py
[2026-10-01T00:03:50.941+0000] {processor.py:753} INFO - DAG(s) dict_keys(['example_weekday_branch_operator']) retrieved from /home/airflow/.local/lib/python3.7/site-packages/airflow/example_dags/example_branch_day_of_week_operator.py
[2026-10-01T00:03:51.002+0000] {logging_mixin.py:137} INFO - [2026-10-01T00:03:51.002+0000] {dag.py:2676} INFO - Sync 1 DAGs
[2026-10-01T00:03:51.042+0000] {logging_mixin.py:137} INFO - [2026-10-01T00:03:51.042+0000] {dag.py:3427} INFO - Setting next_dagrun for example_weekday_branch_operator to 2026-09-30T00:00:00+00:00, run_after=2026-10-01T00:00:00+00:00
[2026-10-01T00:03:51.065+0000] {processor.py:175} INFO - Processing /home/airflow/.local/lib/python3.7/site-packages/airflow/example_dags/example_branch_day_of_week_operator.py took 0.161 seconds
[2026-10-01T00:04:21.209+0000] {processor.py:153} INFO - Started process (PID=15632) to work on /home/airflow/.local/lib/python3.7/site-packages/airflow/example_dags/example_branch_day_of_week_operator.py
[2026-10-01T00:04:21.210+0000] {processor.py:743} INFO - Processing file /home/airflow/.local/lib/python3.7/site-packages/airflow/example_dags/example_branch_day_of_week_operator.py for tasks to queue
[2026-10-01T00:04:21.211+0000] {logging_mixin.py:137} INFO - [2026-10-01T00:04:21.211+0000] {dagbag.py:538} INFO - Filling up the DagBag from /home/airflow/.local/lib/python3.7/site-packages/airflow/example_dags/example_branch_day_of_week_operator.py
[2026-10-01T00:04:21.232+0000] {processor.py:753} INFO - DAG(s) dict_keys(['example_weekday_branch_operator']) retrieved from /home/airflow/.local/lib/python3.7/site-packages/airflow/example_dags/example_branch_day_of_week_operator.py
[2026-10-01T00:04:21.284+0000] {logging_mixin.py:137} INFO - [2026-10-01T00:04:21.284+0000] {dag.py:2676} INFO - Sync 1 DAGs
[2026-10-01T00:04:21.321+0000] {logging_mixin.py:137} INFO - [2026-10-01T00:04:21.321+0000] {dag.py:3427} INFO - Setting next_dagrun for example_weekday_branch_operator to 2026-09-30T00:00:00+00:00, run_after=2026-10-01T00:00:00+00:00
[2026-10-01T00:04:21.347+0000] {processor.py:175} INFO - Processing /home/airflow/.local/lib/python3.7/site-packages/airflow/example_dags/example_branch_day_of_week_operator.py took 0.142 seconds
[2026-10-01T00:04:52.149+0000] {processor.py:153} INFO - Started process (PID=15711) to work on /home/airflow/.local/lib/python3.7/site-packages/airflow/example_dags/example_branch_day_of_week_operator.py
[2026-10-01T00:04:52.150+0000] {processor.py:743} INFO - Processing file /home/airflow/.local/lib/python3.7/site-packages/airflow/example_dags/example_branch_day_of_week_operator.py for tasks to queue
[2026-10-01T00:04:52.151+0000] {logging_mixin.py:137} INFO - [2026-10-01T00:04:52.151+0000] {dagbag.py:538} INFO - Filling up the DagBag from /home/airflow/.local/lib/python3.7/site-packages/airflow/example_dags/example_branch_day_of_week_operator.py
[2026-10-01T00:04:52.172+0000] {processor.py:753} INFO - DAG(s) dict_keys(['example_weekday_branch_operator']) retrieved from /home/airflow/.local/lib/python3.7/site-packages/airflow/example_dags/example_branch_day_of_week_operator.py
[2026-10-01T00:04:52.229+0000] {logging_mixin.py:137} INFO - [2026-10-01T00:04:52.228+0000] {dag.py:2676} INFO - Sync 1 DAGs
[2026-10-01T00:04:52.273+0000] {logging_mixin.py:137} INFO - [2026-10-01T00:04:52.273+0000] {dag.py:3427} INFO - Setting next_dagrun for example_weekday_branch_operator to 2026-09-30T00:00:00+00:00, run_after=2026-10-01T00:00:00+00:00
[2026-10-01T00:04:52.306+0000] {processor.py:175} INFO - Processing /home/airflow/.local/lib/python3.7/site-packages/airflow/example_dags/example_branch_day_of_week_operator.py took 0.161 seconds
[2026-10-01T00:05:23.092+0000] {processor.py:153} INFO - Started process (PID=15790) to work on /home/airflow/.local/lib/python3.7/site-packages/airflow/example_dags/example_branch_day_of_week_operator.py
[2026-10-01T00:05:23.093+0000] {processor.py:743} INFO - Processing file /home/airflow/.local/lib/python3.7/site-packages/airflow/example_dags/example_branch_day_of_week_operator.py for tasks to queue
[2026-10-01T00:05:23.094+0000] {logging_mixin.py:137} INFO - [2026-10-01T00:05:23.094+0000] {dagbag.py:538} INFO - Filling up the DagBag from /home/airflow/.local/lib/python3.7/site-packages/airflow/example_dags/example_branch_day_of_week_operator.py
[2026-10-01T00:05:23.115+0000] {processor.py:753} INFO - DAG(s) dict_keys(['example_weekday_branch_operator']) retrieved from /home/airflow/.local/lib/python3.7/site-packages/airflow/example_dags/example_branch_day_of_week_operator.py
[2026-10-01T00:05:23.164+0000] {logging_mixin.py:137} INFO - [2026-10-01T00:05:23.164+0000] {dag.py:2676} INFO - Sync 1 DAGs
[2026-10-01T00:05:23.207+0000] {logging_mixin.py:137} INFO - [2026-10-01T00:05:23.207+0000] {dag.py:3427} INFO - Setting next_dagrun for example_weekday_branch_operator to 2026-09-30T00:00:00+00:00, run_after=2026-10-01T00:00:00+00:00
[2026-10-01T00:05:23.237+0000] {processor.py:175} INFO - Processing /home/airflow/.local/lib/python3.7/site-packages/airflow/example_dags/example_branch_day_of_week_operator.py took 0.149 seconds
[2026-10-01T00:05:53.581+0000] {processor.py:153} INFO - Started process (PID=15889) to work on /home/airflow/.local/lib/python3.7/site-packages/airflow/example_dags/example_branch_day_of_week_operator.py
[2026-10-01T00:05:53.582+0000] {processor.py:743} INFO - Processing file /home/airflow/.local/lib/python3.7/site-packages/airflow/example_dags/example_branch_day_of_week_operator.py for tasks to queue
[2026-10-01T00:05:53.583+0000] {logging_mixin.py:137} INFO - [2026-10-01T00:05:53.583+0000] {dagbag.py:538} INFO - Filling up the DagBag from /home/airflow/.local/lib/python3.7/site-packages/airflow/example_dags/example_branch_day_of_week_operator.py
[2026-10-01T00:05:53.605+0000] {processor.py:753} INFO - DAG(s) dict_keys(['example_weekday_branch_operator']) retrieved from /home/airflow/.local/lib/python3.7/site-packages/airflow/example_dags/example_branch_day_of_week_operator.py
[2026-10-01T00:05:53.668+0000] {logging_mixin.py:137} INFO - [2026-10-01T00:05:53.667+0000] {dag.py:2676} INFO - Sync 1 DAGs
[2026-10-01T00:05:53.703+0000] {logging_mixin.py:137} INFO - [2026-10-01T00:05:53.703+0000] {dag.py:3427} INFO - Setting next_dagrun for example_weekday_branch_operator to 2026-09-30T00:00:00+00:00, run_after=2026-10-01T00:00:00+00:00
[2026-10-01T00:05:53.730+0000] {processor.py:175} INFO - Processing /home/airflow/.local/lib/python3.7/site-packages/airflow/example_dags/example_branch_day_of_week_operator.py took 0.154 seconds
[2026-10-01T00:06:23.838+0000] {processor.py:153} INFO - Started process (PID=15968) to work on /home/airflow/.local/lib/python3.7/site-packages/airflow/example_dags/example_branch_day_of_week_operator.py
[2026-10-01T00:06:23.839+0000] {processor.py:743} INFO - Processing file /home/airflow/.local/lib/python3.7/site-packages/airflow/example_dags/example_branch_day_of_week_operator.py for tasks to queue
[2026-10-01T00:06:23.840+0000] {logging_mixin.py:137} INFO - [2026-10-01T00:06:23.840+0000] {dagbag.py:538} INFO - Filling up the DagBag from /home/airflow/.local/lib/python3.7/site-packages/airflow/example_dags/example_branch_day_of_week_operator.py
[2026-10-01T00:06:23.859+0000] {processor.py:753} INFO - DAG(s) dict_keys(['example_weekday_branch_operator']) retrieved from /home/airflow/.local/lib/python3.7/site-packages/airflow/example_dags/example_branch_day_of_week_operator.py
[2026-10-01T00:06:23.907+0000] {logging_mixin.py:137} INFO - [2026-10-01T00:06:23.907+0000] {dag.py:2676} INFO - Sync 1 DAGs
[2026-10-01T00:06:23.942+0000] {logging_mixin.py:137} INFO - [2026-10-01T00:06:23.942+0000] {dag.py:3427} INFO - Setting next_dagrun for example_weekday_branch_operator to 2026-09-30T00:00:00+00:00, run_after=2026-10-01T00:00:00+00:00
[2026-10-01T00:06:23.966+0000] {processor.py:175} INFO - Processing /home/airflow/.local/lib/python3.7/site-packages/airflow/example_dags/example_branch_day_of_week_operator.py took 0.133 seconds
[2026-10-01T00:06:54.246+0000] {processor.py:153} INFO - Started process (PID=16047) to work on /home/airflow/.local/lib/python3.7/site-packages/airflow/example_dags/example_branch_day_of_week_operator.py
[2026-10-01T00:06:54.247+0000] {processor.py:743} INFO - Processing file /home/airflow/.local/lib/python3.7/site-packages/airflow/example_dags/example_branch_day_of_week_operator.py for tasks to queue
[2026-10-01T00:06:54.248+0000] {logging_mixin.py:137} INFO - [2026-10-01T00:06:54.248+0000] {dagbag.py:538} INFO - Filling up the DagBag from /home/airflow/.local/lib/python3.7/site-packages/airflow/example_dags/example_branch_day_of_week_operator.py
[2026-10-01T00:06:54.268+0000] {processor.py:753} INFO - DAG(s) dict_keys(['example_weekday_branch_operator']) retrieved from /home/airflow/.local/lib/python3.7/site-packages/airflow/example_dags/example_branch_day_of_week_operator.py
[2026-10-01T00:06:54.318+0000] {logging_mixin.py:137} INFO - [2026-10-01T00:06:54.318+0000] {dag.py:2676} INFO - Sync 1 DAGs
[2026-10-01T00:06:54.353+0000] {logging_mixin.py:137} INFO - [2026-10-01T00:06:54.353+0000] {dag.py:3427} INFO - Setting next_dagrun for example_weekday_branch_operator to 2026-09-30T00:00:00+00:00, run_after=2026-10-01T00:00:00+00:00
[2026-10-01T00:06:54.378+0000] {processor.py:175} INFO - Processing /home/airflow/.local/lib/python3.7/site-packages/airflow/example_dags/example_branch_day_of_week_operator.py took 0.136 seconds
[2026-10-01T00:07:24.536+0000] {processor.py:153} INFO - Started process (PID=16126) to work on /home/airflow/.local/lib/python3.7/site-packages/airflow/example_dags/example_branch_day_of_week_operator.py
[2026-10-01T00:07:24.538+0000] {processor.py:743} INFO - Processing file /home/airflow/.local/lib/python3.7/site-packages/airflow/example_dags/example_branch_day_of_week_operator.py for tasks to queue
[2026-10-01T00:07:24.539+0000] {logging_mixin.py:137} INFO - [2026-10-01T00:07:24.539+0000] {dagbag.py:538} INFO - Filling up the DagBag from /home/airflow/.local/lib/python3.7/site-packages/airflow/example_dags/example_branch_day_of_week_operator.py
[2026-10-01T00:07:24.575+0000] {processor.py:753} INFO - DAG(s) dict_keys(['example_weekday_branch_operator']) retrieved from /home/airflow/.local/lib/python3.7/site-packages/airflow/example_dags/example_branch_day_of_week_operator.py
[2026-10-01T00:07:24.637+0000] {logging_mixin.py:137} INFO - [2026-10-01T00:07:24.637+0000] {dag.py:2676} INFO - Sync 1 DAGs
[2026-10-01T00:07:24.672+0000] {logging_mixin.py:137} INFO - [2026-10-01T00:07:24.672+0000] {dag.py:3427} INFO - Setting next_dagrun for example_weekday_branch_operator to 2026-09-30T00:00:00+00:00, run_after=2026-10-01T00:00:00+00:00
[2026-10-01T00:07:24.695+0000] {processor.py:175} INFO - Processing /home/airflow/.local/lib/python3.7/site-packages/airflow/example_dags/example_branch_day_of_week_operator.py took 0.165 seconds
[2026-10-01T00:07:55.241+0000] {processor.py:153} INFO - Started process (PID=16225) to work on /home/airflow/.local/lib/python3.7/site-packages/airflow/example_dags/example_branch_day_of_week_operator.py
[2026-10-01T00:07:55.242+0000] {processor.py:743} INFO - Processing file /home/airflow/.local/lib/python3.7/site-packages/airflow/example_dags/example_branch_day_of_week_operator.py for tasks to queue
[2026-10-01T00:07:55.242+0000] {logging_mixin.py:137} INFO - [2026-10-01T00:07:55.242+0000] {dagbag.py:538} INFO - Filling up the DagBag from /home/airflow/.local/lib/python3.7/site-packages/airflow/example_dags/example_branch_day_of_week_operator.py
[2026-10-01T00:07:55.264+0000] {processor.py:753} INFO - DAG(s) dict_keys(['example_weekday_branch_operator']) retrieved from /home/airflow/.local/lib/python3.7/site-packages/airflow/example_dags/example_branch_day_of_week_operator.py
[2026-10-01T00:07:55.321+0000] {logging_mixin.py:137} INFO - [2026-10-01T00:07:55.320+0000] {dag.py:2676} INFO - Sync 1 DAGs
[2026-10-01T00:07:55.367+0000] {logging_mixin.py:137} INFO - [2026-10-01T00:07:55.367+0000] {dag.py:3427} INFO - Setting next_dagrun for example_weekday_branch_operator to 2026-09-30T00:00:00+00:00, run_after=2026-10-01T00:00:00+00:00
[2026-10-01T00:07:55.398+0000] {processor.py:175} INFO - Processing /home/airflow/.local/lib/python3.7/site-packages/airflow/example_dags/example_branch_day_of_week_operator.py took 0.162 seconds
[2026-10-01T00:08:25.460+0000] {processor.py:153} INFO - Started process (PID=16304) to work on /home/airflow/.local/lib/python3.7/site-packages/airflow/example_dags/example_branch_day_of_week_operator.py
[2026-10-01T00:08:25.462+0000] {processor.py:743} INFO - Processing file /home/airflow/.local/lib/python3.7/site-packages/airflow/example_dags/example_branch_day_of_week_operator.py for tasks to queue
[2026-10-01T00:08:25.463+0000] {logging_mixin.py:137} INFO - [2026-10-01T00:08:25.463+0000] {dagbag.py:538} INFO - Filling up the DagBag from /home/airflow/.local/lib/python3.7/site-packages/airflow/example_dags/example_branch_day_of_week_operator.py
[2026-10-01T00:08:25.485+0000] {processor.py:753} INFO - DAG(s) dict_keys(['example_weekday_branch_operator']) retrieved from /home/airflow/.local/lib/python3.7/site-packages/airflow/example_dags/example_branch_day_of_week_operator.py
[2026-10-01T00:08:25.536+0000] {logging_mixin.py:137} INFO - [2026-10-01T00:08:25.536+0000] {dag.py:2676} INFO - Sync 1 DAGs
[2026-10-01T00:08:25.580+0000] {logging_mixin.py:137} INFO - [2026-10-01T00:08:25.579+0000] {dag.py:3427} INFO - Setting next_dagrun for example_weekday_branch_operator to 2026-09-30T00:00:00+00:00, run_after=2026-10-01T00:00:00+00:00
[2026-10-01T00:08:25.609+0000] {processor.py:175} INFO - Processing /home/airflow/.local/lib/python3.7/site-packages/airflow/example_dags/example_branch_day_of_week_operator.py took 0.156 seconds
[2026-10-01T00:08:55.653+0000] {processor.py:153} INFO - Started process (PID=16383) to work on /home/airflow/.local/lib/python3.7/site-packages/airflow/example_dags/example_branch_day_of_week_operator.py
[2026-10-01T00:08:55.654+0000] {processor.py:743} INFO - Processing file /home/airflow/.local/lib/python3.7/site-packages/airflow/example_dags/example_branch_day_of_week_operator.py for tasks to queue
[2026-10-01T00:08:55.655+0000] {logging_mixin.py:137} INFO - [2026-10-01T00:08:55.655+0000] {dagbag.py:538} INFO - Filling up the DagBag from /home/airflow/.local/lib/python3.7/site-packages/airflow/example_dags/example_branch_day_of_week_operator.py
[2026-10-01T00:08:55.677+0000] {processor.py:753} INFO - DAG(s) dict_keys(['example_weekday_branch_operator']) retrieved from /home/airflow/.local/lib/python3.7/site-packages/airflow/example_dags/example_branch_day_of_week_operator.py
[2026-10-01T00:08:55.727+0000] {logging_mixin.py:137} INFO - [2026-10-01T00:08:55.727+0000] {dag.py:2676} INFO - Sync 1 DAGs
[2026-10-01T00:08:55.759+0000] {logging_mixin.py:137} INFO - [2026-10-01T00:08:55.759+0000] {dag.py:3427} INFO - Setting next_dagrun for example_weekday_branch_operator to 2026-09-30T00:00:00+00:00, run_after=2026-10-01T00:00:00+00:00
[2026-10-01T00:08:55.786+0000] {processor.py:175} INFO - Processing /home/airflow/.local/lib/python3.7/site-packages/airflow/example_dags/example_branch_day_of_week_operator.py took 0.138 seconds
[2026-10-01T00:09:26.321+0000] {processor.py:153} INFO - Started process (PID=16462) to work on /home/airflow/.local/lib/python3.7/site-packages/airflow/example_dags/example_branch_day_of_week_operator.py
[2026-10-01T00:09:26.322+0000] {processor.py:743} INFO - Processing file /home/airflow/.local/lib/python3.7/site-packages/airflow/example_dags/example_branch_day_of_week_operator.py for tasks to queue
[2026-10-01T00:09:26.323+0000] {logging_mixin.py:137} INFO - [2026-10-01T00:09:26.323+0000] {dagbag.py:538} INFO - Filling up the DagBag from /home/airflow/.local/lib/python3.7/site-packages/airflow/example_dags/example_branch_day_of_week_operator.py
[2026-10-01T00:09:26.356+0000] {processor.py:753} INFO - DAG(s) dict_keys(['example_weekday_branch_operator']) retrieved from /home/airflow/.local/lib/python3.7/site-packages/airflow/example_dags/example_branch_day_of_week_operator.py
[2026-10-01T00:09:26.420+0000] {logging_mixin.py:137} INFO - [2026-10-01T00:09:26.420+0000] {dag.py:2676} INFO - Sync 1 DAGs
[2026-10-01T00:09:26.463+0000] {logging_mixin.py:137} INFO - [2026-10-01T00:09:26.462+0000] {dag.py:3427} INFO - Setting next_dagrun for example_weekday_branch_operator to 2026-09-30T00:00:00+00:00, run_after=2026-10-01T00:00:00+00:00
[2026-10-01T00:09:26.488+0000] {processor.py:175} INFO - Processing /home/airflow/.local/lib/python3.7/site-packages/airflow/example_dags/example_branch_day_of_week_operator.py took 0.173 seconds
[2026-10-01T00:09:57.529+0000] {processor.py:153} INFO - Started process (PID=16561) to work on /home/airflow/.local/lib/python3.7/site-packages/airflow/example_dags/example_branch_day_of_week_operator.py
[2026-10-01T00:09:57.531+0000] {processor.py:743} INFO - Processing file /home/airflow/.local/lib/python3.7/site-packages/airflow/example_dags/example_branch_day_of_week_operator.py for tasks to queue
[2026-10-01T00:09:57.532+0000] {logging_mixin.py:137} INFO - [2026-10-01T00:09:57.532+0000] {dagbag.py:538} INFO - Filling up the DagBag from /home/airflow/.local/lib/python3.7/site-packages/airflow/example_dags/example_branch_day_of_week_operator.py
[2026-10-01T00:09:57.564+0000] {processor.py:753} INFO - DAG(s) dict_keys(['example_weekday_branch_operator']) retrieved from /home/airflow/.local/lib/python3.7/site-packages/airflow/example_dags/example_branch_day_of_week_operator.py
[2026-10-01T00:09:57.638+0000] {logging_mixin.py:137} INFO - [2026-10-01T00:09:57.638+0000] {dag.py:2676} INFO - Sync 1 DAGs
[2026-10-01T00:09:57.692+0000] {logging_mixin.py:137} INFO - [2026-10-01T00:09:57.692+0000] {dag.py:3427} INFO - Setting next_dagrun for example_weekday_branch_operator to 2026-09-30T00:00:00+00:00, run_after=2026-10-01T00:00:00+00:00
[2026-10-01T00:09:57.731+0000] {processor.py:175} INFO - Processing /home/airflow/.local/lib/python3.7/site-packages/airflow/example_dags/example_branch_day_of_week_operator.py took 0.208 seconds
[2026-10-01T00:10:27.806+0000] {processor.py:153} INFO - Started process (PID=16640) to work on /home/airflow/.local/lib/python3.7/site-packages/airflow/example_dags/example_branch_day_of_week_operator.py
[2026-10-01T00:10:27.808+0000] {processor.py:743} INFO - Processing file /home/airflow/.local/lib/python3.7/site-packages/airflow/example_dags/example_branch_day_of_week_operator.py for tasks to queue
[2026-10-01T00:10:27.809+0000] {logging_mixin.py:137} INFO - [2026-10-01T00:10:27.809+0000] {dagbag.py:538} INFO - Filling up the DagBag from /home/airflow/.local/lib/python3.7/site-packages/airflow/example_dags/example_branch_day_of_week_operator.py
[2026-10-01T00:10:27.845+0000] {processor.py:753} INFO - DAG(s) dict_keys(['example_weekday_branch_operator']) retrieved from /home/airflow/.local/lib/python3.7/site-packages/airflow/example_dags/example_branch_day_of_week_operator.py
[2026-10-01T00:10:27.902+0000] {logging_mixin.py:137} INFO - [2026-10-01T00:10:27.902+0000] {dag.py:2676} INFO - Sync 1 DAGs
[2026-10-01T00:10:27.939+0000] {logging_mixin.py:137} INFO - [2026-10-01T00:10:27.938+0000] {dag.py:3427} INFO - Setting next_dagrun for example_weekday_branch_operator to 2026-09-30T00:00:00+00:00, run_after=2026-10-01T00:00:00+00:00
[2026-10-01T00:10:27.963+0000] {processor.py:175} INFO - Processing /home/airflow/.local/lib/python3.7/site-packages/airflow/example_dags/example_branch_day_of_week_operator.py took 0.161 seconds
[2026-10-01T00:10:58.759+0000] {processor.py:153} INFO - Started process (PID=16719) to work on /home/airflow/.local/lib/python3.7/site-packages/airflow/example_dags/example_branch_day_of_week_operator.py
[2026-10-01T00:10:58.760+0000] {processor.py:743} INFO - Processing file /home/airflow/.local/lib/python3.7/site-packages/airflow/example_dags/example_branch_day_of_week_operator.py for tasks to queue
[2026-10-01T00:10:58.761+0000] {logging_mixin.py:137} INFO - [2026-10-01T00:10:58.761+0000] {dagbag.py:538} INFO - Filling up the DagBag from /home/airflow/.local/lib/python3.7/site-packages/airflow/example_dags/example_branch_day_of_week_operator.py
[2026-10-01T00:10:58.783+0000] {processor.py:753} INFO - DAG(s) dict_keys(['example_weekday_branch_operator']) retrieved from /home/airflow/.local/lib/python3.7/site-packages/airflow/example_dags/example_branch_day_of_week_operator.py
[2026-10-01T00:10:58.833+0000] {logging_mixin.py:137} INFO - [2026-10-01T00:10:58.833+0000] {dag.py:2676} INFO - Sync 1 DAGs
[2026-10-01T00:10:58.868+0000] {logging_mixin.py:137} INFO - [2026-10-01T00:10:58.868+0000] {dag.py:3427} INFO - Setting next_dagrun for example_weekday_branch_operator to 2026-09-30T00:00:00+00:00, run_after=2026-10-01T00:00:00+00:00
[2026-10-01T00:10:58.890+0000] {processor.py:175} INFO - Processing /home/airflow/.local/lib/python3.7/site-packages/airflow/example_dags/example_branch_day_of_week_operator.py took 0.137 seconds
[2026-10-01T00:11:29.019+0000] {processor.py:153} INFO - Started process (PID=16798) to work on /home/airflow/.local/lib/python3.7/site-packages/airflow/example_dags/example_branch_day_of_week_operator.py
[2026-10-01T00:11:29.020+0000] {processor.py:743} INFO - Processing file /home/airflow/.local/lib/python3.7/site-packages/airflow/example_dags/example_branch_day_of_week_operator.py for tasks to queue
[2026-10-01T00:11:29.021+0000] {logging_mixin.py:137} INFO - [2026-10-01T00:11:29.021+0000] {dagbag.py:538} INFO - Filling up the DagBag from /home/airflow/.local/lib/python3.7/site-packages/airflow/example_dags/example_branch_day_of_week_operator.py
[2026-10-01T00:11:29.053+0000] {processor.py:753} INFO - DAG(s) dict_keys(['example_weekday_branch_operator']) retrieved from /home/airflow/.local/lib/python3.7/site-packages/airflow/example_dags/example_branch_day_of_week_operator.py
[2026-10-01T00:11:29.102+0000] {logging_mixin.py:137} INFO - [2026-10-01T00:11:29.102+0000] {dag.py:2676} INFO - Sync 1 DAGs
[2026-10-01T00:11:29.140+0000] {logging_mixin.py:137} INFO - [2026-10-01T00:11:29.139+0000] {dag.py:3427} INFO - Setting next_dagrun for example_weekday_branch_operator to 2026-09-30T00:00:00+00:00, run_after=2026-10-01T00:00:00+00:00
[2026-10-01T00:11:29.166+0000] {processor.py:175} INFO - Processing /home/airflow/.local/lib/python3.7/site-packages/airflow/example_dags/example_branch_day_of_week_operator.py took 0.154 seconds
[2026-10-01T00:11:59.356+0000] {processor.py:153} INFO - Started process (PID=16897) to work on /home/airflow/.local/lib/python3.7/site-packages/airflow/example_dags/example_branch_day_of_week_operator.py
[2026-10-01T00:11:59.357+0000] {processor.py:743} INFO - Processing file /home/airflow/.local/lib/python3.7/site-packages/airflow/example_dags/example_branch_day_of_week_operator.py for tasks to queue
[2026-10-01T00:11:59.358+0000] {logging_mixin.py:137} INFO - [2026-10-01T00:11:59.358+0000] {dagbag.py:538} INFO - Filling up the DagBag from /home/airflow/.local/lib/python3.7/site-packages/airflow/example_dags/example_branch_day_of_week_operator.py
[2026-10-01T00:11:59.379+0000] {processor.py:753} INFO - DAG(s) dict_keys(['example_weekday_branch_operator']) retrieved from /home/airflow/.local/lib/python3.7/site-packages/airflow/example_dags/example_branch_day_of_week_operator.py
[2026-10-01T00:11:59.441+0000] {logging_mixin.py:137} INFO - [2026-10-01T00:11:59.440+0000] {dag.py:2676} INFO - Sync 1 DAGs
[2026-10-01T00:11:59.488+0000] {logging_mixin.py:137} INFO - [2026-10-01T00:11:59.487+0000] {dag.py:3427} INFO - Setting next_dagrun for example_weekday_branch_operator to 2026-09-30T00:00:00+00:00, run_after=2026-10-01T00:00:00+00:00
[2026-10-01T00:11:59.517+0000] {processor.py:175} INFO - Processing /home/airflow/.local/lib/python3.7/site-packages/airflow/example_dags/example_branch_day_of_week_operator.py took 0.165 seconds
[2026-10-01T00:12:30.422+0000] {processor.py:153} INFO - Started process (PID=16976) to work on /home/airflow/.local/lib/python3.7/site-packages/airflow/example_dags/example_branch_day_of_week_operator.py
[2026-10-01T00:12:30.423+0000] {processor.py:743} INFO - Processing file /home/airflow/.local/lib/python3.7/site-packages/airflow/example_dags/example_branch_day_of_week_operator.py for tasks to queue
[2026-10-01T00:12:30.424+0000] {logging_mixin.py:137} INFO - [2026-10-01T00:12:30.424+0000] {dagbag.py:538} INFO - Filling up the DagBag from /home/airflow/.local/lib/python3.7/site-packages/airflow/example_dags/example_branch_day_of_week_operator.py
[2026-10-01T00:12:30.447+0000] {processor.py:753} INFO - DAG(s) dict_keys(['example_weekday_branch_operator']) retrieved from /home/airflow/.local/lib/python3.7/site-packages/airflow/example_dags/example_branch_day_of_week_operator.py
[2026-10-01T00:12:30.502+0000] {logging_mixin.py:137} INFO - [2026-10-01T00:12:30.502+0000] {dag.py:2676} INFO - Sync 1 DAGs
[2026-10-01T00:12:30.537+0000] {logging_mixin.py:137} INFO - [2026-10-01T00:12:30.537+0000] {dag.py:3427} INFO - Setting next_dagrun for example_weekday_branch_operator to 2026-09-30T00:00:00+00:00, run_after=2026-10-01T00:00:00+00:00
[2026-10-01T00:12:30.560+0000] {processor.py:175} INFO - Processing /home/airflow/.local/lib/python3.7/site-packages/airflow/example_dags/example_branch_day_of_week_operator.py took 0.142 seconds
[2026-10-01T00:13:00.964+0000] {processor.py:153} INFO - Started process (PID=17055) to work on /home/airflow/.local/lib/python3.7/site-packages/airflow/example_dags/example_branch_day_of_week_operator.py
[2026-10-01T00:13:00.966+0000] {processor.py:743} INFO - Processing file /home/airflow/.local/lib/python3.7/site-packages/airflow/example_dags/example_branch_day_of_week_operator.py for tasks to queue
[2026-10-01T00:13:00.967+0000] {logging_mixin.py:137} INFO - [2026-10-01T00:13:00.967+0000] {dagbag.py:538} INFO - Filling up the DagBag from /home/airflow/.local/lib/python3.7/site-packages/airflow/example_dags/example_branch_day_of_week_operator.py
[2026-10-01T00:13:01.000+0000] {processor.py:753} INFO - DAG(s) dict_keys(['example_weekday_branch_operator']) retrieved from /home/airflow/.local/lib/python3.7/site-packages/airflow/example_dags/example_branch_day_of_week_operator.py
[2026-10-01T00:13:01.074+0000] {logging_mixin.py:137} INFO - [2026-10-01T00:13:01.074+0000] {dag.py:2676} INFO - Sync 1 DAGs
[2026-10-01T00:13:01.125+0000] {logging_mixin.py:137} INFO - [2026-10-01T00:13:01.124+0000] {dag.py:3427} INFO - Setting next_dagrun for example_weekday_branch_operator to 2026-09-30T00:00:00+00:00, run_after=2026-10-01T00:00:00+00:00
[2026-10-01T00:13:01.153+0000] {processor.py:175} INFO - Processing /home/airflow/.local/lib/python3.7/site-packages/airflow/example_dags/example_branch_day_of_week_operator.py took 0.195 seconds
[2026-10-01T00:13:31.446+0000] {processor.py:153} INFO - Started process (PID=17141) to work on /home/airflow/.local/lib/python3.7/site-packages/airflow/example_dags/example_branch_day_of_week_operator.py
[2026-10-01T00:13:31.447+0000] {processor.py:743} INFO - Processing file /home/airflow/.local/lib/python3.7/site-packages/airflow/example_dags/example_branch_day_of_week_operator.py for tasks to queue
[2026-10-01T00:13:31.448+0000] {logging_mixin.py:137} INFO - [2026-10-01T00:13:31.448+0000] {dagbag.py:538} INFO - Filling up the DagBag from /home/airflow/.local/lib/python3.7/site-packages/airflow/example_dags/example_branch_day_of_week_operator.py
[2026-10-01T00:13:31.483+0000] {processor.py:753} INFO - DAG(s) dict_keys(['example_weekday_branch_operator']) retrieved from /home/airflow/.local/lib/python3.7/site-packages/airflow/example_dags/example_branch_day_of_week_operator.py
[2026-10-01T00:13:31.546+0000] {logging_mixin.py:137} INFO - [2026-10-01T00:13:31.545+0000] {dag.py:2676} INFO - Sync 1 DAGs
[2026-10-01T00:13:31.599+0000] {logging_mixin.py:137} INFO - [2026-10-01T00:13:31.599+0000] {dag.py:3427} INFO - Setting next_dagrun for example_weekday_branch_operator to 2026-09-30T00:00:00+00:00, run_after=2026-10-01T00:00:00+00:00
[2026-10-01T00:13:31.626+0000] {processor.py:175} INFO - Processing /home/airflow/.local/lib/python3.7/site-packages/airflow/example_dags/example_branch_day_of_week_operator.py took 0.187 seconds
[2026-10-01T00:14:01.804+0000] {processor.py:153} INFO - Started process (PID=17233) to work on /home/airflow/.local/lib/python3.7/site-packages/airflow/example_dags/example_branch_day_of_week_operator.py
[2026-10-01T00:14:01.805+0000] {processor.py:743} INFO - Processing file /home/airflow/.local/lib/python3.7/site-packages/airflow/example_dags/example_branch_day_of_week_operator.py for tasks to queue
[2026-10-01T00:14:01.806+0000] {logging_mixin.py:137} INFO - [2026-10-01T00:14:01.806+0000] {dagbag.py:538} INFO - Filling up the DagBag from /home/airflow/.local/lib/python3.7/site-packages/airflow/example_dags/example_branch_day_of_week_operator.py
[2026-10-01T00:14:01.828+0000] {processor.py:753} INFO - DAG(s) dict_keys(['example_weekday_branch_operator']) retrieved from /home/airflow/.local/lib/python3.7/site-packages/airflow/example_dags/example_branch_day_of_week_operator.py
[2026-10-01T00:14:01.874+0000] {logging_mixin.py:137} INFO - [2026-10-01T00:14:01.874+0000] {dag.py:2676} INFO - Sync 1 DAGs
[2026-10-01T00:14:01.911+0000] {logging_mixin.py:137} INFO - [2026-10-01T00:14:01.911+0000] {dag.py:3427} INFO - Setting next_dagrun for example_weekday_branch_operator to 2026-09-30T00:00:00+00:00, run_after=2026-10-01T00:00:00+00:00
[2026-10-01T00:14:01.934+0000] {processor.py:175} INFO - Processing /home/airflow/.local/lib/python3.7/site-packages/airflow/example_dags/example_branch_day_of_week_operator.py took 0.134 seconds
[2026-10-01T00:14:32.674+0000] {processor.py:153} INFO - Started process (PID=17312) to work on /home/airflow/.local/lib/python3.7/site-packages/airflow/example_dags/example_branch_day_of_week_operator.py
[2026-10-01T00:14:32.675+0000] {processor.py:743} INFO - Processing file /home/airflow/.local/lib/python3.7/site-packages/airflow/example_dags/example_branch_day_of_week_operator.py for tasks to queue
[2026-10-01T00:14:32.676+0000] {logging_mixin.py:137} INFO - [2026-10-01T00:14:32.676+0000] {dagbag.py:538} INFO - Filling up the DagBag from /home/airflow/.local/lib/python3.7/site-packages/airflow/example_dags/example_branch_day_of_week_operator.py
[2026-10-01T00:14:32.705+0000] {processor.py:753} INFO - DAG(s) dict_keys(['example_weekday_branch_operator']) retrieved from /home/airflow/.local/lib/python3.7/site-packages/airflow/example_dags/example_branch_day_of_week_operator.py
[2026-10-01T00:14:32.773+0000] {logging_mixin.py:137} INFO - [2026-10-01T00:14:32.773+0000] {dag.py:2676} INFO - Sync 1 DAGs
[2026-10-01T00:14:32.820+0000] {logging_mixin.py:137} INFO - [2026-10-01T00:14:32.819+0000] {dag.py:3427} INFO - Setting next_dagrun for example_weekday_branch_operator to 2026-09-30T00:00:00+00:00, run_after=2026-10-01T00:00:00+00:00
[2026-10-01T00:14:32.848+0000] {processor.py:175} INFO - Processing /home/airflow/.local/lib/python3.7/site-packages/airflow/example_dags/example_branch_day_of_week_operator.py took 0.179 seconds
[2026-10-01T00:15:03.086+0000] {processor.py:153} INFO - Started process (PID=17391) to work on /home/airflow/.local/lib/python3.7/site-packages/airflow/example_dags/example_branch_day_of_week_operator.py
[2026-10-01T00:15:03.087+0000] {processor.py:743} INFO - Processing file /home/airflow/.local/lib/python3.7/site-packages/airflow/example_dags/example_branch_day_of_week_operator.py for tasks to queue
[2026-10-01T00:15:03.088+0000] {logging_mixin.py:137} INFO - [2026-10-01T00:15:03.088+0000] {dagbag.py:538} INFO - Filling up the DagBag from /home/airflow/.local/lib/python3.7/site-packages/airflow/example_dags/example_branch_day_of_week_operator.py
[2026-10-01T00:15:03.110+0000] {processor.py:753} INFO - DAG(s) dict_keys(['example_weekday_branch_operator']) retrieved from /home/airflow/.local/lib/python3.7/site-packages/airflow/example_dags/example_branch_day_of_week_operator.py
[2026-10-01T00:15:03.160+0000] {logging_mixin.py:137} INFO - [2026-10-01T00:15:03.160+0000] {dag.py:2676} INFO - Sync 1 DAGs
[2026-10-01T00:15:03.197+0000] {logging_mixin.py:137} INFO - [2026-10-01T00:15:03.197+0000] {dag.py:3427} INFO - Setting next_dagrun for example_weekday_branch_operator to 2026-09-30T00:00:00+00:00, run_after=2026-10-01T00:00:00+00:00
[2026-10-01T00:15:03.219+0000] {processor.py:175} INFO - Processing /home/airflow/.local/lib/python3.7/site-packages/airflow/example_dags/example_branch_day_of_week_operator.py took 0.136 seconds
[2026-10-01T00:15:33.336+0000] {processor.py:153} INFO - Started process (PID=17470) to work on /home/airflow/.local/lib/python3.7/site-packages/airflow/example_dags/example_branch_day_of_week_operator.py
[2026-10-01T00:15:33.337+0000] {processor.py:743} INFO - Processing file /home/airflow/.local/lib/python3.7/site-packages/airflow/example_dags/example_branch_day_of_week_operator.py for tasks to queue
[2026-10-01T00:15:33.338+0000] {logging_mixin.py:137} INFO - [2026-10-01T00:15:33.337+0000] {dagbag.py:538} INFO - Filling up the DagBag from /home/airflow/.local/lib/python3.7/site-packages/airflow/example_dags/example_branch_day_of_week_operator.py
[2026-10-01T00:15:33.360+0000] {processor.py:753} INFO - DAG(s) dict_keys(['example_weekday_branch_operator']) retrieved from /home/airflow/.local/lib/python3.7/site-packages/airflow/example_dags/example_branch_day_of_week_operator.py
[2026-10-01T00:15:33.413+0000] {logging_mixin.py:137} INFO - [2026-10-01T00:15:33.413+0000] {dag.py:2676} INFO - Sync 1 DAGs
[2026-10-01T00:15:33.447+0000] {logging_mixin.py:137} INFO - [2026-10-01T00:15:33.446+0000] {dag.py:3427} INFO - Setting next_dagrun for example_weekday_branch_operator to 2026-09-30T00:00:00+00:00, run_after=2026-10-01T00:00:00+00:00
[2026-10-01T00:15:33.469+0000] {processor.py:175} INFO - Processing /home/airflow/.local/lib/python3.7/site-packages/airflow/example_dags/example_branch_day_of_week_operator.py took 0.139 seconds
[2026-10-01T00:16:04.089+0000] {processor.py:153} INFO - Started process (PID=17569) to work on /home/airflow/.local/lib/python3.7/site-packages/airflow/example_dags/example_branch_day_of_week_operator.py
[2026-10-01T00:16:04.090+0000] {processor.py:743} INFO - Processing file /home/airflow/.local/lib/python3.7/site-packages/airflow/example_dags/example_branch_day_of_week_operator.py for tasks to queue
[2026-10-01T00:16:04.091+0000] {logging_mixin.py:137} INFO - [2026-10-01T00:16:04.091+0000] {dagbag.py:538} INFO - Filling up the DagBag from /home/airflow/.local/lib/python3.7/site-packages/airflow/example_dags/example_branch_day_of_week_operator.py
[2026-10-01T00:16:04.113+0000] {processor.py:753} INFO - DAG(s) dict_keys(['example_weekday_branch_operator']) retrieved from /home/airflow/.local/lib/python3.7/site-packages/airflow/example_dags/example_branch_day_of_week_operator.py
[2026-10-01T00:16:04.162+0000] {logging_mixin.py:137} INFO - [2026-10-01T00:16:04.161+0000] {dag.py:2676} INFO - Sync 1 DAGs
[2026-10-01T00:16:04.196+0000] {logging_mixin.py:137} INFO - [2026-10-01T00:16:04.195+0000] {dag.py:3427} INFO - Setting next_dagrun for example_weekday_branch_operator to 2026-09-30T00:00:00+00:00, run_after=2026-10-01T00:00:00+00:00
[2026-10-01T00:16:04.217+0000] {processor.py:175} INFO - Processing /home/airflow/.local/lib/python3.7/site-packages/airflow/example_dags/example_branch_day_of_week_operator.py took 0.134 seconds
[2026-10-01T00:16:35.036+0000] {processor.py:153} INFO - Started process (PID=17648) to work on /home/airflow/.local/lib/python3.7/site-packages/airflow/example_dags/example_branch_day_of_week_operator.py
[2026-10-01T00:16:35.037+0000] {processor.py:743} INFO - Processing file /home/airflow/.local/lib/python3.7/site-packages/airflow/example_dags/example_branch_day_of_week_operator.py for tasks to queue
[2026-10-01T00:16:35.038+0000] {logging_mixin.py:137} INFO - [2026-10-01T00:16:35.037+0000] {dagbag.py:538} INFO - Filling up the DagBag from /home/airflow/.local/lib/python3.7/site-packages/airflow/example_dags/example_branch_day_of_week_operator.py
[2026-10-01T00:16:35.059+0000] {processor.py:753} INFO - DAG(s) dict_keys(['example_weekday_branch_operator']) retrieved from /home/airflow/.local/lib/python3.7/site-packages/airflow/example_dags/example_branch_day_of_week_operator.py
[2026-10-01T00:16:35.110+0000] {logging_mixin.py:137} INFO - [2026-10-01T00:16:35.110+0000] {dag.py:2676} INFO - Sync 1 DAGs
[2026-10-01T00:16:35.144+0000] {logging_mixin.py:137} INFO - [2026-10-01T00:16:35.144+0000] {dag.py:3427} INFO - Setting next_dagrun for example_weekday_branch_operator to 2026-09-30T00:00:00+00:00, run_after=2026-10-01T00:00:00+00:00
[2026-10-01T00:16:35.165+0000] {processor.py:175} INFO - Processing /home/airflow/.local/lib/python3.7/site-packages/airflow/example_dags/example_branch_day_of_week_operator.py took 0.133 seconds
[2026-10-01T00:17:05.943+0000] {processor.py:153} INFO - Started process (PID=17727) to work on /home/airflow/.local/lib/python3.7/site-packages/airflow/example_dags/example_branch_day_of_week_operator.py
[2026-10-01T00:17:05.944+0000] {processor.py:743} INFO - Processing file /home/airflow/.local/lib/python3.7/site-packages/airflow/example_dags/example_branch_day_of_week_operator.py for tasks to queue
[2026-10-01T00:17:05.945+0000] {logging_mixin.py:137} INFO - [2026-10-01T00:17:05.945+0000] {dagbag.py:538} INFO - Filling up the DagBag from /home/airflow/.local/lib/python3.7/site-packages/airflow/example_dags/example_branch_day_of_week_operator.py
[2026-10-01T00:17:05.966+0000] {processor.py:753} INFO - DAG(s) dict_keys(['example_weekday_branch_operator']) retrieved from /home/airflow/.local/lib/python3.7/site-packages/airflow/example_dags/example_branch_day_of_week_operator.py
[2026-10-01T00:17:06.016+0000] {logging_mixin.py:137} INFO - [2026-10-01T00:17:06.015+0000] {dag.py:2676} INFO - Sync 1 DAGs
[2026-10-01T00:17:06.048+0000] {logging_mixin.py:137} INFO - [2026-10-01T00:17:06.048+0000] {dag.py:3427} INFO - Setting next_dagrun for example_weekday_branch_operator to 2026-09-30T00:00:00+00:00, run_after=2026-10-01T00:00:00+00:00
[2026-10-01T00:17:06.070+0000] {processor.py:175} INFO - Processing /home/airflow/.local/lib/python3.7/site-packages/airflow/example_dags/example_branch_day_of_week_operator.py took 0.132 seconds
[2026-10-01T00:17:37.066+0000] {processor.py:153} INFO - Started process (PID=17815) to work on /home/airflow/.local/lib/python3.7/site-packages/airflow/example_dags/example_branch_day_of_week_operator.py
[2026-10-01T00:17:37.068+0000] {processor.py:743} INFO - Processing file /home/airflow/.local/lib/python3.7/site-packages/airflow/example_dags/example_branch_day_of_week_operator.py for tasks to queue
[2026-10-01T00:17:37.069+0000] {logging_mixin.py:137} INFO - [2026-10-01T00:17:37.069+0000] {dagbag.py:538} INFO - Filling up the DagBag from /home/airflow/.local/lib/python3.7/site-packages/airflow/example_dags/example_branch_day_of_week_operator.py
[2026-10-01T00:17:37.110+0000] {processor.py:753} INFO - DAG(s) dict_keys(['example_weekday_branch_operator']) retrieved from /home/airflow/.local/lib/python3.7/site-packages/airflow/example_dags/example_branch_day_of_week_operator.py
[2026-10-01T00:17:37.173+0000] {logging_mixin.py:137} INFO - [2026-10-01T00:17:37.172+0000] {dag.py:2676} INFO - Sync 1 DAGs
[2026-10-01T00:17:37.214+0000] {logging_mixin.py:137} INFO - [2026-10-01T00:17:37.214+0000] {dag.py:3427} INFO - Setting next_dagrun for example_weekday_branch_operator to 2026-09-30T00:00:00+00:00, run_after=2026-10-01T00:00:00+00:00
[2026-10-01T00:17:37.240+0000] {processor.py:175} INFO - Processing /home/airflow/.local/lib/python3.7/site-packages/airflow/example_dags/example_branch_day_of_week_operator.py took 0.180 seconds
[2026-10-01T00:18:07.334+0000] {processor.py:153} INFO - Started process (PID=17905) to work on /home/airflow/.local/lib/python3.7/site-packages/airflow/example_dags/example_branch_day_of_week_operator.py
[2026-10-01T00:18:07.335+0000] {processor.py:743} INFO - Processing file /home/airflow/.local/lib/python3.7/site-packages/airflow/example_dags/example_branch_day_of_week_operator.py for tasks to queue
[2026-10-01T00:18:07.335+0000] {logging_mixin.py:137} INFO - [2026-10-01T00:18:07.335+0000] {dagbag.py:538} INFO - Filling up the DagBag from /home/airflow/.local/lib/python3.7/site-packages/airflow/example_dags/example_branch_day_of_week_operator.py
[2026-10-01T00:18:07.366+0000] {processor.py:753} INFO - DAG(s) dict_keys(['example_weekday_branch_operator']) retrieved from /home/airflow/.local/lib/python3.7/site-packages/airflow/example_dags/example_branch_day_of_week_operator.py
[2026-10-01T00:18:07.432+0000] {logging_mixin.py:137} INFO - [2026-10-01T00:18:07.432+0000] {dag.py:2676} INFO - Sync 1 DAGs
[2026-10-01T00:18:07.483+0000] {logging_mixin.py:137} INFO - [2026-10-01T00:18:07.483+0000] {dag.py:3427} INFO - Setting next_dagrun for example_weekday_branch_operator to 2026-09-30T00:00:00+00:00, run_after=2026-10-01T00:00:00+00:00
[2026-10-01T00:18:07.507+0000] {processor.py:175} INFO - Processing /home/airflow/.local/lib/python3.7/site-packages/airflow/example_dags/example_branch_day_of_week_operator.py took 0.178 seconds
[2026-10-01T00:18:37.861+0000] {processor.py:153} INFO - Started process (PID=17984) to work on /home/airflow/.local/lib/python3.7/site-packages/airflow/example_dags/example_branch_day_of_week_operator.py
[2026-10-01T00:18:37.862+0000] {processor.py:743} INFO - Processing file /home/airflow/.local/lib/python3.7/site-packages/airflow/example_dags/example_branch_day_of_week_operator.py for tasks to queue
[2026-10-01T00:18:37.863+0000] {logging_mixin.py:137} INFO - [2026-10-01T00:18:37.863+0000] {dagbag.py:538} INFO - Filling up the DagBag from /home/airflow/.local/lib/python3.7/site-packages/airflow/example_dags/example_branch_day_of_week_operator.py
[2026-10-01T00:18:37.897+0000] {processor.py:753} INFO - DAG(s) dict_keys(['example_weekday_branch_operator']) retrieved from /home/airflow/.local/lib/python3.7/site-packages/airflow/example_dags/example_branch_day_of_week_operator.py
[2026-10-01T00:18:37.963+0000] {logging_mixin.py:137} INFO - [2026-10-01T00:18:37.963+0000] {dag.py:2676} INFO - Sync 1 DAGs
[2026-10-01T00:18:38.004+0000] {logging_mixin.py:137} INFO - [2026-10-01T00:18:38.004+0000] {dag.py:3427} INFO - Setting next_dagrun for example_weekday_branch_operator to 2026-09-30T00:00:00+00:00, run_after=2026-10-01T00:00:00+00:00
[2026-10-01T00:18:38.025+0000] {processor.py:175} INFO - Processing /home/airflow/.local/lib/python3.7/site-packages/airflow/example_dags/example_branch_day_of_week_operator.py took 0.167 seconds
[2026-10-01T00:19:08.879+0000] {processor.py:153} INFO - Started process (PID=18063) to work on /home/airflow/.local/lib/python3.7/site-packages/airflow/example_dags/example_branch_day_of_week_operator.py
[2026-10-01T00:19:08.881+0000] {processor.py:743} INFO - Processing file /home/airflow/.local/lib/python3.7/site-packages/airflow/example_dags/example_branch_day_of_week_operator.py for tasks to queue
[2026-10-01T00:19:08.882+0000] {logging_mixin.py:137} INFO - [2026-10-01T00:19:08.882+0000] {dagbag.py:538} INFO - Filling up the DagBag from /home/airflow/.local/lib/python3.7/site-packages/airflow/example_dags/example_branch_day_of_week_operator.py
[2026-10-01T00:19:08.903+0000] {processor.py:753} INFO - DAG(s) dict_keys(['example_weekday_branch_operator']) retrieved from /home/airflow/.local/lib/python3.7/site-packages/airflow/example_dags/example_branch_day_of_week_operator.py
[2026-10-01T00:19:08.964+0000] {logging_mixin.py:137} INFO - [2026-10-01T00:19:08.964+0000] {dag.py:2676} INFO - Sync 1 DAGs
[2026-10-01T00:19:09.002+0000] {logging_mixin.py:137} INFO - [2026-10-01T00:19:09.002+0000] {dag.py:3427} INFO - Setting next_dagrun for example_weekday_branch_operator to 2026-09-30T00:00:00+00:00, run_after=2026-10-01T00:00:00+00:00
[2026-10-01T00:19:09.027+0000] {processor.py:175} INFO - Processing /home/airflow/.local/lib/python3.7/site-packages/airflow/example_dags/example_branch_day_of_week_operator.py took 0.151 seconds
[2026-10-01T00:19:39.725+0000] {processor.py:153} INFO - Started process (PID=18162) to work on /home/airflow/.local/lib/python3.7/site-packages/airflow/example_dags/example_branch_day_of_week_operator.py
[2026-10-01T00:19:39.725+0000] {processor.py:743} INFO - Processing file /home/airflow/.local/lib/python3.7/site-packages/airflow/example_dags/example_branch_day_of_week_operator.py for tasks to queue
[2026-10-01T00:19:39.726+0000] {logging_mixin.py:137} INFO - [2026-10-01T00:19:39.726+0000] {dagbag.py:538} INFO - Filling up the DagBag from /home/airflow/.local/lib/python3.7/site-packages/airflow/example_dags/example_branch_day_of_week_operator.py
[2026-10-01T00:19:39.753+0000] {processor.py:753} INFO - DAG(s) dict_keys(['example_weekday_branch_operator']) retrieved from /home/airflow/.local/lib/python3.7/site-packages/airflow/example_dags/example_branch_day_of_week_operator.py
[2026-10-01T00:19:39.818+0000] {logging_mixin.py:137} INFO - [2026-10-01T00:19:39.818+0000] {dag.py:2676} INFO - Sync 1 DAGs
[2026-10-01T00:19:39.893+0000] {logging_mixin.py:137} INFO - [2026-10-01T00:19:39.892+0000] {dag.py:3427} INFO - Setting next_dagrun for example_weekday_branch_operator to 2026-09-30T00:00:00+00:00, run_after=2026-10-01T00:00:00+00:00
[2026-10-01T00:19:39.933+0000] {processor.py:175} INFO - Processing /home/airflow/.local/lib/python3.7/site-packages/airflow/example_dags/example_branch_day_of_week_operator.py took 0.213 seconds
[2026-10-01T00:20:10.041+0000] {processor.py:153} INFO - Started process (PID=18241) to work on /home/airflow/.local/lib/python3.7/site-packages/airflow/example_dags/example_branch_day_of_week_operator.py
[2026-10-01T00:20:10.042+0000] {processor.py:743} INFO - Processing file /home/airflow/.local/lib/python3.7/site-packages/airflow/example_dags/example_branch_day_of_week_operator.py for tasks to queue
[2026-10-01T00:20:10.043+0000] {logging_mixin.py:137} INFO - [2026-10-01T00:20:10.043+0000] {dagbag.py:538} INFO - Filling up the DagBag from /home/airflow/.local/lib/python3.7/site-packages/airflow/example_dags/example_branch_day_of_week_operator.py
[2026-10-01T00:20:10.065+0000] {processor.py:753} INFO - DAG(s) dict_keys(['example_weekday_branch_operator']) retrieved from /home/airflow/.local/lib/python3.7/site-packages/airflow/example_dags/example_branch_day_of_week_operator.py
[2026-10-01T00:20:10.120+0000] {logging_mixin.py:137} INFO - [2026-10-01T00:20:10.120+0000] {dag.py:2676} INFO - Sync 1 DAGs
[2026-10-01T00:20:10.156+0000] {logging_mixin.py:137} INFO - [2026-10-01T00:20:10.156+0000] {dag.py:3427} INFO - Setting next_dagrun for example_weekday_branch_operator to 2026-09-30T00:00:00+00:00, run_after=2026-10-01T00:00:00+00:00
[2026-10-01T00:20:10.176+0000] {processor.py:175} INFO - Processing /home/airflow/.local/lib/python3.7/site-packages/airflow/example_dags/example_branch_day_of_week_operator.py took 0.139 seconds
[2026-10-01T00:20:40.466+0000] {processor.py:153} INFO - Started process (PID=18320) to work on /home/airflow/.local/lib/python3.7/site-packages/airflow/example_dags/example_branch_day_of_week_operator.py
[2026-10-01T00:20:40.467+0000] {processor.py:743} INFO - Processing file /home/airflow/.local/lib/python3.7/site-packages/airflow/example_dags/example_branch_day_of_week_operator.py for tasks to queue
[2026-10-01T00:20:40.468+0000] {logging_mixin.py:137} INFO - [2026-10-01T00:20:40.468+0000] {dagbag.py:538} INFO - Filling up the DagBag from /home/airflow/.local/lib/python3.7/site-packages/airflow/example_dags/example_branch_day_of_week_operator.py
[2026-10-01T00:20:40.497+0000] {processor.py:753} INFO - DAG(s) dict_keys(['example_weekday_branch_operator']) retrieved from /home/airflow/.local/lib/python3.7/site-packages/airflow/example_dags/example_branch_day_of_week_operator.py
[2026-10-01T00:20:40.564+0000] {logging_mixin.py:137} INFO - [2026-10-01T00:20:40.564+0000] {dag.py:2676} INFO - Sync 1 DAGs
[2026-10-01T00:20:40.608+0000] {logging_mixin.py:137} INFO - [2026-10-01T00:20:40.607+0000] {dag.py:3427} INFO - Setting next_dagrun for example_weekday_branch_operator to 2026-09-30T00:00:00+00:00, run_after=2026-10-01T00:00:00+00:00
[2026-10-01T00:20:40.637+0000] {processor.py:175} INFO - Processing /home/airflow/.local/lib/python3.7/site-packages/airflow/example_dags/example_branch_day_of_week_operator.py took 0.177 seconds
