[2026-10-01T00:00:20.771+0000] {processor.py:153} INFO - Started process (PID=14975) to work on /home/airflow/.local/lib/python3.7/site-packages/airflow/example_dags/example_datasets.py
[2026-10-01T00:00:20.772+0000] {processor.py:743} INFO - Processing file /home/airflow/.local/lib/python3.7/site-packages/airflow/example_dags/example_datasets.py for tasks to queue
[2026-10-01T00:00:20.773+0000] {logging_mixin.py:137} INFO - [2026-10-01T00:00:20.773+0000] {dagbag.py:538} INFO - Filling up the DagBag from /home/airflow/.local/lib/python3.7/site-packages/airflow/example_dags/example_datasets.py
[2026-10-01T00:00:20.801+0000] {processor.py:753} INFO - DAG(s) dict_keys(['dataset_consumes_1_never_scheduled', 'dataset_consumes_unknown_never_scheduled', 'dataset_produces_2', 'dataset_produces_1', 'dataset_consumes_1', 'dataset_consumes_1_and_2']) retrieved from /home/airflow/.local/lib/python3.7/site-packages/airflow/example_dags/example_datasets.py
[2026-10-01T00:00:20.868+0000] {logging_mixin.py:137} INFO - [2026-10-01T00:00:20.868+0000] {dag.py:2676} INFO - Sync 6 DAGs
[2026-10-01T00:00:20.904+0000] {logging_mixin.py:137} INFO - [2026-10-01T00:00:20.904+0000] {dag.py:3427} INFO - Setting next_dagrun for dataset_consumes_1 to None, run_after=None
[2026-10-01T00:00:20.911+0000] {logging_mixin.py:137} INFO - [2026-10-01T00:00:20.910+0000] {dag.py:3427} INFO - Setting next_dagrun for dataset_consumes_1_and_2 to None, run_after=None
[2026-10-01T00:00:20.913+0000] {logging_mixin.py:137} INFO - [2026-10-01T00:00:20.912+0000] {dag.py:3427} INFO - Setting next_dagrun for dataset_consumes_1_never_scheduled to None, run_after=None
[2026-10-01T00:00:20.914+0000] {logging_mixin.py:137} INFO - [2026-10-01T00:00:20.914+0000] {dag.py:3427} INFO - Setting next_dagrun for dataset_consumes_unknown_never_scheduled to None, run_after=None
[2026-10-01T00:00:20.917+0000] {logging_mixin.py:137} INFO - [2026-10-01T00:00:20.917+0000] {dag.py:3427} INFO - Setting next_dagrun for dataset_produces_1 to 2026-09-30T00:00:00+00:00, run_after=2026-10-01T00:00:00+00:00
[2026-10-01T00:00:20.918+0000] {logging_mixin.py:137} INFO - [2026-10-01T00:00:20.918+0000] {dag.py:3427} INFO - Setting next_dagrun for dataset_produces_2 to None, run_after=None
[2026-10-01T00:00:20.956+0000] {processor.py:175} INFO - Processing /home/airflow/.local/lib/python3.7/site-packages/airflow/example_dags/example_datasets.py took 0.193 seconds
[2026-10-01T00:00:51.755+0000] {processor.py:153} INFO - Started process (PID=15054) to work on /home/airflow/.local/lib/python3.7/site-packages/airflow/example_dags/example_datasets.py
[2026-10-01T00:00:51.756+0000] {processor.py:743} INFO - Processing file /home/airflow/.local/lib/python3.7/site-packages/airflow/example_dags/example_datasets.py for tasks to queue
[2026-10-01T00:00:51.756+0000] {logging_mixin.py:137} INFO - [2026-10-01T00:00:51.756+0000] {dagbag.py:538} INFO - Filling up the DagBag from /home/airflow/.local/lib/python3.7/site-packages/airflow/example_dags/example_datasets.py
[2026-10-01T00:00:51.775+0000] {processor.py:753} INFO - DAG(s) dict_keys(['dataset_consumes_1_never_scheduled', 'dataset_consumes_unknown_never_scheduled', 'dataset_consumes_1_and_2', 'dataset_consumes_1', 'dataset_produces_2', 'dataset_produces_1']) retrieved from /home/airflow/.local/lib/python3.7/site-packages/airflow/example_dags/example_datasets.py
[2026-10-01T00:00:51.838+0000] {logging_mixin.py:137} INFO - [2026-10-01T00:00:51.838+0000] {dag.py:2676} INFO - Sync 6 DAGs
[2026-10-01T00:00:51.868+0000] {logging_mixin.py:137} INFO - [2026-10-01T00:00:51.868+0000] {dag.py:3427} INFO - Setting next_dagrun for dataset_consumes_1 to None, run_after=None
[2026-10-01T00:00:51.871+0000] {logging_mixin.py:137} INFO - [2026-10-01T00:00:51.871+0000] {dag.py:3427} INFO - Setting next_dagrun for dataset_consumes_1_and_2 to None, run_after=None
[2026-10-01T00:00:51.872+0000] {logging_mixin.py:137} INFO - [2026-10-01T00:00:51.872+0000] {dag.py:3427} INFO - Setting next_dagrun for dataset_consumes_1_never_scheduled to None, run_after=None
[2026-10-01T00:00:51.873+0000] {logging_mixin.py:137} INFO - [2026-10-01T00:00:51.873+0000] {dag.py:3427} INFO - Setting next_dagrun for dataset_consumes_unknown_never_scheduled to None, run_after=None
[2026-10-01T00:00:51.876+0000] {logging_mixin.py:137} INFO - [2026-10-01T00:00:51.876+0000] {dag.py:3427} INFO - Setting next_dagrun for dataset_produces_1 to 2026-09-30T00:00:00+00:00, run_after=2026-10-01T00:00:00+00:00
[2026-10-01T00:00:51.877+0000] {logging_mixin.py:137} INFO - [2026-10-01T00:00:51.877+0000] {dag.py:3427} INFO - Setting next_dagrun for dataset_produces_2 to None, run_after=None
[2026-10-01T00:00:51.910+0000] {processor.py:175} INFO - Processing /home/airflow/.local/lib/python3.7/site-packages/airflow/example_dags/example_datasets.py took 0.158 seconds
[2026-10-01T00:01:22.632+0000] {processor.py:153} INFO - Started process (PID=15153) to work on /home/airflow/.local/lib/python3.7/site-packages/airflow/example_dags/example_datasets.py
[2026-10-01T00:01:22.633+0000] {processor.py:743} INFO - Processing file /home/airflow/.local/lib/python3.7/site-packages/airflow/example_dags/example_datasets.py for tasks to queue
[2026-10-01T00:01:22.635+0000] {logging_mixin.py:137} INFO - [2026-10-01T00:01:22.634+0000] {dagbag.py:538} INFO - Filling up the DagBag from /home/airflow/.local/lib/python3.7/site-packages/airflow/example_dags/example_datasets.py
[2026-10-01T00:01:22.665+0000] {processor.py:753} INFO - DAG(s) dict_keys(['dataset_produces_2', 'dataset_produces_1', 'dataset_consumes_1', 'dataset_consumes_1_never_scheduled', 'dataset_consumes_unknown_never_scheduled', 'dataset_consumes_1_and_2']) retrieved from /home/airflow/.local/lib/python3.7/site-packages/airflow/example_dags/example_datasets.py
[2026-10-01T00:01:22.748+0000] {logging_mixin.py:137} INFO - [2026-10-01T00:01:22.747+0000] {dag.py:2676} INFO - Sync 6 DAGs
[2026-10-01T00:01:22.787+0000] {logging_mixin.py:137} INFO - [2026-10-01T00:01:22.787+0000] {dag.py:3427} INFO - Setting next_dagrun for dataset_consumes_1 to None, run_after=None
[2026-10-01T00:01:22.792+0000] {logging_mixin.py:137} INFO - [2026-10-01T00:01:22.792+0000] {dag.py:3427} INFO - Setting next_dagrun for dataset_consumes_1_and_2 to None, run_after=None
[2026-10-01T00:01:22.793+0000] {logging_mixin.py:137} INFO - [2026-10-01T00:01:22.793+0000] {dag.py:3427} INFO - Setting next_dagrun for dataset_consumes_1_never_scheduled to None, run_after=None
[2026-10-01T00:01:22.794+0000] {logging_mixin.py:137} INFO - [2026-10-01T00:01:22.794+0000] {dag.py:3427} INFO - Setting next_dagrun for dataset_consumes_unknown_never_scheduled to None, run_after=None
[2026-10-01T00:01:22.797+0000] {logging_mixin.py:137} INFO - [2026-10-01T00:01:22.797+0000] {dag.py:3427} INFO - Setting next_dagrun for dataset_produces_1 to 2026-09-30T00:00:00+00:00, run_after=2026-10-01T00:00:00+00:00
[2026-10-01T00:01:22.799+0000] {logging_mixin.py:137} INFO - [2026-10-01T00:01:22.799+0000] {dag.py:3427} INFO - Setting next_dagrun for dataset_produces_2 to None, run_after=None
[2026-10-01T00:01:22.835+0000] {processor.py:175} INFO - Processing /home/airflow/.local/lib/python3.7/site-packages/airflow/example_dags/example_datasets.py took 0.208 seconds
[2026-10-01T00:01:53.500+0000] {processor.py:153} INFO - Started process (PID=15232) to work on /home/airflow/.local/lib/python3.7/site-packages/airflow/example_dags/example_datasets.py
[2026-10-01T00:01:53.503+0000] {processor.py:743} INFO - Processing file /home/airflow/.local/lib/python3.7/site-packages/airflow/example_dags/example_datasets.py for tasks to queue
[2026-10-01T00:01:53.504+0000] {logging_mixin.py:137} INFO - [2026-10-01T00:01:53.503+0000] {dagbag.py:538} INFO - Filling up the DagBag from /home/airflow/.local/lib/python3.7/site-packages/airflow/example_dags/example_datasets.py
[2026-10-01T00:01:53.538+0000] {processor.py:753} INFO - DAG(s) dict_keys(['dataset_produces_1', 'dataset_produces_2', 'dataset_consumes_unknown_never_scheduled', 'dataset_consumes_1_never_scheduled', 'dataset_consumes_1_and_2', 'dataset_consumes_1']) retrieved from /home/airflow/.local/lib/python3.7/site-packages/airflow/example_dags/example_datasets.py
[2026-10-01T00:01:53.624+0000] {logging_mixin.py:137} INFO - [2026-10-01T00:01:53.624+0000] {dag.py:2676} INFO - Sync 6 DAGs
[2026-10-01T00:01:53.665+0000] {logging_mixin.py:137} INFO - [2026-10-01T00:01:53.665+0000] {dag.py:3427} INFO - Setting next_dagrun for dataset_consumes_1 to None, run_after=None
[2026-10-01T00:01:53.669+0000] {logging_mixin.py:137} INFO - [2026-10-01T00:01:53.669+0000] {dag.py:3427} INFO - Setting next_dagrun for dataset_consumes_1_and_2 to None, run_after=None
[2026-10-01T00:01:53.670+0000] {logging_mixin.py:137} INFO - [2026-10-01T00:01:53.670+0000] {dag.py:3427} INFO - Setting next_dagrun for dataset_consumes_1_never_scheduled to None, run_after=None
[2026-10-01T00:01:53.672+0000] {logging_mixin.py:137} INFO - [2026-10-01T00:01:53.672+0000] {dag.py:3427} INFO - Setting next_dagrun for dataset_consumes_unknown_never_scheduled to None, run_after=None
[2026-10-01T00:01:53.675+0000] {logging_mixin.py:137} INFO - [2026-10-01T00:01:53.675+0000] {dag.py:3427} INFO - Setting next_dagrun for dataset_produces_1 to 2026-09-30T00:00:00+00:00, run_after=2026-10-01T00:00:00+00:00
[2026-10-01T00:01:53.676+0000] {logging_mixin.py:137} INFO - [2026-10-01T00:01:53.676+0000] {dag.py:3427} INFO - Setting next_dagrun for dataset_produces_2 to None, run_after=None
[2026-10-01T00:01:53.714+0000] {processor.py:175} INFO - Processing /home/airflow/.local/lib/python3.7/site-packages/airflow/example_dags/example_datasets.py took 0.221 seconds
[2026-10-01T00:02:24.339+0000] {processor.py:153} INFO - Started process (PID=15311) to work on /home/airflow/.local/lib/python3.7/site-packages/airflow/example_dags/example_datasets.py
[2026-10-01T00:02:24.340+0000] {processor.py:743} INFO - Processing file /home/airflow/.local/lib/python3.7/site-packages/airflow/example_dags/example_datasets.py for tasks to queue
[2026-10-01T00:02:24.341+0000] {logging_mixin.py:137} INFO - [2026-10-01T00:02:24.341+0000] {dagbag.py:538} INFO - Filling up the DagBag from /home/airflow/.local/lib/python3.7/site-packages/airflow/example_dags/example_datasets.py
[2026-10-01T00:02:24.364+0000] {processor.py:753} INFO - DAG(s) dict_keys(['dataset_consumes_unknown_never_scheduled', 'dataset_consumes_1_and_2', 'dataset_consumes_1_never_scheduled', 'dataset_produces_2', 'dataset_produces_1', 'dataset_consumes_1']) retrieved from /home/airflow/.local/lib/python3.7/site-packages/airflow/example_dags/example_datasets.py
[2026-10-01T00:02:24.443+0000] {logging_mixin.py:137} INFO - [2026-10-01T00:02:24.443+0000] {dag.py:2676} INFO - Sync 6 DAGs
[2026-10-01T00:02:24.478+0000] {logging_mixin.py:137} INFO - [2026-10-01T00:02:24.478+0000] {dag.py:3427} INFO - Setting next_dagrun for dataset_consumes_1 to None, run_after=None
[2026-10-01T00:02:24.483+0000] {logging_mixin.py:137} INFO - [2026-10-01T00:02:24.483+0000] {dag.py:3427} INFO - Setting next_dagrun for dataset_consumes_1_and_2 to None, run_after=None
[2026-10-01T00:02:24.485+0000] {logging_mixin.py:137} INFO - [2026-10-01T00:02:24.485+0000] {dag.py:3427} INFO - Setting next_dagrun for dataset_consumes_1_never_scheduled to None, run_after=None
[2026-10-01T00:02:24.487+0000] {logging_mixin.py:137} INFO - [2026-10-01T00:02:24.487+0000] {dag.py:3427} INFO - Setting next_dagrun for dataset_consumes_unknown_never_scheduled to None, run_after=None
[2026-10-01T00:02:24.491+0000] {logging_mixin.py:137} INFO - [2026-10-01T00:02:24.490+0000] {dag.py:3427} INFO - Setting next_dagrun for dataset_produces_1 to 2026-09-30T00:00:00+00:00, run_after=2026-10-01T00:00:00+00:00
[2026-10-01T00:02:24.492+0000] {logging_mixin.py:137} INFO - [2026-10-01T00:02:24.492+0000] {dag.py:3427} INFO - Setting next_dagrun for dataset_produces_2 to None, run_after=None
[2026-10-01T00:02:24.543+0000] {processor.py:175} INFO - Processing /home/airflow/.local/lib/python3.7/site-packages/airflow/example_dags/example_datasets.py took 0.207 seconds
[2026-10-01T00:02:54.754+0000] {processor.py:153} INFO - Started process (PID=15391) to work on /home/airflow/.local/lib/python3.7/site-packages/airflow/example_dags/example_datasets.py
[2026-10-01T00:02:54.755+0000] {processor.py:743} INFO - Processing file /home/airflow/.local/lib/python3.7/site-packages/airflow/example_dags/example_datasets.py for tasks to queue
[2026-10-01T00:02:54.756+0000] {logging_mixin.py:137} INFO - [2026-10-01T00:02:54.756+0000] {dagbag.py:538} INFO - Filling up the DagBag from /home/airflow/.local/lib/python3.7/site-packages/airflow/example_dags/example_datasets.py
[2026-10-01T00:02:54.787+0000] {processor.py:753} INFO - DAG(s) dict_keys(['dataset_consumes_1_never_scheduled', 'dataset_produces_1', 'dataset_consumes_1', 'dataset_consumes_1_and_2', 'dataset_produces_2', 'dataset_consumes_unknown_never_scheduled']) retrieved from /home/airflow/.local/lib/python3.7/site-packages/airflow/example_dags/example_datasets.py
[2026-10-01T00:02:54.864+0000] {logging_mixin.py:137} INFO - [2026-10-01T00:02:54.864+0000] {dag.py:2676} INFO - Sync 6 DAGs
[2026-10-01T00:02:54.896+0000] {logging_mixin.py:137} INFO - [2026-10-01T00:02:54.896+0000] {dag.py:3427} INFO - Setting next_dagrun for dataset_consumes_1 to None, run_after=None
[2026-10-01T00:02:54.900+0000] {logging_mixin.py:137} INFO - [2026-10-01T00:02:54.899+0000] {dag.py:3427} INFO - Setting next_dagrun for dataset_consumes_1_and_2 to None, run_after=None
[2026-10-01T00:02:54.901+0000] {logging_mixin.py:137} INFO - [2026-10-01T00:02:54.901+0000] {dag.py:3427} INFO - Setting next_dagrun for dataset_consumes_1_never_scheduled to None, run_after=None
[2026-10-01T00:02:54.902+0000] {logging_mixin.py:137} INFO - [2026-10-01T00:02:54.902+0000] {dag.py:3427} INFO - Setting next_dagrun for dataset_consumes_unknown_never_scheduled to None, run_after=None
[2026-10-01T00:02:54.905+0000] {logging_mixin.py:137} INFO - [2026-10-01T00:02:54.905+0000] {dag.py:3427} INFO - Setting next_dagrun for dataset_produces_1 to 2026-09-30T00:00:00+00:00, run_after=2026-10-01T00:00:00+00:00
[2026-10-01T00:02:54.906+0000] {logging_mixin.py:137} INFO - [2026-10-01T00:02:54.906+0000] {dag.py:3427} INFO - Setting next_dagrun for dataset_produces_2 to None, run_after=None
[2026-10-01T00:02:54.941+0000] {processor.py:175} INFO - Processing /home/airflow/.local/lib/python3.7/site-packages/airflow/example_dags/example_datasets.py took 0.191 seconds
[2026-10-01T00:03:24.999+0000] {processor.py:153} INFO - Started process (PID=15490) to work on /home/airflow/.local/lib/python3.7/site-packages/airflow/example_dags/example_datasets.py
[2026-10-01T00:03:25.001+0000] {processor.py:743} INFO - Processing file /home/airflow/.local/lib/python3.7/site-packages/airflow/example_dags/example_datasets.py for tasks to queue
[2026-10-01T00:03:25.002+0000] {logging_mixin.py:137} INFO - [2026-10-01T00:03:25.002+0000] {dagbag.py:538} INFO - Filling up the DagBag from /home/airflow/.local/lib/python3.7/site-packages/airflow/example_dags/example_datasets.py
[2026-10-01T00:03:25.035+0000] {processor.py:753} INFO - DAG(s) dict_keys(['dataset_consumes_1', 'dataset_consumes_1_never_scheduled', 'dataset_produces_2', 'dataset_consumes_unknown_never_scheduled', 'dataset_consumes_1_and_2', 'dataset_produces_1']) retrieved from /home/airflow/.local/lib/python3.7/site-packages/airflow/example_dags/example_datasets.py
[2026-10-01T00:03:25.123+0000] {logging_mixin.py:137} INFO - [2026-10-01T00:03:25.123+0000] {dag.py:2676} INFO - Sync 6 DAGs
[2026-10-01T00:03:25.186+0000] {logging_mixin.py:137} INFO - [2026-10-01T00:03:25.186+0000] {dag.py:3427} INFO - Setting next_dagrun for dataset_consumes_1 to None, run_after=None
[2026-10-01T00:03:25.191+0000] {logging_mixin.py:137} INFO - [2026-10-01T00:03:25.191+0000] {dag.py:3427} INFO - Setting next_dagrun for dataset_consumes_1_and_2 to None, run_after=None
[2026-10-01T00:03:25.193+0000] {logging_mixin.py:137} INFO - [2026-10-01T00:03:25.192+0000] {dag.py:3427} INFO - Setting next_dagrun for dataset_consumes_1_never_scheduled to None, run_after=None
[2026-10-01T00:03:25.194+0000] {logging_mixin.py:137} INFO - [2026-10-01T00:03:25.194+0000] {dag.py:3427} INFO - Setting next_dagrun for dataset_consumes_unknown_never_scheduled to None, run_after=None
[2026-10-01T00:03:25.199+0000] {logging_mixin.py:137} INFO - [2026-10-01T00:03:25.198+0000] {dag.py:3427} INFO - Setting next_dagrun for dataset_produces_1 to 2026-09-30T00:00:00+00:00, run_after=2026-10-01T00:00:00+00:00
[2026-10-01T00:03:25.200+0000] {logging_mixin.py:137} INFO - [2026-10-01T00:03:25.200+0000] {dag.py:3427} INFO - Setting next_dagrun for dataset_produces_2 to None, run_after=None
[2026-10-01T00:03:25.243+0000] {processor.py:175} INFO - Processing /home/airflow/.local/lib/python3.7/site-packages/airflow/example_dags/example_datasets.py took 0.249 seconds
[2026-10-01T00:03:55.430+0000] {processor.py:153} INFO - Started process (PID=15569) to work on /home/airflow/.local/lib/python3.7/site-packages/airflow/example_dags/example_datasets.py
[2026-10-01T00:03:55.431+0000] {processor.py:743} INFO - Processing file /home/airflow/.local/lib/python3.7/site-packages/airflow/example_dags/example_datasets.py for tasks to queue
[2026-10-01T00:03:55.432+0000] {logging_mixin.py:137} INFO - [2026-10-01T00:03:55.431+0000] {dagbag.py:538} INFO - Filling up the DagBag from /home/airflow/.local/lib/python3.7/site-packages/airflow/example_dags/example_datasets.py
[2026-10-01T00:03:55.453+0000] {processor.py:753} INFO - DAG(s) dict_keys(['dataset_consumes_1_never_scheduled', 'dataset_consumes_1_and_2', 'dataset_consumes_1', 'dataset_consumes_unknown_never_scheduled', 'dataset_produces_2', 'dataset_produces_1']) retrieved from /home/airflow/.local/lib/python3.7/site-packages/airflow/example_dags/example_datasets.py
[2026-10-01T00:03:55.514+0000] {logging_mixin.py:137} INFO - [2026-10-01T00:03:55.514+0000] {dag.py:2676} INFO - Sync 6 DAGs
[2026-10-01T00:03:55.553+0000] {logging_mixin.py:137} INFO - [2026-10-01T00:03:55.552+0000] {dag.py:3427} INFO - Setting next_dagrun for dataset_consumes_1 to None, run_after=None
[2026-10-01T00:03:55.557+0000] {logging_mixin.py:137} INFO - [2026-10-01T00:03:55.557+0000] {dag.py:3427} INFO - Setting next_dagrun for dataset_consumes_1_and_2 to None, run_after=None
[2026-10-01T00:03:55.558+0000] {logging_mixin.py:137} INFO - [2026-10-01T00:03:55.558+0000] {dag.py:3427} INFO - Setting next_dagrun for dataset_consumes_1_never_scheduled to None, run_after=None
[2026-10-01T00:03:55.560+0000] {logging_mixin.py:137} INFO - [2026-10-01T00:03:55.560+0000] {dag.py:3427} INFO - Setting next_dagrun for dataset_consumes_unknown_never_scheduled to None, run_after=None
[2026-10-01T00:03:55.563+0000] {logging_mixin.py:137} INFO - [2026-10-01T00:03:55.563+0000] {dag.py:3427} INFO - Setting next_dagrun for dataset_produces_1 to 2026-09-30T00:00:00+00:00, run_after=2026-10-01T00:00:00+00:00
[2026-10-01T00:03:55.564+0000] {logging_mixin.py:137} INFO - [2026-10-01T00:03:55.564+0000] {dag.py:3427} INFO - Setting next_dagrun for dataset_produces_2 to None, run_after=None
[2026-10-01T00:03:55.600+0000] {processor.py:175} INFO - Processing /home/airflow/.local/lib/python3.7/site-packages/airflow/example_dags/example_datasets.py took 0.174 seconds
[2026-10-01T00:04:25.713+0000] {processor.py:153} INFO - Started process (PID=15647) to work on /home/airflow/.local/lib/python3.7/site-packages/airflow/example_dags/example_datasets.py
[2026-10-01T00:04:25.715+0000] {processor.py:743} INFO - Processing file /home/airflow/.local/lib/python3.7/site-packages/airflow/example_dags/example_datasets.py for tasks to queue
[2026-10-01T00:04:25.716+0000] {logging_mixin.py:137} INFO - [2026-10-01T00:04:25.716+0000] {dagbag.py:538} INFO - Filling up the DagBag from /home/airflow/.local/lib/python3.7/site-packages/airflow/example_dags/example_datasets.py
[2026-10-01T00:04:25.739+0000] {processor.py:753} INFO - DAG(s) dict_keys(['dataset_consumes_1', 'dataset_consumes_unknown_never_scheduled', 'dataset_produces_2', 'dataset_produces_1', 'dataset_consumes_1_and_2', 'dataset_consumes_1_never_scheduled']) retrieved from /home/airflow/.local/lib/python3.7/site-packages/airflow/example_dags/example_datasets.py
[2026-10-01T00:04:25.807+0000] {logging_mixin.py:137} INFO - [2026-10-01T00:04:25.807+0000] {dag.py:2676} INFO - Sync 6 DAGs
[2026-10-01T00:04:25.838+0000] {logging_mixin.py:137} INFO - [2026-10-01T00:04:25.838+0000] {dag.py:3427} INFO - Setting next_dagrun for dataset_consumes_1 to None, run_after=None
[2026-10-01T00:04:25.842+0000] {logging_mixin.py:137} INFO - [2026-10-01T00:04:25.842+0000] {dag.py:3427} INFO - Setting next_dagrun for dataset_consumes_1_and_2 to None, run_after=None
[2026-10-01T00:04:25.843+0000] {logging_mixin.py:137} INFO - [2026-10-01T00:04:25.843+0000] {dag.py:3427} INFO - Setting next_dagrun for dataset_consumes_1_never_scheduled to None, run_after=None
[2026-10-01T00:04:25.844+0000] {logging_mixin.py:137} INFO - [2026-10-01T00:04:25.844+0000] {dag.py:3427} INFO - Setting next_dagrun for dataset_consumes_unknown_never_scheduled to None, run_after=None
[2026-10-01T00:04:25.848+0000] {logging_mixin.py:137} INFO - [2026-10-01T00:04:25.847+0000] {dag.py:3427} INFO - Setting next_dagrun for dataset_produces_1 to 2026-09-30T00:00:00+00:00, run_after=2026-10-01T00:00:00+00:00
[2026-10-01T00:04:25.849+0000] {logging_mixin.py:137} INFO - [2026-10-01T00:04:25.849+0000] {dag.py:3427} INFO - Setting next_dagrun for dataset_produces_2 to None, run_after=None
[2026-10-01T00:04:25.884+0000] {processor.py:175} INFO - Processing /home/airflow/.local/lib/python3.7/site-packages/airflow/example_dags/example_datasets.py took 0.175 seconds
[2026-10-01T00:04:56.703+0000] {processor.py:153} INFO - Started process (PID=15726) to work on /home/airflow/.local/lib/python3.7/site-packages/airflow/example_dags/example_datasets.py
[2026-10-01T00:04:56.704+0000] {processor.py:743} INFO - Processing file /home/airflow/.local/lib/python3.7/site-packages/airflow/example_dags/example_datasets.py for tasks to queue
[2026-10-01T00:04:56.704+0000] {logging_mixin.py:137} INFO - [2026-10-01T00:04:56.704+0000] {dagbag.py:538} INFO - Filling up the DagBag from /home/airflow/.local/lib/python3.7/site-packages/airflow/example_dags/example_datasets.py
[2026-10-01T00:04:56.728+0000] {processor.py:753} INFO - DAG(s) dict_keys(['dataset_produces_2', 'dataset_consumes_1_and_2', 'dataset_consumes_1_never_scheduled', 'dataset_produces_1', 'dataset_consumes_1', 'dataset_consumes_unknown_never_scheduled']) retrieved from /home/airflow/.local/lib/python3.7/site-packages/airflow/example_dags/example_datasets.py
[2026-10-01T00:04:56.796+0000] {logging_mixin.py:137} INFO - [2026-10-01T00:04:56.795+0000] {dag.py:2676} INFO - Sync 6 DAGs
[2026-10-01T00:04:56.830+0000] {logging_mixin.py:137} INFO - [2026-10-01T00:04:56.830+0000] {dag.py:3427} INFO - Setting next_dagrun for dataset_consumes_1 to None, run_after=None
[2026-10-01T00:04:56.834+0000] {logging_mixin.py:137} INFO - [2026-10-01T00:04:56.834+0000] {dag.py:3427} INFO - Setting next_dagrun for dataset_consumes_1_and_2 to None, run_after=None
[2026-10-01T00:04:56.836+0000] {logging_mixin.py:137} INFO - [2026-10-01T00:04:56.835+0000] {dag.py:3427} INFO - Setting next_dagrun for dataset_consumes_1_never_scheduled to None, run_after=None
[2026-10-01T00:04:56.837+0000] {logging_mixin.py:137} INFO - [2026-10-01T00:04:56.837+0000] {dag.py:3427} INFO - Setting next_dagrun for dataset_consumes_unknown_never_scheduled to None, run_after=None
[2026-10-01T00:04:56.840+0000] {logging_mixin.py:137} INFO - [2026-10-01T00:04:56.840+0000] {dag.py:3427} INFO - Setting next_dagrun for dataset_produces_1 to 2026-09-30T00:00:00+00:00, run_after=2026-10-01T00:00:00+00:00
[2026-10-01T00:04:56.841+0000] {logging_mixin.py:137} INFO - [2026-10-01T00:04:56.841+0000] {dag.py:3427} INFO - Setting next_dagrun for dataset_produces_2 to None, run_after=None
[2026-10-01T00:04:56.879+0000] {processor.py:175} INFO - Processing /home/airflow/.local/lib/python3.7/site-packages/airflow/example_dags/example_datasets.py took 0.180 seconds
[2026-10-01T00:05:26.943+0000] {processor.py:153} INFO - Started process (PID=15825) to work on /home/airflow/.local/lib/python3.7/site-packages/airflow/example_dags/example_datasets.py
[2026-10-01T00:05:26.945+0000] {processor.py:743} INFO - Processing file /home/airflow/.local/lib/python3.7/site-packages/airflow/example_dags/example_datasets.py for tasks to queue
[2026-10-01T00:05:26.946+0000] {logging_mixin.py:137} INFO - [2026-10-01T00:05:26.946+0000] {dagbag.py:538} INFO - Filling up the DagBag from /home/airflow/.local/lib/python3.7/site-packages/airflow/example_dags/example_datasets.py
[2026-10-01T00:05:26.969+0000] {processor.py:753} INFO - DAG(s) dict_keys(['dataset_consumes_1', 'dataset_consumes_1_and_2', 'dataset_produces_1', 'dataset_consumes_unknown_never_scheduled', 'dataset_consumes_1_never_scheduled', 'dataset_produces_2']) retrieved from /home/airflow/.local/lib/python3.7/site-packages/airflow/example_dags/example_datasets.py
[2026-10-01T00:05:27.043+0000] {logging_mixin.py:137} INFO - [2026-10-01T00:05:27.043+0000] {dag.py:2676} INFO - Sync 6 DAGs
[2026-10-01T00:05:27.098+0000] {logging_mixin.py:137} INFO - [2026-10-01T00:05:27.098+0000] {dag.py:3427} INFO - Setting next_dagrun for dataset_consumes_1 to None, run_after=None
[2026-10-01T00:05:27.104+0000] {logging_mixin.py:137} INFO - [2026-10-01T00:05:27.104+0000] {dag.py:3427} INFO - Setting next_dagrun for dataset_consumes_1_and_2 to None, run_after=None
[2026-10-01T00:05:27.106+0000] {logging_mixin.py:137} INFO - [2026-10-01T00:05:27.106+0000] {dag.py:3427} INFO - Setting next_dagrun for dataset_consumes_1_never_scheduled to None, run_after=None
[2026-10-01T00:05:27.109+0000] {logging_mixin.py:137} INFO - [2026-10-01T00:05:27.109+0000] {dag.py:3427} INFO - Setting next_dagrun for dataset_consumes_unknown_never_scheduled to None, run_after=None
[2026-10-01T00:05:27.112+0000] {logging_mixin.py:137} INFO - [2026-10-01T00:05:27.112+0000] {dag.py:3427} INFO - Setting next_dagrun for dataset_produces_1 to 2026-09-30T00:00:00+00:00, run_after=2026-10-01T00:00:00+00:00
[2026-10-01T00:05:27.114+0000] {logging_mixin.py:137} INFO - [2026-10-01T00:05:27.113+0000] {dag.py:3427} INFO - Setting next_dagrun for dataset_produces_2 to None, run_after=None
[2026-10-01T00:05:27.151+0000] {processor.py:175} INFO - Processing /home/airflow/.local/lib/python3.7/site-packages/airflow/example_dags/example_datasets.py took 0.214 seconds
[2026-10-01T00:05:57.302+0000] {processor.py:153} INFO - Started process (PID=15904) to work on /home/airflow/.local/lib/python3.7/site-packages/airflow/example_dags/example_datasets.py
[2026-10-01T00:05:57.302+0000] {processor.py:743} INFO - Processing file /home/airflow/.local/lib/python3.7/site-packages/airflow/example_dags/example_datasets.py for tasks to queue
[2026-10-01T00:05:57.303+0000] {logging_mixin.py:137} INFO - [2026-10-01T00:05:57.303+0000] {dagbag.py:538} INFO - Filling up the DagBag from /home/airflow/.local/lib/python3.7/site-packages/airflow/example_dags/example_datasets.py
[2026-10-01T00:05:57.327+0000] {processor.py:753} INFO - DAG(s) dict_keys(['dataset_consumes_unknown_never_scheduled', 'dataset_consumes_1', 'dataset_consumes_1_never_scheduled', 'dataset_produces_2', 'dataset_produces_1', 'dataset_consumes_1_and_2']) retrieved from /home/airflow/.local/lib/python3.7/site-packages/airflow/example_dags/example_datasets.py
[2026-10-01T00:05:57.395+0000] {logging_mixin.py:137} INFO - [2026-10-01T00:05:57.395+0000] {dag.py:2676} INFO - Sync 6 DAGs
[2026-10-01T00:05:57.429+0000] {logging_mixin.py:137} INFO - [2026-10-01T00:05:57.428+0000] {dag.py:3427} INFO - Setting next_dagrun for dataset_consumes_1 to None, run_after=None
[2026-10-01T00:05:57.433+0000] {logging_mixin.py:137} INFO - [2026-10-01T00:05:57.432+0000] {dag.py:3427} INFO - Setting next_dagrun for dataset_consumes_1_and_2 to None, run_after=None
[2026-10-01T00:05:57.434+0000] {logging_mixin.py:137} INFO - [2026-10-01T00:05:57.434+0000] {dag.py:3427} INFO - Setting next_dagrun for dataset_consumes_1_never_scheduled to None, run_after=None
[2026-10-01T00:05:57.435+0000] {logging_mixin.py:137} INFO - [2026-10-01T00:05:57.435+0000] {dag.py:3427} INFO - Setting next_dagrun for dataset_consumes_unknown_never_scheduled to None, run_after=None
[2026-10-01T00:05:57.438+0000] {logging_mixin.py:137} INFO - [2026-10-01T00:05:57.438+0000] {dag.py:3427} INFO - Setting next_dagrun for dataset_produces_1 to 2026-09-30T00:00:00+00:00, run_after=2026-10-01T00:00:00+00:00
[2026-10-01T00:05:57.439+0000] {logging_mixin.py:137} INFO - [2026-10-01T00:05:57.439+0000] {dag.py:3427} INFO - Setting next_dagrun for dataset_produces_2 to None, run_after=None
[2026-10-01T00:05:57.477+0000] {processor.py:175} INFO - Processing /home/airflow/.local/lib/python3.7/site-packages/airflow/example_dags/example_datasets.py took 0.179 seconds
[2026-10-01T00:06:27.570+0000] {processor.py:153} INFO - Started process (PID=15983) to work on /home/airflow/.local/lib/python3.7/site-packages/airflow/example_dags/example_datasets.py
[2026-10-01T00:06:27.571+0000] {processor.py:743} INFO - Processing file /home/airflow/.local/lib/python3.7/site-packages/airflow/example_dags/example_datasets.py for tasks to queue
[2026-10-01T00:06:27.573+0000] {logging_mixin.py:137} INFO - [2026-10-01T00:06:27.572+0000] {dagbag.py:538} INFO - Filling up the DagBag from /home/airflow/.local/lib/python3.7/site-packages/airflow/example_dags/example_datasets.py
[2026-10-01T00:06:27.606+0000] {processor.py:753} INFO - DAG(s) dict_keys(['dataset_consumes_unknown_never_scheduled', 'dataset_consumes_1_and_2', 'dataset_consumes_1_never_scheduled', 'dataset_produces_2', 'dataset_produces_1', 'dataset_consumes_1']) retrieved from /home/airflow/.local/lib/python3.7/site-packages/airflow/example_dags/example_datasets.py
[2026-10-01T00:06:27.672+0000] {logging_mixin.py:137} INFO - [2026-10-01T00:06:27.672+0000] {dag.py:2676} INFO - Sync 6 DAGs
[2026-10-01T00:06:27.706+0000] {logging_mixin.py:137} INFO - [2026-10-01T00:06:27.706+0000] {dag.py:3427} INFO - Setting next_dagrun for dataset_consumes_1 to None, run_after=None
[2026-10-01T00:06:27.710+0000] {logging_mixin.py:137} INFO - [2026-10-01T00:06:27.710+0000] {dag.py:3427} INFO - Setting next_dagrun for dataset_consumes_1_and_2 to None, run_after=None
[2026-10-01T00:06:27.711+0000] {logging_mixin.py:137} INFO - [2026-10-01T00:06:27.711+0000] {dag.py:3427} INFO - Setting next_dagrun for dataset_consumes_1_never_scheduled to None, run_after=None
[2026-10-01T00:06:27.712+0000] {logging_mixin.py:137} INFO - [2026-10-01T00:06:27.712+0000] {dag.py:3427} INFO - Setting next_dagrun for dataset_consumes_unknown_never_scheduled to None, run_after=None
[2026-10-01T00:06:27.715+0000] {logging_mixin.py:137} INFO - [2026-10-01T00:06:27.715+0000] {dag.py:3427} INFO - Setting next_dagrun for dataset_produces_1 to 2026-09-30T00:00:00+00:00, run_after=2026-10-01T00:00:00+00:00
[2026-10-01T00:06:27.716+0000] {logging_mixin.py:137} INFO - [2026-10-01T00:06:27.716+0000] {dag.py:3427} INFO - Setting next_dagrun for dataset_produces_2 to None, run_after=None
[2026-10-01T00:06:27.752+0000] {processor.py:175} INFO - Processing /home/airflow/.local/lib/python3.7/site-packages/airflow/example_dags/example_datasets.py took 0.188 seconds
[2026-10-01T00:06:57.901+0000] {processor.py:153} INFO - Started process (PID=16062) to work on /home/airflow/.local/lib/python3.7/site-packages/airflow/example_dags/example_datasets.py
[2026-10-01T00:06:57.902+0000] {processor.py:743} INFO - Processing file /home/airflow/.local/lib/python3.7/site-packages/airflow/example_dags/example_datasets.py for tasks to queue
[2026-10-01T00:06:57.903+0000] {logging_mixin.py:137} INFO - [2026-10-01T00:06:57.903+0000] {dagbag.py:538} INFO - Filling up the DagBag from /home/airflow/.local/lib/python3.7/site-packages/airflow/example_dags/example_datasets.py
[2026-10-01T00:06:57.937+0000] {processor.py:753} INFO - DAG(s) dict_keys(['dataset_produces_1', 'dataset_consumes_unknown_never_scheduled', 'dataset_consumes_1', 'dataset_consumes_1_never_scheduled', 'dataset_consumes_1_and_2', 'dataset_produces_2']) retrieved from /home/airflow/.local/lib/python3.7/site-packages/airflow/example_dags/example_datasets.py
[2026-10-01T00:06:58.028+0000] {logging_mixin.py:137} INFO - [2026-10-01T00:06:58.027+0000] {dag.py:2676} INFO - Sync 6 DAGs
[2026-10-01T00:06:58.081+0000] {logging_mixin.py:137} INFO - [2026-10-01T00:06:58.080+0000] {dag.py:3427} INFO - Setting next_dagrun for dataset_consumes_1 to None, run_after=None
[2026-10-01T00:06:58.087+0000] {logging_mixin.py:137} INFO - [2026-10-01T00:06:58.087+0000] {dag.py:3427} INFO - Setting next_dagrun for dataset_consumes_1_and_2 to None, run_after=None
[2026-10-01T00:06:58.090+0000] {logging_mixin.py:137} INFO - [2026-10-01T00:06:58.090+0000] {dag.py:3427} INFO - Setting next_dagrun for dataset_consumes_1_never_scheduled to None, run_after=None
[2026-10-01T00:06:58.092+0000] {logging_mixin.py:137} INFO - [2026-10-01T00:06:58.092+0000] {dag.py:3427} INFO - Setting next_dagrun for dataset_consumes_unknown_never_scheduled to None, run_after=None
[2026-10-01T00:06:58.097+0000] {logging_mixin.py:137} INFO - [2026-10-01T00:06:58.097+0000] {dag.py:3427} INFO - Setting next_dagrun for dataset_produces_1 to 2026-09-30T00:00:00+00:00, run_after=2026-10-01T00:00:00+00:00
[2026-10-01T00:06:58.099+0000] {logging_mixin.py:137} INFO - [2026-10-01T00:06:58.098+0000] {dag.py:3427} INFO - Setting next_dagrun for dataset_produces_2 to None, run_after=None
[2026-10-01T00:06:58.142+0000] {processor.py:175} INFO - Processing /home/airflow/.local/lib/python3.7/site-packages/airflow/example_dags/example_datasets.py took 0.247 seconds
[2026-10-01T00:07:28.231+0000] {processor.py:153} INFO - Started process (PID=16161) to work on /home/airflow/.local/lib/python3.7/site-packages/airflow/example_dags/example_datasets.py
[2026-10-01T00:07:28.232+0000] {processor.py:743} INFO - Processing file /home/airflow/.local/lib/python3.7/site-packages/airflow/example_dags/example_datasets.py for tasks to queue
[2026-10-01T00:07:28.233+0000] {logging_mixin.py:137} INFO - [2026-10-01T00:07:28.233+0000] {dagbag.py:538} INFO - Filling up the DagBag from /home/airflow/.local/lib/python3.7/site-packages/airflow/example_dags/example_datasets.py
[2026-10-01T00:07:28.258+0000] {processor.py:753} INFO - DAG(s) dict_keys(['dataset_produces_1', 'dataset_consumes_1_never_scheduled', 'dataset_consumes_unknown_never_scheduled', 'dataset_consumes_1', 'dataset_consumes_1_and_2', 'dataset_produces_2']) retrieved from /home/airflow/.local/lib/python3.7/site-packages/airflow/example_dags/example_datasets.py
[2026-10-01T00:07:28.330+0000] {logging_mixin.py:137} INFO - [2026-10-01T00:07:28.330+0000] {dag.py:2676} INFO - Sync 6 DAGs
[2026-10-01T00:07:28.365+0000] {logging_mixin.py:137} INFO - [2026-10-01T00:07:28.365+0000] {dag.py:3427} INFO - Setting next_dagrun for dataset_consumes_1 to None, run_after=None
[2026-10-01T00:07:28.370+0000] {logging_mixin.py:137} INFO - [2026-10-01T00:07:28.370+0000] {dag.py:3427} INFO - Setting next_dagrun for dataset_consumes_1_and_2 to None, run_after=None
[2026-10-01T00:07:28.372+0000] {logging_mixin.py:137} INFO - [2026-10-01T00:07:28.371+0000] {dag.py:3427} INFO - Setting next_dagrun for dataset_consumes_1_never_scheduled to None, run_after=None
[2026-10-01T00:07:28.373+0000] {logging_mixin.py:137} INFO - [2026-10-01T00:07:28.373+0000] {dag.py:3427} INFO - Setting next_dagrun for dataset_consumes_unknown_never_scheduled to None, run_after=None
[2026-10-01T00:07:28.376+0000] {logging_mixin.py:137} INFO - [2026-10-01T00:07:28.376+0000] {dag.py:3427} INFO - Setting next_dagrun for dataset_produces_1 to 2026-09-30T00:00:00+00:00, run_after=2026-10-01T00:00:00+00:00
[2026-10-01T00:07:28.378+0000] {logging_mixin.py:137} INFO - [2026-10-01T00:07:28.378+0000] {dag.py:3427} INFO - Setting next_dagrun for dataset_produces_2 to None, run_after=None
[2026-10-01T00:07:28.419+0000] {processor.py:175} INFO - Processing /home/airflow/.local/lib/python3.7/site-packages/airflow/example_dags/example_datasets.py took 0.192 seconds
[2026-10-01T00:07:58.622+0000] {processor.py:153} INFO - Started process (PID=16240) to work on /home/airflow/.local/lib/python3.7/site-packages/airflow/example_dags/example_datasets.py
[2026-10-01T00:07:58.623+0000] {processor.py:743} INFO - Processing file /home/airflow/.local/lib/python3.7/site-packages/airflow/example_dags/example_datasets.py for tasks to queue
[2026-10-01T00:07:58.623+0000] {logging_mixin.py:137} INFO - [2026-10-01T00:07:58.623+0000] {dagbag.py:538} INFO - Filling up the DagBag from /home/airflow/.local/lib/python3.7/site-packages/airflow/example_dags/example_datasets.py
[2026-10-01T00:07:58.645+0000] {processor.py:753} INFO - DAG(s) dict_keys(['dataset_produces_1', 'dataset_produces_2', 'dataset_consumes_1', 'dataset_consumes_1_never_scheduled', 'dataset_consumes_unknown_never_scheduled', 'dataset_consumes_1_and_2']) retrieved from /home/airflow/.local/lib/python3.7/site-packages/airflow/example_dags/example_datasets.py
[2026-10-01T00:07:58.710+0000] {logging_mixin.py:137} INFO - [2026-10-01T00:07:58.709+0000] {dag.py:2676} INFO - Sync 6 DAGs
[2026-10-01T00:07:58.743+0000] {logging_mixin.py:137} INFO - [2026-10-01T00:07:58.742+0000] {dag.py:3427} INFO - Setting next_dagrun for dataset_consumes_1 to None, run_after=None
[2026-10-01T00:07:58.746+0000] {logging_mixin.py:137} INFO - [2026-10-01T00:07:58.746+0000] {dag.py:3427} INFO - Setting next_dagrun for dataset_consumes_1_and_2 to None, run_after=None
[2026-10-01T00:07:58.747+0000] {logging_mixin.py:137} INFO - [2026-10-01T00:07:58.747+0000] {dag.py:3427} INFO - Setting next_dagrun for dataset_consumes_1_never_scheduled to None, run_after=None
[2026-10-01T00:07:58.749+0000] {logging_mixin.py:137} INFO - [2026-10-01T00:07:58.748+0000] {dag.py:3427} INFO - Setting next_dagrun for dataset_consumes_unknown_never_scheduled to None, run_after=None
[2026-10-01T00:07:58.752+0000] {logging_mixin.py:137} INFO - [2026-10-01T00:07:58.752+0000] {dag.py:3427} INFO - Setting next_dagrun for dataset_produces_1 to 2026-09-30T00:00:00+00:00, run_after=2026-10-01T00:00:00+00:00
[2026-10-01T00:07:58.753+0000] {logging_mixin.py:137} INFO - [2026-10-01T00:07:58.753+0000] {dag.py:3427} INFO - Setting next_dagrun for dataset_produces_2 to None, run_after=None
[2026-10-01T00:07:58.789+0000] {processor.py:175} INFO - Processing /home/airflow/.local/lib/python3.7/site-packages/airflow/example_dags/example_datasets.py took 0.171 seconds
[2026-10-01T00:08:29.170+0000] {processor.py:153} INFO - Started process (PID=16319) to work on /home/airflow/.local/lib/python3.7/site-packages/airflow/example_dags/example_datasets.py
[2026-10-01T00:08:29.172+0000] {processor.py:743} INFO - Processing file /home/airflow/.local/lib/python3.7/site-packages/airflow/example_dags/example_datasets.py for tasks to queue
[2026-10-01T00:08:29.173+0000] {logging_mixin.py:137} INFO - [2026-10-01T00:08:29.173+0000] {dagbag.py:538} INFO - Filling up the DagBag from /home/airflow/.local/lib/python3.7/site-packages/airflow/example_dags/example_datasets.py
[2026-10-01T00:08:29.197+0000] {processor.py:753} INFO - DAG(s) dict_keys(['dataset_produces_2', 'dataset_consumes_unknown_never_scheduled', 'dataset_produces_1', 'dataset_consumes_1', 'dataset_consumes_1_never_scheduled', 'dataset_consumes_1_and_2']) retrieved from /home/airflow/.local/lib/python3.7/site-packages/airflow/example_dags/example_datasets.py
[2026-10-01T00:08:29.262+0000] {logging_mixin.py:137} INFO - [2026-10-01T00:08:29.261+0000] {dag.py:2676} INFO - Sync 6 DAGs
[2026-10-01T00:08:29.294+0000] {logging_mixin.py:137} INFO - [2026-10-01T00:08:29.294+0000] {dag.py:3427} INFO - Setting next_dagrun for dataset_consumes_1 to None, run_after=None
[2026-10-01T00:08:29.298+0000] {logging_mixin.py:137} INFO - [2026-10-01T00:08:29.298+0000] {dag.py:3427} INFO - Setting next_dagrun for dataset_consumes_1_and_2 to None, run_after=None
[2026-10-01T00:08:29.299+0000] {logging_mixin.py:137} INFO - [2026-10-01T00:08:29.299+0000] {dag.py:3427} INFO - Setting next_dagrun for dataset_consumes_1_never_scheduled to None, run_after=None
[2026-10-01T00:08:29.303+0000] {logging_mixin.py:137} INFO - [2026-10-01T00:08:29.303+0000] {dag.py:3427} INFO - Setting next_dagrun for dataset_consumes_unknown_never_scheduled to None, run_after=None
[2026-10-01T00:08:29.306+0000] {logging_mixin.py:137} INFO - [2026-10-01T00:08:29.306+0000] {dag.py:3427} INFO - Setting next_dagrun for dataset_produces_1 to 2026-09-30T00:00:00+00:00, run_after=2026-10-01T00:00:00+00:00
[2026-10-01T00:08:29.307+0000] {logging_mixin.py:137} INFO - [2026-10-01T00:08:29.307+0000] {dag.py:3427} INFO - Setting next_dagrun for dataset_produces_2 to None, run_after=None
[2026-10-01T00:08:29.347+0000] {processor.py:175} INFO - Processing /home/airflow/.local/lib/python3.7/site-packages/airflow/example_dags/example_datasets.py took 0.182 seconds
[2026-10-01T00:08:59.711+0000] {processor.py:153} INFO - Started process (PID=16405) to work on /home/airflow/.local/lib/python3.7/site-packages/airflow/example_dags/example_datasets.py
[2026-10-01T00:08:59.712+0000] {processor.py:743} INFO - Processing file /home/airflow/.local/lib/python3.7/site-packages/airflow/example_dags/example_datasets.py for tasks to queue
[2026-10-01T00:08:59.712+0000] {logging_mixin.py:137} INFO - [2026-10-01T00:08:59.712+0000] {dagbag.py:538} INFO - Filling up the DagBag from /home/airflow/.local/lib/python3.7/site-packages/airflow/example_dags/example_datasets.py
[2026-10-01T00:08:59.734+0000] {processor.py:753} INFO - DAG(s) dict_keys(['dataset_consumes_unknown_never_scheduled', 'dataset_consumes_1', 'dataset_produces_1', 'dataset_consumes_1_never_scheduled', 'dataset_consumes_1_and_2', 'dataset_produces_2']) retrieved from /home/airflow/.local/lib/python3.7/site-packages/airflow/example_dags/example_datasets.py
[2026-10-01T00:08:59.802+0000] {logging_mixin.py:137} INFO - [2026-10-01T00:08:59.802+0000] {dag.py:2676} INFO - Sync 6 DAGs
[2026-10-01T00:08:59.834+0000] {logging_mixin.py:137} INFO - [2026-10-01T00:08:59.834+0000] {dag.py:3427} INFO - Setting next_dagrun for dataset_consumes_1 to None, run_after=None
[2026-10-01T00:08:59.839+0000] {logging_mixin.py:137} INFO - [2026-10-01T00:08:59.838+0000] {dag.py:3427} INFO - Setting next_dagrun for dataset_consumes_1_and_2 to None, run_after=None
[2026-10-01T00:08:59.840+0000] {logging_mixin.py:137} INFO - [2026-10-01T00:08:59.840+0000] {dag.py:3427} INFO - Setting next_dagrun for dataset_consumes_1_never_scheduled to None, run_after=None
[2026-10-01T00:08:59.841+0000] {logging_mixin.py:137} INFO - [2026-10-01T00:08:59.841+0000] {dag.py:3427} INFO - Setting next_dagrun for dataset_consumes_unknown_never_scheduled to None, run_after=None
[2026-10-01T00:08:59.844+0000] {logging_mixin.py:137} INFO - [2026-10-01T00:08:59.844+0000] {dag.py:3427} INFO - Setting next_dagrun for dataset_produces_1 to 2026-09-30T00:00:00+00:00, run_after=2026-10-01T00:00:00+00:00
[2026-10-01T00:08:59.846+0000] {logging_mixin.py:137} INFO - [2026-10-01T00:08:59.846+0000] {dag.py:3427} INFO - Setting next_dagrun for dataset_produces_2 to None, run_after=None
[2026-10-01T00:08:59.888+0000] {processor.py:175} INFO - Processing /home/airflow/.local/lib/python3.7/site-packages/airflow/example_dags/example_datasets.py took 0.181 seconds
[2026-10-01T00:09:29.979+0000] {processor.py:153} INFO - Started process (PID=16497) to work on /home/airflow/.local/lib/python3.7/site-packages/airflow/example_dags/example_datasets.py
[2026-10-01T00:09:29.980+0000] {processor.py:743} INFO - Processing file /home/airflow/.local/lib/python3.7/site-packages/airflow/example_dags/example_datasets.py for tasks to queue
[2026-10-01T00:09:29.981+0000] {logging_mixin.py:137} INFO - [2026-10-01T00:09:29.981+0000] {dagbag.py:538} INFO - Filling up the DagBag from /home/airflow/.local/lib/python3.7/site-packages/airflow/example_dags/example_datasets.py
[2026-10-01T00:09:30.004+0000] {processor.py:753} INFO - DAG(s) dict_keys(['dataset_consumes_1_never_scheduled', 'dataset_consumes_1', 'dataset_consumes_unknown_never_scheduled', 'dataset_produces_1', 'dataset_consumes_1_and_2', 'dataset_produces_2']) retrieved from /home/airflow/.local/lib/python3.7/site-packages/airflow/example_dags/example_datasets.py
[2026-10-01T00:09:30.075+0000] {logging_mixin.py:137} INFO - [2026-10-01T00:09:30.075+0000] {dag.py:2676} INFO - Sync 6 DAGs
[2026-10-01T00:09:30.115+0000] {logging_mixin.py:137} INFO - [2026-10-01T00:09:30.115+0000] {dag.py:3427} INFO - Setting next_dagrun for dataset_consumes_1 to None, run_after=None
[2026-10-01T00:09:30.120+0000] {logging_mixin.py:137} INFO - [2026-10-01T00:09:30.120+0000] {dag.py:3427} INFO - Setting next_dagrun for dataset_consumes_1_and_2 to None, run_after=None
[2026-10-01T00:09:30.121+0000] {logging_mixin.py:137} INFO - [2026-10-01T00:09:30.121+0000] {dag.py:3427} INFO - Setting next_dagrun for dataset_consumes_1_never_scheduled to None, run_after=None
[2026-10-01T00:09:30.122+0000] {logging_mixin.py:137} INFO - [2026-10-01T00:09:30.122+0000] {dag.py:3427} INFO - Setting next_dagrun for dataset_consumes_unknown_never_scheduled to None, run_after=None
[2026-10-01T00:09:30.125+0000] {logging_mixin.py:137} INFO - [2026-10-01T00:09:30.125+0000] {dag.py:3427} INFO - Setting next_dagrun for dataset_produces_1 to 2026-09-30T00:00:00+00:00, run_after=2026-10-01T00:00:00+00:00
[2026-10-01T00:09:30.127+0000] {logging_mixin.py:137} INFO - [2026-10-01T00:09:30.127+0000] {dag.py:3427} INFO - Setting next_dagrun for dataset_produces_2 to None, run_after=None
[2026-10-01T00:09:30.165+0000] {processor.py:175} INFO - Processing /home/airflow/.local/lib/python3.7/site-packages/airflow/example_dags/example_datasets.py took 0.190 seconds
[2026-10-01T00:10:00.302+0000] {processor.py:153} INFO - Started process (PID=16576) to work on /home/airflow/.local/lib/python3.7/site-packages/airflow/example_dags/example_datasets.py
[2026-10-01T00:10:00.303+0000] {processor.py:743} INFO - Processing file /home/airflow/.local/lib/python3.7/site-packages/airflow/example_dags/example_datasets.py for tasks to queue
[2026-10-01T00:10:00.304+0000] {logging_mixin.py:137} INFO - [2026-10-01T00:10:00.304+0000] {dagbag.py:538} INFO - Filling up the DagBag from /home/airflow/.local/lib/python3.7/site-packages/airflow/example_dags/example_datasets.py
[2026-10-01T00:10:00.329+0000] {processor.py:753} INFO - DAG(s) dict_keys(['dataset_produces_2', 'dataset_consumes_1_never_scheduled', 'dataset_produces_1', 'dataset_consumes_1', 'dataset_consumes_unknown_never_scheduled', 'dataset_consumes_1_and_2']) retrieved from /home/airflow/.local/lib/python3.7/site-packages/airflow/example_dags/example_datasets.py
[2026-10-01T00:10:00.420+0000] {logging_mixin.py:137} INFO - [2026-10-01T00:10:00.420+0000] {dag.py:2676} INFO - Sync 6 DAGs
[2026-10-01T00:10:00.463+0000] {logging_mixin.py:137} INFO - [2026-10-01T00:10:00.463+0000] {dag.py:3427} INFO - Setting next_dagrun for dataset_consumes_1 to None, run_after=None
[2026-10-01T00:10:00.469+0000] {logging_mixin.py:137} INFO - [2026-10-01T00:10:00.469+0000] {dag.py:3427} INFO - Setting next_dagrun for dataset_consumes_1_and_2 to None, run_after=None
[2026-10-01T00:10:00.470+0000] {logging_mixin.py:137} INFO - [2026-10-01T00:10:00.470+0000] {dag.py:3427} INFO - Setting next_dagrun for dataset_consumes_1_never_scheduled to None, run_after=None
[2026-10-01T00:10:00.471+0000] {logging_mixin.py:137} INFO - [2026-10-01T00:10:00.471+0000] {dag.py:3427} INFO - Setting next_dagrun for dataset_consumes_unknown_never_scheduled to None, run_after=None
[2026-10-01T00:10:00.474+0000] {logging_mixin.py:137} INFO - [2026-10-01T00:10:00.474+0000] {dag.py:3427} INFO - Setting next_dagrun for dataset_produces_1 to 2026-09-30T00:00:00+00:00, run_after=2026-10-01T00:00:00+00:00
[2026-10-01T00:10:00.476+0000] {logging_mixin.py:137} INFO - [2026-10-01T00:10:00.476+0000] {dag.py:3427} INFO - Setting next_dagrun for dataset_produces_2 to None, run_after=None
[2026-10-01T00:10:00.514+0000] {processor.py:175} INFO - Processing /home/airflow/.local/lib/python3.7/site-packages/airflow/example_dags/example_datasets.py took 0.217 seconds
[2026-10-01T00:10:31.179+0000] {processor.py:153} INFO - Started process (PID=16655) to work on /home/airflow/.local/lib/python3.7/site-packages/airflow/example_dags/example_datasets.py
[2026-10-01T00:10:31.180+0000] {processor.py:743} INFO - Processing file /home/airflow/.local/lib/python3.7/site-packages/airflow/example_dags/example_datasets.py for tasks to queue
[2026-10-01T00:10:31.181+0000] {logging_mixin.py:137} INFO - [2026-10-01T00:10:31.180+0000] {dagbag.py:538} INFO - Filling up the DagBag from /home/airflow/.local/lib/python3.7/site-packages/airflow/example_dags/example_datasets.py
[2026-10-01T00:10:31.203+0000] {processor.py:753} INFO - DAG(s) dict_keys(['dataset_consumes_1_never_scheduled', 'dataset_consumes_1', 'dataset_produces_1', 'dataset_consumes_1_and_2', 'dataset_consumes_unknown_never_scheduled', 'dataset_produces_2']) retrieved from /home/airflow/.local/lib/python3.7/site-packages/airflow/example_dags/example_datasets.py
[2026-10-01T00:10:31.270+0000] {logging_mixin.py:137} INFO - [2026-10-01T00:10:31.270+0000] {dag.py:2676} INFO - Sync 6 DAGs
[2026-10-01T00:10:31.303+0000] {logging_mixin.py:137} INFO - [2026-10-01T00:10:31.303+0000] {dag.py:3427} INFO - Setting next_dagrun for dataset_consumes_1 to None, run_after=None
[2026-10-01T00:10:31.307+0000] {logging_mixin.py:137} INFO - [2026-10-01T00:10:31.307+0000] {dag.py:3427} INFO - Setting next_dagrun for dataset_consumes_1_and_2 to None, run_after=None
[2026-10-01T00:10:31.308+0000] {logging_mixin.py:137} INFO - [2026-10-01T00:10:31.308+0000] {dag.py:3427} INFO - Setting next_dagrun for dataset_consumes_1_never_scheduled to None, run_after=None
[2026-10-01T00:10:31.309+0000] {logging_mixin.py:137} INFO - [2026-10-01T00:10:31.309+0000] {dag.py:3427} INFO - Setting next_dagrun for dataset_consumes_unknown_never_scheduled to None, run_after=None
[2026-10-01T00:10:31.312+0000] {logging_mixin.py:137} INFO - [2026-10-01T00:10:31.312+0000] {dag.py:3427} INFO - Setting next_dagrun for dataset_produces_1 to 2026-09-30T00:00:00+00:00, run_after=2026-10-01T00:00:00+00:00
[2026-10-01T00:10:31.314+0000] {logging_mixin.py:137} INFO - [2026-10-01T00:10:31.314+0000] {dag.py:3427} INFO - Setting next_dagrun for dataset_produces_2 to None, run_after=None
[2026-10-01T00:10:31.351+0000] {processor.py:175} INFO - Processing /home/airflow/.local/lib/python3.7/site-packages/airflow/example_dags/example_datasets.py took 0.177 seconds
[2026-10-01T00:11:01.550+0000] {processor.py:153} INFO - Started process (PID=16734) to work on /home/airflow/.local/lib/python3.7/site-packages/airflow/example_dags/example_datasets.py
[2026-10-01T00:11:01.551+0000] {processor.py:743} INFO - Processing file /home/airflow/.local/lib/python3.7/site-packages/airflow/example_dags/example_datasets.py for tasks to queue
[2026-10-01T00:11:01.551+0000] {logging_mixin.py:137} INFO - [2026-10-01T00:11:01.551+0000] {dagbag.py:538} INFO - Filling up the DagBag from /home/airflow/.local/lib/python3.7/site-packages/airflow/example_dags/example_datasets.py
[2026-10-01T00:11:01.580+0000] {processor.py:753} INFO - DAG(s) dict_keys(['dataset_produces_2', 'dataset_consumes_1_never_scheduled', 'dataset_consumes_1', 'dataset_produces_1', 'dataset_consumes_unknown_never_scheduled', 'dataset_consumes_1_and_2']) retrieved from /home/airflow/.local/lib/python3.7/site-packages/airflow/example_dags/example_datasets.py
[2026-10-01T00:11:01.679+0000] {logging_mixin.py:137} INFO - [2026-10-01T00:11:01.679+0000] {dag.py:2676} INFO - Sync 6 DAGs
[2026-10-01T00:11:01.718+0000] {logging_mixin.py:137} INFO - [2026-10-01T00:11:01.718+0000] {dag.py:3427} INFO - Setting next_dagrun for dataset_consumes_1 to None, run_after=None
[2026-10-01T00:11:01.722+0000] {logging_mixin.py:137} INFO - [2026-10-01T00:11:01.722+0000] {dag.py:3427} INFO - Setting next_dagrun for dataset_consumes_1_and_2 to None, run_after=None
[2026-10-01T00:11:01.723+0000] {logging_mixin.py:137} INFO - [2026-10-01T00:11:01.723+0000] {dag.py:3427} INFO - Setting next_dagrun for dataset_consumes_1_never_scheduled to None, run_after=None
[2026-10-01T00:11:01.725+0000] {logging_mixin.py:137} INFO - [2026-10-01T00:11:01.725+0000] {dag.py:3427} INFO - Setting next_dagrun for dataset_consumes_unknown_never_scheduled to None, run_after=None
[2026-10-01T00:11:01.728+0000] {logging_mixin.py:137} INFO - [2026-10-01T00:11:01.728+0000] {dag.py:3427} INFO - Setting next_dagrun for dataset_produces_1 to 2026-09-30T00:00:00+00:00, run_after=2026-10-01T00:00:00+00:00
[2026-10-01T00:11:01.729+0000] {logging_mixin.py:137} INFO - [2026-10-01T00:11:01.729+0000] {dag.py:3427} INFO - Setting next_dagrun for dataset_produces_2 to None, run_after=None
[2026-10-01T00:11:01.784+0000] {processor.py:175} INFO - Processing /home/airflow/.local/lib/python3.7/site-packages/airflow/example_dags/example_datasets.py took 0.238 seconds
[2026-10-01T00:11:32.029+0000] {processor.py:153} INFO - Started process (PID=16833) to work on /home/airflow/.local/lib/python3.7/site-packages/airflow/example_dags/example_datasets.py
[2026-10-01T00:11:32.030+0000] {processor.py:743} INFO - Processing file /home/airflow/.local/lib/python3.7/site-packages/airflow/example_dags/example_datasets.py for tasks to queue
[2026-10-01T00:11:32.031+0000] {logging_mixin.py:137} INFO - [2026-10-01T00:11:32.031+0000] {dagbag.py:538} INFO - Filling up the DagBag from /home/airflow/.local/lib/python3.7/site-packages/airflow/example_dags/example_datasets.py
[2026-10-01T00:11:32.061+0000] {processor.py:753} INFO - DAG(s) dict_keys(['dataset_consumes_1', 'dataset_consumes_1_never_scheduled', 'dataset_produces_2', 'dataset_produces_1', 'dataset_consumes_unknown_never_scheduled', 'dataset_consumes_1_and_2']) retrieved from /home/airflow/.local/lib/python3.7/site-packages/airflow/example_dags/example_datasets.py
[2026-10-01T00:11:32.129+0000] {logging_mixin.py:137} INFO - [2026-10-01T00:11:32.128+0000] {dag.py:2676} INFO - Sync 6 DAGs
[2026-10-01T00:11:32.163+0000] {logging_mixin.py:137} INFO - [2026-10-01T00:11:32.163+0000] {dag.py:3427} INFO - Setting next_dagrun for dataset_consumes_1 to None, run_after=None
[2026-10-01T00:11:32.167+0000] {logging_mixin.py:137} INFO - [2026-10-01T00:11:32.167+0000] {dag.py:3427} INFO - Setting next_dagrun for dataset_consumes_1_and_2 to None, run_after=None
[2026-10-01T00:11:32.169+0000] {logging_mixin.py:137} INFO - [2026-10-01T00:11:32.169+0000] {dag.py:3427} INFO - Setting next_dagrun for dataset_consumes_1_never_scheduled to None, run_after=None
[2026-10-01T00:11:32.170+0000] {logging_mixin.py:137} INFO - [2026-10-01T00:11:32.170+0000] {dag.py:3427} INFO - Setting next_dagrun for dataset_consumes_unknown_never_scheduled to None, run_after=None
[2026-10-01T00:11:32.173+0000] {logging_mixin.py:137} INFO - [2026-10-01T00:11:32.173+0000] {dag.py:3427} INFO - Setting next_dagrun for dataset_produces_1 to 2026-09-30T00:00:00+00:00, run_after=2026-10-01T00:00:00+00:00
[2026-10-01T00:11:32.175+0000] {logging_mixin.py:137} INFO - [2026-10-01T00:11:32.175+0000] {dag.py:3427} INFO - Setting next_dagrun for dataset_produces_2 to None, run_after=None
[2026-10-01T00:11:32.215+0000] {processor.py:175} INFO - Processing /home/airflow/.local/lib/python3.7/site-packages/airflow/example_dags/example_datasets.py took 0.192 seconds
[2026-10-01T00:12:02.725+0000] {processor.py:153} INFO - Started process (PID=16912) to work on /home/airflow/.local/lib/python3.7/site-packages/airflow/example_dags/example_datasets.py
[2026-10-01T00:12:02.726+0000] {processor.py:743} INFO - Processing file /home/airflow/.local/lib/python3.7/site-packages/airflow/example_dags/example_datasets.py for tasks to queue
[2026-10-01T00:12:02.727+0000] {logging_mixin.py:137} INFO - [2026-10-01T00:12:02.727+0000] {dagbag.py:538} INFO - Filling up the DagBag from /home/airflow/.local/lib/python3.7/site-packages/airflow/example_dags/example_datasets.py
[2026-10-01T00:12:02.761+0000] {processor.py:753} INFO - DAG(s) dict_keys(['dataset_consumes_1', 'dataset_consumes_unknown_never_scheduled', 'dataset_produces_2', 'dataset_consumes_1_and_2', 'dataset_produces_1', 'dataset_consumes_1_never_scheduled']) retrieved from /home/airflow/.local/lib/python3.7/site-packages/airflow/example_dags/example_datasets.py
[2026-10-01T00:12:02.823+0000] {logging_mixin.py:137} INFO - [2026-10-01T00:12:02.822+0000] {dag.py:2676} INFO - Sync 6 DAGs
[2026-10-01T00:12:02.867+0000] {logging_mixin.py:137} INFO - [2026-10-01T00:12:02.867+0000] {dag.py:3427} INFO - Setting next_dagrun for dataset_consumes_1 to None, run_after=None
[2026-10-01T00:12:02.874+0000] {logging_mixin.py:137} INFO - [2026-10-01T00:12:02.873+0000] {dag.py:3427} INFO - Setting next_dagrun for dataset_consumes_1_and_2 to None, run_after=None
[2026-10-01T00:12:02.876+0000] {logging_mixin.py:137} INFO - [2026-10-01T00:12:02.876+0000] {dag.py:3427} INFO - Setting next_dagrun for dataset_consumes_1_never_scheduled to None, run_after=None
[2026-10-01T00:12:02.878+0000] {logging_mixin.py:137} INFO - [2026-10-01T00:12:02.878+0000] {dag.py:3427} INFO - Setting next_dagrun for dataset_consumes_unknown_never_scheduled to None, run_after=None
[2026-10-01T00:12:02.883+0000] {logging_mixin.py:137} INFO - [2026-10-01T00:12:02.883+0000] {dag.py:3427} INFO - Setting next_dagrun for dataset_produces_1 to 2026-09-30T00:00:00+00:00, run_after=2026-10-01T00:00:00+00:00
[2026-10-01T00:12:02.885+0000] {logging_mixin.py:137} INFO - [2026-10-01T00:12:02.884+0000] {dag.py:3427} INFO - Setting next_dagrun for dataset_produces_2 to None, run_after=None
[2026-10-01T00:12:02.924+0000] {processor.py:175} INFO - Processing /home/airflow/.local/lib/python3.7/site-packages/airflow/example_dags/example_datasets.py took 0.206 seconds
[2026-10-01T00:12:33.108+0000] {processor.py:153} INFO - Started process (PID=16991) to work on /home/airflow/.local/lib/python3.7/site-packages/airflow/example_dags/example_datasets.py
[2026-10-01T00:12:33.109+0000] {processor.py:743} INFO - Processing file /home/airflow/.local/lib/python3.7/site-packages/airflow/example_dags/example_datasets.py for tasks to queue
[2026-10-01T00:12:33.110+0000] {logging_mixin.py:137} INFO - [2026-10-01T00:12:33.110+0000] {dagbag.py:538} INFO - Filling up the DagBag from /home/airflow/.local/lib/python3.7/site-packages/airflow/example_dags/example_datasets.py
[2026-10-01T00:12:33.132+0000] {processor.py:753} INFO - DAG(s) dict_keys(['dataset_consumes_1_and_2', 'dataset_consumes_1_never_scheduled', 'dataset_consumes_1', 'dataset_consumes_unknown_never_scheduled', 'dataset_produces_2', 'dataset_produces_1']) retrieved from /home/airflow/.local/lib/python3.7/site-packages/airflow/example_dags/example_datasets.py
[2026-10-01T00:12:33.199+0000] {logging_mixin.py:137} INFO - [2026-10-01T00:12:33.199+0000] {dag.py:2676} INFO - Sync 6 DAGs
[2026-10-01T00:12:33.235+0000] {logging_mixin.py:137} INFO - [2026-10-01T00:12:33.235+0000] {dag.py:3427} INFO - Setting next_dagrun for dataset_consumes_1 to None, run_after=None
[2026-10-01T00:12:33.239+0000] {logging_mixin.py:137} INFO - [2026-10-01T00:12:33.239+0000] {dag.py:3427} INFO - Setting next_dagrun for dataset_consumes_1_and_2 to None, run_after=None
[2026-10-01T00:12:33.240+0000] {logging_mixin.py:137} INFO - [2026-10-01T00:12:33.240+0000] {dag.py:3427} INFO - Setting next_dagrun for dataset_consumes_1_never_scheduled to None, run_after=None
[2026-10-01T00:12:33.241+0000] {logging_mixin.py:137} INFO - [2026-10-01T00:12:33.241+0000] {dag.py:3427} INFO - Setting next_dagrun for dataset_consumes_unknown_never_scheduled to None, run_after=None
[2026-10-01T00:12:33.245+0000] {logging_mixin.py:137} INFO - [2026-10-01T00:12:33.244+0000] {dag.py:3427} INFO - Setting next_dagrun for dataset_produces_1 to 2026-09-30T00:00:00+00:00, run_after=2026-10-01T00:00:00+00:00
[2026-10-01T00:12:33.246+0000] {logging_mixin.py:137} INFO - [2026-10-01T00:12:33.246+0000] {dag.py:3427} INFO - Setting next_dagrun for dataset_produces_2 to None, run_after=None
[2026-10-01T00:12:33.285+0000] {processor.py:175} INFO - Processing /home/airflow/.local/lib/python3.7/site-packages/airflow/example_dags/example_datasets.py took 0.181 seconds
[2026-10-01T00:13:03.871+0000] {processor.py:153} INFO - Started process (PID=17070) to work on /home/airflow/.local/lib/python3.7/site-packages/airflow/example_dags/example_datasets.py
[2026-10-01T00:13:03.872+0000] {processor.py:743} INFO - Processing file /home/airflow/.local/lib/python3.7/site-packages/airflow/example_dags/example_datasets.py for tasks to queue
[2026-10-01T00:13:03.874+0000] {logging_mixin.py:137} INFO - [2026-10-01T00:13:03.873+0000] {dagbag.py:538} INFO - Filling up the DagBag from /home/airflow/.local/lib/python3.7/site-packages/airflow/example_dags/example_datasets.py
[2026-10-01T00:13:03.903+0000] {processor.py:753} INFO - DAG(s) dict_keys(['dataset_produces_1', 'dataset_consumes_1', 'dataset_consumes_1_and_2', 'dataset_produces_2', 'dataset_consumes_unknown_never_scheduled', 'dataset_consumes_1_never_scheduled']) retrieved from /home/airflow/.local/lib/python3.7/site-packages/airflow/example_dags/example_datasets.py
[2026-10-01T00:13:03.977+0000] {logging_mixin.py:137} INFO - [2026-10-01T00:13:03.977+0000] {dag.py:2676} INFO - Sync 6 DAGs
[2026-10-01T00:13:04.012+0000] {logging_mixin.py:137} INFO - [2026-10-01T00:13:04.012+0000] {dag.py:3427} INFO - Setting next_dagrun for dataset_consumes_1 to None, run_after=None
[2026-10-01T00:13:04.015+0000] {logging_mixin.py:137} INFO - [2026-10-01T00:13:04.015+0000] {dag.py:3427} INFO - Setting next_dagrun for dataset_consumes_1_and_2 to None, run_after=None
[2026-10-01T00:13:04.017+0000] {logging_mixin.py:137} INFO - [2026-10-01T00:13:04.017+0000] {dag.py:3427} INFO - Setting next_dagrun for dataset_consumes_1_never_scheduled to None, run_after=None
[2026-10-01T00:13:04.018+0000] {logging_mixin.py:137} INFO - [2026-10-01T00:13:04.018+0000] {dag.py:3427} INFO - Setting next_dagrun for dataset_consumes_unknown_never_scheduled to None, run_after=None
[2026-10-01T00:13:04.021+0000] {logging_mixin.py:137} INFO - [2026-10-01T00:13:04.021+0000] {dag.py:3427} INFO - Setting next_dagrun for dataset_produces_1 to 2026-09-30T00:00:00+00:00, run_after=2026-10-01T00:00:00+00:00
[2026-10-01T00:13:04.022+0000] {logging_mixin.py:137} INFO - [2026-10-01T00:13:04.022+0000] {dag.py:3427} INFO - Setting next_dagrun for dataset_produces_2 to None, run_after=None
[2026-10-01T00:13:04.063+0000] {processor.py:175} INFO - Processing /home/airflow/.local/lib/python3.7/site-packages/airflow/example_dags/example_datasets.py took 0.198 seconds
[2026-10-01T00:13:34.350+0000] {processor.py:153} INFO - Started process (PID=17169) to work on /home/airflow/.local/lib/python3.7/site-packages/airflow/example_dags/example_datasets.py
[2026-10-01T00:13:34.352+0000] {processor.py:743} INFO - Processing file /home/airflow/.local/lib/python3.7/site-packages/airflow/example_dags/example_datasets.py for tasks to queue
[2026-10-01T00:13:34.352+0000] {logging_mixin.py:137} INFO - [2026-10-01T00:13:34.352+0000] {dagbag.py:538} INFO - Filling up the DagBag from /home/airflow/.local/lib/python3.7/site-packages/airflow/example_dags/example_datasets.py
[2026-10-01T00:13:34.376+0000] {processor.py:753} INFO - DAG(s) dict_keys(['dataset_produces_1', 'dataset_produces_2', 'dataset_consumes_unknown_never_scheduled', 'dataset_consumes_1_and_2', 'dataset_consumes_1', 'dataset_consumes_1_never_scheduled']) retrieved from /home/airflow/.local/lib/python3.7/site-packages/airflow/example_dags/example_datasets.py
[2026-10-01T00:13:34.448+0000] {logging_mixin.py:137} INFO - [2026-10-01T00:13:34.448+0000] {dag.py:2676} INFO - Sync 6 DAGs
[2026-10-01T00:13:34.488+0000] {logging_mixin.py:137} INFO - [2026-10-01T00:13:34.487+0000] {dag.py:3427} INFO - Setting next_dagrun for dataset_consumes_1 to None, run_after=None
[2026-10-01T00:13:34.494+0000] {logging_mixin.py:137} INFO - [2026-10-01T00:13:34.493+0000] {dag.py:3427} INFO - Setting next_dagrun for dataset_consumes_1_and_2 to None, run_after=None
[2026-10-01T00:13:34.495+0000] {logging_mixin.py:137} INFO - [2026-10-01T00:13:34.495+0000] {dag.py:3427} INFO - Setting next_dagrun for dataset_consumes_1_never_scheduled to None, run_after=None
[2026-10-01T00:13:34.496+0000] {logging_mixin.py:137} INFO - [2026-10-01T00:13:34.496+0000] {dag.py:3427} INFO - Setting next_dagrun for dataset_consumes_unknown_never_scheduled to None, run_after=None
[2026-10-01T00:13:34.500+0000] {logging_mixin.py:137} INFO - [2026-10-01T00:13:34.500+0000] {dag.py:3427} INFO - Setting next_dagrun for dataset_produces_1 to 2026-09-30T00:00:00+00:00, run_after=2026-10-01T00:00:00+00:00
[2026-10-01T00:13:34.501+0000] {logging_mixin.py:137} INFO - [2026-10-01T00:13:34.501+0000] {dag.py:3427} INFO - Setting next_dagrun for dataset_produces_2 to None, run_after=None
[2026-10-01T00:13:34.540+0000] {processor.py:175} INFO - Processing /home/airflow/.local/lib/python3.7/site-packages/airflow/example_dags/example_datasets.py took 0.195 seconds
[2026-10-01T00:14:05.023+0000] {processor.py:153} INFO - Started process (PID=17248) to work on /home/airflow/.local/lib/python3.7/site-packages/airflow/example_dags/example_datasets.py
[2026-10-01T00:14:05.024+0000] {processor.py:743} INFO - Processing file /home/airflow/.local/lib/python3.7/site-packages/airflow/example_dags/example_datasets.py for tasks to queue
[2026-10-01T00:14:05.025+0000] {logging_mixin.py:137} INFO - [2026-10-01T00:14:05.025+0000] {dagbag.py:538} INFO - Filling up the DagBag from /home/airflow/.local/lib/python3.7/site-packages/airflow/example_dags/example_datasets.py
[2026-10-01T00:14:05.066+0000] {processor.py:753} INFO - DAG(s) dict_keys(['dataset_consumes_1', 'dataset_consumes_1_and_2', 'dataset_consumes_unknown_never_scheduled', 'dataset_produces_1', 'dataset_consumes_1_never_scheduled', 'dataset_produces_2']) retrieved from /home/airflow/.local/lib/python3.7/site-packages/airflow/example_dags/example_datasets.py
[2026-10-01T00:14:05.169+0000] {logging_mixin.py:137} INFO - [2026-10-01T00:14:05.169+0000] {dag.py:2676} INFO - Sync 6 DAGs
[2026-10-01T00:14:05.219+0000] {logging_mixin.py:137} INFO - [2026-10-01T00:14:05.218+0000] {dag.py:3427} INFO - Setting next_dagrun for dataset_consumes_1 to None, run_after=None
[2026-10-01T00:14:05.223+0000] {logging_mixin.py:137} INFO - [2026-10-01T00:14:05.223+0000] {dag.py:3427} INFO - Setting next_dagrun for dataset_consumes_1_and_2 to None, run_after=None
[2026-10-01T00:14:05.224+0000] {logging_mixin.py:137} INFO - [2026-10-01T00:14:05.224+0000] {dag.py:3427} INFO - Setting next_dagrun for dataset_consumes_1_never_scheduled to None, run_after=None
[2026-10-01T00:14:05.225+0000] {logging_mixin.py:137} INFO - [2026-10-01T00:14:05.225+0000] {dag.py:3427} INFO - Setting next_dagrun for dataset_consumes_unknown_never_scheduled to None, run_after=None
[2026-10-01T00:14:05.229+0000] {logging_mixin.py:137} INFO - [2026-10-01T00:14:05.229+0000] {dag.py:3427} INFO - Setting next_dagrun for dataset_produces_1 to 2026-09-30T00:00:00+00:00, run_after=2026-10-01T00:00:00+00:00
[2026-10-01T00:14:05.230+0000] {logging_mixin.py:137} INFO - [2026-10-01T00:14:05.230+0000] {dag.py:3427} INFO - Setting next_dagrun for dataset_produces_2 to None, run_after=None
[2026-10-01T00:14:05.275+0000] {processor.py:175} INFO - Processing /home/airflow/.local/lib/python3.7/site-packages/airflow/example_dags/example_datasets.py took 0.257 seconds
[2026-10-01T00:14:35.507+0000] {processor.py:153} INFO - Started process (PID=17327) to work on /home/airflow/.local/lib/python3.7/site-packages/airflow/example_dags/example_datasets.py
[2026-10-01T00:14:35.508+0000] {processor.py:743} INFO - Processing file /home/airflow/.local/lib/python3.7/site-packages/airflow/example_dags/example_datasets.py for tasks to queue
[2026-10-01T00:14:35.510+0000] {logging_mixin.py:137} INFO - [2026-10-01T00:14:35.509+0000] {dagbag.py:538} INFO - Filling up the DagBag from /home/airflow/.local/lib/python3.7/site-packages/airflow/example_dags/example_datasets.py
[2026-10-01T00:14:35.547+0000] {processor.py:753} INFO - DAG(s) dict_keys(['dataset_consumes_1_never_scheduled', 'dataset_produces_1', 'dataset_consumes_unknown_never_scheduled', 'dataset_produces_2', 'dataset_consumes_1_and_2', 'dataset_consumes_1']) retrieved from /home/airflow/.local/lib/python3.7/site-packages/airflow/example_dags/example_datasets.py
[2026-10-01T00:14:35.628+0000] {logging_mixin.py:137} INFO - [2026-10-01T00:14:35.627+0000] {dag.py:2676} INFO - Sync 6 DAGs
[2026-10-01T00:14:35.665+0000] {logging_mixin.py:137} INFO - [2026-10-01T00:14:35.664+0000] {dag.py:3427} INFO - Setting next_dagrun for dataset_consumes_1 to None, run_after=None
[2026-10-01T00:14:35.670+0000] {logging_mixin.py:137} INFO - [2026-10-01T00:14:35.669+0000] {dag.py:3427} INFO - Setting next_dagrun for dataset_consumes_1_and_2 to None, run_after=None
[2026-10-01T00:14:35.671+0000] {logging_mixin.py:137} INFO - [2026-10-01T00:14:35.671+0000] {dag.py:3427} INFO - Setting next_dagrun for dataset_consumes_1_never_scheduled to None, run_after=None
[2026-10-01T00:14:35.672+0000] {logging_mixin.py:137} INFO - [2026-10-01T00:14:35.672+0000] {dag.py:3427} INFO - Setting next_dagrun for dataset_consumes_unknown_never_scheduled to None, run_after=None
[2026-10-01T00:14:35.676+0000] {logging_mixin.py:137} INFO - [2026-10-01T00:14:35.676+0000] {dag.py:3427} INFO - Setting next_dagrun for dataset_produces_1 to 2026-09-30T00:00:00+00:00, run_after=2026-10-01T00:00:00+00:00
[2026-10-01T00:14:35.678+0000] {logging_mixin.py:137} INFO - [2026-10-01T00:14:35.678+0000] {dag.py:3427} INFO - Setting next_dagrun for dataset_produces_2 to None, run_after=None
[2026-10-01T00:14:35.720+0000] {processor.py:175} INFO - Processing /home/airflow/.local/lib/python3.7/site-packages/airflow/example_dags/example_datasets.py took 0.220 seconds
[2026-10-01T00:15:05.881+0000] {processor.py:153} INFO - Started process (PID=17406) to work on /home/airflow/.local/lib/python3.7/site-packages/airflow/example_dags/example_datasets.py
[2026-10-01T00:15:05.882+0000] {processor.py:743} INFO - Processing file /home/airflow/.local/lib/python3.7/site-packages/airflow/example_dags/example_datasets.py for tasks to queue
[2026-10-01T00:15:05.883+0000] {logging_mixin.py:137} INFO - [2026-10-01T00:15:05.883+0000] {dagbag.py:538} INFO - Filling up the DagBag from /home/airflow/.local/lib/python3.7/site-packages/airflow/example_dags/example_datasets.py
[2026-10-01T00:15:05.911+0000] {processor.py:753} INFO - DAG(s) dict_keys(['dataset_consumes_1_and_2', 'dataset_consumes_1', 'dataset_produces_1', 'dataset_produces_2', 'dataset_consumes_1_never_scheduled', 'dataset_consumes_unknown_never_scheduled']) retrieved from /home/airflow/.local/lib/python3.7/site-packages/airflow/example_dags/example_datasets.py
[2026-10-01T00:15:05.987+0000] {logging_mixin.py:137} INFO - [2026-10-01T00:15:05.987+0000] {dag.py:2676} INFO - Sync 6 DAGs
[2026-10-01T00:15:06.028+0000] {logging_mixin.py:137} INFO - [2026-10-01T00:15:06.027+0000] {dag.py:3427} INFO - Setting next_dagrun for dataset_consumes_1 to None, run_after=None
[2026-10-01T00:15:06.031+0000] {logging_mixin.py:137} INFO - [2026-10-01T00:15:06.031+0000] {dag.py:3427} INFO - Setting next_dagrun for dataset_consumes_1_and_2 to None, run_after=None
[2026-10-01T00:15:06.033+0000] {logging_mixin.py:137} INFO - [2026-10-01T00:15:06.032+0000] {dag.py:3427} INFO - Setting next_dagrun for dataset_consumes_1_never_scheduled to None, run_after=None
[2026-10-01T00:15:06.034+0000] {logging_mixin.py:137} INFO - [2026-10-01T00:15:06.034+0000] {dag.py:3427} INFO - Setting next_dagrun for dataset_consumes_unknown_never_scheduled to None, run_after=None
[2026-10-01T00:15:06.037+0000] {logging_mixin.py:137} INFO - [2026-10-01T00:15:06.036+0000] {dag.py:3427} INFO - Setting next_dagrun for dataset_produces_1 to 2026-09-30T00:00:00+00:00, run_after=2026-10-01T00:00:00+00:00
[2026-10-01T00:15:06.038+0000] {logging_mixin.py:137} INFO - [2026-10-01T00:15:06.038+0000] {dag.py:3427} INFO - Setting next_dagrun for dataset_produces_2 to None, run_after=None
[2026-10-01T00:15:06.079+0000] {processor.py:175} INFO - Processing /home/airflow/.local/lib/python3.7/site-packages/airflow/example_dags/example_datasets.py took 0.204 seconds
[2026-10-01T00:15:36.546+0000] {processor.py:153} INFO - Started process (PID=17505) to work on /home/airflow/.local/lib/python3.7/site-packages/airflow/example_dags/example_datasets.py
[2026-10-01T00:15:36.548+0000] {processor.py:743} INFO - Processing file /home/airflow/.local/lib/python3.7/site-packages/airflow/example_dags/example_datasets.py for tasks to queue
[2026-10-01T00:15:36.549+0000] {logging_mixin.py:137} INFO - [2026-10-01T00:15:36.549+0000] {dagbag.py:538} INFO - Filling up the DagBag from /home/airflow/.local/lib/python3.7/site-packages/airflow/example_dags/example_datasets.py
[2026-10-01T00:15:36.586+0000] {processor.py:753} INFO - DAG(s) dict_keys(['dataset_produces_2', 'dataset_consumes_unknown_never_scheduled', 'dataset_consumes_1', 'dataset_consumes_1_never_scheduled', 'dataset_produces_1', 'dataset_consumes_1_and_2']) retrieved from /home/airflow/.local/lib/python3.7/site-packages/airflow/example_dags/example_datasets.py
[2026-10-01T00:15:36.667+0000] {logging_mixin.py:137} INFO - [2026-10-01T00:15:36.667+0000] {dag.py:2676} INFO - Sync 6 DAGs
[2026-10-01T00:15:36.707+0000] {logging_mixin.py:137} INFO - [2026-10-01T00:15:36.706+0000] {dag.py:3427} INFO - Setting next_dagrun for dataset_consumes_1 to None, run_after=None
[2026-10-01T00:15:36.711+0000] {logging_mixin.py:137} INFO - [2026-10-01T00:15:36.711+0000] {dag.py:3427} INFO - Setting next_dagrun for dataset_consumes_1_and_2 to None, run_after=None
[2026-10-01T00:15:36.712+0000] {logging_mixin.py:137} INFO - [2026-10-01T00:15:36.712+0000] {dag.py:3427} INFO - Setting next_dagrun for dataset_consumes_1_never_scheduled to None, run_after=None
[2026-10-01T00:15:36.713+0000] {logging_mixin.py:137} INFO - [2026-10-01T00:15:36.713+0000] {dag.py:3427} INFO - Setting next_dagrun for dataset_consumes_unknown_never_scheduled to None, run_after=None
[2026-10-01T00:15:36.717+0000] {logging_mixin.py:137} INFO - [2026-10-01T00:15:36.717+0000] {dag.py:3427} INFO - Setting next_dagrun for dataset_produces_1 to 2026-09-30T00:00:00+00:00, run_after=2026-10-01T00:00:00+00:00
[2026-10-01T00:15:36.718+0000] {logging_mixin.py:137} INFO - [2026-10-01T00:15:36.718+0000] {dag.py:3427} INFO - Setting next_dagrun for dataset_produces_2 to None, run_after=None
[2026-10-01T00:15:36.754+0000] {processor.py:175} INFO - Processing /home/airflow/.local/lib/python3.7/site-packages/airflow/example_dags/example_datasets.py took 0.213 seconds
[2026-10-01T00:16:06.965+0000] {processor.py:153} INFO - Started process (PID=17585) to work on /home/airflow/.local/lib/python3.7/site-packages/airflow/example_dags/example_datasets.py
[2026-10-01T00:16:06.967+0000] {processor.py:743} INFO - Processing file /home/airflow/.local/lib/python3.7/site-packages/airflow/example_dags/example_datasets.py for tasks to queue
[2026-10-01T00:16:06.968+0000] {logging_mixin.py:137} INFO - [2026-10-01T00:16:06.968+0000] {dagbag.py:538} INFO - Filling up the DagBag from /home/airflow/.local/lib/python3.7/site-packages/airflow/example_dags/example_datasets.py
[2026-10-01T00:16:06.999+0000] {processor.py:753} INFO - DAG(s) dict_keys(['dataset_consumes_1_and_2', 'dataset_produces_1', 'dataset_consumes_unknown_never_scheduled', 'dataset_consumes_1_never_scheduled', 'dataset_consumes_1', 'dataset_produces_2']) retrieved from /home/airflow/.local/lib/python3.7/site-packages/airflow/example_dags/example_datasets.py
[2026-10-01T00:16:07.101+0000] {logging_mixin.py:137} INFO - [2026-10-01T00:16:07.100+0000] {dag.py:2676} INFO - Sync 6 DAGs
[2026-10-01T00:16:07.154+0000] {logging_mixin.py:137} INFO - [2026-10-01T00:16:07.154+0000] {dag.py:3427} INFO - Setting next_dagrun for dataset_consumes_1 to None, run_after=None
[2026-10-01T00:16:07.161+0000] {logging_mixin.py:137} INFO - [2026-10-01T00:16:07.160+0000] {dag.py:3427} INFO - Setting next_dagrun for dataset_consumes_1_and_2 to None, run_after=None
[2026-10-01T00:16:07.163+0000] {logging_mixin.py:137} INFO - [2026-10-01T00:16:07.162+0000] {dag.py:3427} INFO - Setting next_dagrun for dataset_consumes_1_never_scheduled to None, run_after=None
[2026-10-01T00:16:07.165+0000] {logging_mixin.py:137} INFO - [2026-10-01T00:16:07.164+0000] {dag.py:3427} INFO - Setting next_dagrun for dataset_consumes_unknown_never_scheduled to None, run_after=None
[2026-10-01T00:16:07.169+0000] {logging_mixin.py:137} INFO - [2026-10-01T00:16:07.169+0000] {dag.py:3427} INFO - Setting next_dagrun for dataset_produces_1 to 2026-09-30T00:00:00+00:00, run_after=2026-10-01T00:00:00+00:00
[2026-10-01T00:16:07.171+0000] {logging_mixin.py:137} INFO - [2026-10-01T00:16:07.171+0000] {dag.py:3427} INFO - Setting next_dagrun for dataset_produces_2 to None, run_after=None
[2026-10-01T00:16:07.230+0000] {processor.py:175} INFO - Processing /home/airflow/.local/lib/python3.7/site-packages/airflow/example_dags/example_datasets.py took 0.270 seconds
[2026-10-01T00:16:37.638+0000] {processor.py:153} INFO - Started process (PID=17665) to work on /home/airflow/.local/lib/python3.7/site-packages/airflow/example_dags/example_datasets.py
[2026-10-01T00:16:37.639+0000] {processor.py:743} INFO - Processing file /home/airflow/.local/lib/python3.7/site-packages/airflow/example_dags/example_datasets.py for tasks to queue
[2026-10-01T00:16:37.640+0000] {logging_mixin.py:137} INFO - [2026-10-01T00:16:37.639+0000] {dagbag.py:538} INFO - Filling up the DagBag from /home/airflow/.local/lib/python3.7/site-packages/airflow/example_dags/example_datasets.py
[2026-10-01T00:16:37.665+0000] {processor.py:753} INFO - DAG(s) dict_keys(['dataset_consumes_unknown_never_scheduled', 'dataset_produces_2', 'dataset_consumes_1_and_2', 'dataset_produces_1', 'dataset_consumes_1_never_scheduled', 'dataset_consumes_1']) retrieved from /home/airflow/.local/lib/python3.7/site-packages/airflow/example_dags/example_datasets.py
[2026-10-01T00:16:37.733+0000] {logging_mixin.py:137} INFO - [2026-10-01T00:16:37.733+0000] {dag.py:2676} INFO - Sync 6 DAGs
[2026-10-01T00:16:37.790+0000] {logging_mixin.py:137} INFO - [2026-10-01T00:16:37.789+0000] {dag.py:3427} INFO - Setting next_dagrun for dataset_consumes_1 to None, run_after=None
[2026-10-01T00:16:37.799+0000] {logging_mixin.py:137} INFO - [2026-10-01T00:16:37.799+0000] {dag.py:3427} INFO - Setting next_dagrun for dataset_consumes_1_and_2 to None, run_after=None
[2026-10-01T00:16:37.802+0000] {logging_mixin.py:137} INFO - [2026-10-01T00:16:37.802+0000] {dag.py:3427} INFO - Setting next_dagrun for dataset_consumes_1_never_scheduled to None, run_after=None
[2026-10-01T00:16:37.805+0000] {logging_mixin.py:137} INFO - [2026-10-01T00:16:37.805+0000] {dag.py:3427} INFO - Setting next_dagrun for dataset_consumes_unknown_never_scheduled to None, run_after=None
[2026-10-01T00:16:37.809+0000] {logging_mixin.py:137} INFO - [2026-10-01T00:16:37.809+0000] {dag.py:3427} INFO - Setting next_dagrun for dataset_produces_1 to 2026-09-30T00:00:00+00:00, run_after=2026-10-01T00:00:00+00:00
[2026-10-01T00:16:37.810+0000] {logging_mixin.py:137} INFO - [2026-10-01T00:16:37.810+0000] {dag.py:3427} INFO - Setting next_dagrun for dataset_produces_2 to None, run_after=None
[2026-10-01T00:16:37.851+0000] {processor.py:175} INFO - Processing /home/airflow/.local/lib/python3.7/site-packages/airflow/example_dags/example_datasets.py took 0.218 seconds
[2026-10-01T00:17:08.645+0000] {processor.py:153} INFO - Started process (PID=17742) to work on /home/airflow/.local/lib/python3.7/site-packages/airflow/example_dags/example_datasets.py
[2026-10-01T00:17:08.646+0000] {processor.py:743} INFO - Processing file /home/airflow/.local/lib/python3.7/site-packages/airflow/example_dags/example_datasets.py for tasks to queue
[2026-10-01T00:17:08.646+0000] {logging_mixin.py:137} INFO - [2026-10-01T00:17:08.646+0000] {dagbag.py:538} INFO - Filling up the DagBag from /home/airflow/.local/lib/python3.7/site-packages/airflow/example_dags/example_datasets.py
[2026-10-01T00:17:08.668+0000] {processor.py:753} INFO - DAG(s) dict_keys(['dataset_consumes_1_never_scheduled', 'dataset_produces_1', 'dataset_consumes_1', 'dataset_produces_2', 'dataset_consumes_unknown_never_scheduled', 'dataset_consumes_1_and_2']) retrieved from /home/airflow/.local/lib/python3.7/site-packages/airflow/example_dags/example_datasets.py
[2026-10-01T00:17:08.738+0000] {logging_mixin.py:137} INFO - [2026-10-01T00:17:08.738+0000] {dag.py:2676} INFO - Sync 6 DAGs
[2026-10-01T00:17:08.770+0000] {logging_mixin.py:137} INFO - [2026-10-01T00:17:08.770+0000] {dag.py:3427} INFO - Setting next_dagrun for dataset_consumes_1 to None, run_after=None
[2026-10-01T00:17:08.774+0000] {logging_mixin.py:137} INFO - [2026-10-01T00:17:08.774+0000] {dag.py:3427} INFO - Setting next_dagrun for dataset_consumes_1_and_2 to None, run_after=None
[2026-10-01T00:17:08.775+0000] {logging_mixin.py:137} INFO - [2026-10-01T00:17:08.775+0000] {dag.py:3427} INFO - Setting next_dagrun for dataset_consumes_1_never_scheduled to None, run_after=None
[2026-10-01T00:17:08.776+0000] {logging_mixin.py:137} INFO - [2026-10-01T00:17:08.776+0000] {dag.py:3427} INFO - Setting next_dagrun for dataset_consumes_unknown_never_scheduled to None, run_after=None
[2026-10-01T00:17:08.780+0000] {logging_mixin.py:137} INFO - [2026-10-01T00:17:08.779+0000] {dag.py:3427} INFO - Setting next_dagrun for dataset_produces_1 to 2026-09-30T00:00:00+00:00, run_after=2026-10-01T00:00:00+00:00
[2026-10-01T00:17:08.781+0000] {logging_mixin.py:137} INFO - [2026-10-01T00:17:08.781+0000] {dag.py:3427} INFO - Setting next_dagrun for dataset_produces_2 to None, run_after=None
[2026-10-01T00:17:08.819+0000] {processor.py:175} INFO - Processing /home/airflow/.local/lib/python3.7/site-packages/airflow/example_dags/example_datasets.py took 0.178 seconds
[2026-10-01T00:17:38.876+0000] {processor.py:153} INFO - Started process (PID=17841) to work on /home/airflow/.local/lib/python3.7/site-packages/airflow/example_dags/example_datasets.py
[2026-10-01T00:17:38.877+0000] {processor.py:743} INFO - Processing file /home/airflow/.local/lib/python3.7/site-packages/airflow/example_dags/example_datasets.py for tasks to queue
[2026-10-01T00:17:38.878+0000] {logging_mixin.py:137} INFO - [2026-10-01T00:17:38.878+0000] {dagbag.py:538} INFO - Filling up the DagBag from /home/airflow/.local/lib/python3.7/site-packages/airflow/example_dags/example_datasets.py
[2026-10-01T00:17:38.902+0000] {processor.py:753} INFO - DAG(s) dict_keys(['dataset_consumes_1', 'dataset_produces_1', 'dataset_consumes_1_and_2', 'dataset_consumes_1_never_scheduled', 'dataset_produces_2', 'dataset_consumes_unknown_never_scheduled']) retrieved from /home/airflow/.local/lib/python3.7/site-packages/airflow/example_dags/example_datasets.py
[2026-10-01T00:17:38.967+0000] {logging_mixin.py:137} INFO - [2026-10-01T00:17:38.967+0000] {dag.py:2676} INFO - Sync 6 DAGs
[2026-10-01T00:17:39.006+0000] {logging_mixin.py:137} INFO - [2026-10-01T00:17:39.006+0000] {dag.py:3427} INFO - Setting next_dagrun for dataset_consumes_1 to None, run_after=None
[2026-10-01T00:17:39.010+0000] {logging_mixin.py:137} INFO - [2026-10-01T00:17:39.010+0000] {dag.py:3427} INFO - Setting next_dagrun for dataset_consumes_1_and_2 to None, run_after=None
[2026-10-01T00:17:39.012+0000] {logging_mixin.py:137} INFO - [2026-10-01T00:17:39.011+0000] {dag.py:3427} INFO - Setting next_dagrun for dataset_consumes_1_never_scheduled to None, run_after=None
[2026-10-01T00:17:39.013+0000] {logging_mixin.py:137} INFO - [2026-10-01T00:17:39.013+0000] {dag.py:3427} INFO - Setting next_dagrun for dataset_consumes_unknown_never_scheduled to None, run_after=None
[2026-10-01T00:17:39.016+0000] {logging_mixin.py:137} INFO - [2026-10-01T00:17:39.016+0000] {dag.py:3427} INFO - Setting next_dagrun for dataset_produces_1 to 2026-09-30T00:00:00+00:00, run_after=2026-10-01T00:00:00+00:00
[2026-10-01T00:17:39.018+0000] {logging_mixin.py:137} INFO - [2026-10-01T00:17:39.017+0000] {dag.py:3427} INFO - Setting next_dagrun for dataset_produces_2 to None, run_after=None
[2026-10-01T00:17:39.053+0000] {processor.py:175} INFO - Processing /home/airflow/.local/lib/python3.7/site-packages/airflow/example_dags/example_datasets.py took 0.181 seconds
[2026-10-01T00:18:09.397+0000] {processor.py:153} INFO - Started process (PID=17920) to work on /home/airflow/.local/lib/python3.7/site-packages/airflow/example_dags/example_datasets.py
[2026-10-01T00:18:09.398+0000] {processor.py:743} INFO - Processing file /home/airflow/.local/lib/python3.7/site-packages/airflow/example_dags/example_datasets.py for tasks to queue
[2026-10-01T00:18:09.399+0000] {logging_mixin.py:137} INFO - [2026-10-01T00:18:09.399+0000] {dagbag.py:538} INFO - Filling up the DagBag from /home/airflow/.local/lib/python3.7/site-packages/airflow/example_dags/example_datasets.py
[2026-10-01T00:18:09.427+0000] {processor.py:753} INFO - DAG(s) dict_keys(['dataset_produces_1', 'dataset_consumes_unknown_never_scheduled', 'dataset_produces_2', 'dataset_consumes_1', 'dataset_consumes_1_never_scheduled', 'dataset_consumes_1_and_2']) retrieved from /home/airflow/.local/lib/python3.7/site-packages/airflow/example_dags/example_datasets.py
[2026-10-01T00:18:09.502+0000] {logging_mixin.py:137} INFO - [2026-10-01T00:18:09.502+0000] {dag.py:2676} INFO - Sync 6 DAGs
[2026-10-01T00:18:09.538+0000] {logging_mixin.py:137} INFO - [2026-10-01T00:18:09.538+0000] {dag.py:3427} INFO - Setting next_dagrun for dataset_consumes_1 to None, run_after=None
[2026-10-01T00:18:09.542+0000] {logging_mixin.py:137} INFO - [2026-10-01T00:18:09.542+0000] {dag.py:3427} INFO - Setting next_dagrun for dataset_consumes_1_and_2 to None, run_after=None
[2026-10-01T00:18:09.543+0000] {logging_mixin.py:137} INFO - [2026-10-01T00:18:09.543+0000] {dag.py:3427} INFO - Setting next_dagrun for dataset_consumes_1_never_scheduled to None, run_after=None
[2026-10-01T00:18:09.544+0000] {logging_mixin.py:137} INFO - [2026-10-01T00:18:09.544+0000] {dag.py:3427} INFO - Setting next_dagrun for dataset_consumes_unknown_never_scheduled to None, run_after=None
[2026-10-01T00:18:09.547+0000] {logging_mixin.py:137} INFO - [2026-10-01T00:18:09.547+0000] {dag.py:3427} INFO - Setting next_dagrun for dataset_produces_1 to 2026-09-30T00:00:00+00:00, run_after=2026-10-01T00:00:00+00:00
[2026-10-01T00:18:09.548+0000] {logging_mixin.py:137} INFO - [2026-10-01T00:18:09.548+0000] {dag.py:3427} INFO - Setting next_dagrun for dataset_produces_2 to None, run_after=None
[2026-10-01T00:18:09.593+0000] {processor.py:175} INFO - Processing /home/airflow/.local/lib/python3.7/site-packages/airflow/example_dags/example_datasets.py took 0.201 seconds
[2026-10-01T00:18:39.731+0000] {processor.py:153} INFO - Started process (PID=17999) to work on /home/airflow/.local/lib/python3.7/site-packages/airflow/example_dags/example_datasets.py
[2026-10-01T00:18:39.732+0000] {processor.py:743} INFO - Processing file /home/airflow/.local/lib/python3.7/site-packages/airflow/example_dags/example_datasets.py for tasks to queue
[2026-10-01T00:18:39.733+0000] {logging_mixin.py:137} INFO - [2026-10-01T00:18:39.733+0000] {dagbag.py:538} INFO - Filling up the DagBag from /home/airflow/.local/lib/python3.7/site-packages/airflow/example_dags/example_datasets.py
[2026-10-01T00:18:39.768+0000] {processor.py:753} INFO - DAG(s) dict_keys(['dataset_consumes_unknown_never_scheduled', 'dataset_produces_1', 'dataset_produces_2', 'dataset_consumes_1', 'dataset_consumes_1_and_2', 'dataset_consumes_1_never_scheduled']) retrieved from /home/airflow/.local/lib/python3.7/site-packages/airflow/example_dags/example_datasets.py
[2026-10-01T00:18:39.846+0000] {logging_mixin.py:137} INFO - [2026-10-01T00:18:39.846+0000] {dag.py:2676} INFO - Sync 6 DAGs
[2026-10-01T00:18:39.883+0000] {logging_mixin.py:137} INFO - [2026-10-01T00:18:39.883+0000] {dag.py:3427} INFO - Setting next_dagrun for dataset_consumes_1 to None, run_after=None
[2026-10-01T00:18:39.889+0000] {logging_mixin.py:137} INFO - [2026-10-01T00:18:39.889+0000] {dag.py:3427} INFO - Setting next_dagrun for dataset_consumes_1_and_2 to None, run_after=None
[2026-10-01T00:18:39.891+0000] {logging_mixin.py:137} INFO - [2026-10-01T00:18:39.891+0000] {dag.py:3427} INFO - Setting next_dagrun for dataset_consumes_1_never_scheduled to None, run_after=None
[2026-10-01T00:18:39.893+0000] {logging_mixin.py:137} INFO - [2026-10-01T00:18:39.893+0000] {dag.py:3427} INFO - Setting next_dagrun for dataset_consumes_unknown_never_scheduled to None, run_after=None
[2026-10-01T00:18:39.898+0000] {logging_mixin.py:137} INFO - [2026-10-01T00:18:39.898+0000] {dag.py:3427} INFO - Setting next_dagrun for dataset_produces_1 to 2026-09-30T00:00:00+00:00, run_after=2026-10-01T00:00:00+00:00
[2026-10-01T00:18:39.900+0000] {logging_mixin.py:137} INFO - [2026-10-01T00:18:39.900+0000] {dag.py:3427} INFO - Setting next_dagrun for dataset_produces_2 to None, run_after=None
[2026-10-01T00:18:39.963+0000] {processor.py:175} INFO - Processing /home/airflow/.local/lib/python3.7/site-packages/airflow/example_dags/example_datasets.py took 0.236 seconds
[2026-10-01T00:19:10.937+0000] {processor.py:153} INFO - Started process (PID=18087) to work on /home/airflow/.local/lib/python3.7/site-packages/airflow/example_dags/example_datasets.py
[2026-10-01T00:19:10.939+0000] {processor.py:743} INFO - Processing file /home/airflow/.local/lib/python3.7/site-packages/airflow/example_dags/example_datasets.py for tasks to queue
[2026-10-01T00:19:10.939+0000] {logging_mixin.py:137} INFO - [2026-10-01T00:19:10.939+0000] {dagbag.py:538} INFO - Filling up the DagBag from /home/airflow/.local/lib/python3.7/site-packages/airflow/example_dags/example_datasets.py
[2026-10-01T00:19:10.972+0000] {processor.py:753} INFO - DAG(s) dict_keys(['dataset_produces_1', 'dataset_consumes_1_never_scheduled', 'dataset_consumes_unknown_never_scheduled', 'dataset_produces_2', 'dataset_consumes_1_and_2', 'dataset_consumes_1']) retrieved from /home/airflow/.local/lib/python3.7/site-packages/airflow/example_dags/example_datasets.py
[2026-10-01T00:19:11.055+0000] {logging_mixin.py:137} INFO - [2026-10-01T00:19:11.055+0000] {dag.py:2676} INFO - Sync 6 DAGs
[2026-10-01T00:19:11.098+0000] {logging_mixin.py:137} INFO - [2026-10-01T00:19:11.097+0000] {dag.py:3427} INFO - Setting next_dagrun for dataset_consumes_1 to None, run_after=None
[2026-10-01T00:19:11.102+0000] {logging_mixin.py:137} INFO - [2026-10-01T00:19:11.101+0000] {dag.py:3427} INFO - Setting next_dagrun for dataset_consumes_1_and_2 to None, run_after=None
[2026-10-01T00:19:11.103+0000] {logging_mixin.py:137} INFO - [2026-10-01T00:19:11.103+0000] {dag.py:3427} INFO - Setting next_dagrun for dataset_consumes_1_never_scheduled to None, run_after=None
[2026-10-01T00:19:11.105+0000] {logging_mixin.py:137} INFO - [2026-10-01T00:19:11.105+0000] {dag.py:3427} INFO - Setting next_dagrun for dataset_consumes_unknown_never_scheduled to None, run_after=None
[2026-10-01T00:19:11.108+0000] {logging_mixin.py:137} INFO - [2026-10-01T00:19:11.108+0000] {dag.py:3427} INFO - Setting next_dagrun for dataset_produces_1 to 2026-09-30T00:00:00+00:00, run_after=2026-10-01T00:00:00+00:00
[2026-10-01T00:19:11.110+0000] {logging_mixin.py:137} INFO - [2026-10-01T00:19:11.109+0000] {dag.py:3427} INFO - Setting next_dagrun for dataset_produces_2 to None, run_after=None
[2026-10-01T00:19:11.147+0000] {processor.py:175} INFO - Processing /home/airflow/.local/lib/python3.7/site-packages/airflow/example_dags/example_datasets.py took 0.213 seconds
[2026-10-01T00:19:41.285+0000] {processor.py:153} INFO - Started process (PID=18177) to work on /home/airflow/.local/lib/python3.7/site-packages/airflow/example_dags/example_datasets.py
[2026-10-01T00:19:41.286+0000] {processor.py:743} INFO - Processing file /home/airflow/.local/lib/python3.7/site-packages/airflow/example_dags/example_datasets.py for tasks to queue
[2026-10-01T00:19:41.287+0000] {logging_mixin.py:137} INFO - [2026-10-01T00:19:41.287+0000] {dagbag.py:538} INFO - Filling up the DagBag from /home/airflow/.local/lib/python3.7/site-packages/airflow/example_dags/example_datasets.py
[2026-10-01T00:19:41.312+0000] {processor.py:753} INFO - DAG(s) dict_keys(['dataset_consumes_1_and_2', 'dataset_consumes_1_never_scheduled', 'dataset_consumes_unknown_never_scheduled', 'dataset_consumes_1', 'dataset_produces_1', 'dataset_produces_2']) retrieved from /home/airflow/.local/lib/python3.7/site-packages/airflow/example_dags/example_datasets.py
[2026-10-01T00:19:41.392+0000] {logging_mixin.py:137} INFO - [2026-10-01T00:19:41.391+0000] {dag.py:2676} INFO - Sync 6 DAGs
[2026-10-01T00:19:41.444+0000] {logging_mixin.py:137} INFO - [2026-10-01T00:19:41.444+0000] {dag.py:3427} INFO - Setting next_dagrun for dataset_consumes_1 to None, run_after=None
[2026-10-01T00:19:41.450+0000] {logging_mixin.py:137} INFO - [2026-10-01T00:19:41.450+0000] {dag.py:3427} INFO - Setting next_dagrun for dataset_consumes_1_and_2 to None, run_after=None
[2026-10-01T00:19:41.452+0000] {logging_mixin.py:137} INFO - [2026-10-01T00:19:41.452+0000] {dag.py:3427} INFO - Setting next_dagrun for dataset_consumes_1_never_scheduled to None, run_after=None
[2026-10-01T00:19:41.454+0000] {logging_mixin.py:137} INFO - [2026-10-01T00:19:41.454+0000] {dag.py:3427} INFO - Setting next_dagrun for dataset_consumes_unknown_never_scheduled to None, run_after=None
[2026-10-01T00:19:41.459+0000] {logging_mixin.py:137} INFO - [2026-10-01T00:19:41.459+0000] {dag.py:3427} INFO - Setting next_dagrun for dataset_produces_1 to 2026-09-30T00:00:00+00:00, run_after=2026-10-01T00:00:00+00:00
[2026-10-01T00:19:41.461+0000] {logging_mixin.py:137} INFO - [2026-10-01T00:19:41.461+0000] {dag.py:3427} INFO - Setting next_dagrun for dataset_produces_2 to None, run_after=None
[2026-10-01T00:19:41.514+0000] {processor.py:175} INFO - Processing /home/airflow/.local/lib/python3.7/site-packages/airflow/example_dags/example_datasets.py took 0.234 seconds
[2026-10-01T00:20:11.585+0000] {processor.py:153} INFO - Started process (PID=18256) to work on /home/airflow/.local/lib/python3.7/site-packages/airflow/example_dags/example_datasets.py
[2026-10-01T00:20:11.587+0000] {processor.py:743} INFO - Processing file /home/airflow/.local/lib/python3.7/site-packages/airflow/example_dags/example_datasets.py for tasks to queue
[2026-10-01T00:20:11.588+0000] {logging_mixin.py:137} INFO - [2026-10-01T00:20:11.588+0000] {dagbag.py:538} INFO - Filling up the DagBag from /home/airflow/.local/lib/python3.7/site-packages/airflow/example_dags/example_datasets.py
[2026-10-01T00:20:11.614+0000] {processor.py:753} INFO - DAG(s) dict_keys(['dataset_consumes_1_never_scheduled', 'dataset_consumes_1', 'dataset_consumes_unknown_never_scheduled', 'dataset_consumes_1_and_2', 'dataset_produces_2', 'dataset_produces_1']) retrieved from /home/airflow/.local/lib/python3.7/site-packages/airflow/example_dags/example_datasets.py
[2026-10-01T00:20:11.686+0000] {logging_mixin.py:137} INFO - [2026-10-01T00:20:11.685+0000] {dag.py:2676} INFO - Sync 6 DAGs
[2026-10-01T00:20:11.722+0000] {logging_mixin.py:137} INFO - [2026-10-01T00:20:11.722+0000] {dag.py:3427} INFO - Setting next_dagrun for dataset_consumes_1 to None, run_after=None
[2026-10-01T00:20:11.727+0000] {logging_mixin.py:137} INFO - [2026-10-01T00:20:11.727+0000] {dag.py:3427} INFO - Setting next_dagrun for dataset_consumes_1_and_2 to None, run_after=None
[2026-10-01T00:20:11.729+0000] {logging_mixin.py:137} INFO - [2026-10-01T00:20:11.729+0000] {dag.py:3427} INFO - Setting next_dagrun for dataset_consumes_1_never_scheduled to None, run_after=None
[2026-10-01T00:20:11.731+0000] {logging_mixin.py:137} INFO - [2026-10-01T00:20:11.731+0000] {dag.py:3427} INFO - Setting next_dagrun for dataset_consumes_unknown_never_scheduled to None, run_after=None
[2026-10-01T00:20:11.735+0000] {logging_mixin.py:137} INFO - [2026-10-01T00:20:11.735+0000] {dag.py:3427} INFO - Setting next_dagrun for dataset_produces_1 to 2026-09-30T00:00:00+00:00, run_after=2026-10-01T00:00:00+00:00
[2026-10-01T00:20:11.738+0000] {logging_mixin.py:137} INFO - [2026-10-01T00:20:11.738+0000] {dag.py:3427} INFO - Setting next_dagrun for dataset_produces_2 to None, run_after=None
[2026-10-01T00:20:11.775+0000] {processor.py:175} INFO - Processing /home/airflow/.local/lib/python3.7/site-packages/airflow/example_dags/example_datasets.py took 0.195 seconds
[2026-10-01T00:20:42.139+0000] {processor.py:153} INFO - Started process (PID=18335) to work on /home/airflow/.local/lib/python3.7/site-packages/airflow/example_dags/example_datasets.py
[2026-10-01T00:20:42.139+0000] {processor.py:743} INFO - Processing file /home/airflow/.local/lib/python3.7/site-packages/airflow/example_dags/example_datasets.py for tasks to queue
[2026-10-01T00:20:42.140+0000] {logging_mixin.py:137} INFO - [2026-10-01T00:20:42.140+0000] {dagbag.py:538} INFO - Filling up the DagBag from /home/airflow/.local/lib/python3.7/site-packages/airflow/example_dags/example_datasets.py
[2026-10-01T00:20:42.167+0000] {processor.py:753} INFO - DAG(s) dict_keys(['dataset_produces_1', 'dataset_produces_2', 'dataset_consumes_1_never_scheduled', 'dataset_consumes_1_and_2', 'dataset_consumes_unknown_never_scheduled', 'dataset_consumes_1']) retrieved from /home/airflow/.local/lib/python3.7/site-packages/airflow/example_dags/example_datasets.py
[2026-10-01T00:20:42.242+0000] {logging_mixin.py:137} INFO - [2026-10-01T00:20:42.241+0000] {dag.py:2676} INFO - Sync 6 DAGs
[2026-10-01T00:20:42.285+0000] {logging_mixin.py:137} INFO - [2026-10-01T00:20:42.284+0000] {dag.py:3427} INFO - Setting next_dagrun for dataset_consumes_1 to None, run_after=None
[2026-10-01T00:20:42.289+0000] {logging_mixin.py:137} INFO - [2026-10-01T00:20:42.289+0000] {dag.py:3427} INFO - Setting next_dagrun for dataset_consumes_1_and_2 to None, run_after=None
[2026-10-01T00:20:42.290+0000] {logging_mixin.py:137} INFO - [2026-10-01T00:20:42.290+0000] {dag.py:3427} INFO - Setting next_dagrun for dataset_consumes_1_never_scheduled to None, run_after=None
[2026-10-01T00:20:42.291+0000] {logging_mixin.py:137} INFO - [2026-10-01T00:20:42.291+0000] {dag.py:3427} INFO - Setting next_dagrun for dataset_consumes_unknown_never_scheduled to None, run_after=None
[2026-10-01T00:20:42.294+0000] {logging_mixin.py:137} INFO - [2026-10-01T00:20:42.294+0000] {dag.py:3427} INFO - Setting next_dagrun for dataset_produces_1 to 2026-09-30T00:00:00+00:00, run_after=2026-10-01T00:00:00+00:00
[2026-10-01T00:20:42.296+0000] {logging_mixin.py:137} INFO - [2026-10-01T00:20:42.296+0000] {dag.py:3427} INFO - Setting next_dagrun for dataset_produces_2 to None, run_after=None
[2026-10-01T00:20:42.340+0000] {processor.py:175} INFO - Processing /home/airflow/.local/lib/python3.7/site-packages/airflow/example_dags/example_datasets.py took 0.205 seconds
