[2026-10-01T00:00:21.566+0000] {processor.py:153} INFO - Started process (PID=14982) to work on /home/airflow/.local/lib/python3.7/site-packages/airflow/example_dags/example_latest_only_with_trigger.py
[2026-10-01T00:00:21.567+0000] {processor.py:743} INFO - Processing file /home/airflow/.local/lib/python3.7/site-packages/airflow/example_dags/example_latest_only_with_trigger.py for tasks to queue
[2026-10-01T00:00:21.568+0000] {logging_mixin.py:137} INFO - [2026-10-01T00:00:21.568+0000] {dagbag.py:538} INFO - Filling up the DagBag from /home/airflow/.local/lib/python3.7/site-packages/airflow/example_dags/example_latest_only_with_trigger.py
[2026-10-01T00:00:21.587+0000] {processor.py:753} INFO - DAG(s) dict_keys(['latest_only_with_trigger']) retrieved from /home/airflow/.local/lib/python3.7/site-packages/airflow/example_dags/example_latest_only_with_trigger.py
[2026-10-01T00:00:21.643+0000] {logging_mixin.py:137} INFO - [2026-10-01T00:00:21.643+0000] {dag.py:2676} INFO - Sync 1 DAGs
[2026-10-01T00:00:21.681+0000] {logging_mixin.py:137} INFO - [2026-10-01T00:00:21.680+0000] {dag.py:3427} INFO - Setting next_dagrun for latest_only_with_trigger to 2026-09-30T20:00:21.680594+00:00, run_after=2026-10-01T00:00:21.680594+00:00
[2026-10-01T00:00:21.700+0000] {processor.py:175} INFO - Processing /home/airflow/.local/lib/python3.7/site-packages/airflow/example_dags/example_latest_only_with_trigger.py took 0.138 seconds
[2026-10-01T00:00:52.376+0000] {processor.py:153} INFO - Started process (PID=15061) to work on /home/airflow/.local/lib/python3.7/site-packages/airflow/example_dags/example_latest_only_with_trigger.py
[2026-10-01T00:00:52.377+0000] {processor.py:743} INFO - Processing file /home/airflow/.local/lib/python3.7/site-packages/airflow/example_dags/example_latest_only_with_trigger.py for tasks to queue
[2026-10-01T00:00:52.378+0000] {logging_mixin.py:137} INFO - [2026-10-01T00:00:52.378+0000] {dagbag.py:538} INFO - Filling up the DagBag from /home/airflow/.local/lib/python3.7/site-packages/airflow/example_dags/example_latest_only_with_trigger.py
[2026-10-01T00:00:52.392+0000] {processor.py:753} INFO - DAG(s) dict_keys(['latest_only_with_trigger']) retrieved from /home/airflow/.local/lib/python3.7/site-packages/airflow/example_dags/example_latest_only_with_trigger.py
[2026-10-01T00:00:52.440+0000] {logging_mixin.py:137} INFO - [2026-10-01T00:00:52.440+0000] {dag.py:2676} INFO - Sync 1 DAGs
[2026-10-01T00:00:52.466+0000] {logging_mixin.py:137} INFO - [2026-10-01T00:00:52.465+0000] {dag.py:3427} INFO - Setting next_dagrun for latest_only_with_trigger to 2026-09-30T20:00:52.465626+00:00, run_after=2026-10-01T00:00:52.465626+00:00
[2026-10-01T00:00:52.484+0000] {processor.py:175} INFO - Processing /home/airflow/.local/lib/python3.7/site-packages/airflow/example_dags/example_latest_only_with_trigger.py took 0.110 seconds
[2026-10-01T00:01:23.292+0000] {processor.py:153} INFO - Started process (PID=15160) to work on /home/airflow/.local/lib/python3.7/site-packages/airflow/example_dags/example_latest_only_with_trigger.py
[2026-10-01T00:01:23.293+0000] {processor.py:743} INFO - Processing file /home/airflow/.local/lib/python3.7/site-packages/airflow/example_dags/example_latest_only_with_trigger.py for tasks to queue
[2026-10-01T00:01:23.294+0000] {logging_mixin.py:137} INFO - [2026-10-01T00:01:23.294+0000] {dagbag.py:538} INFO - Filling up the DagBag from /home/airflow/.local/lib/python3.7/site-packages/airflow/example_dags/example_latest_only_with_trigger.py
[2026-10-01T00:01:23.314+0000] {processor.py:753} INFO - DAG(s) dict_keys(['latest_only_with_trigger']) retrieved from /home/airflow/.local/lib/python3.7/site-packages/airflow/example_dags/example_latest_only_with_trigger.py
[2026-10-01T00:01:23.365+0000] {logging_mixin.py:137} INFO - [2026-10-01T00:01:23.365+0000] {dag.py:2676} INFO - Sync 1 DAGs
[2026-10-01T00:01:23.402+0000] {logging_mixin.py:137} INFO - [2026-10-01T00:01:23.402+0000] {dag.py:3427} INFO - Setting next_dagrun for latest_only_with_trigger to 2026-09-30T20:01:23.401958+00:00, run_after=2026-10-01T00:01:23.401958+00:00
[2026-10-01T00:01:23.425+0000] {processor.py:175} INFO - Processing /home/airflow/.local/lib/python3.7/site-packages/airflow/example_dags/example_latest_only_with_trigger.py took 0.137 seconds
[2026-10-01T00:01:54.241+0000] {processor.py:153} INFO - Started process (PID=15239) to work on /home/airflow/.local/lib/python3.7/site-packages/airflow/example_dags/example_latest_only_with_trigger.py
[2026-10-01T00:01:54.242+0000] {processor.py:743} INFO - Processing file /home/airflow/.local/lib/python3.7/site-packages/airflow/example_dags/example_latest_only_with_trigger.py for tasks to queue
[2026-10-01T00:01:54.242+0000] {logging_mixin.py:137} INFO - [2026-10-01T00:01:54.242+0000] {dagbag.py:538} INFO - Filling up the DagBag from /home/airflow/.local/lib/python3.7/site-packages/airflow/example_dags/example_latest_only_with_trigger.py
[2026-10-01T00:01:54.271+0000] {processor.py:753} INFO - DAG(s) dict_keys(['latest_only_with_trigger']) retrieved from /home/airflow/.local/lib/python3.7/site-packages/airflow/example_dags/example_latest_only_with_trigger.py
[2026-10-01T00:01:54.332+0000] {logging_mixin.py:137} INFO - [2026-10-01T00:01:54.331+0000] {dag.py:2676} INFO - Sync 1 DAGs
[2026-10-01T00:01:54.365+0000] {logging_mixin.py:137} INFO - [2026-10-01T00:01:54.365+0000] {dag.py:3427} INFO - Setting next_dagrun for latest_only_with_trigger to 2026-09-30T20:01:54.365149+00:00, run_after=2026-10-01T00:01:54.365149+00:00
[2026-10-01T00:01:54.384+0000] {processor.py:175} INFO - Processing /home/airflow/.local/lib/python3.7/site-packages/airflow/example_dags/example_latest_only_with_trigger.py took 0.147 seconds
[2026-10-01T00:02:25.001+0000] {processor.py:153} INFO - Started process (PID=15318) to work on /home/airflow/.local/lib/python3.7/site-packages/airflow/example_dags/example_latest_only_with_trigger.py
[2026-10-01T00:02:25.003+0000] {processor.py:743} INFO - Processing file /home/airflow/.local/lib/python3.7/site-packages/airflow/example_dags/example_latest_only_with_trigger.py for tasks to queue
[2026-10-01T00:02:25.004+0000] {logging_mixin.py:137} INFO - [2026-10-01T00:02:25.004+0000] {dagbag.py:538} INFO - Filling up the DagBag from /home/airflow/.local/lib/python3.7/site-packages/airflow/example_dags/example_latest_only_with_trigger.py
[2026-10-01T00:02:25.025+0000] {processor.py:753} INFO - DAG(s) dict_keys(['latest_only_with_trigger']) retrieved from /home/airflow/.local/lib/python3.7/site-packages/airflow/example_dags/example_latest_only_with_trigger.py
[2026-10-01T00:02:25.076+0000] {logging_mixin.py:137} INFO - [2026-10-01T00:02:25.076+0000] {dag.py:2676} INFO - Sync 1 DAGs
[2026-10-01T00:02:25.112+0000] {logging_mixin.py:137} INFO - [2026-10-01T00:02:25.112+0000] {dag.py:3427} INFO - Setting next_dagrun for latest_only_with_trigger to 2026-09-30T20:02:25.111952+00:00, run_after=2026-10-01T00:02:25.111952+00:00
[2026-10-01T00:02:25.137+0000] {processor.py:175} INFO - Processing /home/airflow/.local/lib/python3.7/site-packages/airflow/example_dags/example_latest_only_with_trigger.py took 0.140 seconds
[2026-10-01T00:02:55.633+0000] {processor.py:153} INFO - Started process (PID=15403) to work on /home/airflow/.local/lib/python3.7/site-packages/airflow/example_dags/example_latest_only_with_trigger.py
[2026-10-01T00:02:55.634+0000] {processor.py:743} INFO - Processing file /home/airflow/.local/lib/python3.7/site-packages/airflow/example_dags/example_latest_only_with_trigger.py for tasks to queue
[2026-10-01T00:02:55.635+0000] {logging_mixin.py:137} INFO - [2026-10-01T00:02:55.634+0000] {dagbag.py:538} INFO - Filling up the DagBag from /home/airflow/.local/lib/python3.7/site-packages/airflow/example_dags/example_latest_only_with_trigger.py
[2026-10-01T00:02:55.662+0000] {processor.py:753} INFO - DAG(s) dict_keys(['latest_only_with_trigger']) retrieved from /home/airflow/.local/lib/python3.7/site-packages/airflow/example_dags/example_latest_only_with_trigger.py
[2026-10-01T00:02:55.714+0000] {logging_mixin.py:137} INFO - [2026-10-01T00:02:55.713+0000] {dag.py:2676} INFO - Sync 1 DAGs
[2026-10-01T00:02:55.752+0000] {logging_mixin.py:137} INFO - [2026-10-01T00:02:55.752+0000] {dag.py:3427} INFO - Setting next_dagrun for latest_only_with_trigger to 2026-09-30T20:02:55.752280+00:00, run_after=2026-10-01T00:02:55.752280+00:00
[2026-10-01T00:02:55.771+0000] {processor.py:175} INFO - Processing /home/airflow/.local/lib/python3.7/site-packages/airflow/example_dags/example_latest_only_with_trigger.py took 0.142 seconds
[2026-10-01T00:03:25.880+0000] {processor.py:153} INFO - Started process (PID=15496) to work on /home/airflow/.local/lib/python3.7/site-packages/airflow/example_dags/example_latest_only_with_trigger.py
[2026-10-01T00:03:25.881+0000] {processor.py:743} INFO - Processing file /home/airflow/.local/lib/python3.7/site-packages/airflow/example_dags/example_latest_only_with_trigger.py for tasks to queue
[2026-10-01T00:03:25.882+0000] {logging_mixin.py:137} INFO - [2026-10-01T00:03:25.882+0000] {dagbag.py:538} INFO - Filling up the DagBag from /home/airflow/.local/lib/python3.7/site-packages/airflow/example_dags/example_latest_only_with_trigger.py
[2026-10-01T00:03:25.905+0000] {processor.py:753} INFO - DAG(s) dict_keys(['latest_only_with_trigger']) retrieved from /home/airflow/.local/lib/python3.7/site-packages/airflow/example_dags/example_latest_only_with_trigger.py
[2026-10-01T00:03:25.965+0000] {logging_mixin.py:137} INFO - [2026-10-01T00:03:25.965+0000] {dag.py:2676} INFO - Sync 1 DAGs
[2026-10-01T00:03:26.001+0000] {logging_mixin.py:137} INFO - [2026-10-01T00:03:26.001+0000] {dag.py:3427} INFO - Setting next_dagrun for latest_only_with_trigger to 2026-09-30T20:03:26.001207+00:00, run_after=2026-10-01T00:03:26.001207+00:00
[2026-10-01T00:03:26.030+0000] {processor.py:175} INFO - Processing /home/airflow/.local/lib/python3.7/site-packages/airflow/example_dags/example_latest_only_with_trigger.py took 0.155 seconds
[2026-10-01T00:03:56.189+0000] {processor.py:153} INFO - Started process (PID=15575) to work on /home/airflow/.local/lib/python3.7/site-packages/airflow/example_dags/example_latest_only_with_trigger.py
[2026-10-01T00:03:56.190+0000] {processor.py:743} INFO - Processing file /home/airflow/.local/lib/python3.7/site-packages/airflow/example_dags/example_latest_only_with_trigger.py for tasks to queue
[2026-10-01T00:03:56.191+0000] {logging_mixin.py:137} INFO - [2026-10-01T00:03:56.191+0000] {dagbag.py:538} INFO - Filling up the DagBag from /home/airflow/.local/lib/python3.7/site-packages/airflow/example_dags/example_latest_only_with_trigger.py
[2026-10-01T00:03:56.212+0000] {processor.py:753} INFO - DAG(s) dict_keys(['latest_only_with_trigger']) retrieved from /home/airflow/.local/lib/python3.7/site-packages/airflow/example_dags/example_latest_only_with_trigger.py
[2026-10-01T00:03:56.264+0000] {logging_mixin.py:137} INFO - [2026-10-01T00:03:56.264+0000] {dag.py:2676} INFO - Sync 1 DAGs
[2026-10-01T00:03:56.300+0000] {logging_mixin.py:137} INFO - [2026-10-01T00:03:56.300+0000] {dag.py:3427} INFO - Setting next_dagrun for latest_only_with_trigger to 2026-09-30T20:03:56.300307+00:00, run_after=2026-10-01T00:03:56.300307+00:00
[2026-10-01T00:03:56.322+0000] {processor.py:175} INFO - Processing /home/airflow/.local/lib/python3.7/site-packages/airflow/example_dags/example_latest_only_with_trigger.py took 0.136 seconds
[2026-10-01T00:04:26.480+0000] {processor.py:153} INFO - Started process (PID=15654) to work on /home/airflow/.local/lib/python3.7/site-packages/airflow/example_dags/example_latest_only_with_trigger.py
[2026-10-01T00:04:26.481+0000] {processor.py:743} INFO - Processing file /home/airflow/.local/lib/python3.7/site-packages/airflow/example_dags/example_latest_only_with_trigger.py for tasks to queue
[2026-10-01T00:04:26.481+0000] {logging_mixin.py:137} INFO - [2026-10-01T00:04:26.481+0000] {dagbag.py:538} INFO - Filling up the DagBag from /home/airflow/.local/lib/python3.7/site-packages/airflow/example_dags/example_latest_only_with_trigger.py
[2026-10-01T00:04:26.501+0000] {processor.py:753} INFO - DAG(s) dict_keys(['latest_only_with_trigger']) retrieved from /home/airflow/.local/lib/python3.7/site-packages/airflow/example_dags/example_latest_only_with_trigger.py
[2026-10-01T00:04:26.548+0000] {logging_mixin.py:137} INFO - [2026-10-01T00:04:26.548+0000] {dag.py:2676} INFO - Sync 1 DAGs
[2026-10-01T00:04:26.580+0000] {logging_mixin.py:137} INFO - [2026-10-01T00:04:26.580+0000] {dag.py:3427} INFO - Setting next_dagrun for latest_only_with_trigger to 2026-09-30T20:04:26.579741+00:00, run_after=2026-10-01T00:04:26.579741+00:00
[2026-10-01T00:04:26.603+0000] {processor.py:175} INFO - Processing /home/airflow/.local/lib/python3.7/site-packages/airflow/example_dags/example_latest_only_with_trigger.py took 0.127 seconds
[2026-10-01T00:04:57.322+0000] {processor.py:153} INFO - Started process (PID=15733) to work on /home/airflow/.local/lib/python3.7/site-packages/airflow/example_dags/example_latest_only_with_trigger.py
[2026-10-01T00:04:57.323+0000] {processor.py:743} INFO - Processing file /home/airflow/.local/lib/python3.7/site-packages/airflow/example_dags/example_latest_only_with_trigger.py for tasks to queue
[2026-10-01T00:04:57.324+0000] {logging_mixin.py:137} INFO - [2026-10-01T00:04:57.324+0000] {dagbag.py:538} INFO - Filling up the DagBag from /home/airflow/.local/lib/python3.7/site-packages/airflow/example_dags/example_latest_only_with_trigger.py
[2026-10-01T00:04:57.345+0000] {processor.py:753} INFO - DAG(s) dict_keys(['latest_only_with_trigger']) retrieved from /home/airflow/.local/lib/python3.7/site-packages/airflow/example_dags/example_latest_only_with_trigger.py
[2026-10-01T00:04:57.415+0000] {logging_mixin.py:137} INFO - [2026-10-01T00:04:57.415+0000] {dag.py:2676} INFO - Sync 1 DAGs
[2026-10-01T00:04:57.456+0000] {logging_mixin.py:137} INFO - [2026-10-01T00:04:57.455+0000] {dag.py:3427} INFO - Setting next_dagrun for latest_only_with_trigger to 2026-09-30T20:04:57.455365+00:00, run_after=2026-10-01T00:04:57.455365+00:00
[2026-10-01T00:04:57.486+0000] {processor.py:175} INFO - Processing /home/airflow/.local/lib/python3.7/site-packages/airflow/example_dags/example_latest_only_with_trigger.py took 0.168 seconds
[2026-10-01T00:05:27.621+0000] {processor.py:153} INFO - Started process (PID=15832) to work on /home/airflow/.local/lib/python3.7/site-packages/airflow/example_dags/example_latest_only_with_trigger.py
[2026-10-01T00:05:27.622+0000] {processor.py:743} INFO - Processing file /home/airflow/.local/lib/python3.7/site-packages/airflow/example_dags/example_latest_only_with_trigger.py for tasks to queue
[2026-10-01T00:05:27.623+0000] {logging_mixin.py:137} INFO - [2026-10-01T00:05:27.623+0000] {dagbag.py:538} INFO - Filling up the DagBag from /home/airflow/.local/lib/python3.7/site-packages/airflow/example_dags/example_latest_only_with_trigger.py
[2026-10-01T00:05:27.654+0000] {processor.py:753} INFO - DAG(s) dict_keys(['latest_only_with_trigger']) retrieved from /home/airflow/.local/lib/python3.7/site-packages/airflow/example_dags/example_latest_only_with_trigger.py
[2026-10-01T00:05:27.722+0000] {logging_mixin.py:137} INFO - [2026-10-01T00:05:27.721+0000] {dag.py:2676} INFO - Sync 1 DAGs
[2026-10-01T00:05:27.756+0000] {logging_mixin.py:137} INFO - [2026-10-01T00:05:27.756+0000] {dag.py:3427} INFO - Setting next_dagrun for latest_only_with_trigger to 2026-09-30T20:05:27.755985+00:00, run_after=2026-10-01T00:05:27.755985+00:00
[2026-10-01T00:05:27.780+0000] {processor.py:175} INFO - Processing /home/airflow/.local/lib/python3.7/site-packages/airflow/example_dags/example_latest_only_with_trigger.py took 0.162 seconds
[2026-10-01T00:05:58.175+0000] {processor.py:153} INFO - Started process (PID=15911) to work on /home/airflow/.local/lib/python3.7/site-packages/airflow/example_dags/example_latest_only_with_trigger.py
[2026-10-01T00:05:58.176+0000] {processor.py:743} INFO - Processing file /home/airflow/.local/lib/python3.7/site-packages/airflow/example_dags/example_latest_only_with_trigger.py for tasks to queue
[2026-10-01T00:05:58.177+0000] {logging_mixin.py:137} INFO - [2026-10-01T00:05:58.177+0000] {dagbag.py:538} INFO - Filling up the DagBag from /home/airflow/.local/lib/python3.7/site-packages/airflow/example_dags/example_latest_only_with_trigger.py
[2026-10-01T00:05:58.197+0000] {processor.py:753} INFO - DAG(s) dict_keys(['latest_only_with_trigger']) retrieved from /home/airflow/.local/lib/python3.7/site-packages/airflow/example_dags/example_latest_only_with_trigger.py
[2026-10-01T00:05:58.250+0000] {logging_mixin.py:137} INFO - [2026-10-01T00:05:58.249+0000] {dag.py:2676} INFO - Sync 1 DAGs
[2026-10-01T00:05:58.283+0000] {logging_mixin.py:137} INFO - [2026-10-01T00:05:58.283+0000] {dag.py:3427} INFO - Setting next_dagrun for latest_only_with_trigger to 2026-09-30T20:05:58.283121+00:00, run_after=2026-10-01T00:05:58.283121+00:00
[2026-10-01T00:05:58.303+0000] {processor.py:175} INFO - Processing /home/airflow/.local/lib/python3.7/site-packages/airflow/example_dags/example_latest_only_with_trigger.py took 0.132 seconds
[2026-10-01T00:06:28.585+0000] {processor.py:153} INFO - Started process (PID=15990) to work on /home/airflow/.local/lib/python3.7/site-packages/airflow/example_dags/example_latest_only_with_trigger.py
[2026-10-01T00:06:28.586+0000] {processor.py:743} INFO - Processing file /home/airflow/.local/lib/python3.7/site-packages/airflow/example_dags/example_latest_only_with_trigger.py for tasks to queue
[2026-10-01T00:06:28.587+0000] {logging_mixin.py:137} INFO - [2026-10-01T00:06:28.587+0000] {dagbag.py:538} INFO - Filling up the DagBag from /home/airflow/.local/lib/python3.7/site-packages/airflow/example_dags/example_latest_only_with_trigger.py
[2026-10-01T00:06:28.606+0000] {processor.py:753} INFO - DAG(s) dict_keys(['latest_only_with_trigger']) retrieved from /home/airflow/.local/lib/python3.7/site-packages/airflow/example_dags/example_latest_only_with_trigger.py
[2026-10-01T00:06:28.656+0000] {logging_mixin.py:137} INFO - [2026-10-01T00:06:28.656+0000] {dag.py:2676} INFO - Sync 1 DAGs
[2026-10-01T00:06:28.686+0000] {logging_mixin.py:137} INFO - [2026-10-01T00:06:28.686+0000] {dag.py:3427} INFO - Setting next_dagrun for latest_only_with_trigger to 2026-09-30T20:06:28.685958+00:00, run_after=2026-10-01T00:06:28.685958+00:00
[2026-10-01T00:06:28.705+0000] {processor.py:175} INFO - Processing /home/airflow/.local/lib/python3.7/site-packages/airflow/example_dags/example_latest_only_with_trigger.py took 0.124 seconds
[2026-10-01T00:06:59.018+0000] {processor.py:153} INFO - Started process (PID=16077) to work on /home/airflow/.local/lib/python3.7/site-packages/airflow/example_dags/example_latest_only_with_trigger.py
[2026-10-01T00:06:59.019+0000] {processor.py:743} INFO - Processing file /home/airflow/.local/lib/python3.7/site-packages/airflow/example_dags/example_latest_only_with_trigger.py for tasks to queue
[2026-10-01T00:06:59.021+0000] {logging_mixin.py:137} INFO - [2026-10-01T00:06:59.020+0000] {dagbag.py:538} INFO - Filling up the DagBag from /home/airflow/.local/lib/python3.7/site-packages/airflow/example_dags/example_latest_only_with_trigger.py
[2026-10-01T00:06:59.051+0000] {processor.py:753} INFO - DAG(s) dict_keys(['latest_only_with_trigger']) retrieved from /home/airflow/.local/lib/python3.7/site-packages/airflow/example_dags/example_latest_only_with_trigger.py
[2026-10-01T00:06:59.119+0000] {logging_mixin.py:137} INFO - [2026-10-01T00:06:59.119+0000] {dag.py:2676} INFO - Sync 1 DAGs
[2026-10-01T00:06:59.155+0000] {logging_mixin.py:137} INFO - [2026-10-01T00:06:59.155+0000] {dag.py:3427} INFO - Setting next_dagrun for latest_only_with_trigger to 2026-09-30T20:06:59.155431+00:00, run_after=2026-10-01T00:06:59.155431+00:00
[2026-10-01T00:06:59.176+0000] {processor.py:175} INFO - Processing /home/airflow/.local/lib/python3.7/site-packages/airflow/example_dags/example_latest_only_with_trigger.py took 0.164 seconds
[2026-10-01T00:07:29.270+0000] {processor.py:153} INFO - Started process (PID=16169) to work on /home/airflow/.local/lib/python3.7/site-packages/airflow/example_dags/example_latest_only_with_trigger.py
[2026-10-01T00:07:29.272+0000] {processor.py:743} INFO - Processing file /home/airflow/.local/lib/python3.7/site-packages/airflow/example_dags/example_latest_only_with_trigger.py for tasks to queue
[2026-10-01T00:07:29.273+0000] {logging_mixin.py:137} INFO - [2026-10-01T00:07:29.272+0000] {dagbag.py:538} INFO - Filling up the DagBag from /home/airflow/.local/lib/python3.7/site-packages/airflow/example_dags/example_latest_only_with_trigger.py
[2026-10-01T00:07:29.292+0000] {processor.py:753} INFO - DAG(s) dict_keys(['latest_only_with_trigger']) retrieved from /home/airflow/.local/lib/python3.7/site-packages/airflow/example_dags/example_latest_only_with_trigger.py
[2026-10-01T00:07:29.346+0000] {logging_mixin.py:137} INFO - [2026-10-01T00:07:29.346+0000] {dag.py:2676} INFO - Sync 1 DAGs
[2026-10-01T00:07:29.376+0000] {logging_mixin.py:137} INFO - [2026-10-01T00:07:29.376+0000] {dag.py:3427} INFO - Setting next_dagrun for latest_only_with_trigger to 2026-09-30T20:07:29.376419+00:00, run_after=2026-10-01T00:07:29.376419+00:00
[2026-10-01T00:07:29.397+0000] {processor.py:175} INFO - Processing /home/airflow/.local/lib/python3.7/site-packages/airflow/example_dags/example_latest_only_with_trigger.py took 0.130 seconds
[2026-10-01T00:07:59.545+0000] {processor.py:153} INFO - Started process (PID=16248) to work on /home/airflow/.local/lib/python3.7/site-packages/airflow/example_dags/example_latest_only_with_trigger.py
[2026-10-01T00:07:59.546+0000] {processor.py:743} INFO - Processing file /home/airflow/.local/lib/python3.7/site-packages/airflow/example_dags/example_latest_only_with_trigger.py for tasks to queue
[2026-10-01T00:07:59.547+0000] {logging_mixin.py:137} INFO - [2026-10-01T00:07:59.547+0000] {dagbag.py:538} INFO - Filling up the DagBag from /home/airflow/.local/lib/python3.7/site-packages/airflow/example_dags/example_latest_only_with_trigger.py
[2026-10-01T00:07:59.566+0000] {processor.py:753} INFO - DAG(s) dict_keys(['latest_only_with_trigger']) retrieved from /home/airflow/.local/lib/python3.7/site-packages/airflow/example_dags/example_latest_only_with_trigger.py
[2026-10-01T00:07:59.615+0000] {logging_mixin.py:137} INFO - [2026-10-01T00:07:59.615+0000] {dag.py:2676} INFO - Sync 1 DAGs
[2026-10-01T00:07:59.649+0000] {logging_mixin.py:137} INFO - [2026-10-01T00:07:59.649+0000] {dag.py:3427} INFO - Setting next_dagrun for latest_only_with_trigger to 2026-09-30T20:07:59.649354+00:00, run_after=2026-10-01T00:07:59.649354+00:00
[2026-10-01T00:07:59.672+0000] {processor.py:175} INFO - Processing /home/airflow/.local/lib/python3.7/site-packages/airflow/example_dags/example_latest_only_with_trigger.py took 0.132 seconds
[2026-10-01T00:08:30.022+0000] {processor.py:153} INFO - Started process (PID=16326) to work on /home/airflow/.local/lib/python3.7/site-packages/airflow/example_dags/example_latest_only_with_trigger.py
[2026-10-01T00:08:30.023+0000] {processor.py:743} INFO - Processing file /home/airflow/.local/lib/python3.7/site-packages/airflow/example_dags/example_latest_only_with_trigger.py for tasks to queue
[2026-10-01T00:08:30.024+0000] {logging_mixin.py:137} INFO - [2026-10-01T00:08:30.024+0000] {dagbag.py:538} INFO - Filling up the DagBag from /home/airflow/.local/lib/python3.7/site-packages/airflow/example_dags/example_latest_only_with_trigger.py
[2026-10-01T00:08:30.045+0000] {processor.py:753} INFO - DAG(s) dict_keys(['latest_only_with_trigger']) retrieved from /home/airflow/.local/lib/python3.7/site-packages/airflow/example_dags/example_latest_only_with_trigger.py
[2026-10-01T00:08:30.093+0000] {logging_mixin.py:137} INFO - [2026-10-01T00:08:30.093+0000] {dag.py:2676} INFO - Sync 1 DAGs
[2026-10-01T00:08:30.133+0000] {logging_mixin.py:137} INFO - [2026-10-01T00:08:30.133+0000] {dag.py:3427} INFO - Setting next_dagrun for latest_only_with_trigger to 2026-09-30T20:08:30.133055+00:00, run_after=2026-10-01T00:08:30.133055+00:00
[2026-10-01T00:08:30.155+0000] {processor.py:175} INFO - Processing /home/airflow/.local/lib/python3.7/site-packages/airflow/example_dags/example_latest_only_with_trigger.py took 0.137 seconds
[2026-10-01T00:09:00.606+0000] {processor.py:153} INFO - Started process (PID=16414) to work on /home/airflow/.local/lib/python3.7/site-packages/airflow/example_dags/example_latest_only_with_trigger.py
[2026-10-01T00:09:00.607+0000] {processor.py:743} INFO - Processing file /home/airflow/.local/lib/python3.7/site-packages/airflow/example_dags/example_latest_only_with_trigger.py for tasks to queue
[2026-10-01T00:09:00.607+0000] {logging_mixin.py:137} INFO - [2026-10-01T00:09:00.607+0000] {dagbag.py:538} INFO - Filling up the DagBag from /home/airflow/.local/lib/python3.7/site-packages/airflow/example_dags/example_latest_only_with_trigger.py
[2026-10-01T00:09:00.626+0000] {processor.py:753} INFO - DAG(s) dict_keys(['latest_only_with_trigger']) retrieved from /home/airflow/.local/lib/python3.7/site-packages/airflow/example_dags/example_latest_only_with_trigger.py
[2026-10-01T00:09:00.673+0000] {logging_mixin.py:137} INFO - [2026-10-01T00:09:00.673+0000] {dag.py:2676} INFO - Sync 1 DAGs
[2026-10-01T00:09:00.704+0000] {logging_mixin.py:137} INFO - [2026-10-01T00:09:00.703+0000] {dag.py:3427} INFO - Setting next_dagrun for latest_only_with_trigger to 2026-09-30T20:09:00.703610+00:00, run_after=2026-10-01T00:09:00.703610+00:00
[2026-10-01T00:09:00.724+0000] {processor.py:175} INFO - Processing /home/airflow/.local/lib/python3.7/site-packages/airflow/example_dags/example_latest_only_with_trigger.py took 0.122 seconds
[2026-10-01T00:09:31.585+0000] {processor.py:153} INFO - Started process (PID=16504) to work on /home/airflow/.local/lib/python3.7/site-packages/airflow/example_dags/example_latest_only_with_trigger.py
[2026-10-01T00:09:31.587+0000] {processor.py:743} INFO - Processing file /home/airflow/.local/lib/python3.7/site-packages/airflow/example_dags/example_latest_only_with_trigger.py for tasks to queue
[2026-10-01T00:09:31.587+0000] {logging_mixin.py:137} INFO - [2026-10-01T00:09:31.587+0000] {dagbag.py:538} INFO - Filling up the DagBag from /home/airflow/.local/lib/python3.7/site-packages/airflow/example_dags/example_latest_only_with_trigger.py
[2026-10-01T00:09:31.608+0000] {processor.py:753} INFO - DAG(s) dict_keys(['latest_only_with_trigger']) retrieved from /home/airflow/.local/lib/python3.7/site-packages/airflow/example_dags/example_latest_only_with_trigger.py
[2026-10-01T00:09:31.655+0000] {logging_mixin.py:137} INFO - [2026-10-01T00:09:31.655+0000] {dag.py:2676} INFO - Sync 1 DAGs
[2026-10-01T00:09:31.702+0000] {logging_mixin.py:137} INFO - [2026-10-01T00:09:31.702+0000] {dag.py:3427} INFO - Setting next_dagrun for latest_only_with_trigger to 2026-09-30T20:09:31.701938+00:00, run_after=2026-10-01T00:09:31.701938+00:00
[2026-10-01T00:09:31.732+0000] {processor.py:175} INFO - Processing /home/airflow/.local/lib/python3.7/site-packages/airflow/example_dags/example_latest_only_with_trigger.py took 0.151 seconds
[2026-10-01T00:10:02.007+0000] {processor.py:153} INFO - Started process (PID=16585) to work on /home/airflow/.local/lib/python3.7/site-packages/airflow/example_dags/example_latest_only_with_trigger.py
[2026-10-01T00:10:02.009+0000] {processor.py:743} INFO - Processing file /home/airflow/.local/lib/python3.7/site-packages/airflow/example_dags/example_latest_only_with_trigger.py for tasks to queue
[2026-10-01T00:10:02.010+0000] {logging_mixin.py:137} INFO - [2026-10-01T00:10:02.010+0000] {dagbag.py:538} INFO - Filling up the DagBag from /home/airflow/.local/lib/python3.7/site-packages/airflow/example_dags/example_latest_only_with_trigger.py
[2026-10-01T00:10:02.029+0000] {processor.py:753} INFO - DAG(s) dict_keys(['latest_only_with_trigger']) retrieved from /home/airflow/.local/lib/python3.7/site-packages/airflow/example_dags/example_latest_only_with_trigger.py
[2026-10-01T00:10:02.086+0000] {logging_mixin.py:137} INFO - [2026-10-01T00:10:02.086+0000] {dag.py:2676} INFO - Sync 1 DAGs
[2026-10-01T00:10:02.128+0000] {logging_mixin.py:137} INFO - [2026-10-01T00:10:02.128+0000] {dag.py:3427} INFO - Setting next_dagrun for latest_only_with_trigger to 2026-09-30T20:10:02.128180+00:00, run_after=2026-10-01T00:10:02.128180+00:00
[2026-10-01T00:10:02.158+0000] {processor.py:175} INFO - Processing /home/airflow/.local/lib/python3.7/site-packages/airflow/example_dags/example_latest_only_with_trigger.py took 0.155 seconds
[2026-10-01T00:10:32.913+0000] {processor.py:153} INFO - Started process (PID=16662) to work on /home/airflow/.local/lib/python3.7/site-packages/airflow/example_dags/example_latest_only_with_trigger.py
[2026-10-01T00:10:32.913+0000] {processor.py:743} INFO - Processing file /home/airflow/.local/lib/python3.7/site-packages/airflow/example_dags/example_latest_only_with_trigger.py for tasks to queue
[2026-10-01T00:10:32.914+0000] {logging_mixin.py:137} INFO - [2026-10-01T00:10:32.914+0000] {dagbag.py:538} INFO - Filling up the DagBag from /home/airflow/.local/lib/python3.7/site-packages/airflow/example_dags/example_latest_only_with_trigger.py
[2026-10-01T00:10:32.933+0000] {processor.py:753} INFO - DAG(s) dict_keys(['latest_only_with_trigger']) retrieved from /home/airflow/.local/lib/python3.7/site-packages/airflow/example_dags/example_latest_only_with_trigger.py
[2026-10-01T00:10:32.988+0000] {logging_mixin.py:137} INFO - [2026-10-01T00:10:32.988+0000] {dag.py:2676} INFO - Sync 1 DAGs
[2026-10-01T00:10:33.024+0000] {logging_mixin.py:137} INFO - [2026-10-01T00:10:33.023+0000] {dag.py:3427} INFO - Setting next_dagrun for latest_only_with_trigger to 2026-09-30T20:10:33.023334+00:00, run_after=2026-10-01T00:10:33.023334+00:00
[2026-10-01T00:10:33.046+0000] {processor.py:175} INFO - Processing /home/airflow/.local/lib/python3.7/site-packages/airflow/example_dags/example_latest_only_with_trigger.py took 0.138 seconds
[2026-10-01T00:11:03.394+0000] {processor.py:153} INFO - Started process (PID=16750) to work on /home/airflow/.local/lib/python3.7/site-packages/airflow/example_dags/example_latest_only_with_trigger.py
[2026-10-01T00:11:03.395+0000] {processor.py:743} INFO - Processing file /home/airflow/.local/lib/python3.7/site-packages/airflow/example_dags/example_latest_only_with_trigger.py for tasks to queue
[2026-10-01T00:11:03.395+0000] {logging_mixin.py:137} INFO - [2026-10-01T00:11:03.395+0000] {dagbag.py:538} INFO - Filling up the DagBag from /home/airflow/.local/lib/python3.7/site-packages/airflow/example_dags/example_latest_only_with_trigger.py
[2026-10-01T00:11:03.415+0000] {processor.py:753} INFO - DAG(s) dict_keys(['latest_only_with_trigger']) retrieved from /home/airflow/.local/lib/python3.7/site-packages/airflow/example_dags/example_latest_only_with_trigger.py
[2026-10-01T00:11:03.462+0000] {logging_mixin.py:137} INFO - [2026-10-01T00:11:03.462+0000] {dag.py:2676} INFO - Sync 1 DAGs
[2026-10-01T00:11:03.495+0000] {logging_mixin.py:137} INFO - [2026-10-01T00:11:03.495+0000] {dag.py:3427} INFO - Setting next_dagrun for latest_only_with_trigger to 2026-09-30T20:11:03.495488+00:00, run_after=2026-10-01T00:11:03.495488+00:00
[2026-10-01T00:11:03.518+0000] {processor.py:175} INFO - Processing /home/airflow/.local/lib/python3.7/site-packages/airflow/example_dags/example_latest_only_with_trigger.py took 0.128 seconds
[2026-10-01T00:11:33.834+0000] {processor.py:153} INFO - Started process (PID=16840) to work on /home/airflow/.local/lib/python3.7/site-packages/airflow/example_dags/example_latest_only_with_trigger.py
[2026-10-01T00:11:33.835+0000] {processor.py:743} INFO - Processing file /home/airflow/.local/lib/python3.7/site-packages/airflow/example_dags/example_latest_only_with_trigger.py for tasks to queue
[2026-10-01T00:11:33.836+0000] {logging_mixin.py:137} INFO - [2026-10-01T00:11:33.836+0000] {dagbag.py:538} INFO - Filling up the DagBag from /home/airflow/.local/lib/python3.7/site-packages/airflow/example_dags/example_latest_only_with_trigger.py
[2026-10-01T00:11:33.856+0000] {processor.py:753} INFO - DAG(s) dict_keys(['latest_only_with_trigger']) retrieved from /home/airflow/.local/lib/python3.7/site-packages/airflow/example_dags/example_latest_only_with_trigger.py
[2026-10-01T00:11:33.911+0000] {logging_mixin.py:137} INFO - [2026-10-01T00:11:33.911+0000] {dag.py:2676} INFO - Sync 1 DAGs
[2026-10-01T00:11:33.945+0000] {logging_mixin.py:137} INFO - [2026-10-01T00:11:33.945+0000] {dag.py:3427} INFO - Setting next_dagrun for latest_only_with_trigger to 2026-09-30T20:11:33.945118+00:00, run_after=2026-10-01T00:11:33.945118+00:00
[2026-10-01T00:11:33.966+0000] {processor.py:175} INFO - Processing /home/airflow/.local/lib/python3.7/site-packages/airflow/example_dags/example_latest_only_with_trigger.py took 0.136 seconds
[2026-10-01T00:12:04.599+0000] {processor.py:153} INFO - Started process (PID=16919) to work on /home/airflow/.local/lib/python3.7/site-packages/airflow/example_dags/example_latest_only_with_trigger.py
[2026-10-01T00:12:04.600+0000] {processor.py:743} INFO - Processing file /home/airflow/.local/lib/python3.7/site-packages/airflow/example_dags/example_latest_only_with_trigger.py for tasks to queue
[2026-10-01T00:12:04.601+0000] {logging_mixin.py:137} INFO - [2026-10-01T00:12:04.601+0000] {dagbag.py:538} INFO - Filling up the DagBag from /home/airflow/.local/lib/python3.7/site-packages/airflow/example_dags/example_latest_only_with_trigger.py
[2026-10-01T00:12:04.627+0000] {processor.py:753} INFO - DAG(s) dict_keys(['latest_only_with_trigger']) retrieved from /home/airflow/.local/lib/python3.7/site-packages/airflow/example_dags/example_latest_only_with_trigger.py
[2026-10-01T00:12:04.699+0000] {logging_mixin.py:137} INFO - [2026-10-01T00:12:04.698+0000] {dag.py:2676} INFO - Sync 1 DAGs
[2026-10-01T00:12:04.748+0000] {logging_mixin.py:137} INFO - [2026-10-01T00:12:04.748+0000] {dag.py:3427} INFO - Setting next_dagrun for latest_only_with_trigger to 2026-09-30T20:12:04.747944+00:00, run_after=2026-10-01T00:12:04.747944+00:00
[2026-10-01T00:12:04.781+0000] {processor.py:175} INFO - Processing /home/airflow/.local/lib/python3.7/site-packages/airflow/example_dags/example_latest_only_with_trigger.py took 0.186 seconds
[2026-10-01T00:12:34.878+0000] {processor.py:153} INFO - Started process (PID=16998) to work on /home/airflow/.local/lib/python3.7/site-packages/airflow/example_dags/example_latest_only_with_trigger.py
[2026-10-01T00:12:34.879+0000] {processor.py:743} INFO - Processing file /home/airflow/.local/lib/python3.7/site-packages/airflow/example_dags/example_latest_only_with_trigger.py for tasks to queue
[2026-10-01T00:12:34.880+0000] {logging_mixin.py:137} INFO - [2026-10-01T00:12:34.880+0000] {dagbag.py:538} INFO - Filling up the DagBag from /home/airflow/.local/lib/python3.7/site-packages/airflow/example_dags/example_latest_only_with_trigger.py
[2026-10-01T00:12:34.900+0000] {processor.py:753} INFO - DAG(s) dict_keys(['latest_only_with_trigger']) retrieved from /home/airflow/.local/lib/python3.7/site-packages/airflow/example_dags/example_latest_only_with_trigger.py
[2026-10-01T00:12:34.948+0000] {logging_mixin.py:137} INFO - [2026-10-01T00:12:34.948+0000] {dag.py:2676} INFO - Sync 1 DAGs
[2026-10-01T00:12:35.005+0000] {logging_mixin.py:137} INFO - [2026-10-01T00:12:35.005+0000] {dag.py:3427} INFO - Setting next_dagrun for latest_only_with_trigger to 2026-09-30T20:12:35.004218+00:00, run_after=2026-10-01T00:12:35.004218+00:00
[2026-10-01T00:12:35.040+0000] {processor.py:175} INFO - Processing /home/airflow/.local/lib/python3.7/site-packages/airflow/example_dags/example_latest_only_with_trigger.py took 0.166 seconds
[2026-10-01T00:13:05.725+0000] {processor.py:153} INFO - Started process (PID=17086) to work on /home/airflow/.local/lib/python3.7/site-packages/airflow/example_dags/example_latest_only_with_trigger.py
[2026-10-01T00:13:05.726+0000] {processor.py:743} INFO - Processing file /home/airflow/.local/lib/python3.7/site-packages/airflow/example_dags/example_latest_only_with_trigger.py for tasks to queue
[2026-10-01T00:13:05.727+0000] {logging_mixin.py:137} INFO - [2026-10-01T00:13:05.727+0000] {dagbag.py:538} INFO - Filling up the DagBag from /home/airflow/.local/lib/python3.7/site-packages/airflow/example_dags/example_latest_only_with_trigger.py
[2026-10-01T00:13:05.756+0000] {processor.py:753} INFO - DAG(s) dict_keys(['latest_only_with_trigger']) retrieved from /home/airflow/.local/lib/python3.7/site-packages/airflow/example_dags/example_latest_only_with_trigger.py
[2026-10-01T00:13:05.816+0000] {logging_mixin.py:137} INFO - [2026-10-01T00:13:05.816+0000] {dag.py:2676} INFO - Sync 1 DAGs
[2026-10-01T00:13:05.857+0000] {logging_mixin.py:137} INFO - [2026-10-01T00:13:05.857+0000] {dag.py:3427} INFO - Setting next_dagrun for latest_only_with_trigger to 2026-09-30T20:13:05.856869+00:00, run_after=2026-10-01T00:13:05.856869+00:00
[2026-10-01T00:13:05.892+0000] {processor.py:175} INFO - Processing /home/airflow/.local/lib/python3.7/site-packages/airflow/example_dags/example_latest_only_with_trigger.py took 0.173 seconds
[2026-10-01T00:13:36.233+0000] {processor.py:153} INFO - Started process (PID=17178) to work on /home/airflow/.local/lib/python3.7/site-packages/airflow/example_dags/example_latest_only_with_trigger.py
[2026-10-01T00:13:36.234+0000] {processor.py:743} INFO - Processing file /home/airflow/.local/lib/python3.7/site-packages/airflow/example_dags/example_latest_only_with_trigger.py for tasks to queue
[2026-10-01T00:13:36.234+0000] {logging_mixin.py:137} INFO - [2026-10-01T00:13:36.234+0000] {dagbag.py:538} INFO - Filling up the DagBag from /home/airflow/.local/lib/python3.7/site-packages/airflow/example_dags/example_latest_only_with_trigger.py
[2026-10-01T00:13:36.253+0000] {processor.py:753} INFO - DAG(s) dict_keys(['latest_only_with_trigger']) retrieved from /home/airflow/.local/lib/python3.7/site-packages/airflow/example_dags/example_latest_only_with_trigger.py
[2026-10-01T00:13:36.313+0000] {logging_mixin.py:137} INFO - [2026-10-01T00:13:36.313+0000] {dag.py:2676} INFO - Sync 1 DAGs
[2026-10-01T00:13:36.354+0000] {logging_mixin.py:137} INFO - [2026-10-01T00:13:36.354+0000] {dag.py:3427} INFO - Setting next_dagrun for latest_only_with_trigger to 2026-09-30T20:13:36.353819+00:00, run_after=2026-10-01T00:13:36.353819+00:00
[2026-10-01T00:13:36.386+0000] {processor.py:175} INFO - Processing /home/airflow/.local/lib/python3.7/site-packages/airflow/example_dags/example_latest_only_with_trigger.py took 0.158 seconds
[2026-10-01T00:14:06.940+0000] {processor.py:153} INFO - Started process (PID=17255) to work on /home/airflow/.local/lib/python3.7/site-packages/airflow/example_dags/example_latest_only_with_trigger.py
[2026-10-01T00:14:06.941+0000] {processor.py:743} INFO - Processing file /home/airflow/.local/lib/python3.7/site-packages/airflow/example_dags/example_latest_only_with_trigger.py for tasks to queue
[2026-10-01T00:14:06.942+0000] {logging_mixin.py:137} INFO - [2026-10-01T00:14:06.942+0000] {dagbag.py:538} INFO - Filling up the DagBag from /home/airflow/.local/lib/python3.7/site-packages/airflow/example_dags/example_latest_only_with_trigger.py
[2026-10-01T00:14:06.964+0000] {processor.py:753} INFO - DAG(s) dict_keys(['latest_only_with_trigger']) retrieved from /home/airflow/.local/lib/python3.7/site-packages/airflow/example_dags/example_latest_only_with_trigger.py
[2026-10-01T00:14:07.016+0000] {logging_mixin.py:137} INFO - [2026-10-01T00:14:07.016+0000] {dag.py:2676} INFO - Sync 1 DAGs
[2026-10-01T00:14:07.055+0000] {logging_mixin.py:137} INFO - [2026-10-01T00:14:07.054+0000] {dag.py:3427} INFO - Setting next_dagrun for latest_only_with_trigger to 2026-09-30T20:14:07.054588+00:00, run_after=2026-10-01T00:14:07.054588+00:00
[2026-10-01T00:14:07.080+0000] {processor.py:175} INFO - Processing /home/airflow/.local/lib/python3.7/site-packages/airflow/example_dags/example_latest_only_with_trigger.py took 0.144 seconds
[2026-10-01T00:14:37.467+0000] {processor.py:153} INFO - Started process (PID=17336) to work on /home/airflow/.local/lib/python3.7/site-packages/airflow/example_dags/example_latest_only_with_trigger.py
[2026-10-01T00:14:37.469+0000] {processor.py:743} INFO - Processing file /home/airflow/.local/lib/python3.7/site-packages/airflow/example_dags/example_latest_only_with_trigger.py for tasks to queue
[2026-10-01T00:14:37.470+0000] {logging_mixin.py:137} INFO - [2026-10-01T00:14:37.470+0000] {dagbag.py:538} INFO - Filling up the DagBag from /home/airflow/.local/lib/python3.7/site-packages/airflow/example_dags/example_latest_only_with_trigger.py
[2026-10-01T00:14:37.493+0000] {processor.py:753} INFO - DAG(s) dict_keys(['latest_only_with_trigger']) retrieved from /home/airflow/.local/lib/python3.7/site-packages/airflow/example_dags/example_latest_only_with_trigger.py
[2026-10-01T00:14:37.543+0000] {logging_mixin.py:137} INFO - [2026-10-01T00:14:37.543+0000] {dag.py:2676} INFO - Sync 1 DAGs
[2026-10-01T00:14:37.579+0000] {logging_mixin.py:137} INFO - [2026-10-01T00:14:37.579+0000] {dag.py:3427} INFO - Setting next_dagrun for latest_only_with_trigger to 2026-09-30T20:14:37.578652+00:00, run_after=2026-10-01T00:14:37.578652+00:00
[2026-10-01T00:14:37.610+0000] {processor.py:175} INFO - Processing /home/airflow/.local/lib/python3.7/site-packages/airflow/example_dags/example_latest_only_with_trigger.py took 0.149 seconds
[2026-10-01T00:15:07.723+0000] {processor.py:153} INFO - Started process (PID=17424) to work on /home/airflow/.local/lib/python3.7/site-packages/airflow/example_dags/example_latest_only_with_trigger.py
[2026-10-01T00:15:07.724+0000] {processor.py:743} INFO - Processing file /home/airflow/.local/lib/python3.7/site-packages/airflow/example_dags/example_latest_only_with_trigger.py for tasks to queue
[2026-10-01T00:15:07.725+0000] {logging_mixin.py:137} INFO - [2026-10-01T00:15:07.725+0000] {dagbag.py:538} INFO - Filling up the DagBag from /home/airflow/.local/lib/python3.7/site-packages/airflow/example_dags/example_latest_only_with_trigger.py
[2026-10-01T00:15:07.744+0000] {processor.py:753} INFO - DAG(s) dict_keys(['latest_only_with_trigger']) retrieved from /home/airflow/.local/lib/python3.7/site-packages/airflow/example_dags/example_latest_only_with_trigger.py
[2026-10-01T00:15:07.794+0000] {logging_mixin.py:137} INFO - [2026-10-01T00:15:07.794+0000] {dag.py:2676} INFO - Sync 1 DAGs
[2026-10-01T00:15:07.846+0000] {logging_mixin.py:137} INFO - [2026-10-01T00:15:07.845+0000] {dag.py:3427} INFO - Setting next_dagrun for latest_only_with_trigger to 2026-09-30T20:15:07.845002+00:00, run_after=2026-10-01T00:15:07.845002+00:00
[2026-10-01T00:15:07.888+0000] {processor.py:175} INFO - Processing /home/airflow/.local/lib/python3.7/site-packages/airflow/example_dags/example_latest_only_with_trigger.py took 0.169 seconds
[2026-10-01T00:15:38.236+0000] {processor.py:153} INFO - Started process (PID=17512) to work on /home/airflow/.local/lib/python3.7/site-packages/airflow/example_dags/example_latest_only_with_trigger.py
[2026-10-01T00:15:38.237+0000] {processor.py:743} INFO - Processing file /home/airflow/.local/lib/python3.7/site-packages/airflow/example_dags/example_latest_only_with_trigger.py for tasks to queue
[2026-10-01T00:15:38.238+0000] {logging_mixin.py:137} INFO - [2026-10-01T00:15:38.238+0000] {dagbag.py:538} INFO - Filling up the DagBag from /home/airflow/.local/lib/python3.7/site-packages/airflow/example_dags/example_latest_only_with_trigger.py
[2026-10-01T00:15:38.262+0000] {processor.py:753} INFO - DAG(s) dict_keys(['latest_only_with_trigger']) retrieved from /home/airflow/.local/lib/python3.7/site-packages/airflow/example_dags/example_latest_only_with_trigger.py
[2026-10-01T00:15:38.326+0000] {logging_mixin.py:137} INFO - [2026-10-01T00:15:38.325+0000] {dag.py:2676} INFO - Sync 1 DAGs
[2026-10-01T00:15:38.361+0000] {logging_mixin.py:137} INFO - [2026-10-01T00:15:38.361+0000] {dag.py:3427} INFO - Setting next_dagrun for latest_only_with_trigger to 2026-09-30T20:15:38.360918+00:00, run_after=2026-10-01T00:15:38.360918+00:00
[2026-10-01T00:15:38.380+0000] {processor.py:175} INFO - Processing /home/airflow/.local/lib/python3.7/site-packages/airflow/example_dags/example_latest_only_with_trigger.py took 0.148 seconds
[2026-10-01T00:16:08.687+0000] {processor.py:153} INFO - Started process (PID=17593) to work on /home/airflow/.local/lib/python3.7/site-packages/airflow/example_dags/example_latest_only_with_trigger.py
[2026-10-01T00:16:08.688+0000] {processor.py:743} INFO - Processing file /home/airflow/.local/lib/python3.7/site-packages/airflow/example_dags/example_latest_only_with_trigger.py for tasks to queue
[2026-10-01T00:16:08.689+0000] {logging_mixin.py:137} INFO - [2026-10-01T00:16:08.688+0000] {dagbag.py:538} INFO - Filling up the DagBag from /home/airflow/.local/lib/python3.7/site-packages/airflow/example_dags/example_latest_only_with_trigger.py
[2026-10-01T00:16:08.709+0000] {processor.py:753} INFO - DAG(s) dict_keys(['latest_only_with_trigger']) retrieved from /home/airflow/.local/lib/python3.7/site-packages/airflow/example_dags/example_latest_only_with_trigger.py
[2026-10-01T00:16:08.761+0000] {logging_mixin.py:137} INFO - [2026-10-01T00:16:08.761+0000] {dag.py:2676} INFO - Sync 1 DAGs
[2026-10-01T00:16:08.795+0000] {logging_mixin.py:137} INFO - [2026-10-01T00:16:08.795+0000] {dag.py:3427} INFO - Setting next_dagrun for latest_only_with_trigger to 2026-09-30T20:16:08.794850+00:00, run_after=2026-10-01T00:16:08.794850+00:00
[2026-10-01T00:16:08.817+0000] {processor.py:175} INFO - Processing /home/airflow/.local/lib/python3.7/site-packages/airflow/example_dags/example_latest_only_with_trigger.py took 0.133 seconds
[2026-10-01T00:16:39.110+0000] {processor.py:153} INFO - Started process (PID=17670) to work on /home/airflow/.local/lib/python3.7/site-packages/airflow/example_dags/example_latest_only_with_trigger.py
[2026-10-01T00:16:39.111+0000] {processor.py:743} INFO - Processing file /home/airflow/.local/lib/python3.7/site-packages/airflow/example_dags/example_latest_only_with_trigger.py for tasks to queue
[2026-10-01T00:16:39.111+0000] {logging_mixin.py:137} INFO - [2026-10-01T00:16:39.111+0000] {dagbag.py:538} INFO - Filling up the DagBag from /home/airflow/.local/lib/python3.7/site-packages/airflow/example_dags/example_latest_only_with_trigger.py
[2026-10-01T00:16:39.131+0000] {processor.py:753} INFO - DAG(s) dict_keys(['latest_only_with_trigger']) retrieved from /home/airflow/.local/lib/python3.7/site-packages/airflow/example_dags/example_latest_only_with_trigger.py
[2026-10-01T00:16:39.178+0000] {logging_mixin.py:137} INFO - [2026-10-01T00:16:39.177+0000] {dag.py:2676} INFO - Sync 1 DAGs
[2026-10-01T00:16:39.210+0000] {logging_mixin.py:137} INFO - [2026-10-01T00:16:39.210+0000] {dag.py:3427} INFO - Setting next_dagrun for latest_only_with_trigger to 2026-09-30T20:16:39.209892+00:00, run_after=2026-10-01T00:16:39.209892+00:00
[2026-10-01T00:16:39.231+0000] {processor.py:175} INFO - Processing /home/airflow/.local/lib/python3.7/site-packages/airflow/example_dags/example_latest_only_with_trigger.py took 0.125 seconds
[2026-10-01T00:17:09.448+0000] {processor.py:153} INFO - Started process (PID=17759) to work on /home/airflow/.local/lib/python3.7/site-packages/airflow/example_dags/example_latest_only_with_trigger.py
[2026-10-01T00:17:09.449+0000] {processor.py:743} INFO - Processing file /home/airflow/.local/lib/python3.7/site-packages/airflow/example_dags/example_latest_only_with_trigger.py for tasks to queue
[2026-10-01T00:17:09.450+0000] {logging_mixin.py:137} INFO - [2026-10-01T00:17:09.450+0000] {dagbag.py:538} INFO - Filling up the DagBag from /home/airflow/.local/lib/python3.7/site-packages/airflow/example_dags/example_latest_only_with_trigger.py
[2026-10-01T00:17:09.471+0000] {processor.py:753} INFO - DAG(s) dict_keys(['latest_only_with_trigger']) retrieved from /home/airflow/.local/lib/python3.7/site-packages/airflow/example_dags/example_latest_only_with_trigger.py
[2026-10-01T00:17:09.522+0000] {logging_mixin.py:137} INFO - [2026-10-01T00:17:09.522+0000] {dag.py:2676} INFO - Sync 1 DAGs
[2026-10-01T00:17:09.560+0000] {logging_mixin.py:137} INFO - [2026-10-01T00:17:09.560+0000] {dag.py:3427} INFO - Setting next_dagrun for latest_only_with_trigger to 2026-09-30T20:17:09.559863+00:00, run_after=2026-10-01T00:17:09.559863+00:00
[2026-10-01T00:17:09.593+0000] {processor.py:175} INFO - Processing /home/airflow/.local/lib/python3.7/site-packages/airflow/example_dags/example_latest_only_with_trigger.py took 0.148 seconds
[2026-10-01T00:17:39.639+0000] {processor.py:153} INFO - Started process (PID=17848) to work on /home/airflow/.local/lib/python3.7/site-packages/airflow/example_dags/example_latest_only_with_trigger.py
[2026-10-01T00:17:39.640+0000] {processor.py:743} INFO - Processing file /home/airflow/.local/lib/python3.7/site-packages/airflow/example_dags/example_latest_only_with_trigger.py for tasks to queue
[2026-10-01T00:17:39.641+0000] {logging_mixin.py:137} INFO - [2026-10-01T00:17:39.641+0000] {dagbag.py:538} INFO - Filling up the DagBag from /home/airflow/.local/lib/python3.7/site-packages/airflow/example_dags/example_latest_only_with_trigger.py
[2026-10-01T00:17:39.660+0000] {processor.py:753} INFO - DAG(s) dict_keys(['latest_only_with_trigger']) retrieved from /home/airflow/.local/lib/python3.7/site-packages/airflow/example_dags/example_latest_only_with_trigger.py
[2026-10-01T00:17:39.705+0000] {logging_mixin.py:137} INFO - [2026-10-01T00:17:39.705+0000] {dag.py:2676} INFO - Sync 1 DAGs
[2026-10-01T00:17:39.734+0000] {logging_mixin.py:137} INFO - [2026-10-01T00:17:39.734+0000] {dag.py:3427} INFO - Setting next_dagrun for latest_only_with_trigger to 2026-09-30T20:17:39.733728+00:00, run_after=2026-10-01T00:17:39.733728+00:00
[2026-10-01T00:17:39.755+0000] {processor.py:175} INFO - Processing /home/airflow/.local/lib/python3.7/site-packages/airflow/example_dags/example_latest_only_with_trigger.py took 0.120 seconds
[2026-10-01T00:18:10.278+0000] {processor.py:153} INFO - Started process (PID=17927) to work on /home/airflow/.local/lib/python3.7/site-packages/airflow/example_dags/example_latest_only_with_trigger.py
[2026-10-01T00:18:10.279+0000] {processor.py:743} INFO - Processing file /home/airflow/.local/lib/python3.7/site-packages/airflow/example_dags/example_latest_only_with_trigger.py for tasks to queue
[2026-10-01T00:18:10.280+0000] {logging_mixin.py:137} INFO - [2026-10-01T00:18:10.280+0000] {dagbag.py:538} INFO - Filling up the DagBag from /home/airflow/.local/lib/python3.7/site-packages/airflow/example_dags/example_latest_only_with_trigger.py
[2026-10-01T00:18:10.300+0000] {processor.py:753} INFO - DAG(s) dict_keys(['latest_only_with_trigger']) retrieved from /home/airflow/.local/lib/python3.7/site-packages/airflow/example_dags/example_latest_only_with_trigger.py
[2026-10-01T00:18:10.348+0000] {logging_mixin.py:137} INFO - [2026-10-01T00:18:10.348+0000] {dag.py:2676} INFO - Sync 1 DAGs
[2026-10-01T00:18:10.379+0000] {logging_mixin.py:137} INFO - [2026-10-01T00:18:10.379+0000] {dag.py:3427} INFO - Setting next_dagrun for latest_only_with_trigger to 2026-09-30T20:18:10.379132+00:00, run_after=2026-10-01T00:18:10.379132+00:00
[2026-10-01T00:18:10.408+0000] {processor.py:175} INFO - Processing /home/airflow/.local/lib/python3.7/site-packages/airflow/example_dags/example_latest_only_with_trigger.py took 0.134 seconds
[2026-10-01T00:18:40.937+0000] {processor.py:153} INFO - Started process (PID=18006) to work on /home/airflow/.local/lib/python3.7/site-packages/airflow/example_dags/example_latest_only_with_trigger.py
[2026-10-01T00:18:40.938+0000] {processor.py:743} INFO - Processing file /home/airflow/.local/lib/python3.7/site-packages/airflow/example_dags/example_latest_only_with_trigger.py for tasks to queue
[2026-10-01T00:18:40.939+0000] {logging_mixin.py:137} INFO - [2026-10-01T00:18:40.939+0000] {dagbag.py:538} INFO - Filling up the DagBag from /home/airflow/.local/lib/python3.7/site-packages/airflow/example_dags/example_latest_only_with_trigger.py
[2026-10-01T00:18:40.958+0000] {processor.py:753} INFO - DAG(s) dict_keys(['latest_only_with_trigger']) retrieved from /home/airflow/.local/lib/python3.7/site-packages/airflow/example_dags/example_latest_only_with_trigger.py
[2026-10-01T00:18:41.026+0000] {logging_mixin.py:137} INFO - [2026-10-01T00:18:41.025+0000] {dag.py:2676} INFO - Sync 1 DAGs
[2026-10-01T00:18:41.076+0000] {logging_mixin.py:137} INFO - [2026-10-01T00:18:41.076+0000] {dag.py:3427} INFO - Setting next_dagrun for latest_only_with_trigger to 2026-09-30T20:18:41.075823+00:00, run_after=2026-10-01T00:18:41.075823+00:00
[2026-10-01T00:18:41.111+0000] {processor.py:175} INFO - Processing /home/airflow/.local/lib/python3.7/site-packages/airflow/example_dags/example_latest_only_with_trigger.py took 0.179 seconds
[2026-10-01T00:19:12.024+0000] {processor.py:153} INFO - Started process (PID=18105) to work on /home/airflow/.local/lib/python3.7/site-packages/airflow/example_dags/example_latest_only_with_trigger.py
[2026-10-01T00:19:12.025+0000] {processor.py:743} INFO - Processing file /home/airflow/.local/lib/python3.7/site-packages/airflow/example_dags/example_latest_only_with_trigger.py for tasks to queue
[2026-10-01T00:19:12.025+0000] {logging_mixin.py:137} INFO - [2026-10-01T00:19:12.025+0000] {dagbag.py:538} INFO - Filling up the DagBag from /home/airflow/.local/lib/python3.7/site-packages/airflow/example_dags/example_latest_only_with_trigger.py
[2026-10-01T00:19:12.048+0000] {processor.py:753} INFO - DAG(s) dict_keys(['latest_only_with_trigger']) retrieved from /home/airflow/.local/lib/python3.7/site-packages/airflow/example_dags/example_latest_only_with_trigger.py
[2026-10-01T00:19:12.113+0000] {logging_mixin.py:137} INFO - [2026-10-01T00:19:12.113+0000] {dag.py:2676} INFO - Sync 1 DAGs
[2026-10-01T00:19:12.160+0000] {logging_mixin.py:137} INFO - [2026-10-01T00:19:12.160+0000] {dag.py:3427} INFO - Setting next_dagrun for latest_only_with_trigger to 2026-09-30T20:19:12.159932+00:00, run_after=2026-10-01T00:19:12.159932+00:00
[2026-10-01T00:19:12.187+0000] {processor.py:175} INFO - Processing /home/airflow/.local/lib/python3.7/site-packages/airflow/example_dags/example_latest_only_with_trigger.py took 0.167 seconds
[2026-10-01T00:19:42.233+0000] {processor.py:153} INFO - Started process (PID=18184) to work on /home/airflow/.local/lib/python3.7/site-packages/airflow/example_dags/example_latest_only_with_trigger.py
[2026-10-01T00:19:42.235+0000] {processor.py:743} INFO - Processing file /home/airflow/.local/lib/python3.7/site-packages/airflow/example_dags/example_latest_only_with_trigger.py for tasks to queue
[2026-10-01T00:19:42.235+0000] {logging_mixin.py:137} INFO - [2026-10-01T00:19:42.235+0000] {dagbag.py:538} INFO - Filling up the DagBag from /home/airflow/.local/lib/python3.7/site-packages/airflow/example_dags/example_latest_only_with_trigger.py
[2026-10-01T00:19:42.257+0000] {processor.py:753} INFO - DAG(s) dict_keys(['latest_only_with_trigger']) retrieved from /home/airflow/.local/lib/python3.7/site-packages/airflow/example_dags/example_latest_only_with_trigger.py
[2026-10-01T00:19:42.306+0000] {logging_mixin.py:137} INFO - [2026-10-01T00:19:42.306+0000] {dag.py:2676} INFO - Sync 1 DAGs
[2026-10-01T00:19:42.338+0000] {logging_mixin.py:137} INFO - [2026-10-01T00:19:42.337+0000] {dag.py:3427} INFO - Setting next_dagrun for latest_only_with_trigger to 2026-09-30T20:19:42.337577+00:00, run_after=2026-10-01T00:19:42.337577+00:00
[2026-10-01T00:19:42.359+0000] {processor.py:175} INFO - Processing /home/airflow/.local/lib/python3.7/site-packages/airflow/example_dags/example_latest_only_with_trigger.py took 0.131 seconds
[2026-10-01T00:20:12.480+0000] {processor.py:153} INFO - Started process (PID=18265) to work on /home/airflow/.local/lib/python3.7/site-packages/airflow/example_dags/example_latest_only_with_trigger.py
[2026-10-01T00:20:12.481+0000] {processor.py:743} INFO - Processing file /home/airflow/.local/lib/python3.7/site-packages/airflow/example_dags/example_latest_only_with_trigger.py for tasks to queue
[2026-10-01T00:20:12.482+0000] {logging_mixin.py:137} INFO - [2026-10-01T00:20:12.482+0000] {dagbag.py:538} INFO - Filling up the DagBag from /home/airflow/.local/lib/python3.7/site-packages/airflow/example_dags/example_latest_only_with_trigger.py
[2026-10-01T00:20:12.510+0000] {processor.py:753} INFO - DAG(s) dict_keys(['latest_only_with_trigger']) retrieved from /home/airflow/.local/lib/python3.7/site-packages/airflow/example_dags/example_latest_only_with_trigger.py
[2026-10-01T00:20:12.558+0000] {logging_mixin.py:137} INFO - [2026-10-01T00:20:12.558+0000] {dag.py:2676} INFO - Sync 1 DAGs
[2026-10-01T00:20:12.596+0000] {logging_mixin.py:137} INFO - [2026-10-01T00:20:12.595+0000] {dag.py:3427} INFO - Setting next_dagrun for latest_only_with_trigger to 2026-09-30T20:20:12.595573+00:00, run_after=2026-10-01T00:20:12.595573+00:00
[2026-10-01T00:20:12.621+0000] {processor.py:175} INFO - Processing /home/airflow/.local/lib/python3.7/site-packages/airflow/example_dags/example_latest_only_with_trigger.py took 0.145 seconds
[2026-10-01T00:20:42.905+0000] {processor.py:153} INFO - Started process (PID=18342) to work on /home/airflow/.local/lib/python3.7/site-packages/airflow/example_dags/example_latest_only_with_trigger.py
[2026-10-01T00:20:42.906+0000] {processor.py:743} INFO - Processing file /home/airflow/.local/lib/python3.7/site-packages/airflow/example_dags/example_latest_only_with_trigger.py for tasks to queue
[2026-10-01T00:20:42.907+0000] {logging_mixin.py:137} INFO - [2026-10-01T00:20:42.907+0000] {dagbag.py:538} INFO - Filling up the DagBag from /home/airflow/.local/lib/python3.7/site-packages/airflow/example_dags/example_latest_only_with_trigger.py
[2026-10-01T00:20:42.929+0000] {processor.py:753} INFO - DAG(s) dict_keys(['latest_only_with_trigger']) retrieved from /home/airflow/.local/lib/python3.7/site-packages/airflow/example_dags/example_latest_only_with_trigger.py
[2026-10-01T00:20:42.975+0000] {logging_mixin.py:137} INFO - [2026-10-01T00:20:42.974+0000] {dag.py:2676} INFO - Sync 1 DAGs
[2026-10-01T00:20:43.016+0000] {logging_mixin.py:137} INFO - [2026-10-01T00:20:43.015+0000] {dag.py:3427} INFO - Setting next_dagrun for latest_only_with_trigger to 2026-09-30T20:20:43.015559+00:00, run_after=2026-10-01T00:20:43.015559+00:00
[2026-10-01T00:20:43.042+0000] {processor.py:175} INFO - Processing /home/airflow/.local/lib/python3.7/site-packages/airflow/example_dags/example_latest_only_with_trigger.py took 0.141 seconds
