[2026-10-01T00:00:19.488+0000] {processor.py:153} INFO - Started process (PID=14973) to work on /home/airflow/.local/lib/python3.7/site-packages/airflow/example_dags/example_branch_python_dop_operator_3.py
[2026-10-01T00:00:19.489+0000] {processor.py:743} INFO - Processing file /home/airflow/.local/lib/python3.7/site-packages/airflow/example_dags/example_branch_python_dop_operator_3.py for tasks to queue
[2026-10-01T00:00:19.490+0000] {logging_mixin.py:137} INFO - [2026-10-01T00:00:19.490+0000] {dagbag.py:538} INFO - Filling up the DagBag from /home/airflow/.local/lib/python3.7/site-packages/airflow/example_dags/example_branch_python_dop_operator_3.py
[2026-10-01T00:00:19.529+0000] {processor.py:753} INFO - DAG(s) dict_keys(['example_branch_dop_operator_v3']) retrieved from /home/airflow/.local/lib/python3.7/site-packages/airflow/example_dags/example_branch_python_dop_operator_3.py
[2026-10-01T00:00:19.605+0000] {logging_mixin.py:137} INFO - [2026-10-01T00:00:19.605+0000] {dag.py:2676} INFO - Sync 1 DAGs
[2026-10-01T00:00:19.659+0000] {logging_mixin.py:137} INFO - [2026-10-01T00:00:19.659+0000] {dag.py:3427} INFO - Setting next_dagrun for example_branch_dop_operator_v3 to 2026-09-30T23:59:00+00:00, run_after=2026-10-01T00:00:00+00:00
[2026-10-01T00:00:19.695+0000] {processor.py:175} INFO - Processing /home/airflow/.local/lib/python3.7/site-packages/airflow/example_dags/example_branch_python_dop_operator_3.py took 0.211 seconds
[2026-10-01T00:00:50.721+0000] {processor.py:153} INFO - Started process (PID=15052) to work on /home/airflow/.local/lib/python3.7/site-packages/airflow/example_dags/example_branch_python_dop_operator_3.py
[2026-10-01T00:00:50.722+0000] {processor.py:743} INFO - Processing file /home/airflow/.local/lib/python3.7/site-packages/airflow/example_dags/example_branch_python_dop_operator_3.py for tasks to queue
[2026-10-01T00:00:50.723+0000] {logging_mixin.py:137} INFO - [2026-10-01T00:00:50.723+0000] {dagbag.py:538} INFO - Filling up the DagBag from /home/airflow/.local/lib/python3.7/site-packages/airflow/example_dags/example_branch_python_dop_operator_3.py
[2026-10-01T00:00:50.756+0000] {processor.py:753} INFO - DAG(s) dict_keys(['example_branch_dop_operator_v3']) retrieved from /home/airflow/.local/lib/python3.7/site-packages/airflow/example_dags/example_branch_python_dop_operator_3.py
[2026-10-01T00:00:50.808+0000] {logging_mixin.py:137} INFO - [2026-10-01T00:00:50.807+0000] {dag.py:2676} INFO - Sync 1 DAGs
[2026-10-01T00:00:50.849+0000] {logging_mixin.py:137} INFO - [2026-10-01T00:00:50.848+0000] {dag.py:3427} INFO - Setting next_dagrun for example_branch_dop_operator_v3 to 2026-09-30T23:59:00+00:00, run_after=2026-10-01T00:00:00+00:00
[2026-10-01T00:00:50.906+0000] {processor.py:175} INFO - Processing /home/airflow/.local/lib/python3.7/site-packages/airflow/example_dags/example_branch_python_dop_operator_3.py took 0.190 seconds
[2026-10-01T00:01:21.442+0000] {processor.py:153} INFO - Started process (PID=15140) to work on /home/airflow/.local/lib/python3.7/site-packages/airflow/example_dags/example_branch_python_dop_operator_3.py
[2026-10-01T00:01:21.444+0000] {processor.py:743} INFO - Processing file /home/airflow/.local/lib/python3.7/site-packages/airflow/example_dags/example_branch_python_dop_operator_3.py for tasks to queue
[2026-10-01T00:01:21.445+0000] {logging_mixin.py:137} INFO - [2026-10-01T00:01:21.445+0000] {dagbag.py:538} INFO - Filling up the DagBag from /home/airflow/.local/lib/python3.7/site-packages/airflow/example_dags/example_branch_python_dop_operator_3.py
[2026-10-01T00:01:21.477+0000] {processor.py:753} INFO - DAG(s) dict_keys(['example_branch_dop_operator_v3']) retrieved from /home/airflow/.local/lib/python3.7/site-packages/airflow/example_dags/example_branch_python_dop_operator_3.py
[2026-10-01T00:01:21.525+0000] {logging_mixin.py:137} INFO - [2026-10-01T00:01:21.525+0000] {dag.py:2676} INFO - Sync 1 DAGs
[2026-10-01T00:01:21.563+0000] {logging_mixin.py:137} INFO - [2026-10-01T00:01:21.563+0000] {dag.py:3427} INFO - Setting next_dagrun for example_branch_dop_operator_v3 to 2026-10-01T00:00:00+00:00, run_after=2026-10-01T00:01:00+00:00
[2026-10-01T00:01:21.585+0000] {processor.py:175} INFO - Processing /home/airflow/.local/lib/python3.7/site-packages/airflow/example_dags/example_branch_python_dop_operator_3.py took 0.150 seconds
[2026-10-01T00:01:52.322+0000] {processor.py:153} INFO - Started process (PID=15230) to work on /home/airflow/.local/lib/python3.7/site-packages/airflow/example_dags/example_branch_python_dop_operator_3.py
[2026-10-01T00:01:52.324+0000] {processor.py:743} INFO - Processing file /home/airflow/.local/lib/python3.7/site-packages/airflow/example_dags/example_branch_python_dop_operator_3.py for tasks to queue
[2026-10-01T00:01:52.325+0000] {logging_mixin.py:137} INFO - [2026-10-01T00:01:52.325+0000] {dagbag.py:538} INFO - Filling up the DagBag from /home/airflow/.local/lib/python3.7/site-packages/airflow/example_dags/example_branch_python_dop_operator_3.py
[2026-10-01T00:01:52.359+0000] {processor.py:753} INFO - DAG(s) dict_keys(['example_branch_dop_operator_v3']) retrieved from /home/airflow/.local/lib/python3.7/site-packages/airflow/example_dags/example_branch_python_dop_operator_3.py
[2026-10-01T00:01:52.414+0000] {logging_mixin.py:137} INFO - [2026-10-01T00:01:52.414+0000] {dag.py:2676} INFO - Sync 1 DAGs
[2026-10-01T00:01:52.450+0000] {logging_mixin.py:137} INFO - [2026-10-01T00:01:52.450+0000] {dag.py:3427} INFO - Setting next_dagrun for example_branch_dop_operator_v3 to 2026-10-01T00:00:00+00:00, run_after=2026-10-01T00:01:00+00:00
[2026-10-01T00:01:52.472+0000] {processor.py:175} INFO - Processing /home/airflow/.local/lib/python3.7/site-packages/airflow/example_dags/example_branch_python_dop_operator_3.py took 0.156 seconds
[2026-10-01T00:02:23.196+0000] {processor.py:153} INFO - Started process (PID=15309) to work on /home/airflow/.local/lib/python3.7/site-packages/airflow/example_dags/example_branch_python_dop_operator_3.py
[2026-10-01T00:02:23.198+0000] {processor.py:743} INFO - Processing file /home/airflow/.local/lib/python3.7/site-packages/airflow/example_dags/example_branch_python_dop_operator_3.py for tasks to queue
[2026-10-01T00:02:23.199+0000] {logging_mixin.py:137} INFO - [2026-10-01T00:02:23.199+0000] {dagbag.py:538} INFO - Filling up the DagBag from /home/airflow/.local/lib/python3.7/site-packages/airflow/example_dags/example_branch_python_dop_operator_3.py
[2026-10-01T00:02:23.223+0000] {processor.py:753} INFO - DAG(s) dict_keys(['example_branch_dop_operator_v3']) retrieved from /home/airflow/.local/lib/python3.7/site-packages/airflow/example_dags/example_branch_python_dop_operator_3.py
[2026-10-01T00:02:23.259+0000] {logging_mixin.py:137} INFO - [2026-10-01T00:02:23.259+0000] {dag.py:2676} INFO - Sync 1 DAGs
[2026-10-01T00:02:23.287+0000] {logging_mixin.py:137} INFO - [2026-10-01T00:02:23.287+0000] {dag.py:3427} INFO - Setting next_dagrun for example_branch_dop_operator_v3 to 2026-10-01T00:01:00+00:00, run_after=2026-10-01T00:02:00+00:00
[2026-10-01T00:02:23.304+0000] {processor.py:175} INFO - Processing /home/airflow/.local/lib/python3.7/site-packages/airflow/example_dags/example_branch_python_dop_operator_3.py took 0.110 seconds
[2026-10-01T00:02:53.529+0000] {processor.py:153} INFO - Started process (PID=15388) to work on /home/airflow/.local/lib/python3.7/site-packages/airflow/example_dags/example_branch_python_dop_operator_3.py
[2026-10-01T00:02:53.530+0000] {processor.py:743} INFO - Processing file /home/airflow/.local/lib/python3.7/site-packages/airflow/example_dags/example_branch_python_dop_operator_3.py for tasks to queue
[2026-10-01T00:02:53.530+0000] {logging_mixin.py:137} INFO - [2026-10-01T00:02:53.530+0000] {dagbag.py:538} INFO - Filling up the DagBag from /home/airflow/.local/lib/python3.7/site-packages/airflow/example_dags/example_branch_python_dop_operator_3.py
[2026-10-01T00:02:53.570+0000] {processor.py:753} INFO - DAG(s) dict_keys(['example_branch_dop_operator_v3']) retrieved from /home/airflow/.local/lib/python3.7/site-packages/airflow/example_dags/example_branch_python_dop_operator_3.py
[2026-10-01T00:02:53.624+0000] {logging_mixin.py:137} INFO - [2026-10-01T00:02:53.624+0000] {dag.py:2676} INFO - Sync 1 DAGs
[2026-10-01T00:02:53.672+0000] {logging_mixin.py:137} INFO - [2026-10-01T00:02:53.672+0000] {dag.py:3427} INFO - Setting next_dagrun for example_branch_dop_operator_v3 to 2026-10-01T00:01:00+00:00, run_after=2026-10-01T00:02:00+00:00
[2026-10-01T00:02:53.701+0000] {processor.py:175} INFO - Processing /home/airflow/.local/lib/python3.7/site-packages/airflow/example_dags/example_branch_python_dop_operator_3.py took 0.176 seconds
[2026-10-01T00:03:23.781+0000] {processor.py:153} INFO - Started process (PID=15476) to work on /home/airflow/.local/lib/python3.7/site-packages/airflow/example_dags/example_branch_python_dop_operator_3.py
[2026-10-01T00:03:23.782+0000] {processor.py:743} INFO - Processing file /home/airflow/.local/lib/python3.7/site-packages/airflow/example_dags/example_branch_python_dop_operator_3.py for tasks to queue
[2026-10-01T00:03:23.783+0000] {logging_mixin.py:137} INFO - [2026-10-01T00:03:23.783+0000] {dagbag.py:538} INFO - Filling up the DagBag from /home/airflow/.local/lib/python3.7/site-packages/airflow/example_dags/example_branch_python_dop_operator_3.py
[2026-10-01T00:03:23.814+0000] {processor.py:753} INFO - DAG(s) dict_keys(['example_branch_dop_operator_v3']) retrieved from /home/airflow/.local/lib/python3.7/site-packages/airflow/example_dags/example_branch_python_dop_operator_3.py
[2026-10-01T00:03:23.869+0000] {logging_mixin.py:137} INFO - [2026-10-01T00:03:23.868+0000] {dag.py:2676} INFO - Sync 1 DAGs
[2026-10-01T00:03:23.920+0000] {logging_mixin.py:137} INFO - [2026-10-01T00:03:23.920+0000] {dag.py:3427} INFO - Setting next_dagrun for example_branch_dop_operator_v3 to 2026-10-01T00:02:00+00:00, run_after=2026-10-01T00:03:00+00:00
[2026-10-01T00:03:23.948+0000] {processor.py:175} INFO - Processing /home/airflow/.local/lib/python3.7/site-packages/airflow/example_dags/example_branch_python_dop_operator_3.py took 0.171 seconds
[2026-10-01T00:03:54.234+0000] {processor.py:153} INFO - Started process (PID=15566) to work on /home/airflow/.local/lib/python3.7/site-packages/airflow/example_dags/example_branch_python_dop_operator_3.py
[2026-10-01T00:03:54.235+0000] {processor.py:743} INFO - Processing file /home/airflow/.local/lib/python3.7/site-packages/airflow/example_dags/example_branch_python_dop_operator_3.py for tasks to queue
[2026-10-01T00:03:54.236+0000] {logging_mixin.py:137} INFO - [2026-10-01T00:03:54.236+0000] {dagbag.py:538} INFO - Filling up the DagBag from /home/airflow/.local/lib/python3.7/site-packages/airflow/example_dags/example_branch_python_dop_operator_3.py
[2026-10-01T00:03:54.283+0000] {processor.py:753} INFO - DAG(s) dict_keys(['example_branch_dop_operator_v3']) retrieved from /home/airflow/.local/lib/python3.7/site-packages/airflow/example_dags/example_branch_python_dop_operator_3.py
[2026-10-01T00:03:54.334+0000] {logging_mixin.py:137} INFO - [2026-10-01T00:03:54.334+0000] {dag.py:2676} INFO - Sync 1 DAGs
[2026-10-01T00:03:54.373+0000] {logging_mixin.py:137} INFO - [2026-10-01T00:03:54.372+0000] {dag.py:3427} INFO - Setting next_dagrun for example_branch_dop_operator_v3 to 2026-10-01T00:02:00+00:00, run_after=2026-10-01T00:03:00+00:00
[2026-10-01T00:03:54.393+0000] {processor.py:175} INFO - Processing /home/airflow/.local/lib/python3.7/site-packages/airflow/example_dags/example_branch_python_dop_operator_3.py took 0.162 seconds
[2026-10-01T00:04:24.520+0000] {processor.py:153} INFO - Started process (PID=15645) to work on /home/airflow/.local/lib/python3.7/site-packages/airflow/example_dags/example_branch_python_dop_operator_3.py
[2026-10-01T00:04:24.523+0000] {processor.py:743} INFO - Processing file /home/airflow/.local/lib/python3.7/site-packages/airflow/example_dags/example_branch_python_dop_operator_3.py for tasks to queue
[2026-10-01T00:04:24.524+0000] {logging_mixin.py:137} INFO - [2026-10-01T00:04:24.523+0000] {dagbag.py:538} INFO - Filling up the DagBag from /home/airflow/.local/lib/python3.7/site-packages/airflow/example_dags/example_branch_python_dop_operator_3.py
[2026-10-01T00:04:24.561+0000] {processor.py:753} INFO - DAG(s) dict_keys(['example_branch_dop_operator_v3']) retrieved from /home/airflow/.local/lib/python3.7/site-packages/airflow/example_dags/example_branch_python_dop_operator_3.py
[2026-10-01T00:04:24.610+0000] {logging_mixin.py:137} INFO - [2026-10-01T00:04:24.610+0000] {dag.py:2676} INFO - Sync 1 DAGs
[2026-10-01T00:04:24.647+0000] {logging_mixin.py:137} INFO - [2026-10-01T00:04:24.647+0000] {dag.py:3427} INFO - Setting next_dagrun for example_branch_dop_operator_v3 to 2026-10-01T00:03:00+00:00, run_after=2026-10-01T00:04:00+00:00
[2026-10-01T00:04:24.673+0000] {processor.py:175} INFO - Processing /home/airflow/.local/lib/python3.7/site-packages/airflow/example_dags/example_branch_python_dop_operator_3.py took 0.160 seconds
[2026-10-01T00:04:55.500+0000] {processor.py:153} INFO - Started process (PID=15724) to work on /home/airflow/.local/lib/python3.7/site-packages/airflow/example_dags/example_branch_python_dop_operator_3.py
[2026-10-01T00:04:55.501+0000] {processor.py:743} INFO - Processing file /home/airflow/.local/lib/python3.7/site-packages/airflow/example_dags/example_branch_python_dop_operator_3.py for tasks to queue
[2026-10-01T00:04:55.502+0000] {logging_mixin.py:137} INFO - [2026-10-01T00:04:55.502+0000] {dagbag.py:538} INFO - Filling up the DagBag from /home/airflow/.local/lib/python3.7/site-packages/airflow/example_dags/example_branch_python_dop_operator_3.py
[2026-10-01T00:04:55.539+0000] {processor.py:753} INFO - DAG(s) dict_keys(['example_branch_dop_operator_v3']) retrieved from /home/airflow/.local/lib/python3.7/site-packages/airflow/example_dags/example_branch_python_dop_operator_3.py
[2026-10-01T00:04:55.596+0000] {logging_mixin.py:137} INFO - [2026-10-01T00:04:55.596+0000] {dag.py:2676} INFO - Sync 1 DAGs
[2026-10-01T00:04:55.636+0000] {logging_mixin.py:137} INFO - [2026-10-01T00:04:55.635+0000] {dag.py:3427} INFO - Setting next_dagrun for example_branch_dop_operator_v3 to 2026-10-01T00:03:00+00:00, run_after=2026-10-01T00:04:00+00:00
[2026-10-01T00:04:55.661+0000] {processor.py:175} INFO - Processing /home/airflow/.local/lib/python3.7/site-packages/airflow/example_dags/example_branch_python_dop_operator_3.py took 0.165 seconds
[2026-10-01T00:05:25.705+0000] {processor.py:153} INFO - Started process (PID=15812) to work on /home/airflow/.local/lib/python3.7/site-packages/airflow/example_dags/example_branch_python_dop_operator_3.py
[2026-10-01T00:05:25.706+0000] {processor.py:743} INFO - Processing file /home/airflow/.local/lib/python3.7/site-packages/airflow/example_dags/example_branch_python_dop_operator_3.py for tasks to queue
[2026-10-01T00:05:25.707+0000] {logging_mixin.py:137} INFO - [2026-10-01T00:05:25.707+0000] {dagbag.py:538} INFO - Filling up the DagBag from /home/airflow/.local/lib/python3.7/site-packages/airflow/example_dags/example_branch_python_dop_operator_3.py
[2026-10-01T00:05:25.744+0000] {processor.py:753} INFO - DAG(s) dict_keys(['example_branch_dop_operator_v3']) retrieved from /home/airflow/.local/lib/python3.7/site-packages/airflow/example_dags/example_branch_python_dop_operator_3.py
[2026-10-01T00:05:25.795+0000] {logging_mixin.py:137} INFO - [2026-10-01T00:05:25.794+0000] {dag.py:2676} INFO - Sync 1 DAGs
[2026-10-01T00:05:25.846+0000] {logging_mixin.py:137} INFO - [2026-10-01T00:05:25.846+0000] {dag.py:3427} INFO - Setting next_dagrun for example_branch_dop_operator_v3 to 2026-10-01T00:04:00+00:00, run_after=2026-10-01T00:05:00+00:00
[2026-10-01T00:05:25.890+0000] {processor.py:175} INFO - Processing /home/airflow/.local/lib/python3.7/site-packages/airflow/example_dags/example_branch_python_dop_operator_3.py took 0.189 seconds
[2026-10-01T00:05:56.108+0000] {processor.py:153} INFO - Started process (PID=15902) to work on /home/airflow/.local/lib/python3.7/site-packages/airflow/example_dags/example_branch_python_dop_operator_3.py
[2026-10-01T00:05:56.109+0000] {processor.py:743} INFO - Processing file /home/airflow/.local/lib/python3.7/site-packages/airflow/example_dags/example_branch_python_dop_operator_3.py for tasks to queue
[2026-10-01T00:05:56.109+0000] {logging_mixin.py:137} INFO - [2026-10-01T00:05:56.109+0000] {dagbag.py:538} INFO - Filling up the DagBag from /home/airflow/.local/lib/python3.7/site-packages/airflow/example_dags/example_branch_python_dop_operator_3.py
[2026-10-01T00:05:56.141+0000] {processor.py:753} INFO - DAG(s) dict_keys(['example_branch_dop_operator_v3']) retrieved from /home/airflow/.local/lib/python3.7/site-packages/airflow/example_dags/example_branch_python_dop_operator_3.py
[2026-10-01T00:05:56.190+0000] {logging_mixin.py:137} INFO - [2026-10-01T00:05:56.190+0000] {dag.py:2676} INFO - Sync 1 DAGs
[2026-10-01T00:05:56.227+0000] {logging_mixin.py:137} INFO - [2026-10-01T00:05:56.226+0000] {dag.py:3427} INFO - Setting next_dagrun for example_branch_dop_operator_v3 to 2026-10-01T00:04:00+00:00, run_after=2026-10-01T00:05:00+00:00
[2026-10-01T00:05:56.249+0000] {processor.py:175} INFO - Processing /home/airflow/.local/lib/python3.7/site-packages/airflow/example_dags/example_branch_python_dop_operator_3.py took 0.146 seconds
[2026-10-01T00:06:27.168+0000] {processor.py:153} INFO - Started process (PID=15981) to work on /home/airflow/.local/lib/python3.7/site-packages/airflow/example_dags/example_branch_python_dop_operator_3.py
[2026-10-01T00:06:27.169+0000] {processor.py:743} INFO - Processing file /home/airflow/.local/lib/python3.7/site-packages/airflow/example_dags/example_branch_python_dop_operator_3.py for tasks to queue
[2026-10-01T00:06:27.170+0000] {logging_mixin.py:137} INFO - [2026-10-01T00:06:27.169+0000] {dagbag.py:538} INFO - Filling up the DagBag from /home/airflow/.local/lib/python3.7/site-packages/airflow/example_dags/example_branch_python_dop_operator_3.py
[2026-10-01T00:06:27.200+0000] {processor.py:753} INFO - DAG(s) dict_keys(['example_branch_dop_operator_v3']) retrieved from /home/airflow/.local/lib/python3.7/site-packages/airflow/example_dags/example_branch_python_dop_operator_3.py
[2026-10-01T00:06:27.251+0000] {logging_mixin.py:137} INFO - [2026-10-01T00:06:27.251+0000] {dag.py:2676} INFO - Sync 1 DAGs
[2026-10-01T00:06:27.285+0000] {logging_mixin.py:137} INFO - [2026-10-01T00:06:27.285+0000] {dag.py:3427} INFO - Setting next_dagrun for example_branch_dop_operator_v3 to 2026-10-01T00:05:00+00:00, run_after=2026-10-01T00:06:00+00:00
[2026-10-01T00:06:27.304+0000] {processor.py:175} INFO - Processing /home/airflow/.local/lib/python3.7/site-packages/airflow/example_dags/example_branch_python_dop_operator_3.py took 0.140 seconds
[2026-10-01T00:06:57.679+0000] {processor.py:153} INFO - Started process (PID=16060) to work on /home/airflow/.local/lib/python3.7/site-packages/airflow/example_dags/example_branch_python_dop_operator_3.py
[2026-10-01T00:06:57.680+0000] {processor.py:743} INFO - Processing file /home/airflow/.local/lib/python3.7/site-packages/airflow/example_dags/example_branch_python_dop_operator_3.py for tasks to queue
[2026-10-01T00:06:57.681+0000] {logging_mixin.py:137} INFO - [2026-10-01T00:06:57.681+0000] {dagbag.py:538} INFO - Filling up the DagBag from /home/airflow/.local/lib/python3.7/site-packages/airflow/example_dags/example_branch_python_dop_operator_3.py
[2026-10-01T00:06:57.718+0000] {processor.py:753} INFO - DAG(s) dict_keys(['example_branch_dop_operator_v3']) retrieved from /home/airflow/.local/lib/python3.7/site-packages/airflow/example_dags/example_branch_python_dop_operator_3.py
[2026-10-01T00:06:57.773+0000] {logging_mixin.py:137} INFO - [2026-10-01T00:06:57.773+0000] {dag.py:2676} INFO - Sync 1 DAGs
[2026-10-01T00:06:57.811+0000] {logging_mixin.py:137} INFO - [2026-10-01T00:06:57.811+0000] {dag.py:3427} INFO - Setting next_dagrun for example_branch_dop_operator_v3 to 2026-10-01T00:05:00+00:00, run_after=2026-10-01T00:06:00+00:00
[2026-10-01T00:06:57.848+0000] {processor.py:175} INFO - Processing /home/airflow/.local/lib/python3.7/site-packages/airflow/example_dags/example_branch_python_dop_operator_3.py took 0.175 seconds
[2026-10-01T00:07:27.985+0000] {processor.py:153} INFO - Started process (PID=16159) to work on /home/airflow/.local/lib/python3.7/site-packages/airflow/example_dags/example_branch_python_dop_operator_3.py
[2026-10-01T00:07:27.986+0000] {processor.py:743} INFO - Processing file /home/airflow/.local/lib/python3.7/site-packages/airflow/example_dags/example_branch_python_dop_operator_3.py for tasks to queue
[2026-10-01T00:07:27.987+0000] {logging_mixin.py:137} INFO - [2026-10-01T00:07:27.987+0000] {dagbag.py:538} INFO - Filling up the DagBag from /home/airflow/.local/lib/python3.7/site-packages/airflow/example_dags/example_branch_python_dop_operator_3.py
[2026-10-01T00:07:28.022+0000] {processor.py:753} INFO - DAG(s) dict_keys(['example_branch_dop_operator_v3']) retrieved from /home/airflow/.local/lib/python3.7/site-packages/airflow/example_dags/example_branch_python_dop_operator_3.py
[2026-10-01T00:07:28.081+0000] {logging_mixin.py:137} INFO - [2026-10-01T00:07:28.080+0000] {dag.py:2676} INFO - Sync 1 DAGs
[2026-10-01T00:07:28.132+0000] {logging_mixin.py:137} INFO - [2026-10-01T00:07:28.131+0000] {dag.py:3427} INFO - Setting next_dagrun for example_branch_dop_operator_v3 to 2026-10-01T00:06:00+00:00, run_after=2026-10-01T00:07:00+00:00
[2026-10-01T00:07:28.178+0000] {processor.py:175} INFO - Processing /home/airflow/.local/lib/python3.7/site-packages/airflow/example_dags/example_branch_python_dop_operator_3.py took 0.198 seconds
[2026-10-01T00:07:58.429+0000] {processor.py:153} INFO - Started process (PID=16238) to work on /home/airflow/.local/lib/python3.7/site-packages/airflow/example_dags/example_branch_python_dop_operator_3.py
[2026-10-01T00:07:58.430+0000] {processor.py:743} INFO - Processing file /home/airflow/.local/lib/python3.7/site-packages/airflow/example_dags/example_branch_python_dop_operator_3.py for tasks to queue
[2026-10-01T00:07:58.432+0000] {logging_mixin.py:137} INFO - [2026-10-01T00:07:58.432+0000] {dagbag.py:538} INFO - Filling up the DagBag from /home/airflow/.local/lib/python3.7/site-packages/airflow/example_dags/example_branch_python_dop_operator_3.py
[2026-10-01T00:07:58.480+0000] {processor.py:753} INFO - DAG(s) dict_keys(['example_branch_dop_operator_v3']) retrieved from /home/airflow/.local/lib/python3.7/site-packages/airflow/example_dags/example_branch_python_dop_operator_3.py
[2026-10-01T00:07:58.527+0000] {logging_mixin.py:137} INFO - [2026-10-01T00:07:58.527+0000] {dag.py:2676} INFO - Sync 1 DAGs
[2026-10-01T00:07:58.566+0000] {logging_mixin.py:137} INFO - [2026-10-01T00:07:58.566+0000] {dag.py:3427} INFO - Setting next_dagrun for example_branch_dop_operator_v3 to 2026-10-01T00:06:00+00:00, run_after=2026-10-01T00:07:00+00:00
[2026-10-01T00:07:58.586+0000] {processor.py:175} INFO - Processing /home/airflow/.local/lib/python3.7/site-packages/airflow/example_dags/example_branch_python_dop_operator_3.py took 0.163 seconds
[2026-10-01T00:08:28.949+0000] {processor.py:153} INFO - Started process (PID=16317) to work on /home/airflow/.local/lib/python3.7/site-packages/airflow/example_dags/example_branch_python_dop_operator_3.py
[2026-10-01T00:08:28.950+0000] {processor.py:743} INFO - Processing file /home/airflow/.local/lib/python3.7/site-packages/airflow/example_dags/example_branch_python_dop_operator_3.py for tasks to queue
[2026-10-01T00:08:28.951+0000] {logging_mixin.py:137} INFO - [2026-10-01T00:08:28.951+0000] {dagbag.py:538} INFO - Filling up the DagBag from /home/airflow/.local/lib/python3.7/site-packages/airflow/example_dags/example_branch_python_dop_operator_3.py
[2026-10-01T00:08:28.989+0000] {processor.py:753} INFO - DAG(s) dict_keys(['example_branch_dop_operator_v3']) retrieved from /home/airflow/.local/lib/python3.7/site-packages/airflow/example_dags/example_branch_python_dop_operator_3.py
[2026-10-01T00:08:29.056+0000] {logging_mixin.py:137} INFO - [2026-10-01T00:08:29.056+0000] {dag.py:2676} INFO - Sync 1 DAGs
[2026-10-01T00:08:29.111+0000] {logging_mixin.py:137} INFO - [2026-10-01T00:08:29.111+0000] {dag.py:3427} INFO - Setting next_dagrun for example_branch_dop_operator_v3 to 2026-10-01T00:07:00+00:00, run_after=2026-10-01T00:08:00+00:00
[2026-10-01T00:08:29.142+0000] {processor.py:175} INFO - Processing /home/airflow/.local/lib/python3.7/site-packages/airflow/example_dags/example_branch_python_dop_operator_3.py took 0.197 seconds
[2026-10-01T00:08:59.341+0000] {processor.py:153} INFO - Started process (PID=16396) to work on /home/airflow/.local/lib/python3.7/site-packages/airflow/example_dags/example_branch_python_dop_operator_3.py
[2026-10-01T00:08:59.342+0000] {processor.py:743} INFO - Processing file /home/airflow/.local/lib/python3.7/site-packages/airflow/example_dags/example_branch_python_dop_operator_3.py for tasks to queue
[2026-10-01T00:08:59.342+0000] {logging_mixin.py:137} INFO - [2026-10-01T00:08:59.342+0000] {dagbag.py:538} INFO - Filling up the DagBag from /home/airflow/.local/lib/python3.7/site-packages/airflow/example_dags/example_branch_python_dop_operator_3.py
[2026-10-01T00:08:59.374+0000] {processor.py:753} INFO - DAG(s) dict_keys(['example_branch_dop_operator_v3']) retrieved from /home/airflow/.local/lib/python3.7/site-packages/airflow/example_dags/example_branch_python_dop_operator_3.py
[2026-10-01T00:08:59.422+0000] {logging_mixin.py:137} INFO - [2026-10-01T00:08:59.421+0000] {dag.py:2676} INFO - Sync 1 DAGs
[2026-10-01T00:08:59.456+0000] {logging_mixin.py:137} INFO - [2026-10-01T00:08:59.456+0000] {dag.py:3427} INFO - Setting next_dagrun for example_branch_dop_operator_v3 to 2026-10-01T00:07:00+00:00, run_after=2026-10-01T00:08:00+00:00
[2026-10-01T00:08:59.477+0000] {processor.py:175} INFO - Processing /home/airflow/.local/lib/python3.7/site-packages/airflow/example_dags/example_branch_python_dop_operator_3.py took 0.140 seconds
[2026-10-01T00:09:29.572+0000] {processor.py:153} INFO - Started process (PID=16495) to work on /home/airflow/.local/lib/python3.7/site-packages/airflow/example_dags/example_branch_python_dop_operator_3.py
[2026-10-01T00:09:29.573+0000] {processor.py:743} INFO - Processing file /home/airflow/.local/lib/python3.7/site-packages/airflow/example_dags/example_branch_python_dop_operator_3.py for tasks to queue
[2026-10-01T00:09:29.574+0000] {logging_mixin.py:137} INFO - [2026-10-01T00:09:29.574+0000] {dagbag.py:538} INFO - Filling up the DagBag from /home/airflow/.local/lib/python3.7/site-packages/airflow/example_dags/example_branch_python_dop_operator_3.py
[2026-10-01T00:09:29.624+0000] {processor.py:753} INFO - DAG(s) dict_keys(['example_branch_dop_operator_v3']) retrieved from /home/airflow/.local/lib/python3.7/site-packages/airflow/example_dags/example_branch_python_dop_operator_3.py
[2026-10-01T00:09:29.696+0000] {logging_mixin.py:137} INFO - [2026-10-01T00:09:29.696+0000] {dag.py:2676} INFO - Sync 1 DAGs
[2026-10-01T00:09:29.737+0000] {logging_mixin.py:137} INFO - [2026-10-01T00:09:29.736+0000] {dag.py:3427} INFO - Setting next_dagrun for example_branch_dop_operator_v3 to 2026-10-01T00:08:00+00:00, run_after=2026-10-01T00:09:00+00:00
[2026-10-01T00:09:29.758+0000] {processor.py:175} INFO - Processing /home/airflow/.local/lib/python3.7/site-packages/airflow/example_dags/example_branch_python_dop_operator_3.py took 0.189 seconds
[2026-10-01T00:09:59.880+0000] {processor.py:153} INFO - Started process (PID=16574) to work on /home/airflow/.local/lib/python3.7/site-packages/airflow/example_dags/example_branch_python_dop_operator_3.py
[2026-10-01T00:09:59.881+0000] {processor.py:743} INFO - Processing file /home/airflow/.local/lib/python3.7/site-packages/airflow/example_dags/example_branch_python_dop_operator_3.py for tasks to queue
[2026-10-01T00:09:59.882+0000] {logging_mixin.py:137} INFO - [2026-10-01T00:09:59.882+0000] {dagbag.py:538} INFO - Filling up the DagBag from /home/airflow/.local/lib/python3.7/site-packages/airflow/example_dags/example_branch_python_dop_operator_3.py
[2026-10-01T00:09:59.918+0000] {processor.py:753} INFO - DAG(s) dict_keys(['example_branch_dop_operator_v3']) retrieved from /home/airflow/.local/lib/python3.7/site-packages/airflow/example_dags/example_branch_python_dop_operator_3.py
[2026-10-01T00:09:59.982+0000] {logging_mixin.py:137} INFO - [2026-10-01T00:09:59.981+0000] {dag.py:2676} INFO - Sync 1 DAGs
[2026-10-01T00:10:00.038+0000] {logging_mixin.py:137} INFO - [2026-10-01T00:10:00.037+0000] {dag.py:3427} INFO - Setting next_dagrun for example_branch_dop_operator_v3 to 2026-10-01T00:09:00+00:00, run_after=2026-10-01T00:10:00+00:00
[2026-10-01T00:10:00.059+0000] {processor.py:175} INFO - Processing /home/airflow/.local/lib/python3.7/site-packages/airflow/example_dags/example_branch_python_dop_operator_3.py took 0.183 seconds
[2026-10-01T00:10:30.091+0000] {processor.py:153} INFO - Started process (PID=16653) to work on /home/airflow/.local/lib/python3.7/site-packages/airflow/example_dags/example_branch_python_dop_operator_3.py
[2026-10-01T00:10:30.093+0000] {processor.py:743} INFO - Processing file /home/airflow/.local/lib/python3.7/site-packages/airflow/example_dags/example_branch_python_dop_operator_3.py for tasks to queue
[2026-10-01T00:10:30.093+0000] {logging_mixin.py:137} INFO - [2026-10-01T00:10:30.093+0000] {dagbag.py:538} INFO - Filling up the DagBag from /home/airflow/.local/lib/python3.7/site-packages/airflow/example_dags/example_branch_python_dop_operator_3.py
[2026-10-01T00:10:30.129+0000] {processor.py:753} INFO - DAG(s) dict_keys(['example_branch_dop_operator_v3']) retrieved from /home/airflow/.local/lib/python3.7/site-packages/airflow/example_dags/example_branch_python_dop_operator_3.py
[2026-10-01T00:10:30.187+0000] {logging_mixin.py:137} INFO - [2026-10-01T00:10:30.186+0000] {dag.py:2676} INFO - Sync 1 DAGs
[2026-10-01T00:10:30.227+0000] {logging_mixin.py:137} INFO - [2026-10-01T00:10:30.227+0000] {dag.py:3427} INFO - Setting next_dagrun for example_branch_dop_operator_v3 to 2026-10-01T00:09:00+00:00, run_after=2026-10-01T00:10:00+00:00
[2026-10-01T00:10:30.248+0000] {processor.py:175} INFO - Processing /home/airflow/.local/lib/python3.7/site-packages/airflow/example_dags/example_branch_python_dop_operator_3.py took 0.160 seconds
[2026-10-01T00:11:00.504+0000] {processor.py:153} INFO - Started process (PID=16732) to work on /home/airflow/.local/lib/python3.7/site-packages/airflow/example_dags/example_branch_python_dop_operator_3.py
[2026-10-01T00:11:00.505+0000] {processor.py:743} INFO - Processing file /home/airflow/.local/lib/python3.7/site-packages/airflow/example_dags/example_branch_python_dop_operator_3.py for tasks to queue
[2026-10-01T00:11:00.505+0000] {logging_mixin.py:137} INFO - [2026-10-01T00:11:00.505+0000] {dagbag.py:538} INFO - Filling up the DagBag from /home/airflow/.local/lib/python3.7/site-packages/airflow/example_dags/example_branch_python_dop_operator_3.py
[2026-10-01T00:11:00.544+0000] {processor.py:753} INFO - DAG(s) dict_keys(['example_branch_dop_operator_v3']) retrieved from /home/airflow/.local/lib/python3.7/site-packages/airflow/example_dags/example_branch_python_dop_operator_3.py
[2026-10-01T00:11:00.603+0000] {logging_mixin.py:137} INFO - [2026-10-01T00:11:00.603+0000] {dag.py:2676} INFO - Sync 1 DAGs
[2026-10-01T00:11:00.640+0000] {logging_mixin.py:137} INFO - [2026-10-01T00:11:00.640+0000] {dag.py:3427} INFO - Setting next_dagrun for example_branch_dop_operator_v3 to 2026-10-01T00:10:00+00:00, run_after=2026-10-01T00:11:00+00:00
[2026-10-01T00:11:00.662+0000] {processor.py:175} INFO - Processing /home/airflow/.local/lib/python3.7/site-packages/airflow/example_dags/example_branch_python_dop_operator_3.py took 0.161 seconds
[2026-10-01T00:11:30.995+0000] {processor.py:153} INFO - Started process (PID=16831) to work on /home/airflow/.local/lib/python3.7/site-packages/airflow/example_dags/example_branch_python_dop_operator_3.py
[2026-10-01T00:11:30.996+0000] {processor.py:743} INFO - Processing file /home/airflow/.local/lib/python3.7/site-packages/airflow/example_dags/example_branch_python_dop_operator_3.py for tasks to queue
[2026-10-01T00:11:30.997+0000] {logging_mixin.py:137} INFO - [2026-10-01T00:11:30.996+0000] {dagbag.py:538} INFO - Filling up the DagBag from /home/airflow/.local/lib/python3.7/site-packages/airflow/example_dags/example_branch_python_dop_operator_3.py
[2026-10-01T00:11:31.029+0000] {processor.py:753} INFO - DAG(s) dict_keys(['example_branch_dop_operator_v3']) retrieved from /home/airflow/.local/lib/python3.7/site-packages/airflow/example_dags/example_branch_python_dop_operator_3.py
[2026-10-01T00:11:31.086+0000] {logging_mixin.py:137} INFO - [2026-10-01T00:11:31.086+0000] {dag.py:2676} INFO - Sync 1 DAGs
[2026-10-01T00:11:31.137+0000] {logging_mixin.py:137} INFO - [2026-10-01T00:11:31.137+0000] {dag.py:3427} INFO - Setting next_dagrun for example_branch_dop_operator_v3 to 2026-10-01T00:10:00+00:00, run_after=2026-10-01T00:11:00+00:00
[2026-10-01T00:11:31.172+0000] {processor.py:175} INFO - Processing /home/airflow/.local/lib/python3.7/site-packages/airflow/example_dags/example_branch_python_dop_operator_3.py took 0.181 seconds
[2026-10-01T00:12:01.682+0000] {processor.py:153} INFO - Started process (PID=16910) to work on /home/airflow/.local/lib/python3.7/site-packages/airflow/example_dags/example_branch_python_dop_operator_3.py
[2026-10-01T00:12:01.683+0000] {processor.py:743} INFO - Processing file /home/airflow/.local/lib/python3.7/site-packages/airflow/example_dags/example_branch_python_dop_operator_3.py for tasks to queue
[2026-10-01T00:12:01.684+0000] {logging_mixin.py:137} INFO - [2026-10-01T00:12:01.684+0000] {dagbag.py:538} INFO - Filling up the DagBag from /home/airflow/.local/lib/python3.7/site-packages/airflow/example_dags/example_branch_python_dop_operator_3.py
[2026-10-01T00:12:01.713+0000] {processor.py:753} INFO - DAG(s) dict_keys(['example_branch_dop_operator_v3']) retrieved from /home/airflow/.local/lib/python3.7/site-packages/airflow/example_dags/example_branch_python_dop_operator_3.py
[2026-10-01T00:12:01.757+0000] {logging_mixin.py:137} INFO - [2026-10-01T00:12:01.756+0000] {dag.py:2676} INFO - Sync 1 DAGs
[2026-10-01T00:12:01.789+0000] {logging_mixin.py:137} INFO - [2026-10-01T00:12:01.789+0000] {dag.py:3427} INFO - Setting next_dagrun for example_branch_dop_operator_v3 to 2026-10-01T00:11:00+00:00, run_after=2026-10-01T00:12:00+00:00
[2026-10-01T00:12:01.811+0000] {processor.py:175} INFO - Processing /home/airflow/.local/lib/python3.7/site-packages/airflow/example_dags/example_branch_python_dop_operator_3.py took 0.132 seconds
[2026-10-01T00:12:32.031+0000] {processor.py:153} INFO - Started process (PID=16989) to work on /home/airflow/.local/lib/python3.7/site-packages/airflow/example_dags/example_branch_python_dop_operator_3.py
[2026-10-01T00:12:32.032+0000] {processor.py:743} INFO - Processing file /home/airflow/.local/lib/python3.7/site-packages/airflow/example_dags/example_branch_python_dop_operator_3.py for tasks to queue
[2026-10-01T00:12:32.033+0000] {logging_mixin.py:137} INFO - [2026-10-01T00:12:32.033+0000] {dagbag.py:538} INFO - Filling up the DagBag from /home/airflow/.local/lib/python3.7/site-packages/airflow/example_dags/example_branch_python_dop_operator_3.py
[2026-10-01T00:12:32.063+0000] {processor.py:753} INFO - DAG(s) dict_keys(['example_branch_dop_operator_v3']) retrieved from /home/airflow/.local/lib/python3.7/site-packages/airflow/example_dags/example_branch_python_dop_operator_3.py
[2026-10-01T00:12:32.112+0000] {logging_mixin.py:137} INFO - [2026-10-01T00:12:32.112+0000] {dag.py:2676} INFO - Sync 1 DAGs
[2026-10-01T00:12:32.151+0000] {logging_mixin.py:137} INFO - [2026-10-01T00:12:32.151+0000] {dag.py:3427} INFO - Setting next_dagrun for example_branch_dop_operator_v3 to 2026-10-01T00:11:00+00:00, run_after=2026-10-01T00:12:00+00:00
[2026-10-01T00:12:32.173+0000] {processor.py:175} INFO - Processing /home/airflow/.local/lib/python3.7/site-packages/airflow/example_dags/example_branch_python_dop_operator_3.py took 0.145 seconds
[2026-10-01T00:13:02.796+0000] {processor.py:153} INFO - Started process (PID=17068) to work on /home/airflow/.local/lib/python3.7/site-packages/airflow/example_dags/example_branch_python_dop_operator_3.py
[2026-10-01T00:13:02.797+0000] {processor.py:743} INFO - Processing file /home/airflow/.local/lib/python3.7/site-packages/airflow/example_dags/example_branch_python_dop_operator_3.py for tasks to queue
[2026-10-01T00:13:02.798+0000] {logging_mixin.py:137} INFO - [2026-10-01T00:13:02.798+0000] {dagbag.py:538} INFO - Filling up the DagBag from /home/airflow/.local/lib/python3.7/site-packages/airflow/example_dags/example_branch_python_dop_operator_3.py
[2026-10-01T00:13:02.837+0000] {processor.py:753} INFO - DAG(s) dict_keys(['example_branch_dop_operator_v3']) retrieved from /home/airflow/.local/lib/python3.7/site-packages/airflow/example_dags/example_branch_python_dop_operator_3.py
[2026-10-01T00:13:02.911+0000] {logging_mixin.py:137} INFO - [2026-10-01T00:13:02.910+0000] {dag.py:2676} INFO - Sync 1 DAGs
[2026-10-01T00:13:02.970+0000] {logging_mixin.py:137} INFO - [2026-10-01T00:13:02.970+0000] {dag.py:3427} INFO - Setting next_dagrun for example_branch_dop_operator_v3 to 2026-10-01T00:12:00+00:00, run_after=2026-10-01T00:13:00+00:00
[2026-10-01T00:13:03.000+0000] {processor.py:175} INFO - Processing /home/airflow/.local/lib/python3.7/site-packages/airflow/example_dags/example_branch_python_dop_operator_3.py took 0.212 seconds
[2026-10-01T00:13:33.319+0000] {processor.py:153} INFO - Started process (PID=17167) to work on /home/airflow/.local/lib/python3.7/site-packages/airflow/example_dags/example_branch_python_dop_operator_3.py
[2026-10-01T00:13:33.321+0000] {processor.py:743} INFO - Processing file /home/airflow/.local/lib/python3.7/site-packages/airflow/example_dags/example_branch_python_dop_operator_3.py for tasks to queue
[2026-10-01T00:13:33.321+0000] {logging_mixin.py:137} INFO - [2026-10-01T00:13:33.321+0000] {dagbag.py:538} INFO - Filling up the DagBag from /home/airflow/.local/lib/python3.7/site-packages/airflow/example_dags/example_branch_python_dop_operator_3.py
[2026-10-01T00:13:33.368+0000] {processor.py:753} INFO - DAG(s) dict_keys(['example_branch_dop_operator_v3']) retrieved from /home/airflow/.local/lib/python3.7/site-packages/airflow/example_dags/example_branch_python_dop_operator_3.py
[2026-10-01T00:13:33.429+0000] {logging_mixin.py:137} INFO - [2026-10-01T00:13:33.428+0000] {dag.py:2676} INFO - Sync 1 DAGs
[2026-10-01T00:13:33.489+0000] {logging_mixin.py:137} INFO - [2026-10-01T00:13:33.488+0000] {dag.py:3427} INFO - Setting next_dagrun for example_branch_dop_operator_v3 to 2026-10-01T00:12:00+00:00, run_after=2026-10-01T00:13:00+00:00
[2026-10-01T00:13:33.523+0000] {processor.py:175} INFO - Processing /home/airflow/.local/lib/python3.7/site-packages/airflow/example_dags/example_branch_python_dop_operator_3.py took 0.207 seconds
[2026-10-01T00:14:03.984+0000] {processor.py:153} INFO - Started process (PID=17246) to work on /home/airflow/.local/lib/python3.7/site-packages/airflow/example_dags/example_branch_python_dop_operator_3.py
[2026-10-01T00:14:03.985+0000] {processor.py:743} INFO - Processing file /home/airflow/.local/lib/python3.7/site-packages/airflow/example_dags/example_branch_python_dop_operator_3.py for tasks to queue
[2026-10-01T00:14:03.986+0000] {logging_mixin.py:137} INFO - [2026-10-01T00:14:03.985+0000] {dagbag.py:538} INFO - Filling up the DagBag from /home/airflow/.local/lib/python3.7/site-packages/airflow/example_dags/example_branch_python_dop_operator_3.py
[2026-10-01T00:14:04.021+0000] {processor.py:753} INFO - DAG(s) dict_keys(['example_branch_dop_operator_v3']) retrieved from /home/airflow/.local/lib/python3.7/site-packages/airflow/example_dags/example_branch_python_dop_operator_3.py
[2026-10-01T00:14:04.070+0000] {logging_mixin.py:137} INFO - [2026-10-01T00:14:04.070+0000] {dag.py:2676} INFO - Sync 1 DAGs
[2026-10-01T00:14:04.114+0000] {logging_mixin.py:137} INFO - [2026-10-01T00:14:04.114+0000] {dag.py:3427} INFO - Setting next_dagrun for example_branch_dop_operator_v3 to 2026-10-01T00:13:00+00:00, run_after=2026-10-01T00:14:00+00:00
[2026-10-01T00:14:04.142+0000] {processor.py:175} INFO - Processing /home/airflow/.local/lib/python3.7/site-packages/airflow/example_dags/example_branch_python_dop_operator_3.py took 0.162 seconds
[2026-10-01T00:14:35.271+0000] {processor.py:153} INFO - Started process (PID=17325) to work on /home/airflow/.local/lib/python3.7/site-packages/airflow/example_dags/example_branch_python_dop_operator_3.py
[2026-10-01T00:14:35.273+0000] {processor.py:743} INFO - Processing file /home/airflow/.local/lib/python3.7/site-packages/airflow/example_dags/example_branch_python_dop_operator_3.py for tasks to queue
[2026-10-01T00:14:35.274+0000] {logging_mixin.py:137} INFO - [2026-10-01T00:14:35.274+0000] {dagbag.py:538} INFO - Filling up the DagBag from /home/airflow/.local/lib/python3.7/site-packages/airflow/example_dags/example_branch_python_dop_operator_3.py
[2026-10-01T00:14:35.311+0000] {processor.py:753} INFO - DAG(s) dict_keys(['example_branch_dop_operator_v3']) retrieved from /home/airflow/.local/lib/python3.7/site-packages/airflow/example_dags/example_branch_python_dop_operator_3.py
[2026-10-01T00:14:35.373+0000] {logging_mixin.py:137} INFO - [2026-10-01T00:14:35.373+0000] {dag.py:2676} INFO - Sync 1 DAGs
[2026-10-01T00:14:35.425+0000] {logging_mixin.py:137} INFO - [2026-10-01T00:14:35.425+0000] {dag.py:3427} INFO - Setting next_dagrun for example_branch_dop_operator_v3 to 2026-10-01T00:13:00+00:00, run_after=2026-10-01T00:14:00+00:00
[2026-10-01T00:14:35.446+0000] {processor.py:175} INFO - Processing /home/airflow/.local/lib/python3.7/site-packages/airflow/example_dags/example_branch_python_dop_operator_3.py took 0.180 seconds
[2026-10-01T00:15:05.625+0000] {processor.py:153} INFO - Started process (PID=17404) to work on /home/airflow/.local/lib/python3.7/site-packages/airflow/example_dags/example_branch_python_dop_operator_3.py
[2026-10-01T00:15:05.626+0000] {processor.py:743} INFO - Processing file /home/airflow/.local/lib/python3.7/site-packages/airflow/example_dags/example_branch_python_dop_operator_3.py for tasks to queue
[2026-10-01T00:15:05.628+0000] {logging_mixin.py:137} INFO - [2026-10-01T00:15:05.628+0000] {dagbag.py:538} INFO - Filling up the DagBag from /home/airflow/.local/lib/python3.7/site-packages/airflow/example_dags/example_branch_python_dop_operator_3.py
[2026-10-01T00:15:05.673+0000] {processor.py:753} INFO - DAG(s) dict_keys(['example_branch_dop_operator_v3']) retrieved from /home/airflow/.local/lib/python3.7/site-packages/airflow/example_dags/example_branch_python_dop_operator_3.py
[2026-10-01T00:15:05.738+0000] {logging_mixin.py:137} INFO - [2026-10-01T00:15:05.738+0000] {dag.py:2676} INFO - Sync 1 DAGs
[2026-10-01T00:15:05.796+0000] {logging_mixin.py:137} INFO - [2026-10-01T00:15:05.796+0000] {dag.py:3427} INFO - Setting next_dagrun for example_branch_dop_operator_v3 to 2026-10-01T00:14:00+00:00, run_after=2026-10-01T00:15:00+00:00
[2026-10-01T00:15:05.827+0000] {processor.py:175} INFO - Processing /home/airflow/.local/lib/python3.7/site-packages/airflow/example_dags/example_branch_python_dop_operator_3.py took 0.208 seconds
[2026-10-01T00:15:36.066+0000] {processor.py:153} INFO - Started process (PID=17503) to work on /home/airflow/.local/lib/python3.7/site-packages/airflow/example_dags/example_branch_python_dop_operator_3.py
[2026-10-01T00:15:36.068+0000] {processor.py:743} INFO - Processing file /home/airflow/.local/lib/python3.7/site-packages/airflow/example_dags/example_branch_python_dop_operator_3.py for tasks to queue
[2026-10-01T00:15:36.069+0000] {logging_mixin.py:137} INFO - [2026-10-01T00:15:36.069+0000] {dagbag.py:538} INFO - Filling up the DagBag from /home/airflow/.local/lib/python3.7/site-packages/airflow/example_dags/example_branch_python_dop_operator_3.py
[2026-10-01T00:15:36.103+0000] {processor.py:753} INFO - DAG(s) dict_keys(['example_branch_dop_operator_v3']) retrieved from /home/airflow/.local/lib/python3.7/site-packages/airflow/example_dags/example_branch_python_dop_operator_3.py
[2026-10-01T00:15:36.150+0000] {logging_mixin.py:137} INFO - [2026-10-01T00:15:36.149+0000] {dag.py:2676} INFO - Sync 1 DAGs
[2026-10-01T00:15:36.194+0000] {logging_mixin.py:137} INFO - [2026-10-01T00:15:36.194+0000] {dag.py:3427} INFO - Setting next_dagrun for example_branch_dop_operator_v3 to 2026-10-01T00:14:00+00:00, run_after=2026-10-01T00:15:00+00:00
[2026-10-01T00:15:36.230+0000] {processor.py:175} INFO - Processing /home/airflow/.local/lib/python3.7/site-packages/airflow/example_dags/example_branch_python_dop_operator_3.py took 0.168 seconds
[2026-10-01T00:16:06.379+0000] {processor.py:153} INFO - Started process (PID=17582) to work on /home/airflow/.local/lib/python3.7/site-packages/airflow/example_dags/example_branch_python_dop_operator_3.py
[2026-10-01T00:16:06.380+0000] {processor.py:743} INFO - Processing file /home/airflow/.local/lib/python3.7/site-packages/airflow/example_dags/example_branch_python_dop_operator_3.py for tasks to queue
[2026-10-01T00:16:06.381+0000] {logging_mixin.py:137} INFO - [2026-10-01T00:16:06.381+0000] {dagbag.py:538} INFO - Filling up the DagBag from /home/airflow/.local/lib/python3.7/site-packages/airflow/example_dags/example_branch_python_dop_operator_3.py
[2026-10-01T00:16:06.417+0000] {processor.py:753} INFO - DAG(s) dict_keys(['example_branch_dop_operator_v3']) retrieved from /home/airflow/.local/lib/python3.7/site-packages/airflow/example_dags/example_branch_python_dop_operator_3.py
[2026-10-01T00:16:06.468+0000] {logging_mixin.py:137} INFO - [2026-10-01T00:16:06.468+0000] {dag.py:2676} INFO - Sync 1 DAGs
[2026-10-01T00:16:06.517+0000] {logging_mixin.py:137} INFO - [2026-10-01T00:16:06.517+0000] {dag.py:3427} INFO - Setting next_dagrun for example_branch_dop_operator_v3 to 2026-10-01T00:15:00+00:00, run_after=2026-10-01T00:16:00+00:00
[2026-10-01T00:16:06.545+0000] {processor.py:175} INFO - Processing /home/airflow/.local/lib/python3.7/site-packages/airflow/example_dags/example_branch_python_dop_operator_3.py took 0.169 seconds
[2026-10-01T00:16:37.246+0000] {processor.py:153} INFO - Started process (PID=17661) to work on /home/airflow/.local/lib/python3.7/site-packages/airflow/example_dags/example_branch_python_dop_operator_3.py
[2026-10-01T00:16:37.247+0000] {processor.py:743} INFO - Processing file /home/airflow/.local/lib/python3.7/site-packages/airflow/example_dags/example_branch_python_dop_operator_3.py for tasks to queue
[2026-10-01T00:16:37.248+0000] {logging_mixin.py:137} INFO - [2026-10-01T00:16:37.248+0000] {dagbag.py:538} INFO - Filling up the DagBag from /home/airflow/.local/lib/python3.7/site-packages/airflow/example_dags/example_branch_python_dop_operator_3.py
[2026-10-01T00:16:37.282+0000] {processor.py:753} INFO - DAG(s) dict_keys(['example_branch_dop_operator_v3']) retrieved from /home/airflow/.local/lib/python3.7/site-packages/airflow/example_dags/example_branch_python_dop_operator_3.py
[2026-10-01T00:16:37.330+0000] {logging_mixin.py:137} INFO - [2026-10-01T00:16:37.330+0000] {dag.py:2676} INFO - Sync 1 DAGs
[2026-10-01T00:16:37.386+0000] {logging_mixin.py:137} INFO - [2026-10-01T00:16:37.386+0000] {dag.py:3427} INFO - Setting next_dagrun for example_branch_dop_operator_v3 to 2026-10-01T00:15:00+00:00, run_after=2026-10-01T00:16:00+00:00
[2026-10-01T00:16:37.412+0000] {processor.py:175} INFO - Processing /home/airflow/.local/lib/python3.7/site-packages/airflow/example_dags/example_branch_python_dop_operator_3.py took 0.169 seconds
[2026-10-01T00:17:08.444+0000] {processor.py:153} INFO - Started process (PID=17740) to work on /home/airflow/.local/lib/python3.7/site-packages/airflow/example_dags/example_branch_python_dop_operator_3.py
[2026-10-01T00:17:08.445+0000] {processor.py:743} INFO - Processing file /home/airflow/.local/lib/python3.7/site-packages/airflow/example_dags/example_branch_python_dop_operator_3.py for tasks to queue
[2026-10-01T00:17:08.445+0000] {logging_mixin.py:137} INFO - [2026-10-01T00:17:08.445+0000] {dagbag.py:538} INFO - Filling up the DagBag from /home/airflow/.local/lib/python3.7/site-packages/airflow/example_dags/example_branch_python_dop_operator_3.py
[2026-10-01T00:17:08.489+0000] {processor.py:753} INFO - DAG(s) dict_keys(['example_branch_dop_operator_v3']) retrieved from /home/airflow/.local/lib/python3.7/site-packages/airflow/example_dags/example_branch_python_dop_operator_3.py
[2026-10-01T00:17:08.537+0000] {logging_mixin.py:137} INFO - [2026-10-01T00:17:08.536+0000] {dag.py:2676} INFO - Sync 1 DAGs
[2026-10-01T00:17:08.578+0000] {logging_mixin.py:137} INFO - [2026-10-01T00:17:08.578+0000] {dag.py:3427} INFO - Setting next_dagrun for example_branch_dop_operator_v3 to 2026-10-01T00:16:00+00:00, run_after=2026-10-01T00:17:00+00:00
[2026-10-01T00:17:08.601+0000] {processor.py:175} INFO - Processing /home/airflow/.local/lib/python3.7/site-packages/airflow/example_dags/example_branch_python_dop_operator_3.py took 0.161 seconds
[2026-10-01T00:17:38.683+0000] {processor.py:153} INFO - Started process (PID=17839) to work on /home/airflow/.local/lib/python3.7/site-packages/airflow/example_dags/example_branch_python_dop_operator_3.py
[2026-10-01T00:17:38.684+0000] {processor.py:743} INFO - Processing file /home/airflow/.local/lib/python3.7/site-packages/airflow/example_dags/example_branch_python_dop_operator_3.py for tasks to queue
[2026-10-01T00:17:38.685+0000] {logging_mixin.py:137} INFO - [2026-10-01T00:17:38.685+0000] {dagbag.py:538} INFO - Filling up the DagBag from /home/airflow/.local/lib/python3.7/site-packages/airflow/example_dags/example_branch_python_dop_operator_3.py
[2026-10-01T00:17:38.722+0000] {processor.py:753} INFO - DAG(s) dict_keys(['example_branch_dop_operator_v3']) retrieved from /home/airflow/.local/lib/python3.7/site-packages/airflow/example_dags/example_branch_python_dop_operator_3.py
[2026-10-01T00:17:38.773+0000] {logging_mixin.py:137} INFO - [2026-10-01T00:17:38.773+0000] {dag.py:2676} INFO - Sync 1 DAGs
[2026-10-01T00:17:38.810+0000] {logging_mixin.py:137} INFO - [2026-10-01T00:17:38.809+0000] {dag.py:3427} INFO - Setting next_dagrun for example_branch_dop_operator_v3 to 2026-10-01T00:16:00+00:00, run_after=2026-10-01T00:17:00+00:00
[2026-10-01T00:17:38.830+0000] {processor.py:175} INFO - Processing /home/airflow/.local/lib/python3.7/site-packages/airflow/example_dags/example_branch_python_dop_operator_3.py took 0.151 seconds
[2026-10-01T00:18:09.199+0000] {processor.py:153} INFO - Started process (PID=17918) to work on /home/airflow/.local/lib/python3.7/site-packages/airflow/example_dags/example_branch_python_dop_operator_3.py
[2026-10-01T00:18:09.200+0000] {processor.py:743} INFO - Processing file /home/airflow/.local/lib/python3.7/site-packages/airflow/example_dags/example_branch_python_dop_operator_3.py for tasks to queue
[2026-10-01T00:18:09.200+0000] {logging_mixin.py:137} INFO - [2026-10-01T00:18:09.200+0000] {dagbag.py:538} INFO - Filling up the DagBag from /home/airflow/.local/lib/python3.7/site-packages/airflow/example_dags/example_branch_python_dop_operator_3.py
[2026-10-01T00:18:09.237+0000] {processor.py:753} INFO - DAG(s) dict_keys(['example_branch_dop_operator_v3']) retrieved from /home/airflow/.local/lib/python3.7/site-packages/airflow/example_dags/example_branch_python_dop_operator_3.py
[2026-10-01T00:18:09.292+0000] {logging_mixin.py:137} INFO - [2026-10-01T00:18:09.292+0000] {dag.py:2676} INFO - Sync 1 DAGs
[2026-10-01T00:18:09.331+0000] {logging_mixin.py:137} INFO - [2026-10-01T00:18:09.331+0000] {dag.py:3427} INFO - Setting next_dagrun for example_branch_dop_operator_v3 to 2026-10-01T00:17:00+00:00, run_after=2026-10-01T00:18:00+00:00
[2026-10-01T00:18:09.352+0000] {processor.py:175} INFO - Processing /home/airflow/.local/lib/python3.7/site-packages/airflow/example_dags/example_branch_python_dop_operator_3.py took 0.158 seconds
[2026-10-01T00:18:39.504+0000] {processor.py:153} INFO - Started process (PID=17997) to work on /home/airflow/.local/lib/python3.7/site-packages/airflow/example_dags/example_branch_python_dop_operator_3.py
[2026-10-01T00:18:39.506+0000] {processor.py:743} INFO - Processing file /home/airflow/.local/lib/python3.7/site-packages/airflow/example_dags/example_branch_python_dop_operator_3.py for tasks to queue
[2026-10-01T00:18:39.507+0000] {logging_mixin.py:137} INFO - [2026-10-01T00:18:39.507+0000] {dagbag.py:538} INFO - Filling up the DagBag from /home/airflow/.local/lib/python3.7/site-packages/airflow/example_dags/example_branch_python_dop_operator_3.py
[2026-10-01T00:18:39.552+0000] {processor.py:753} INFO - DAG(s) dict_keys(['example_branch_dop_operator_v3']) retrieved from /home/airflow/.local/lib/python3.7/site-packages/airflow/example_dags/example_branch_python_dop_operator_3.py
[2026-10-01T00:18:39.616+0000] {logging_mixin.py:137} INFO - [2026-10-01T00:18:39.616+0000] {dag.py:2676} INFO - Sync 1 DAGs
[2026-10-01T00:18:39.663+0000] {logging_mixin.py:137} INFO - [2026-10-01T00:18:39.663+0000] {dag.py:3427} INFO - Setting next_dagrun for example_branch_dop_operator_v3 to 2026-10-01T00:17:00+00:00, run_after=2026-10-01T00:18:00+00:00
[2026-10-01T00:18:39.691+0000] {processor.py:175} INFO - Processing /home/airflow/.local/lib/python3.7/site-packages/airflow/example_dags/example_branch_python_dop_operator_3.py took 0.193 seconds
[2026-10-01T00:19:10.679+0000] {processor.py:153} INFO - Started process (PID=18085) to work on /home/airflow/.local/lib/python3.7/site-packages/airflow/example_dags/example_branch_python_dop_operator_3.py
[2026-10-01T00:19:10.680+0000] {processor.py:743} INFO - Processing file /home/airflow/.local/lib/python3.7/site-packages/airflow/example_dags/example_branch_python_dop_operator_3.py for tasks to queue
[2026-10-01T00:19:10.681+0000] {logging_mixin.py:137} INFO - [2026-10-01T00:19:10.681+0000] {dagbag.py:538} INFO - Filling up the DagBag from /home/airflow/.local/lib/python3.7/site-packages/airflow/example_dags/example_branch_python_dop_operator_3.py
[2026-10-01T00:19:10.725+0000] {processor.py:753} INFO - DAG(s) dict_keys(['example_branch_dop_operator_v3']) retrieved from /home/airflow/.local/lib/python3.7/site-packages/airflow/example_dags/example_branch_python_dop_operator_3.py
[2026-10-01T00:19:10.791+0000] {logging_mixin.py:137} INFO - [2026-10-01T00:19:10.791+0000] {dag.py:2676} INFO - Sync 1 DAGs
[2026-10-01T00:19:10.850+0000] {logging_mixin.py:137} INFO - [2026-10-01T00:19:10.850+0000] {dag.py:3427} INFO - Setting next_dagrun for example_branch_dop_operator_v3 to 2026-10-01T00:18:00+00:00, run_after=2026-10-01T00:19:00+00:00
[2026-10-01T00:19:10.881+0000] {processor.py:175} INFO - Processing /home/airflow/.local/lib/python3.7/site-packages/airflow/example_dags/example_branch_python_dop_operator_3.py took 0.207 seconds
[2026-10-01T00:19:41.077+0000] {processor.py:153} INFO - Started process (PID=18175) to work on /home/airflow/.local/lib/python3.7/site-packages/airflow/example_dags/example_branch_python_dop_operator_3.py
[2026-10-01T00:19:41.079+0000] {processor.py:743} INFO - Processing file /home/airflow/.local/lib/python3.7/site-packages/airflow/example_dags/example_branch_python_dop_operator_3.py for tasks to queue
[2026-10-01T00:19:41.079+0000] {logging_mixin.py:137} INFO - [2026-10-01T00:19:41.079+0000] {dagbag.py:538} INFO - Filling up the DagBag from /home/airflow/.local/lib/python3.7/site-packages/airflow/example_dags/example_branch_python_dop_operator_3.py
[2026-10-01T00:19:41.115+0000] {processor.py:753} INFO - DAG(s) dict_keys(['example_branch_dop_operator_v3']) retrieved from /home/airflow/.local/lib/python3.7/site-packages/airflow/example_dags/example_branch_python_dop_operator_3.py
[2026-10-01T00:19:41.166+0000] {logging_mixin.py:137} INFO - [2026-10-01T00:19:41.166+0000] {dag.py:2676} INFO - Sync 1 DAGs
[2026-10-01T00:19:41.212+0000] {logging_mixin.py:137} INFO - [2026-10-01T00:19:41.212+0000] {dag.py:3427} INFO - Setting next_dagrun for example_branch_dop_operator_v3 to 2026-10-01T00:18:00+00:00, run_after=2026-10-01T00:19:00+00:00
[2026-10-01T00:19:41.232+0000] {processor.py:175} INFO - Processing /home/airflow/.local/lib/python3.7/site-packages/airflow/example_dags/example_branch_python_dop_operator_3.py took 0.159 seconds
[2026-10-01T00:20:11.390+0000] {processor.py:153} INFO - Started process (PID=18254) to work on /home/airflow/.local/lib/python3.7/site-packages/airflow/example_dags/example_branch_python_dop_operator_3.py
[2026-10-01T00:20:11.391+0000] {processor.py:743} INFO - Processing file /home/airflow/.local/lib/python3.7/site-packages/airflow/example_dags/example_branch_python_dop_operator_3.py for tasks to queue
[2026-10-01T00:20:11.393+0000] {logging_mixin.py:137} INFO - [2026-10-01T00:20:11.392+0000] {dagbag.py:538} INFO - Filling up the DagBag from /home/airflow/.local/lib/python3.7/site-packages/airflow/example_dags/example_branch_python_dop_operator_3.py
[2026-10-01T00:20:11.438+0000] {processor.py:753} INFO - DAG(s) dict_keys(['example_branch_dop_operator_v3']) retrieved from /home/airflow/.local/lib/python3.7/site-packages/airflow/example_dags/example_branch_python_dop_operator_3.py
[2026-10-01T00:20:11.486+0000] {logging_mixin.py:137} INFO - [2026-10-01T00:20:11.486+0000] {dag.py:2676} INFO - Sync 1 DAGs
[2026-10-01T00:20:11.522+0000] {logging_mixin.py:137} INFO - [2026-10-01T00:20:11.522+0000] {dag.py:3427} INFO - Setting next_dagrun for example_branch_dop_operator_v3 to 2026-10-01T00:19:00+00:00, run_after=2026-10-01T00:20:00+00:00
[2026-10-01T00:20:11.543+0000] {processor.py:175} INFO - Processing /home/airflow/.local/lib/python3.7/site-packages/airflow/example_dags/example_branch_python_dop_operator_3.py took 0.159 seconds
[2026-10-01T00:20:41.952+0000] {processor.py:153} INFO - Started process (PID=18333) to work on /home/airflow/.local/lib/python3.7/site-packages/airflow/example_dags/example_branch_python_dop_operator_3.py
[2026-10-01T00:20:41.953+0000] {processor.py:743} INFO - Processing file /home/airflow/.local/lib/python3.7/site-packages/airflow/example_dags/example_branch_python_dop_operator_3.py for tasks to queue
[2026-10-01T00:20:41.954+0000] {logging_mixin.py:137} INFO - [2026-10-01T00:20:41.954+0000] {dagbag.py:538} INFO - Filling up the DagBag from /home/airflow/.local/lib/python3.7/site-packages/airflow/example_dags/example_branch_python_dop_operator_3.py
[2026-10-01T00:20:41.990+0000] {processor.py:753} INFO - DAG(s) dict_keys(['example_branch_dop_operator_v3']) retrieved from /home/airflow/.local/lib/python3.7/site-packages/airflow/example_dags/example_branch_python_dop_operator_3.py
[2026-10-01T00:20:42.042+0000] {logging_mixin.py:137} INFO - [2026-10-01T00:20:42.041+0000] {dag.py:2676} INFO - Sync 1 DAGs
[2026-10-01T00:20:42.079+0000] {logging_mixin.py:137} INFO - [2026-10-01T00:20:42.079+0000] {dag.py:3427} INFO - Setting next_dagrun for example_branch_dop_operator_v3 to 2026-10-01T00:19:00+00:00, run_after=2026-10-01T00:20:00+00:00
[2026-10-01T00:20:42.101+0000] {processor.py:175} INFO - Processing /home/airflow/.local/lib/python3.7/site-packages/airflow/example_dags/example_branch_python_dop_operator_3.py took 0.153 seconds
