[2026-10-01T00:00:16.160+0000] {processor.py:153} INFO - Started process (PID=14959) to work on /home/airflow/.local/lib/python3.7/site-packages/airflow/example_dags/example_sla_dag.py
[2026-10-01T00:00:16.161+0000] {processor.py:743} INFO - Processing file /home/airflow/.local/lib/python3.7/site-packages/airflow/example_dags/example_sla_dag.py for tasks to queue
[2026-10-01T00:00:16.162+0000] {logging_mixin.py:137} INFO - [2026-10-01T00:00:16.161+0000] {dagbag.py:538} INFO - Filling up the DagBag from /home/airflow/.local/lib/python3.7/site-packages/airflow/example_dags/example_sla_dag.py
[2026-10-01T00:00:16.187+0000] {processor.py:753} INFO - DAG(s) dict_keys(['example_sla_dag']) retrieved from /home/airflow/.local/lib/python3.7/site-packages/airflow/example_dags/example_sla_dag.py
[2026-10-01T00:00:16.227+0000] {logging_mixin.py:137} INFO - [2026-10-01T00:00:16.227+0000] {dag.py:2676} INFO - Sync 1 DAGs
[2026-10-01T00:00:16.253+0000] {logging_mixin.py:137} INFO - [2026-10-01T00:00:16.253+0000] {dag.py:3427} INFO - Setting next_dagrun for example_sla_dag to 2026-09-30T23:58:00+00:00, run_after=2026-10-01T00:00:00+00:00
[2026-10-01T00:00:16.268+0000] {processor.py:175} INFO - Processing /home/airflow/.local/lib/python3.7/site-packages/airflow/example_dags/example_sla_dag.py took 0.111 seconds
[2026-10-01T00:00:47.203+0000] {processor.py:153} INFO - Started process (PID=15038) to work on /home/airflow/.local/lib/python3.7/site-packages/airflow/example_dags/example_sla_dag.py
[2026-10-01T00:00:47.204+0000] {processor.py:743} INFO - Processing file /home/airflow/.local/lib/python3.7/site-packages/airflow/example_dags/example_sla_dag.py for tasks to queue
[2026-10-01T00:00:47.205+0000] {logging_mixin.py:137} INFO - [2026-10-01T00:00:47.205+0000] {dagbag.py:538} INFO - Filling up the DagBag from /home/airflow/.local/lib/python3.7/site-packages/airflow/example_dags/example_sla_dag.py
[2026-10-01T00:00:47.244+0000] {processor.py:753} INFO - DAG(s) dict_keys(['example_sla_dag']) retrieved from /home/airflow/.local/lib/python3.7/site-packages/airflow/example_dags/example_sla_dag.py
[2026-10-01T00:00:47.303+0000] {logging_mixin.py:137} INFO - [2026-10-01T00:00:47.302+0000] {dag.py:2676} INFO - Sync 1 DAGs
[2026-10-01T00:00:47.346+0000] {logging_mixin.py:137} INFO - [2026-10-01T00:00:47.346+0000] {dag.py:3427} INFO - Setting next_dagrun for example_sla_dag to 2026-09-30T23:58:00+00:00, run_after=2026-10-01T00:00:00+00:00
[2026-10-01T00:00:47.370+0000] {processor.py:175} INFO - Processing /home/airflow/.local/lib/python3.7/site-packages/airflow/example_dags/example_sla_dag.py took 0.170 seconds
[2026-10-01T00:01:18.125+0000] {processor.py:153} INFO - Started process (PID=15117) to work on /home/airflow/.local/lib/python3.7/site-packages/airflow/example_dags/example_sla_dag.py
[2026-10-01T00:01:18.126+0000] {processor.py:743} INFO - Processing file /home/airflow/.local/lib/python3.7/site-packages/airflow/example_dags/example_sla_dag.py for tasks to queue
[2026-10-01T00:01:18.127+0000] {logging_mixin.py:137} INFO - [2026-10-01T00:01:18.127+0000] {dagbag.py:538} INFO - Filling up the DagBag from /home/airflow/.local/lib/python3.7/site-packages/airflow/example_dags/example_sla_dag.py
[2026-10-01T00:01:18.166+0000] {processor.py:753} INFO - DAG(s) dict_keys(['example_sla_dag']) retrieved from /home/airflow/.local/lib/python3.7/site-packages/airflow/example_dags/example_sla_dag.py
[2026-10-01T00:01:18.230+0000] {logging_mixin.py:137} INFO - [2026-10-01T00:01:18.230+0000] {dag.py:2676} INFO - Sync 1 DAGs
[2026-10-01T00:01:18.267+0000] {logging_mixin.py:137} INFO - [2026-10-01T00:01:18.267+0000] {dag.py:3427} INFO - Setting next_dagrun for example_sla_dag to 2026-09-30T23:58:00+00:00, run_after=2026-10-01T00:00:00+00:00
[2026-10-01T00:01:18.293+0000] {processor.py:175} INFO - Processing /home/airflow/.local/lib/python3.7/site-packages/airflow/example_dags/example_sla_dag.py took 0.172 seconds
[2026-10-01T00:01:48.994+0000] {processor.py:153} INFO - Started process (PID=15205) to work on /home/airflow/.local/lib/python3.7/site-packages/airflow/example_dags/example_sla_dag.py
[2026-10-01T00:01:48.996+0000] {processor.py:743} INFO - Processing file /home/airflow/.local/lib/python3.7/site-packages/airflow/example_dags/example_sla_dag.py for tasks to queue
[2026-10-01T00:01:48.997+0000] {logging_mixin.py:137} INFO - [2026-10-01T00:01:48.997+0000] {dagbag.py:538} INFO - Filling up the DagBag from /home/airflow/.local/lib/python3.7/site-packages/airflow/example_dags/example_sla_dag.py
[2026-10-01T00:01:49.093+0000] {processor.py:753} INFO - DAG(s) dict_keys(['example_sla_dag']) retrieved from /home/airflow/.local/lib/python3.7/site-packages/airflow/example_dags/example_sla_dag.py
[2026-10-01T00:01:49.140+0000] {logging_mixin.py:137} INFO - [2026-10-01T00:01:49.139+0000] {dag.py:2676} INFO - Sync 1 DAGs
[2026-10-01T00:01:49.195+0000] {logging_mixin.py:137} INFO - [2026-10-01T00:01:49.195+0000] {dag.py:3427} INFO - Setting next_dagrun for example_sla_dag to 2026-09-30T23:58:00+00:00, run_after=2026-10-01T00:00:00+00:00
[2026-10-01T00:01:49.218+0000] {processor.py:175} INFO - Processing /home/airflow/.local/lib/python3.7/site-packages/airflow/example_dags/example_sla_dag.py took 0.230 seconds
[2026-10-01T00:02:19.657+0000] {processor.py:153} INFO - Started process (PID=15295) to work on /home/airflow/.local/lib/python3.7/site-packages/airflow/example_dags/example_sla_dag.py
[2026-10-01T00:02:19.658+0000] {processor.py:743} INFO - Processing file /home/airflow/.local/lib/python3.7/site-packages/airflow/example_dags/example_sla_dag.py for tasks to queue
[2026-10-01T00:02:19.659+0000] {logging_mixin.py:137} INFO - [2026-10-01T00:02:19.659+0000] {dagbag.py:538} INFO - Filling up the DagBag from /home/airflow/.local/lib/python3.7/site-packages/airflow/example_dags/example_sla_dag.py
[2026-10-01T00:02:19.697+0000] {processor.py:753} INFO - DAG(s) dict_keys(['example_sla_dag']) retrieved from /home/airflow/.local/lib/python3.7/site-packages/airflow/example_dags/example_sla_dag.py
[2026-10-01T00:02:19.764+0000] {logging_mixin.py:137} INFO - [2026-10-01T00:02:19.764+0000] {dag.py:2676} INFO - Sync 1 DAGs
[2026-10-01T00:02:19.809+0000] {logging_mixin.py:137} INFO - [2026-10-01T00:02:19.809+0000] {dag.py:3427} INFO - Setting next_dagrun for example_sla_dag to 2026-10-01T00:00:00+00:00, run_after=2026-10-01T00:02:00+00:00
[2026-10-01T00:02:19.835+0000] {processor.py:175} INFO - Processing /home/airflow/.local/lib/python3.7/site-packages/airflow/example_dags/example_sla_dag.py took 0.181 seconds
[2026-10-01T00:02:50.058+0000] {processor.py:153} INFO - Started process (PID=15374) to work on /home/airflow/.local/lib/python3.7/site-packages/airflow/example_dags/example_sla_dag.py
[2026-10-01T00:02:50.059+0000] {processor.py:743} INFO - Processing file /home/airflow/.local/lib/python3.7/site-packages/airflow/example_dags/example_sla_dag.py for tasks to queue
[2026-10-01T00:02:50.060+0000] {logging_mixin.py:137} INFO - [2026-10-01T00:02:50.060+0000] {dagbag.py:538} INFO - Filling up the DagBag from /home/airflow/.local/lib/python3.7/site-packages/airflow/example_dags/example_sla_dag.py
[2026-10-01T00:02:50.095+0000] {processor.py:753} INFO - DAG(s) dict_keys(['example_sla_dag']) retrieved from /home/airflow/.local/lib/python3.7/site-packages/airflow/example_dags/example_sla_dag.py
[2026-10-01T00:02:50.145+0000] {logging_mixin.py:137} INFO - [2026-10-01T00:02:50.145+0000] {dag.py:2676} INFO - Sync 1 DAGs
[2026-10-01T00:02:50.182+0000] {logging_mixin.py:137} INFO - [2026-10-01T00:02:50.182+0000] {dag.py:3427} INFO - Setting next_dagrun for example_sla_dag to 2026-10-01T00:00:00+00:00, run_after=2026-10-01T00:02:00+00:00
[2026-10-01T00:02:50.203+0000] {processor.py:175} INFO - Processing /home/airflow/.local/lib/python3.7/site-packages/airflow/example_dags/example_sla_dag.py took 0.150 seconds
[2026-10-01T00:03:20.312+0000] {processor.py:153} INFO - Started process (PID=15453) to work on /home/airflow/.local/lib/python3.7/site-packages/airflow/example_dags/example_sla_dag.py
[2026-10-01T00:03:20.313+0000] {processor.py:743} INFO - Processing file /home/airflow/.local/lib/python3.7/site-packages/airflow/example_dags/example_sla_dag.py for tasks to queue
[2026-10-01T00:03:20.313+0000] {logging_mixin.py:137} INFO - [2026-10-01T00:03:20.313+0000] {dagbag.py:538} INFO - Filling up the DagBag from /home/airflow/.local/lib/python3.7/site-packages/airflow/example_dags/example_sla_dag.py
[2026-10-01T00:03:20.345+0000] {processor.py:753} INFO - DAG(s) dict_keys(['example_sla_dag']) retrieved from /home/airflow/.local/lib/python3.7/site-packages/airflow/example_dags/example_sla_dag.py
[2026-10-01T00:03:20.405+0000] {logging_mixin.py:137} INFO - [2026-10-01T00:03:20.405+0000] {dag.py:2676} INFO - Sync 1 DAGs
[2026-10-01T00:03:20.448+0000] {logging_mixin.py:137} INFO - [2026-10-01T00:03:20.448+0000] {dag.py:3427} INFO - Setting next_dagrun for example_sla_dag to 2026-10-01T00:00:00+00:00, run_after=2026-10-01T00:02:00+00:00
[2026-10-01T00:03:20.468+0000] {processor.py:175} INFO - Processing /home/airflow/.local/lib/python3.7/site-packages/airflow/example_dags/example_sla_dag.py took 0.160 seconds
[2026-10-01T00:03:50.726+0000] {processor.py:153} INFO - Started process (PID=15541) to work on /home/airflow/.local/lib/python3.7/site-packages/airflow/example_dags/example_sla_dag.py
[2026-10-01T00:03:50.727+0000] {processor.py:743} INFO - Processing file /home/airflow/.local/lib/python3.7/site-packages/airflow/example_dags/example_sla_dag.py for tasks to queue
[2026-10-01T00:03:50.728+0000] {logging_mixin.py:137} INFO - [2026-10-01T00:03:50.728+0000] {dagbag.py:538} INFO - Filling up the DagBag from /home/airflow/.local/lib/python3.7/site-packages/airflow/example_dags/example_sla_dag.py
[2026-10-01T00:03:50.766+0000] {processor.py:753} INFO - DAG(s) dict_keys(['example_sla_dag']) retrieved from /home/airflow/.local/lib/python3.7/site-packages/airflow/example_dags/example_sla_dag.py
[2026-10-01T00:03:50.815+0000] {logging_mixin.py:137} INFO - [2026-10-01T00:03:50.814+0000] {dag.py:2676} INFO - Sync 1 DAGs
[2026-10-01T00:03:50.849+0000] {logging_mixin.py:137} INFO - [2026-10-01T00:03:50.849+0000] {dag.py:3427} INFO - Setting next_dagrun for example_sla_dag to 2026-10-01T00:00:00+00:00, run_after=2026-10-01T00:02:00+00:00
[2026-10-01T00:03:50.870+0000] {processor.py:175} INFO - Processing /home/airflow/.local/lib/python3.7/site-packages/airflow/example_dags/example_sla_dag.py took 0.149 seconds
[2026-10-01T00:04:21.036+0000] {processor.py:153} INFO - Started process (PID=15631) to work on /home/airflow/.local/lib/python3.7/site-packages/airflow/example_dags/example_sla_dag.py
[2026-10-01T00:04:21.037+0000] {processor.py:743} INFO - Processing file /home/airflow/.local/lib/python3.7/site-packages/airflow/example_dags/example_sla_dag.py for tasks to queue
[2026-10-01T00:04:21.038+0000] {logging_mixin.py:137} INFO - [2026-10-01T00:04:21.037+0000] {dagbag.py:538} INFO - Filling up the DagBag from /home/airflow/.local/lib/python3.7/site-packages/airflow/example_dags/example_sla_dag.py
[2026-10-01T00:04:21.067+0000] {processor.py:753} INFO - DAG(s) dict_keys(['example_sla_dag']) retrieved from /home/airflow/.local/lib/python3.7/site-packages/airflow/example_dags/example_sla_dag.py
[2026-10-01T00:04:21.133+0000] {logging_mixin.py:137} INFO - [2026-10-01T00:04:21.132+0000] {dag.py:2676} INFO - Sync 1 DAGs
[2026-10-01T00:04:21.194+0000] {logging_mixin.py:137} INFO - [2026-10-01T00:04:21.193+0000] {dag.py:3427} INFO - Setting next_dagrun for example_sla_dag to 2026-10-01T00:02:00+00:00, run_after=2026-10-01T00:04:00+00:00
[2026-10-01T00:04:21.215+0000] {processor.py:175} INFO - Processing /home/airflow/.local/lib/python3.7/site-packages/airflow/example_dags/example_sla_dag.py took 0.183 seconds
[2026-10-01T00:04:52.033+0000] {processor.py:153} INFO - Started process (PID=15710) to work on /home/airflow/.local/lib/python3.7/site-packages/airflow/example_dags/example_sla_dag.py
[2026-10-01T00:04:52.034+0000] {processor.py:743} INFO - Processing file /home/airflow/.local/lib/python3.7/site-packages/airflow/example_dags/example_sla_dag.py for tasks to queue
[2026-10-01T00:04:52.034+0000] {logging_mixin.py:137} INFO - [2026-10-01T00:04:52.034+0000] {dagbag.py:538} INFO - Filling up the DagBag from /home/airflow/.local/lib/python3.7/site-packages/airflow/example_dags/example_sla_dag.py
[2026-10-01T00:04:52.070+0000] {processor.py:753} INFO - DAG(s) dict_keys(['example_sla_dag']) retrieved from /home/airflow/.local/lib/python3.7/site-packages/airflow/example_dags/example_sla_dag.py
[2026-10-01T00:04:52.140+0000] {logging_mixin.py:137} INFO - [2026-10-01T00:04:52.140+0000] {dag.py:2676} INFO - Sync 1 DAGs
[2026-10-01T00:04:52.193+0000] {logging_mixin.py:137} INFO - [2026-10-01T00:04:52.193+0000] {dag.py:3427} INFO - Setting next_dagrun for example_sla_dag to 2026-10-01T00:02:00+00:00, run_after=2026-10-01T00:04:00+00:00
[2026-10-01T00:04:52.215+0000] {processor.py:175} INFO - Processing /home/airflow/.local/lib/python3.7/site-packages/airflow/example_dags/example_sla_dag.py took 0.186 seconds
[2026-10-01T00:05:23.086+0000] {processor.py:153} INFO - Started process (PID=15789) to work on /home/airflow/.local/lib/python3.7/site-packages/airflow/example_dags/example_sla_dag.py
[2026-10-01T00:05:23.088+0000] {processor.py:743} INFO - Processing file /home/airflow/.local/lib/python3.7/site-packages/airflow/example_dags/example_sla_dag.py for tasks to queue
[2026-10-01T00:05:23.089+0000] {logging_mixin.py:137} INFO - [2026-10-01T00:05:23.089+0000] {dagbag.py:538} INFO - Filling up the DagBag from /home/airflow/.local/lib/python3.7/site-packages/airflow/example_dags/example_sla_dag.py
[2026-10-01T00:05:23.130+0000] {processor.py:753} INFO - DAG(s) dict_keys(['example_sla_dag']) retrieved from /home/airflow/.local/lib/python3.7/site-packages/airflow/example_dags/example_sla_dag.py
[2026-10-01T00:05:23.192+0000] {logging_mixin.py:137} INFO - [2026-10-01T00:05:23.192+0000] {dag.py:2676} INFO - Sync 1 DAGs
[2026-10-01T00:05:23.236+0000] {logging_mixin.py:137} INFO - [2026-10-01T00:05:23.235+0000] {dag.py:3427} INFO - Setting next_dagrun for example_sla_dag to 2026-10-01T00:02:00+00:00, run_after=2026-10-01T00:04:00+00:00
[2026-10-01T00:05:23.259+0000] {processor.py:175} INFO - Processing /home/airflow/.local/lib/python3.7/site-packages/airflow/example_dags/example_sla_dag.py took 0.179 seconds
[2026-10-01T00:05:53.569+0000] {processor.py:153} INFO - Started process (PID=15888) to work on /home/airflow/.local/lib/python3.7/site-packages/airflow/example_dags/example_sla_dag.py
[2026-10-01T00:05:53.570+0000] {processor.py:743} INFO - Processing file /home/airflow/.local/lib/python3.7/site-packages/airflow/example_dags/example_sla_dag.py for tasks to queue
[2026-10-01T00:05:53.571+0000] {logging_mixin.py:137} INFO - [2026-10-01T00:05:53.571+0000] {dagbag.py:538} INFO - Filling up the DagBag from /home/airflow/.local/lib/python3.7/site-packages/airflow/example_dags/example_sla_dag.py
[2026-10-01T00:05:53.604+0000] {processor.py:753} INFO - DAG(s) dict_keys(['example_sla_dag']) retrieved from /home/airflow/.local/lib/python3.7/site-packages/airflow/example_dags/example_sla_dag.py
[2026-10-01T00:05:53.655+0000] {logging_mixin.py:137} INFO - [2026-10-01T00:05:53.655+0000] {dag.py:2676} INFO - Sync 1 DAGs
[2026-10-01T00:05:53.695+0000] {logging_mixin.py:137} INFO - [2026-10-01T00:05:53.695+0000] {dag.py:3427} INFO - Setting next_dagrun for example_sla_dag to 2026-10-01T00:02:00+00:00, run_after=2026-10-01T00:04:00+00:00
[2026-10-01T00:05:53.719+0000] {processor.py:175} INFO - Processing /home/airflow/.local/lib/python3.7/site-packages/airflow/example_dags/example_sla_dag.py took 0.156 seconds
[2026-10-01T00:06:23.826+0000] {processor.py:153} INFO - Started process (PID=15967) to work on /home/airflow/.local/lib/python3.7/site-packages/airflow/example_dags/example_sla_dag.py
[2026-10-01T00:06:23.828+0000] {processor.py:743} INFO - Processing file /home/airflow/.local/lib/python3.7/site-packages/airflow/example_dags/example_sla_dag.py for tasks to queue
[2026-10-01T00:06:23.828+0000] {logging_mixin.py:137} INFO - [2026-10-01T00:06:23.828+0000] {dagbag.py:538} INFO - Filling up the DagBag from /home/airflow/.local/lib/python3.7/site-packages/airflow/example_dags/example_sla_dag.py
[2026-10-01T00:06:23.859+0000] {processor.py:753} INFO - DAG(s) dict_keys(['example_sla_dag']) retrieved from /home/airflow/.local/lib/python3.7/site-packages/airflow/example_dags/example_sla_dag.py
[2026-10-01T00:06:23.908+0000] {logging_mixin.py:137} INFO - [2026-10-01T00:06:23.908+0000] {dag.py:2676} INFO - Sync 1 DAGs
[2026-10-01T00:06:23.944+0000] {logging_mixin.py:137} INFO - [2026-10-01T00:06:23.944+0000] {dag.py:3427} INFO - Setting next_dagrun for example_sla_dag to 2026-10-01T00:04:00+00:00, run_after=2026-10-01T00:06:00+00:00
[2026-10-01T00:06:23.967+0000] {processor.py:175} INFO - Processing /home/airflow/.local/lib/python3.7/site-packages/airflow/example_dags/example_sla_dag.py took 0.144 seconds
[2026-10-01T00:06:54.140+0000] {processor.py:153} INFO - Started process (PID=16046) to work on /home/airflow/.local/lib/python3.7/site-packages/airflow/example_dags/example_sla_dag.py
[2026-10-01T00:06:54.141+0000] {processor.py:743} INFO - Processing file /home/airflow/.local/lib/python3.7/site-packages/airflow/example_dags/example_sla_dag.py for tasks to queue
[2026-10-01T00:06:54.142+0000] {logging_mixin.py:137} INFO - [2026-10-01T00:06:54.142+0000] {dagbag.py:538} INFO - Filling up the DagBag from /home/airflow/.local/lib/python3.7/site-packages/airflow/example_dags/example_sla_dag.py
[2026-10-01T00:06:54.173+0000] {processor.py:753} INFO - DAG(s) dict_keys(['example_sla_dag']) retrieved from /home/airflow/.local/lib/python3.7/site-packages/airflow/example_dags/example_sla_dag.py
[2026-10-01T00:06:54.223+0000] {logging_mixin.py:137} INFO - [2026-10-01T00:06:54.223+0000] {dag.py:2676} INFO - Sync 1 DAGs
[2026-10-01T00:06:54.258+0000] {logging_mixin.py:137} INFO - [2026-10-01T00:06:54.258+0000] {dag.py:3427} INFO - Setting next_dagrun for example_sla_dag to 2026-10-01T00:04:00+00:00, run_after=2026-10-01T00:06:00+00:00
[2026-10-01T00:06:54.278+0000] {processor.py:175} INFO - Processing /home/airflow/.local/lib/python3.7/site-packages/airflow/example_dags/example_sla_dag.py took 0.142 seconds
[2026-10-01T00:07:24.434+0000] {processor.py:153} INFO - Started process (PID=16125) to work on /home/airflow/.local/lib/python3.7/site-packages/airflow/example_dags/example_sla_dag.py
[2026-10-01T00:07:24.436+0000] {processor.py:743} INFO - Processing file /home/airflow/.local/lib/python3.7/site-packages/airflow/example_dags/example_sla_dag.py for tasks to queue
[2026-10-01T00:07:24.437+0000] {logging_mixin.py:137} INFO - [2026-10-01T00:07:24.437+0000] {dagbag.py:538} INFO - Filling up the DagBag from /home/airflow/.local/lib/python3.7/site-packages/airflow/example_dags/example_sla_dag.py
[2026-10-01T00:07:24.478+0000] {processor.py:753} INFO - DAG(s) dict_keys(['example_sla_dag']) retrieved from /home/airflow/.local/lib/python3.7/site-packages/airflow/example_dags/example_sla_dag.py
[2026-10-01T00:07:24.534+0000] {logging_mixin.py:137} INFO - [2026-10-01T00:07:24.533+0000] {dag.py:2676} INFO - Sync 1 DAGs
[2026-10-01T00:07:24.587+0000] {logging_mixin.py:137} INFO - [2026-10-01T00:07:24.587+0000] {dag.py:3427} INFO - Setting next_dagrun for example_sla_dag to 2026-10-01T00:04:00+00:00, run_after=2026-10-01T00:06:00+00:00
[2026-10-01T00:07:24.609+0000] {processor.py:175} INFO - Processing /home/airflow/.local/lib/python3.7/site-packages/airflow/example_dags/example_sla_dag.py took 0.180 seconds
[2026-10-01T00:07:55.061+0000] {processor.py:153} INFO - Started process (PID=16224) to work on /home/airflow/.local/lib/python3.7/site-packages/airflow/example_dags/example_sla_dag.py
[2026-10-01T00:07:55.062+0000] {processor.py:743} INFO - Processing file /home/airflow/.local/lib/python3.7/site-packages/airflow/example_dags/example_sla_dag.py for tasks to queue
[2026-10-01T00:07:55.062+0000] {logging_mixin.py:137} INFO - [2026-10-01T00:07:55.062+0000] {dagbag.py:538} INFO - Filling up the DagBag from /home/airflow/.local/lib/python3.7/site-packages/airflow/example_dags/example_sla_dag.py
[2026-10-01T00:07:55.097+0000] {processor.py:753} INFO - DAG(s) dict_keys(['example_sla_dag']) retrieved from /home/airflow/.local/lib/python3.7/site-packages/airflow/example_dags/example_sla_dag.py
[2026-10-01T00:07:55.145+0000] {logging_mixin.py:137} INFO - [2026-10-01T00:07:55.145+0000] {dag.py:2676} INFO - Sync 1 DAGs
[2026-10-01T00:07:55.181+0000] {logging_mixin.py:137} INFO - [2026-10-01T00:07:55.181+0000] {dag.py:3427} INFO - Setting next_dagrun for example_sla_dag to 2026-10-01T00:04:00+00:00, run_after=2026-10-01T00:06:00+00:00
[2026-10-01T00:07:55.202+0000] {processor.py:175} INFO - Processing /home/airflow/.local/lib/python3.7/site-packages/airflow/example_dags/example_sla_dag.py took 0.145 seconds
[2026-10-01T00:08:25.272+0000] {processor.py:153} INFO - Started process (PID=16303) to work on /home/airflow/.local/lib/python3.7/site-packages/airflow/example_dags/example_sla_dag.py
[2026-10-01T00:08:25.274+0000] {processor.py:743} INFO - Processing file /home/airflow/.local/lib/python3.7/site-packages/airflow/example_dags/example_sla_dag.py for tasks to queue
[2026-10-01T00:08:25.274+0000] {logging_mixin.py:137} INFO - [2026-10-01T00:08:25.274+0000] {dagbag.py:538} INFO - Filling up the DagBag from /home/airflow/.local/lib/python3.7/site-packages/airflow/example_dags/example_sla_dag.py
[2026-10-01T00:08:25.305+0000] {processor.py:753} INFO - DAG(s) dict_keys(['example_sla_dag']) retrieved from /home/airflow/.local/lib/python3.7/site-packages/airflow/example_dags/example_sla_dag.py
[2026-10-01T00:08:25.355+0000] {logging_mixin.py:137} INFO - [2026-10-01T00:08:25.354+0000] {dag.py:2676} INFO - Sync 1 DAGs
[2026-10-01T00:08:25.389+0000] {logging_mixin.py:137} INFO - [2026-10-01T00:08:25.389+0000] {dag.py:3427} INFO - Setting next_dagrun for example_sla_dag to 2026-10-01T00:06:00+00:00, run_after=2026-10-01T00:08:00+00:00
[2026-10-01T00:08:25.410+0000] {processor.py:175} INFO - Processing /home/airflow/.local/lib/python3.7/site-packages/airflow/example_dags/example_sla_dag.py took 0.142 seconds
[2026-10-01T00:08:55.611+0000] {processor.py:153} INFO - Started process (PID=16382) to work on /home/airflow/.local/lib/python3.7/site-packages/airflow/example_dags/example_sla_dag.py
[2026-10-01T00:08:55.612+0000] {processor.py:743} INFO - Processing file /home/airflow/.local/lib/python3.7/site-packages/airflow/example_dags/example_sla_dag.py for tasks to queue
[2026-10-01T00:08:55.612+0000] {logging_mixin.py:137} INFO - [2026-10-01T00:08:55.612+0000] {dagbag.py:538} INFO - Filling up the DagBag from /home/airflow/.local/lib/python3.7/site-packages/airflow/example_dags/example_sla_dag.py
[2026-10-01T00:08:55.642+0000] {processor.py:753} INFO - DAG(s) dict_keys(['example_sla_dag']) retrieved from /home/airflow/.local/lib/python3.7/site-packages/airflow/example_dags/example_sla_dag.py
[2026-10-01T00:08:55.689+0000] {logging_mixin.py:137} INFO - [2026-10-01T00:08:55.688+0000] {dag.py:2676} INFO - Sync 1 DAGs
[2026-10-01T00:08:55.723+0000] {logging_mixin.py:137} INFO - [2026-10-01T00:08:55.723+0000] {dag.py:3427} INFO - Setting next_dagrun for example_sla_dag to 2026-10-01T00:06:00+00:00, run_after=2026-10-01T00:08:00+00:00
[2026-10-01T00:08:55.744+0000] {processor.py:175} INFO - Processing /home/airflow/.local/lib/python3.7/site-packages/airflow/example_dags/example_sla_dag.py took 0.137 seconds
[2026-10-01T00:09:26.263+0000] {processor.py:153} INFO - Started process (PID=16461) to work on /home/airflow/.local/lib/python3.7/site-packages/airflow/example_dags/example_sla_dag.py
[2026-10-01T00:09:26.264+0000] {processor.py:743} INFO - Processing file /home/airflow/.local/lib/python3.7/site-packages/airflow/example_dags/example_sla_dag.py for tasks to queue
[2026-10-01T00:09:26.265+0000] {logging_mixin.py:137} INFO - [2026-10-01T00:09:26.265+0000] {dagbag.py:538} INFO - Filling up the DagBag from /home/airflow/.local/lib/python3.7/site-packages/airflow/example_dags/example_sla_dag.py
[2026-10-01T00:09:26.295+0000] {processor.py:753} INFO - DAG(s) dict_keys(['example_sla_dag']) retrieved from /home/airflow/.local/lib/python3.7/site-packages/airflow/example_dags/example_sla_dag.py
[2026-10-01T00:09:26.342+0000] {logging_mixin.py:137} INFO - [2026-10-01T00:09:26.342+0000] {dag.py:2676} INFO - Sync 1 DAGs
[2026-10-01T00:09:26.378+0000] {logging_mixin.py:137} INFO - [2026-10-01T00:09:26.378+0000] {dag.py:3427} INFO - Setting next_dagrun for example_sla_dag to 2026-10-01T00:06:00+00:00, run_after=2026-10-01T00:08:00+00:00
[2026-10-01T00:09:26.401+0000] {processor.py:175} INFO - Processing /home/airflow/.local/lib/python3.7/site-packages/airflow/example_dags/example_sla_dag.py took 0.141 seconds
[2026-10-01T00:09:57.487+0000] {processor.py:153} INFO - Started process (PID=16560) to work on /home/airflow/.local/lib/python3.7/site-packages/airflow/example_dags/example_sla_dag.py
[2026-10-01T00:09:57.488+0000] {processor.py:743} INFO - Processing file /home/airflow/.local/lib/python3.7/site-packages/airflow/example_dags/example_sla_dag.py for tasks to queue
[2026-10-01T00:09:57.489+0000] {logging_mixin.py:137} INFO - [2026-10-01T00:09:57.489+0000] {dagbag.py:538} INFO - Filling up the DagBag from /home/airflow/.local/lib/python3.7/site-packages/airflow/example_dags/example_sla_dag.py
[2026-10-01T00:09:57.532+0000] {processor.py:753} INFO - DAG(s) dict_keys(['example_sla_dag']) retrieved from /home/airflow/.local/lib/python3.7/site-packages/airflow/example_dags/example_sla_dag.py
[2026-10-01T00:09:57.591+0000] {logging_mixin.py:137} INFO - [2026-10-01T00:09:57.590+0000] {dag.py:2676} INFO - Sync 1 DAGs
[2026-10-01T00:09:57.643+0000] {logging_mixin.py:137} INFO - [2026-10-01T00:09:57.643+0000] {dag.py:3427} INFO - Setting next_dagrun for example_sla_dag to 2026-10-01T00:06:00+00:00, run_after=2026-10-01T00:08:00+00:00
[2026-10-01T00:09:57.672+0000] {processor.py:175} INFO - Processing /home/airflow/.local/lib/python3.7/site-packages/airflow/example_dags/example_sla_dag.py took 0.189 seconds
[2026-10-01T00:10:27.775+0000] {processor.py:153} INFO - Started process (PID=16639) to work on /home/airflow/.local/lib/python3.7/site-packages/airflow/example_dags/example_sla_dag.py
[2026-10-01T00:10:27.776+0000] {processor.py:743} INFO - Processing file /home/airflow/.local/lib/python3.7/site-packages/airflow/example_dags/example_sla_dag.py for tasks to queue
[2026-10-01T00:10:27.777+0000] {logging_mixin.py:137} INFO - [2026-10-01T00:10:27.777+0000] {dagbag.py:538} INFO - Filling up the DagBag from /home/airflow/.local/lib/python3.7/site-packages/airflow/example_dags/example_sla_dag.py
[2026-10-01T00:10:27.810+0000] {processor.py:753} INFO - DAG(s) dict_keys(['example_sla_dag']) retrieved from /home/airflow/.local/lib/python3.7/site-packages/airflow/example_dags/example_sla_dag.py
[2026-10-01T00:10:27.879+0000] {logging_mixin.py:137} INFO - [2026-10-01T00:10:27.878+0000] {dag.py:2676} INFO - Sync 1 DAGs
[2026-10-01T00:10:27.916+0000] {logging_mixin.py:137} INFO - [2026-10-01T00:10:27.916+0000] {dag.py:3427} INFO - Setting next_dagrun for example_sla_dag to 2026-10-01T00:08:00+00:00, run_after=2026-10-01T00:10:00+00:00
[2026-10-01T00:10:27.937+0000] {processor.py:175} INFO - Processing /home/airflow/.local/lib/python3.7/site-packages/airflow/example_dags/example_sla_dag.py took 0.166 seconds
[2026-10-01T00:10:58.581+0000] {processor.py:153} INFO - Started process (PID=16718) to work on /home/airflow/.local/lib/python3.7/site-packages/airflow/example_dags/example_sla_dag.py
[2026-10-01T00:10:58.582+0000] {processor.py:743} INFO - Processing file /home/airflow/.local/lib/python3.7/site-packages/airflow/example_dags/example_sla_dag.py for tasks to queue
[2026-10-01T00:10:58.583+0000] {logging_mixin.py:137} INFO - [2026-10-01T00:10:58.583+0000] {dagbag.py:538} INFO - Filling up the DagBag from /home/airflow/.local/lib/python3.7/site-packages/airflow/example_dags/example_sla_dag.py
[2026-10-01T00:10:58.613+0000] {processor.py:753} INFO - DAG(s) dict_keys(['example_sla_dag']) retrieved from /home/airflow/.local/lib/python3.7/site-packages/airflow/example_dags/example_sla_dag.py
[2026-10-01T00:10:58.664+0000] {logging_mixin.py:137} INFO - [2026-10-01T00:10:58.664+0000] {dag.py:2676} INFO - Sync 1 DAGs
[2026-10-01T00:10:58.699+0000] {logging_mixin.py:137} INFO - [2026-10-01T00:10:58.699+0000] {dag.py:3427} INFO - Setting next_dagrun for example_sla_dag to 2026-10-01T00:08:00+00:00, run_after=2026-10-01T00:10:00+00:00
[2026-10-01T00:10:58.719+0000] {processor.py:175} INFO - Processing /home/airflow/.local/lib/python3.7/site-packages/airflow/example_dags/example_sla_dag.py took 0.142 seconds
[2026-10-01T00:11:28.909+0000] {processor.py:153} INFO - Started process (PID=16797) to work on /home/airflow/.local/lib/python3.7/site-packages/airflow/example_dags/example_sla_dag.py
[2026-10-01T00:11:28.909+0000] {processor.py:743} INFO - Processing file /home/airflow/.local/lib/python3.7/site-packages/airflow/example_dags/example_sla_dag.py for tasks to queue
[2026-10-01T00:11:28.910+0000] {logging_mixin.py:137} INFO - [2026-10-01T00:11:28.910+0000] {dagbag.py:538} INFO - Filling up the DagBag from /home/airflow/.local/lib/python3.7/site-packages/airflow/example_dags/example_sla_dag.py
[2026-10-01T00:11:28.957+0000] {processor.py:753} INFO - DAG(s) dict_keys(['example_sla_dag']) retrieved from /home/airflow/.local/lib/python3.7/site-packages/airflow/example_dags/example_sla_dag.py
[2026-10-01T00:11:29.021+0000] {logging_mixin.py:137} INFO - [2026-10-01T00:11:29.021+0000] {dag.py:2676} INFO - Sync 1 DAGs
[2026-10-01T00:11:29.068+0000] {logging_mixin.py:137} INFO - [2026-10-01T00:11:29.068+0000] {dag.py:3427} INFO - Setting next_dagrun for example_sla_dag to 2026-10-01T00:08:00+00:00, run_after=2026-10-01T00:10:00+00:00
[2026-10-01T00:11:29.090+0000] {processor.py:175} INFO - Processing /home/airflow/.local/lib/python3.7/site-packages/airflow/example_dags/example_sla_dag.py took 0.185 seconds
[2026-10-01T00:11:59.245+0000] {processor.py:153} INFO - Started process (PID=16896) to work on /home/airflow/.local/lib/python3.7/site-packages/airflow/example_dags/example_sla_dag.py
[2026-10-01T00:11:59.246+0000] {processor.py:743} INFO - Processing file /home/airflow/.local/lib/python3.7/site-packages/airflow/example_dags/example_sla_dag.py for tasks to queue
[2026-10-01T00:11:59.247+0000] {logging_mixin.py:137} INFO - [2026-10-01T00:11:59.247+0000] {dagbag.py:538} INFO - Filling up the DagBag from /home/airflow/.local/lib/python3.7/site-packages/airflow/example_dags/example_sla_dag.py
[2026-10-01T00:11:59.295+0000] {processor.py:753} INFO - DAG(s) dict_keys(['example_sla_dag']) retrieved from /home/airflow/.local/lib/python3.7/site-packages/airflow/example_dags/example_sla_dag.py
[2026-10-01T00:11:59.354+0000] {logging_mixin.py:137} INFO - [2026-10-01T00:11:59.354+0000] {dag.py:2676} INFO - Sync 1 DAGs
[2026-10-01T00:11:59.410+0000] {logging_mixin.py:137} INFO - [2026-10-01T00:11:59.410+0000] {dag.py:3427} INFO - Setting next_dagrun for example_sla_dag to 2026-10-01T00:08:00+00:00, run_after=2026-10-01T00:10:00+00:00
[2026-10-01T00:11:59.434+0000] {processor.py:175} INFO - Processing /home/airflow/.local/lib/python3.7/site-packages/airflow/example_dags/example_sla_dag.py took 0.195 seconds
[2026-10-01T00:12:30.403+0000] {processor.py:153} INFO - Started process (PID=16975) to work on /home/airflow/.local/lib/python3.7/site-packages/airflow/example_dags/example_sla_dag.py
[2026-10-01T00:12:30.404+0000] {processor.py:743} INFO - Processing file /home/airflow/.local/lib/python3.7/site-packages/airflow/example_dags/example_sla_dag.py for tasks to queue
[2026-10-01T00:12:30.404+0000] {logging_mixin.py:137} INFO - [2026-10-01T00:12:30.404+0000] {dagbag.py:538} INFO - Filling up the DagBag from /home/airflow/.local/lib/python3.7/site-packages/airflow/example_dags/example_sla_dag.py
[2026-10-01T00:12:30.439+0000] {processor.py:753} INFO - DAG(s) dict_keys(['example_sla_dag']) retrieved from /home/airflow/.local/lib/python3.7/site-packages/airflow/example_dags/example_sla_dag.py
[2026-10-01T00:12:30.497+0000] {logging_mixin.py:137} INFO - [2026-10-01T00:12:30.496+0000] {dag.py:2676} INFO - Sync 1 DAGs
[2026-10-01T00:12:30.539+0000] {logging_mixin.py:137} INFO - [2026-10-01T00:12:30.539+0000] {dag.py:3427} INFO - Setting next_dagrun for example_sla_dag to 2026-10-01T00:10:00+00:00, run_after=2026-10-01T00:12:00+00:00
[2026-10-01T00:12:30.561+0000] {processor.py:175} INFO - Processing /home/airflow/.local/lib/python3.7/site-packages/airflow/example_dags/example_sla_dag.py took 0.162 seconds
[2026-10-01T00:13:00.949+0000] {processor.py:153} INFO - Started process (PID=17054) to work on /home/airflow/.local/lib/python3.7/site-packages/airflow/example_dags/example_sla_dag.py
[2026-10-01T00:13:00.950+0000] {processor.py:743} INFO - Processing file /home/airflow/.local/lib/python3.7/site-packages/airflow/example_dags/example_sla_dag.py for tasks to queue
[2026-10-01T00:13:00.952+0000] {logging_mixin.py:137} INFO - [2026-10-01T00:13:00.951+0000] {dagbag.py:538} INFO - Filling up the DagBag from /home/airflow/.local/lib/python3.7/site-packages/airflow/example_dags/example_sla_dag.py
[2026-10-01T00:13:01.001+0000] {processor.py:753} INFO - DAG(s) dict_keys(['example_sla_dag']) retrieved from /home/airflow/.local/lib/python3.7/site-packages/airflow/example_dags/example_sla_dag.py
[2026-10-01T00:13:01.072+0000] {logging_mixin.py:137} INFO - [2026-10-01T00:13:01.072+0000] {dag.py:2676} INFO - Sync 1 DAGs
[2026-10-01T00:13:01.121+0000] {logging_mixin.py:137} INFO - [2026-10-01T00:13:01.121+0000] {dag.py:3427} INFO - Setting next_dagrun for example_sla_dag to 2026-10-01T00:10:00+00:00, run_after=2026-10-01T00:12:00+00:00
[2026-10-01T00:13:01.152+0000] {processor.py:175} INFO - Processing /home/airflow/.local/lib/python3.7/site-packages/airflow/example_dags/example_sla_dag.py took 0.209 seconds
[2026-10-01T00:13:31.311+0000] {processor.py:153} INFO - Started process (PID=17140) to work on /home/airflow/.local/lib/python3.7/site-packages/airflow/example_dags/example_sla_dag.py
[2026-10-01T00:13:31.312+0000] {processor.py:743} INFO - Processing file /home/airflow/.local/lib/python3.7/site-packages/airflow/example_dags/example_sla_dag.py for tasks to queue
[2026-10-01T00:13:31.312+0000] {logging_mixin.py:137} INFO - [2026-10-01T00:13:31.312+0000] {dagbag.py:538} INFO - Filling up the DagBag from /home/airflow/.local/lib/python3.7/site-packages/airflow/example_dags/example_sla_dag.py
[2026-10-01T00:13:31.357+0000] {processor.py:753} INFO - DAG(s) dict_keys(['example_sla_dag']) retrieved from /home/airflow/.local/lib/python3.7/site-packages/airflow/example_dags/example_sla_dag.py
[2026-10-01T00:13:31.419+0000] {logging_mixin.py:137} INFO - [2026-10-01T00:13:31.419+0000] {dag.py:2676} INFO - Sync 1 DAGs
[2026-10-01T00:13:31.469+0000] {logging_mixin.py:137} INFO - [2026-10-01T00:13:31.468+0000] {dag.py:3427} INFO - Setting next_dagrun for example_sla_dag to 2026-10-01T00:10:00+00:00, run_after=2026-10-01T00:12:00+00:00
[2026-10-01T00:13:31.495+0000] {processor.py:175} INFO - Processing /home/airflow/.local/lib/python3.7/site-packages/airflow/example_dags/example_sla_dag.py took 0.188 seconds
[2026-10-01T00:14:01.626+0000] {processor.py:153} INFO - Started process (PID=17232) to work on /home/airflow/.local/lib/python3.7/site-packages/airflow/example_dags/example_sla_dag.py
[2026-10-01T00:14:01.627+0000] {processor.py:743} INFO - Processing file /home/airflow/.local/lib/python3.7/site-packages/airflow/example_dags/example_sla_dag.py for tasks to queue
[2026-10-01T00:14:01.628+0000] {logging_mixin.py:137} INFO - [2026-10-01T00:14:01.627+0000] {dagbag.py:538} INFO - Filling up the DagBag from /home/airflow/.local/lib/python3.7/site-packages/airflow/example_dags/example_sla_dag.py
[2026-10-01T00:14:01.661+0000] {processor.py:753} INFO - DAG(s) dict_keys(['example_sla_dag']) retrieved from /home/airflow/.local/lib/python3.7/site-packages/airflow/example_dags/example_sla_dag.py
[2026-10-01T00:14:01.711+0000] {logging_mixin.py:137} INFO - [2026-10-01T00:14:01.711+0000] {dag.py:2676} INFO - Sync 1 DAGs
[2026-10-01T00:14:01.750+0000] {logging_mixin.py:137} INFO - [2026-10-01T00:14:01.749+0000] {dag.py:3427} INFO - Setting next_dagrun for example_sla_dag to 2026-10-01T00:12:00+00:00, run_after=2026-10-01T00:14:00+00:00
[2026-10-01T00:14:01.770+0000] {processor.py:175} INFO - Processing /home/airflow/.local/lib/python3.7/site-packages/airflow/example_dags/example_sla_dag.py took 0.148 seconds
[2026-10-01T00:14:32.605+0000] {processor.py:153} INFO - Started process (PID=17311) to work on /home/airflow/.local/lib/python3.7/site-packages/airflow/example_dags/example_sla_dag.py
[2026-10-01T00:14:32.606+0000] {processor.py:743} INFO - Processing file /home/airflow/.local/lib/python3.7/site-packages/airflow/example_dags/example_sla_dag.py for tasks to queue
[2026-10-01T00:14:32.608+0000] {logging_mixin.py:137} INFO - [2026-10-01T00:14:32.607+0000] {dagbag.py:538} INFO - Filling up the DagBag from /home/airflow/.local/lib/python3.7/site-packages/airflow/example_dags/example_sla_dag.py
[2026-10-01T00:14:32.652+0000] {processor.py:753} INFO - DAG(s) dict_keys(['example_sla_dag']) retrieved from /home/airflow/.local/lib/python3.7/site-packages/airflow/example_dags/example_sla_dag.py
[2026-10-01T00:14:32.705+0000] {logging_mixin.py:137} INFO - [2026-10-01T00:14:32.704+0000] {dag.py:2676} INFO - Sync 1 DAGs
[2026-10-01T00:14:32.747+0000] {logging_mixin.py:137} INFO - [2026-10-01T00:14:32.747+0000] {dag.py:3427} INFO - Setting next_dagrun for example_sla_dag to 2026-10-01T00:12:00+00:00, run_after=2026-10-01T00:14:00+00:00
[2026-10-01T00:14:32.772+0000] {processor.py:175} INFO - Processing /home/airflow/.local/lib/python3.7/site-packages/airflow/example_dags/example_sla_dag.py took 0.173 seconds
[2026-10-01T00:15:02.958+0000] {processor.py:153} INFO - Started process (PID=17390) to work on /home/airflow/.local/lib/python3.7/site-packages/airflow/example_dags/example_sla_dag.py
[2026-10-01T00:15:02.959+0000] {processor.py:743} INFO - Processing file /home/airflow/.local/lib/python3.7/site-packages/airflow/example_dags/example_sla_dag.py for tasks to queue
[2026-10-01T00:15:02.961+0000] {logging_mixin.py:137} INFO - [2026-10-01T00:15:02.960+0000] {dagbag.py:538} INFO - Filling up the DagBag from /home/airflow/.local/lib/python3.7/site-packages/airflow/example_dags/example_sla_dag.py
[2026-10-01T00:15:03.005+0000] {processor.py:753} INFO - DAG(s) dict_keys(['example_sla_dag']) retrieved from /home/airflow/.local/lib/python3.7/site-packages/airflow/example_dags/example_sla_dag.py
[2026-10-01T00:15:03.078+0000] {logging_mixin.py:137} INFO - [2026-10-01T00:15:03.077+0000] {dag.py:2676} INFO - Sync 1 DAGs
[2026-10-01T00:15:03.129+0000] {logging_mixin.py:137} INFO - [2026-10-01T00:15:03.129+0000] {dag.py:3427} INFO - Setting next_dagrun for example_sla_dag to 2026-10-01T00:12:00+00:00, run_after=2026-10-01T00:14:00+00:00
[2026-10-01T00:15:03.162+0000] {processor.py:175} INFO - Processing /home/airflow/.local/lib/python3.7/site-packages/airflow/example_dags/example_sla_dag.py took 0.209 seconds
[2026-10-01T00:15:33.219+0000] {processor.py:153} INFO - Started process (PID=17469) to work on /home/airflow/.local/lib/python3.7/site-packages/airflow/example_dags/example_sla_dag.py
[2026-10-01T00:15:33.220+0000] {processor.py:743} INFO - Processing file /home/airflow/.local/lib/python3.7/site-packages/airflow/example_dags/example_sla_dag.py for tasks to queue
[2026-10-01T00:15:33.221+0000] {logging_mixin.py:137} INFO - [2026-10-01T00:15:33.221+0000] {dagbag.py:538} INFO - Filling up the DagBag from /home/airflow/.local/lib/python3.7/site-packages/airflow/example_dags/example_sla_dag.py
[2026-10-01T00:15:33.254+0000] {processor.py:753} INFO - DAG(s) dict_keys(['example_sla_dag']) retrieved from /home/airflow/.local/lib/python3.7/site-packages/airflow/example_dags/example_sla_dag.py
[2026-10-01T00:15:33.316+0000] {logging_mixin.py:137} INFO - [2026-10-01T00:15:33.316+0000] {dag.py:2676} INFO - Sync 1 DAGs
[2026-10-01T00:15:33.358+0000] {logging_mixin.py:137} INFO - [2026-10-01T00:15:33.358+0000] {dag.py:3427} INFO - Setting next_dagrun for example_sla_dag to 2026-10-01T00:12:00+00:00, run_after=2026-10-01T00:14:00+00:00
[2026-10-01T00:15:33.380+0000] {processor.py:175} INFO - Processing /home/airflow/.local/lib/python3.7/site-packages/airflow/example_dags/example_sla_dag.py took 0.166 seconds
[2026-10-01T00:16:03.907+0000] {processor.py:153} INFO - Started process (PID=17568) to work on /home/airflow/.local/lib/python3.7/site-packages/airflow/example_dags/example_sla_dag.py
[2026-10-01T00:16:03.908+0000] {processor.py:743} INFO - Processing file /home/airflow/.local/lib/python3.7/site-packages/airflow/example_dags/example_sla_dag.py for tasks to queue
[2026-10-01T00:16:03.909+0000] {logging_mixin.py:137} INFO - [2026-10-01T00:16:03.908+0000] {dagbag.py:538} INFO - Filling up the DagBag from /home/airflow/.local/lib/python3.7/site-packages/airflow/example_dags/example_sla_dag.py
[2026-10-01T00:16:03.939+0000] {processor.py:753} INFO - DAG(s) dict_keys(['example_sla_dag']) retrieved from /home/airflow/.local/lib/python3.7/site-packages/airflow/example_dags/example_sla_dag.py
[2026-10-01T00:16:03.984+0000] {logging_mixin.py:137} INFO - [2026-10-01T00:16:03.984+0000] {dag.py:2676} INFO - Sync 1 DAGs
[2026-10-01T00:16:04.024+0000] {logging_mixin.py:137} INFO - [2026-10-01T00:16:04.024+0000] {dag.py:3427} INFO - Setting next_dagrun for example_sla_dag to 2026-10-01T00:14:00+00:00, run_after=2026-10-01T00:16:00+00:00
[2026-10-01T00:16:04.047+0000] {processor.py:175} INFO - Processing /home/airflow/.local/lib/python3.7/site-packages/airflow/example_dags/example_sla_dag.py took 0.144 seconds
[2026-10-01T00:16:34.969+0000] {processor.py:153} INFO - Started process (PID=17647) to work on /home/airflow/.local/lib/python3.7/site-packages/airflow/example_dags/example_sla_dag.py
[2026-10-01T00:16:34.970+0000] {processor.py:743} INFO - Processing file /home/airflow/.local/lib/python3.7/site-packages/airflow/example_dags/example_sla_dag.py for tasks to queue
[2026-10-01T00:16:34.970+0000] {logging_mixin.py:137} INFO - [2026-10-01T00:16:34.970+0000] {dagbag.py:538} INFO - Filling up the DagBag from /home/airflow/.local/lib/python3.7/site-packages/airflow/example_dags/example_sla_dag.py
[2026-10-01T00:16:35.002+0000] {processor.py:753} INFO - DAG(s) dict_keys(['example_sla_dag']) retrieved from /home/airflow/.local/lib/python3.7/site-packages/airflow/example_dags/example_sla_dag.py
[2026-10-01T00:16:35.048+0000] {logging_mixin.py:137} INFO - [2026-10-01T00:16:35.048+0000] {dag.py:2676} INFO - Sync 1 DAGs
[2026-10-01T00:16:35.084+0000] {logging_mixin.py:137} INFO - [2026-10-01T00:16:35.084+0000] {dag.py:3427} INFO - Setting next_dagrun for example_sla_dag to 2026-10-01T00:14:00+00:00, run_after=2026-10-01T00:16:00+00:00
[2026-10-01T00:16:35.107+0000] {processor.py:175} INFO - Processing /home/airflow/.local/lib/python3.7/site-packages/airflow/example_dags/example_sla_dag.py took 0.143 seconds
[2026-10-01T00:17:05.885+0000] {processor.py:153} INFO - Started process (PID=17726) to work on /home/airflow/.local/lib/python3.7/site-packages/airflow/example_dags/example_sla_dag.py
[2026-10-01T00:17:05.886+0000] {processor.py:743} INFO - Processing file /home/airflow/.local/lib/python3.7/site-packages/airflow/example_dags/example_sla_dag.py for tasks to queue
[2026-10-01T00:17:05.888+0000] {logging_mixin.py:137} INFO - [2026-10-01T00:17:05.887+0000] {dagbag.py:538} INFO - Filling up the DagBag from /home/airflow/.local/lib/python3.7/site-packages/airflow/example_dags/example_sla_dag.py
[2026-10-01T00:17:05.928+0000] {processor.py:753} INFO - DAG(s) dict_keys(['example_sla_dag']) retrieved from /home/airflow/.local/lib/python3.7/site-packages/airflow/example_dags/example_sla_dag.py
[2026-10-01T00:17:05.989+0000] {logging_mixin.py:137} INFO - [2026-10-01T00:17:05.989+0000] {dag.py:2676} INFO - Sync 1 DAGs
[2026-10-01T00:17:06.033+0000] {logging_mixin.py:137} INFO - [2026-10-01T00:17:06.033+0000] {dag.py:3427} INFO - Setting next_dagrun for example_sla_dag to 2026-10-01T00:14:00+00:00, run_after=2026-10-01T00:16:00+00:00
[2026-10-01T00:17:06.056+0000] {processor.py:175} INFO - Processing /home/airflow/.local/lib/python3.7/site-packages/airflow/example_dags/example_sla_dag.py took 0.178 seconds
[2026-10-01T00:17:37.005+0000] {processor.py:153} INFO - Started process (PID=17814) to work on /home/airflow/.local/lib/python3.7/site-packages/airflow/example_dags/example_sla_dag.py
[2026-10-01T00:17:37.006+0000] {processor.py:743} INFO - Processing file /home/airflow/.local/lib/python3.7/site-packages/airflow/example_dags/example_sla_dag.py for tasks to queue
[2026-10-01T00:17:37.008+0000] {logging_mixin.py:137} INFO - [2026-10-01T00:17:37.007+0000] {dagbag.py:538} INFO - Filling up the DagBag from /home/airflow/.local/lib/python3.7/site-packages/airflow/example_dags/example_sla_dag.py
[2026-10-01T00:17:37.052+0000] {processor.py:753} INFO - DAG(s) dict_keys(['example_sla_dag']) retrieved from /home/airflow/.local/lib/python3.7/site-packages/airflow/example_dags/example_sla_dag.py
[2026-10-01T00:17:37.121+0000] {logging_mixin.py:137} INFO - [2026-10-01T00:17:37.121+0000] {dag.py:2676} INFO - Sync 1 DAGs
[2026-10-01T00:17:37.185+0000] {logging_mixin.py:137} INFO - [2026-10-01T00:17:37.185+0000] {dag.py:3427} INFO - Setting next_dagrun for example_sla_dag to 2026-10-01T00:14:00+00:00, run_after=2026-10-01T00:16:00+00:00
[2026-10-01T00:17:37.213+0000] {processor.py:175} INFO - Processing /home/airflow/.local/lib/python3.7/site-packages/airflow/example_dags/example_sla_dag.py took 0.213 seconds
[2026-10-01T00:18:07.322+0000] {processor.py:153} INFO - Started process (PID=17904) to work on /home/airflow/.local/lib/python3.7/site-packages/airflow/example_dags/example_sla_dag.py
[2026-10-01T00:18:07.323+0000] {processor.py:743} INFO - Processing file /home/airflow/.local/lib/python3.7/site-packages/airflow/example_dags/example_sla_dag.py for tasks to queue
[2026-10-01T00:18:07.324+0000] {logging_mixin.py:137} INFO - [2026-10-01T00:18:07.323+0000] {dagbag.py:538} INFO - Filling up the DagBag from /home/airflow/.local/lib/python3.7/site-packages/airflow/example_dags/example_sla_dag.py
[2026-10-01T00:18:07.359+0000] {processor.py:753} INFO - DAG(s) dict_keys(['example_sla_dag']) retrieved from /home/airflow/.local/lib/python3.7/site-packages/airflow/example_dags/example_sla_dag.py
[2026-10-01T00:18:07.414+0000] {logging_mixin.py:137} INFO - [2026-10-01T00:18:07.414+0000] {dag.py:2676} INFO - Sync 1 DAGs
[2026-10-01T00:18:07.454+0000] {logging_mixin.py:137} INFO - [2026-10-01T00:18:07.454+0000] {dag.py:3427} INFO - Setting next_dagrun for example_sla_dag to 2026-10-01T00:16:00+00:00, run_after=2026-10-01T00:18:00+00:00
[2026-10-01T00:18:07.481+0000] {processor.py:175} INFO - Processing /home/airflow/.local/lib/python3.7/site-packages/airflow/example_dags/example_sla_dag.py took 0.163 seconds
[2026-10-01T00:18:37.812+0000] {processor.py:153} INFO - Started process (PID=17983) to work on /home/airflow/.local/lib/python3.7/site-packages/airflow/example_dags/example_sla_dag.py
[2026-10-01T00:18:37.813+0000] {processor.py:743} INFO - Processing file /home/airflow/.local/lib/python3.7/site-packages/airflow/example_dags/example_sla_dag.py for tasks to queue
[2026-10-01T00:18:37.814+0000] {logging_mixin.py:137} INFO - [2026-10-01T00:18:37.814+0000] {dagbag.py:538} INFO - Filling up the DagBag from /home/airflow/.local/lib/python3.7/site-packages/airflow/example_dags/example_sla_dag.py
[2026-10-01T00:18:37.865+0000] {processor.py:753} INFO - DAG(s) dict_keys(['example_sla_dag']) retrieved from /home/airflow/.local/lib/python3.7/site-packages/airflow/example_dags/example_sla_dag.py
[2026-10-01T00:18:37.929+0000] {logging_mixin.py:137} INFO - [2026-10-01T00:18:37.929+0000] {dag.py:2676} INFO - Sync 1 DAGs
[2026-10-01T00:18:37.965+0000] {logging_mixin.py:137} INFO - [2026-10-01T00:18:37.965+0000] {dag.py:3427} INFO - Setting next_dagrun for example_sla_dag to 2026-10-01T00:16:00+00:00, run_after=2026-10-01T00:18:00+00:00
[2026-10-01T00:18:37.988+0000] {processor.py:175} INFO - Processing /home/airflow/.local/lib/python3.7/site-packages/airflow/example_dags/example_sla_dag.py took 0.183 seconds
[2026-10-01T00:19:08.700+0000] {processor.py:153} INFO - Started process (PID=18062) to work on /home/airflow/.local/lib/python3.7/site-packages/airflow/example_dags/example_sla_dag.py
[2026-10-01T00:19:08.701+0000] {processor.py:743} INFO - Processing file /home/airflow/.local/lib/python3.7/site-packages/airflow/example_dags/example_sla_dag.py for tasks to queue
[2026-10-01T00:19:08.702+0000] {logging_mixin.py:137} INFO - [2026-10-01T00:19:08.702+0000] {dagbag.py:538} INFO - Filling up the DagBag from /home/airflow/.local/lib/python3.7/site-packages/airflow/example_dags/example_sla_dag.py
[2026-10-01T00:19:08.736+0000] {processor.py:753} INFO - DAG(s) dict_keys(['example_sla_dag']) retrieved from /home/airflow/.local/lib/python3.7/site-packages/airflow/example_dags/example_sla_dag.py
[2026-10-01T00:19:08.787+0000] {logging_mixin.py:137} INFO - [2026-10-01T00:19:08.787+0000] {dag.py:2676} INFO - Sync 1 DAGs
[2026-10-01T00:19:08.830+0000] {logging_mixin.py:137} INFO - [2026-10-01T00:19:08.830+0000] {dag.py:3427} INFO - Setting next_dagrun for example_sla_dag to 2026-10-01T00:16:00+00:00, run_after=2026-10-01T00:18:00+00:00
[2026-10-01T00:19:08.850+0000] {processor.py:175} INFO - Processing /home/airflow/.local/lib/python3.7/site-packages/airflow/example_dags/example_sla_dag.py took 0.155 seconds
[2026-10-01T00:19:39.559+0000] {processor.py:153} INFO - Started process (PID=18161) to work on /home/airflow/.local/lib/python3.7/site-packages/airflow/example_dags/example_sla_dag.py
[2026-10-01T00:19:39.560+0000] {processor.py:743} INFO - Processing file /home/airflow/.local/lib/python3.7/site-packages/airflow/example_dags/example_sla_dag.py for tasks to queue
[2026-10-01T00:19:39.561+0000] {logging_mixin.py:137} INFO - [2026-10-01T00:19:39.561+0000] {dagbag.py:538} INFO - Filling up the DagBag from /home/airflow/.local/lib/python3.7/site-packages/airflow/example_dags/example_sla_dag.py
[2026-10-01T00:19:39.595+0000] {processor.py:753} INFO - DAG(s) dict_keys(['example_sla_dag']) retrieved from /home/airflow/.local/lib/python3.7/site-packages/airflow/example_dags/example_sla_dag.py
[2026-10-01T00:19:39.650+0000] {logging_mixin.py:137} INFO - [2026-10-01T00:19:39.650+0000] {dag.py:2676} INFO - Sync 1 DAGs
[2026-10-01T00:19:39.698+0000] {logging_mixin.py:137} INFO - [2026-10-01T00:19:39.698+0000] {dag.py:3427} INFO - Setting next_dagrun for example_sla_dag to 2026-10-01T00:16:00+00:00, run_after=2026-10-01T00:18:00+00:00
[2026-10-01T00:19:39.735+0000] {processor.py:175} INFO - Processing /home/airflow/.local/lib/python3.7/site-packages/airflow/example_dags/example_sla_dag.py took 0.179 seconds
[2026-10-01T00:20:09.900+0000] {processor.py:153} INFO - Started process (PID=18240) to work on /home/airflow/.local/lib/python3.7/site-packages/airflow/example_dags/example_sla_dag.py
[2026-10-01T00:20:09.902+0000] {processor.py:743} INFO - Processing file /home/airflow/.local/lib/python3.7/site-packages/airflow/example_dags/example_sla_dag.py for tasks to queue
[2026-10-01T00:20:09.903+0000] {logging_mixin.py:137} INFO - [2026-10-01T00:20:09.903+0000] {dagbag.py:538} INFO - Filling up the DagBag from /home/airflow/.local/lib/python3.7/site-packages/airflow/example_dags/example_sla_dag.py
[2026-10-01T00:20:09.953+0000] {processor.py:753} INFO - DAG(s) dict_keys(['example_sla_dag']) retrieved from /home/airflow/.local/lib/python3.7/site-packages/airflow/example_dags/example_sla_dag.py
[2026-10-01T00:20:10.016+0000] {logging_mixin.py:137} INFO - [2026-10-01T00:20:10.016+0000] {dag.py:2676} INFO - Sync 1 DAGs
[2026-10-01T00:20:10.052+0000] {logging_mixin.py:137} INFO - [2026-10-01T00:20:10.052+0000] {dag.py:3427} INFO - Setting next_dagrun for example_sla_dag to 2026-10-01T00:18:00+00:00, run_after=2026-10-01T00:20:00+00:00
[2026-10-01T00:20:10.071+0000] {processor.py:175} INFO - Processing /home/airflow/.local/lib/python3.7/site-packages/airflow/example_dags/example_sla_dag.py took 0.177 seconds
[2026-10-01T00:20:40.327+0000] {processor.py:153} INFO - Started process (PID=18319) to work on /home/airflow/.local/lib/python3.7/site-packages/airflow/example_dags/example_sla_dag.py
[2026-10-01T00:20:40.328+0000] {processor.py:743} INFO - Processing file /home/airflow/.local/lib/python3.7/site-packages/airflow/example_dags/example_sla_dag.py for tasks to queue
[2026-10-01T00:20:40.328+0000] {logging_mixin.py:137} INFO - [2026-10-01T00:20:40.328+0000] {dagbag.py:538} INFO - Filling up the DagBag from /home/airflow/.local/lib/python3.7/site-packages/airflow/example_dags/example_sla_dag.py
[2026-10-01T00:20:40.367+0000] {processor.py:753} INFO - DAG(s) dict_keys(['example_sla_dag']) retrieved from /home/airflow/.local/lib/python3.7/site-packages/airflow/example_dags/example_sla_dag.py
[2026-10-01T00:20:40.424+0000] {logging_mixin.py:137} INFO - [2026-10-01T00:20:40.424+0000] {dag.py:2676} INFO - Sync 1 DAGs
[2026-10-01T00:20:40.493+0000] {logging_mixin.py:137} INFO - [2026-10-01T00:20:40.493+0000] {dag.py:3427} INFO - Setting next_dagrun for example_sla_dag to 2026-10-01T00:18:00+00:00, run_after=2026-10-01T00:20:00+00:00
[2026-10-01T00:20:40.522+0000] {processor.py:175} INFO - Processing /home/airflow/.local/lib/python3.7/site-packages/airflow/example_dags/example_sla_dag.py took 0.200 seconds
