[2026-10-01T00:00:14.992+0000] {processor.py:153} INFO - Started process (PID=14956) to work on /home/airflow/.local/lib/python3.7/site-packages/airflow/example_dags/example_skip_dag.py
[2026-10-01T00:00:14.993+0000] {processor.py:743} INFO - Processing file /home/airflow/.local/lib/python3.7/site-packages/airflow/example_dags/example_skip_dag.py for tasks to queue
[2026-10-01T00:00:14.993+0000] {logging_mixin.py:137} INFO - [2026-10-01T00:00:14.993+0000] {dagbag.py:538} INFO - Filling up the DagBag from /home/airflow/.local/lib/python3.7/site-packages/airflow/example_dags/example_skip_dag.py
[2026-10-01T00:00:15.007+0000] {processor.py:753} INFO - DAG(s) dict_keys(['example_skip_dag']) retrieved from /home/airflow/.local/lib/python3.7/site-packages/airflow/example_dags/example_skip_dag.py
[2026-10-01T00:00:15.043+0000] {logging_mixin.py:137} INFO - [2026-10-01T00:00:15.043+0000] {dag.py:2676} INFO - Sync 1 DAGs
[2026-10-01T00:00:15.069+0000] {logging_mixin.py:137} INFO - [2026-10-01T00:00:15.069+0000] {dag.py:3427} INFO - Setting next_dagrun for example_skip_dag to 2026-09-30T00:00:15.069429+00:00, run_after=2026-10-01T00:00:15.069429+00:00
[2026-10-01T00:00:15.086+0000] {processor.py:175} INFO - Processing /home/airflow/.local/lib/python3.7/site-packages/airflow/example_dags/example_skip_dag.py took 0.097 seconds
[2026-10-01T00:00:45.925+0000] {processor.py:153} INFO - Started process (PID=15035) to work on /home/airflow/.local/lib/python3.7/site-packages/airflow/example_dags/example_skip_dag.py
[2026-10-01T00:00:45.926+0000] {processor.py:743} INFO - Processing file /home/airflow/.local/lib/python3.7/site-packages/airflow/example_dags/example_skip_dag.py for tasks to queue
[2026-10-01T00:00:45.926+0000] {logging_mixin.py:137} INFO - [2026-10-01T00:00:45.926+0000] {dagbag.py:538} INFO - Filling up the DagBag from /home/airflow/.local/lib/python3.7/site-packages/airflow/example_dags/example_skip_dag.py
[2026-10-01T00:00:45.945+0000] {processor.py:753} INFO - DAG(s) dict_keys(['example_skip_dag']) retrieved from /home/airflow/.local/lib/python3.7/site-packages/airflow/example_dags/example_skip_dag.py
[2026-10-01T00:00:45.993+0000] {logging_mixin.py:137} INFO - [2026-10-01T00:00:45.993+0000] {dag.py:2676} INFO - Sync 1 DAGs
[2026-10-01T00:00:46.028+0000] {logging_mixin.py:137} INFO - [2026-10-01T00:00:46.028+0000] {dag.py:3427} INFO - Setting next_dagrun for example_skip_dag to 2026-09-30T00:00:46.028013+00:00, run_after=2026-10-01T00:00:46.028013+00:00
[2026-10-01T00:00:46.049+0000] {processor.py:175} INFO - Processing /home/airflow/.local/lib/python3.7/site-packages/airflow/example_dags/example_skip_dag.py took 0.129 seconds
[2026-10-01T00:01:16.884+0000] {processor.py:153} INFO - Started process (PID=15114) to work on /home/airflow/.local/lib/python3.7/site-packages/airflow/example_dags/example_skip_dag.py
[2026-10-01T00:01:16.885+0000] {processor.py:743} INFO - Processing file /home/airflow/.local/lib/python3.7/site-packages/airflow/example_dags/example_skip_dag.py for tasks to queue
[2026-10-01T00:01:16.886+0000] {logging_mixin.py:137} INFO - [2026-10-01T00:01:16.886+0000] {dagbag.py:538} INFO - Filling up the DagBag from /home/airflow/.local/lib/python3.7/site-packages/airflow/example_dags/example_skip_dag.py
[2026-10-01T00:01:16.909+0000] {processor.py:753} INFO - DAG(s) dict_keys(['example_skip_dag']) retrieved from /home/airflow/.local/lib/python3.7/site-packages/airflow/example_dags/example_skip_dag.py
[2026-10-01T00:01:16.968+0000] {logging_mixin.py:137} INFO - [2026-10-01T00:01:16.967+0000] {dag.py:2676} INFO - Sync 1 DAGs
[2026-10-01T00:01:17.007+0000] {logging_mixin.py:137} INFO - [2026-10-01T00:01:17.007+0000] {dag.py:3427} INFO - Setting next_dagrun for example_skip_dag to 2026-09-30T00:01:17.007054+00:00, run_after=2026-10-01T00:01:17.007054+00:00
[2026-10-01T00:01:17.030+0000] {processor.py:175} INFO - Processing /home/airflow/.local/lib/python3.7/site-packages/airflow/example_dags/example_skip_dag.py took 0.151 seconds
[2026-10-01T00:01:47.644+0000] {processor.py:153} INFO - Started process (PID=15202) to work on /home/airflow/.local/lib/python3.7/site-packages/airflow/example_dags/example_skip_dag.py
[2026-10-01T00:01:47.646+0000] {processor.py:743} INFO - Processing file /home/airflow/.local/lib/python3.7/site-packages/airflow/example_dags/example_skip_dag.py for tasks to queue
[2026-10-01T00:01:47.646+0000] {logging_mixin.py:137} INFO - [2026-10-01T00:01:47.646+0000] {dagbag.py:538} INFO - Filling up the DagBag from /home/airflow/.local/lib/python3.7/site-packages/airflow/example_dags/example_skip_dag.py
[2026-10-01T00:01:47.665+0000] {processor.py:753} INFO - DAG(s) dict_keys(['example_skip_dag']) retrieved from /home/airflow/.local/lib/python3.7/site-packages/airflow/example_dags/example_skip_dag.py
[2026-10-01T00:01:47.719+0000] {logging_mixin.py:137} INFO - [2026-10-01T00:01:47.718+0000] {dag.py:2676} INFO - Sync 1 DAGs
[2026-10-01T00:01:47.749+0000] {logging_mixin.py:137} INFO - [2026-10-01T00:01:47.749+0000] {dag.py:3427} INFO - Setting next_dagrun for example_skip_dag to 2026-09-30T00:01:47.748992+00:00, run_after=2026-10-01T00:01:47.748992+00:00
[2026-10-01T00:01:47.769+0000] {processor.py:175} INFO - Processing /home/airflow/.local/lib/python3.7/site-packages/airflow/example_dags/example_skip_dag.py took 0.128 seconds
[2026-10-01T00:02:18.403+0000] {processor.py:153} INFO - Started process (PID=15292) to work on /home/airflow/.local/lib/python3.7/site-packages/airflow/example_dags/example_skip_dag.py
[2026-10-01T00:02:18.405+0000] {processor.py:743} INFO - Processing file /home/airflow/.local/lib/python3.7/site-packages/airflow/example_dags/example_skip_dag.py for tasks to queue
[2026-10-01T00:02:18.406+0000] {logging_mixin.py:137} INFO - [2026-10-01T00:02:18.406+0000] {dagbag.py:538} INFO - Filling up the DagBag from /home/airflow/.local/lib/python3.7/site-packages/airflow/example_dags/example_skip_dag.py
[2026-10-01T00:02:18.428+0000] {processor.py:753} INFO - DAG(s) dict_keys(['example_skip_dag']) retrieved from /home/airflow/.local/lib/python3.7/site-packages/airflow/example_dags/example_skip_dag.py
[2026-10-01T00:02:18.478+0000] {logging_mixin.py:137} INFO - [2026-10-01T00:02:18.478+0000] {dag.py:2676} INFO - Sync 1 DAGs
[2026-10-01T00:02:18.528+0000] {logging_mixin.py:137} INFO - [2026-10-01T00:02:18.528+0000] {dag.py:3427} INFO - Setting next_dagrun for example_skip_dag to 2026-09-30T00:02:18.527885+00:00, run_after=2026-10-01T00:02:18.527885+00:00
[2026-10-01T00:02:18.558+0000] {processor.py:175} INFO - Processing /home/airflow/.local/lib/python3.7/site-packages/airflow/example_dags/example_skip_dag.py took 0.160 seconds
[2026-10-01T00:02:49.635+0000] {processor.py:153} INFO - Started process (PID=15371) to work on /home/airflow/.local/lib/python3.7/site-packages/airflow/example_dags/example_skip_dag.py
[2026-10-01T00:02:49.636+0000] {processor.py:743} INFO - Processing file /home/airflow/.local/lib/python3.7/site-packages/airflow/example_dags/example_skip_dag.py for tasks to queue
[2026-10-01T00:02:49.637+0000] {logging_mixin.py:137} INFO - [2026-10-01T00:02:49.636+0000] {dagbag.py:538} INFO - Filling up the DagBag from /home/airflow/.local/lib/python3.7/site-packages/airflow/example_dags/example_skip_dag.py
[2026-10-01T00:02:49.657+0000] {processor.py:753} INFO - DAG(s) dict_keys(['example_skip_dag']) retrieved from /home/airflow/.local/lib/python3.7/site-packages/airflow/example_dags/example_skip_dag.py
[2026-10-01T00:02:49.719+0000] {logging_mixin.py:137} INFO - [2026-10-01T00:02:49.719+0000] {dag.py:2676} INFO - Sync 1 DAGs
[2026-10-01T00:02:49.755+0000] {logging_mixin.py:137} INFO - [2026-10-01T00:02:49.754+0000] {dag.py:3427} INFO - Setting next_dagrun for example_skip_dag to 2026-09-30T00:02:49.754613+00:00, run_after=2026-10-01T00:02:49.754613+00:00
[2026-10-01T00:02:49.774+0000] {processor.py:175} INFO - Processing /home/airflow/.local/lib/python3.7/site-packages/airflow/example_dags/example_skip_dag.py took 0.143 seconds
[2026-10-01T00:03:20.079+0000] {processor.py:153} INFO - Started process (PID=15451) to work on /home/airflow/.local/lib/python3.7/site-packages/airflow/example_dags/example_skip_dag.py
[2026-10-01T00:03:20.080+0000] {processor.py:743} INFO - Processing file /home/airflow/.local/lib/python3.7/site-packages/airflow/example_dags/example_skip_dag.py for tasks to queue
[2026-10-01T00:03:20.081+0000] {logging_mixin.py:137} INFO - [2026-10-01T00:03:20.081+0000] {dagbag.py:538} INFO - Filling up the DagBag from /home/airflow/.local/lib/python3.7/site-packages/airflow/example_dags/example_skip_dag.py
[2026-10-01T00:03:20.102+0000] {processor.py:753} INFO - DAG(s) dict_keys(['example_skip_dag']) retrieved from /home/airflow/.local/lib/python3.7/site-packages/airflow/example_dags/example_skip_dag.py
[2026-10-01T00:03:20.152+0000] {logging_mixin.py:137} INFO - [2026-10-01T00:03:20.152+0000] {dag.py:2676} INFO - Sync 1 DAGs
[2026-10-01T00:03:20.187+0000] {logging_mixin.py:137} INFO - [2026-10-01T00:03:20.187+0000] {dag.py:3427} INFO - Setting next_dagrun for example_skip_dag to 2026-09-30T00:03:20.187219+00:00, run_after=2026-10-01T00:03:20.187219+00:00
[2026-10-01T00:03:20.213+0000] {processor.py:175} INFO - Processing /home/airflow/.local/lib/python3.7/site-packages/airflow/example_dags/example_skip_dag.py took 0.141 seconds
[2026-10-01T00:03:50.257+0000] {processor.py:153} INFO - Started process (PID=15536) to work on /home/airflow/.local/lib/python3.7/site-packages/airflow/example_dags/example_skip_dag.py
[2026-10-01T00:03:50.258+0000] {processor.py:743} INFO - Processing file /home/airflow/.local/lib/python3.7/site-packages/airflow/example_dags/example_skip_dag.py for tasks to queue
[2026-10-01T00:03:50.259+0000] {logging_mixin.py:137} INFO - [2026-10-01T00:03:50.258+0000] {dagbag.py:538} INFO - Filling up the DagBag from /home/airflow/.local/lib/python3.7/site-packages/airflow/example_dags/example_skip_dag.py
[2026-10-01T00:03:50.280+0000] {processor.py:753} INFO - DAG(s) dict_keys(['example_skip_dag']) retrieved from /home/airflow/.local/lib/python3.7/site-packages/airflow/example_dags/example_skip_dag.py
[2026-10-01T00:03:50.339+0000] {logging_mixin.py:137} INFO - [2026-10-01T00:03:50.339+0000] {dag.py:2676} INFO - Sync 1 DAGs
[2026-10-01T00:03:50.371+0000] {logging_mixin.py:137} INFO - [2026-10-01T00:03:50.371+0000] {dag.py:3427} INFO - Setting next_dagrun for example_skip_dag to 2026-09-30T00:03:50.370974+00:00, run_after=2026-10-01T00:03:50.370974+00:00
[2026-10-01T00:03:50.393+0000] {processor.py:175} INFO - Processing /home/airflow/.local/lib/python3.7/site-packages/airflow/example_dags/example_skip_dag.py took 0.140 seconds
[2026-10-01T00:04:20.595+0000] {processor.py:153} INFO - Started process (PID=15628) to work on /home/airflow/.local/lib/python3.7/site-packages/airflow/example_dags/example_skip_dag.py
[2026-10-01T00:04:20.596+0000] {processor.py:743} INFO - Processing file /home/airflow/.local/lib/python3.7/site-packages/airflow/example_dags/example_skip_dag.py for tasks to queue
[2026-10-01T00:04:20.597+0000] {logging_mixin.py:137} INFO - [2026-10-01T00:04:20.597+0000] {dagbag.py:538} INFO - Filling up the DagBag from /home/airflow/.local/lib/python3.7/site-packages/airflow/example_dags/example_skip_dag.py
[2026-10-01T00:04:20.615+0000] {processor.py:753} INFO - DAG(s) dict_keys(['example_skip_dag']) retrieved from /home/airflow/.local/lib/python3.7/site-packages/airflow/example_dags/example_skip_dag.py
[2026-10-01T00:04:20.673+0000] {logging_mixin.py:137} INFO - [2026-10-01T00:04:20.673+0000] {dag.py:2676} INFO - Sync 1 DAGs
[2026-10-01T00:04:20.711+0000] {logging_mixin.py:137} INFO - [2026-10-01T00:04:20.711+0000] {dag.py:3427} INFO - Setting next_dagrun for example_skip_dag to 2026-09-30T00:04:20.711261+00:00, run_after=2026-10-01T00:04:20.711261+00:00
[2026-10-01T00:04:20.732+0000] {processor.py:175} INFO - Processing /home/airflow/.local/lib/python3.7/site-packages/airflow/example_dags/example_skip_dag.py took 0.142 seconds
[2026-10-01T00:04:51.853+0000] {processor.py:153} INFO - Started process (PID=15708) to work on /home/airflow/.local/lib/python3.7/site-packages/airflow/example_dags/example_skip_dag.py
[2026-10-01T00:04:51.854+0000] {processor.py:743} INFO - Processing file /home/airflow/.local/lib/python3.7/site-packages/airflow/example_dags/example_skip_dag.py for tasks to queue
[2026-10-01T00:04:51.855+0000] {logging_mixin.py:137} INFO - [2026-10-01T00:04:51.855+0000] {dagbag.py:538} INFO - Filling up the DagBag from /home/airflow/.local/lib/python3.7/site-packages/airflow/example_dags/example_skip_dag.py
[2026-10-01T00:04:51.884+0000] {processor.py:753} INFO - DAG(s) dict_keys(['example_skip_dag']) retrieved from /home/airflow/.local/lib/python3.7/site-packages/airflow/example_dags/example_skip_dag.py
[2026-10-01T00:04:51.943+0000] {logging_mixin.py:137} INFO - [2026-10-01T00:04:51.943+0000] {dag.py:2676} INFO - Sync 1 DAGs
[2026-10-01T00:04:51.975+0000] {logging_mixin.py:137} INFO - [2026-10-01T00:04:51.974+0000] {dag.py:3427} INFO - Setting next_dagrun for example_skip_dag to 2026-09-30T00:04:51.974668+00:00, run_after=2026-10-01T00:04:51.974668+00:00
[2026-10-01T00:04:51.995+0000] {processor.py:175} INFO - Processing /home/airflow/.local/lib/python3.7/site-packages/airflow/example_dags/example_skip_dag.py took 0.149 seconds
[2026-10-01T00:05:22.674+0000] {processor.py:153} INFO - Started process (PID=15787) to work on /home/airflow/.local/lib/python3.7/site-packages/airflow/example_dags/example_skip_dag.py
[2026-10-01T00:05:22.675+0000] {processor.py:743} INFO - Processing file /home/airflow/.local/lib/python3.7/site-packages/airflow/example_dags/example_skip_dag.py for tasks to queue
[2026-10-01T00:05:22.676+0000] {logging_mixin.py:137} INFO - [2026-10-01T00:05:22.676+0000] {dagbag.py:538} INFO - Filling up the DagBag from /home/airflow/.local/lib/python3.7/site-packages/airflow/example_dags/example_skip_dag.py
[2026-10-01T00:05:22.707+0000] {processor.py:753} INFO - DAG(s) dict_keys(['example_skip_dag']) retrieved from /home/airflow/.local/lib/python3.7/site-packages/airflow/example_dags/example_skip_dag.py
[2026-10-01T00:05:22.768+0000] {logging_mixin.py:137} INFO - [2026-10-01T00:05:22.768+0000] {dag.py:2676} INFO - Sync 1 DAGs
[2026-10-01T00:05:22.802+0000] {logging_mixin.py:137} INFO - [2026-10-01T00:05:22.801+0000] {dag.py:3427} INFO - Setting next_dagrun for example_skip_dag to 2026-09-30T00:05:22.801406+00:00, run_after=2026-10-01T00:05:22.801406+00:00
[2026-10-01T00:05:22.836+0000] {processor.py:175} INFO - Processing /home/airflow/.local/lib/python3.7/site-packages/airflow/example_dags/example_skip_dag.py took 0.168 seconds
[2026-10-01T00:05:53.186+0000] {processor.py:153} INFO - Started process (PID=15875) to work on /home/airflow/.local/lib/python3.7/site-packages/airflow/example_dags/example_skip_dag.py
[2026-10-01T00:05:53.188+0000] {processor.py:743} INFO - Processing file /home/airflow/.local/lib/python3.7/site-packages/airflow/example_dags/example_skip_dag.py for tasks to queue
[2026-10-01T00:05:53.188+0000] {logging_mixin.py:137} INFO - [2026-10-01T00:05:53.188+0000] {dagbag.py:538} INFO - Filling up the DagBag from /home/airflow/.local/lib/python3.7/site-packages/airflow/example_dags/example_skip_dag.py
[2026-10-01T00:05:53.209+0000] {processor.py:753} INFO - DAG(s) dict_keys(['example_skip_dag']) retrieved from /home/airflow/.local/lib/python3.7/site-packages/airflow/example_dags/example_skip_dag.py
[2026-10-01T00:05:53.258+0000] {logging_mixin.py:137} INFO - [2026-10-01T00:05:53.258+0000] {dag.py:2676} INFO - Sync 1 DAGs
[2026-10-01T00:05:53.294+0000] {logging_mixin.py:137} INFO - [2026-10-01T00:05:53.294+0000] {dag.py:3427} INFO - Setting next_dagrun for example_skip_dag to 2026-09-30T00:05:53.294252+00:00, run_after=2026-10-01T00:05:53.294252+00:00
[2026-10-01T00:05:53.318+0000] {processor.py:175} INFO - Processing /home/airflow/.local/lib/python3.7/site-packages/airflow/example_dags/example_skip_dag.py took 0.136 seconds
[2026-10-01T00:06:23.585+0000] {processor.py:153} INFO - Started process (PID=15965) to work on /home/airflow/.local/lib/python3.7/site-packages/airflow/example_dags/example_skip_dag.py
[2026-10-01T00:06:23.587+0000] {processor.py:743} INFO - Processing file /home/airflow/.local/lib/python3.7/site-packages/airflow/example_dags/example_skip_dag.py for tasks to queue
[2026-10-01T00:06:23.587+0000] {logging_mixin.py:137} INFO - [2026-10-01T00:06:23.587+0000] {dagbag.py:538} INFO - Filling up the DagBag from /home/airflow/.local/lib/python3.7/site-packages/airflow/example_dags/example_skip_dag.py
[2026-10-01T00:06:23.605+0000] {processor.py:753} INFO - DAG(s) dict_keys(['example_skip_dag']) retrieved from /home/airflow/.local/lib/python3.7/site-packages/airflow/example_dags/example_skip_dag.py
[2026-10-01T00:06:23.652+0000] {logging_mixin.py:137} INFO - [2026-10-01T00:06:23.652+0000] {dag.py:2676} INFO - Sync 1 DAGs
[2026-10-01T00:06:23.688+0000] {logging_mixin.py:137} INFO - [2026-10-01T00:06:23.687+0000] {dag.py:3427} INFO - Setting next_dagrun for example_skip_dag to 2026-09-30T00:06:23.687534+00:00, run_after=2026-10-01T00:06:23.687534+00:00
[2026-10-01T00:06:23.713+0000] {processor.py:175} INFO - Processing /home/airflow/.local/lib/python3.7/site-packages/airflow/example_dags/example_skip_dag.py took 0.131 seconds
[2026-10-01T00:06:53.966+0000] {processor.py:153} INFO - Started process (PID=16044) to work on /home/airflow/.local/lib/python3.7/site-packages/airflow/example_dags/example_skip_dag.py
[2026-10-01T00:06:53.967+0000] {processor.py:743} INFO - Processing file /home/airflow/.local/lib/python3.7/site-packages/airflow/example_dags/example_skip_dag.py for tasks to queue
[2026-10-01T00:06:53.968+0000] {logging_mixin.py:137} INFO - [2026-10-01T00:06:53.967+0000] {dagbag.py:538} INFO - Filling up the DagBag from /home/airflow/.local/lib/python3.7/site-packages/airflow/example_dags/example_skip_dag.py
[2026-10-01T00:06:53.988+0000] {processor.py:753} INFO - DAG(s) dict_keys(['example_skip_dag']) retrieved from /home/airflow/.local/lib/python3.7/site-packages/airflow/example_dags/example_skip_dag.py
[2026-10-01T00:06:54.038+0000] {logging_mixin.py:137} INFO - [2026-10-01T00:06:54.038+0000] {dag.py:2676} INFO - Sync 1 DAGs
[2026-10-01T00:06:54.073+0000] {logging_mixin.py:137} INFO - [2026-10-01T00:06:54.073+0000] {dag.py:3427} INFO - Setting next_dagrun for example_skip_dag to 2026-09-30T00:06:54.072846+00:00, run_after=2026-10-01T00:06:54.072846+00:00
[2026-10-01T00:06:54.098+0000] {processor.py:175} INFO - Processing /home/airflow/.local/lib/python3.7/site-packages/airflow/example_dags/example_skip_dag.py took 0.136 seconds
[2026-10-01T00:07:24.241+0000] {processor.py:153} INFO - Started process (PID=16123) to work on /home/airflow/.local/lib/python3.7/site-packages/airflow/example_dags/example_skip_dag.py
[2026-10-01T00:07:24.243+0000] {processor.py:743} INFO - Processing file /home/airflow/.local/lib/python3.7/site-packages/airflow/example_dags/example_skip_dag.py for tasks to queue
[2026-10-01T00:07:24.244+0000] {logging_mixin.py:137} INFO - [2026-10-01T00:07:24.244+0000] {dagbag.py:538} INFO - Filling up the DagBag from /home/airflow/.local/lib/python3.7/site-packages/airflow/example_dags/example_skip_dag.py
[2026-10-01T00:07:24.267+0000] {processor.py:753} INFO - DAG(s) dict_keys(['example_skip_dag']) retrieved from /home/airflow/.local/lib/python3.7/site-packages/airflow/example_dags/example_skip_dag.py
[2026-10-01T00:07:24.318+0000] {logging_mixin.py:137} INFO - [2026-10-01T00:07:24.318+0000] {dag.py:2676} INFO - Sync 1 DAGs
[2026-10-01T00:07:24.363+0000] {logging_mixin.py:137} INFO - [2026-10-01T00:07:24.363+0000] {dag.py:3427} INFO - Setting next_dagrun for example_skip_dag to 2026-09-30T00:07:24.363215+00:00, run_after=2026-10-01T00:07:24.363215+00:00
[2026-10-01T00:07:24.392+0000] {processor.py:175} INFO - Processing /home/airflow/.local/lib/python3.7/site-packages/airflow/example_dags/example_skip_dag.py took 0.155 seconds
[2026-10-01T00:07:54.712+0000] {processor.py:153} INFO - Started process (PID=16222) to work on /home/airflow/.local/lib/python3.7/site-packages/airflow/example_dags/example_skip_dag.py
[2026-10-01T00:07:54.713+0000] {processor.py:743} INFO - Processing file /home/airflow/.local/lib/python3.7/site-packages/airflow/example_dags/example_skip_dag.py for tasks to queue
[2026-10-01T00:07:54.713+0000] {logging_mixin.py:137} INFO - [2026-10-01T00:07:54.713+0000] {dagbag.py:538} INFO - Filling up the DagBag from /home/airflow/.local/lib/python3.7/site-packages/airflow/example_dags/example_skip_dag.py
[2026-10-01T00:07:54.732+0000] {processor.py:753} INFO - DAG(s) dict_keys(['example_skip_dag']) retrieved from /home/airflow/.local/lib/python3.7/site-packages/airflow/example_dags/example_skip_dag.py
[2026-10-01T00:07:54.778+0000] {logging_mixin.py:137} INFO - [2026-10-01T00:07:54.778+0000] {dag.py:2676} INFO - Sync 1 DAGs
[2026-10-01T00:07:54.809+0000] {logging_mixin.py:137} INFO - [2026-10-01T00:07:54.809+0000] {dag.py:3427} INFO - Setting next_dagrun for example_skip_dag to 2026-09-30T00:07:54.809114+00:00, run_after=2026-10-01T00:07:54.809114+00:00
[2026-10-01T00:07:54.830+0000] {processor.py:175} INFO - Processing /home/airflow/.local/lib/python3.7/site-packages/airflow/example_dags/example_skip_dag.py took 0.123 seconds
[2026-10-01T00:08:24.941+0000] {processor.py:153} INFO - Started process (PID=16301) to work on /home/airflow/.local/lib/python3.7/site-packages/airflow/example_dags/example_skip_dag.py
[2026-10-01T00:08:24.942+0000] {processor.py:743} INFO - Processing file /home/airflow/.local/lib/python3.7/site-packages/airflow/example_dags/example_skip_dag.py for tasks to queue
[2026-10-01T00:08:24.943+0000] {logging_mixin.py:137} INFO - [2026-10-01T00:08:24.942+0000] {dagbag.py:538} INFO - Filling up the DagBag from /home/airflow/.local/lib/python3.7/site-packages/airflow/example_dags/example_skip_dag.py
[2026-10-01T00:08:24.962+0000] {processor.py:753} INFO - DAG(s) dict_keys(['example_skip_dag']) retrieved from /home/airflow/.local/lib/python3.7/site-packages/airflow/example_dags/example_skip_dag.py
[2026-10-01T00:08:25.009+0000] {logging_mixin.py:137} INFO - [2026-10-01T00:08:25.009+0000] {dag.py:2676} INFO - Sync 1 DAGs
[2026-10-01T00:08:25.045+0000] {logging_mixin.py:137} INFO - [2026-10-01T00:08:25.045+0000] {dag.py:3427} INFO - Setting next_dagrun for example_skip_dag to 2026-09-30T00:08:25.044973+00:00, run_after=2026-10-01T00:08:25.044973+00:00
[2026-10-01T00:08:25.066+0000] {processor.py:175} INFO - Processing /home/airflow/.local/lib/python3.7/site-packages/airflow/example_dags/example_skip_dag.py took 0.129 seconds
[2026-10-01T00:08:55.422+0000] {processor.py:153} INFO - Started process (PID=16380) to work on /home/airflow/.local/lib/python3.7/site-packages/airflow/example_dags/example_skip_dag.py
[2026-10-01T00:08:55.423+0000] {processor.py:743} INFO - Processing file /home/airflow/.local/lib/python3.7/site-packages/airflow/example_dags/example_skip_dag.py for tasks to queue
[2026-10-01T00:08:55.424+0000] {logging_mixin.py:137} INFO - [2026-10-01T00:08:55.424+0000] {dagbag.py:538} INFO - Filling up the DagBag from /home/airflow/.local/lib/python3.7/site-packages/airflow/example_dags/example_skip_dag.py
[2026-10-01T00:08:55.445+0000] {processor.py:753} INFO - DAG(s) dict_keys(['example_skip_dag']) retrieved from /home/airflow/.local/lib/python3.7/site-packages/airflow/example_dags/example_skip_dag.py
[2026-10-01T00:08:55.513+0000] {logging_mixin.py:137} INFO - [2026-10-01T00:08:55.512+0000] {dag.py:2676} INFO - Sync 1 DAGs
[2026-10-01T00:08:55.554+0000] {logging_mixin.py:137} INFO - [2026-10-01T00:08:55.553+0000] {dag.py:3427} INFO - Setting next_dagrun for example_skip_dag to 2026-09-30T00:08:55.553637+00:00, run_after=2026-10-01T00:08:55.553637+00:00
[2026-10-01T00:08:55.575+0000] {processor.py:175} INFO - Processing /home/airflow/.local/lib/python3.7/site-packages/airflow/example_dags/example_skip_dag.py took 0.156 seconds
[2026-10-01T00:09:26.062+0000] {processor.py:153} INFO - Started process (PID=16459) to work on /home/airflow/.local/lib/python3.7/site-packages/airflow/example_dags/example_skip_dag.py
[2026-10-01T00:09:26.063+0000] {processor.py:743} INFO - Processing file /home/airflow/.local/lib/python3.7/site-packages/airflow/example_dags/example_skip_dag.py for tasks to queue
[2026-10-01T00:09:26.063+0000] {logging_mixin.py:137} INFO - [2026-10-01T00:09:26.063+0000] {dagbag.py:538} INFO - Filling up the DagBag from /home/airflow/.local/lib/python3.7/site-packages/airflow/example_dags/example_skip_dag.py
[2026-10-01T00:09:26.083+0000] {processor.py:753} INFO - DAG(s) dict_keys(['example_skip_dag']) retrieved from /home/airflow/.local/lib/python3.7/site-packages/airflow/example_dags/example_skip_dag.py
[2026-10-01T00:09:26.135+0000] {logging_mixin.py:137} INFO - [2026-10-01T00:09:26.135+0000] {dag.py:2676} INFO - Sync 1 DAGs
[2026-10-01T00:09:26.184+0000] {logging_mixin.py:137} INFO - [2026-10-01T00:09:26.184+0000] {dag.py:3427} INFO - Setting next_dagrun for example_skip_dag to 2026-09-30T00:09:26.183913+00:00, run_after=2026-10-01T00:09:26.183913+00:00
[2026-10-01T00:09:26.218+0000] {processor.py:175} INFO - Processing /home/airflow/.local/lib/python3.7/site-packages/airflow/example_dags/example_skip_dag.py took 0.160 seconds
[2026-10-01T00:09:57.322+0000] {processor.py:153} INFO - Started process (PID=16558) to work on /home/airflow/.local/lib/python3.7/site-packages/airflow/example_dags/example_skip_dag.py
[2026-10-01T00:09:57.323+0000] {processor.py:743} INFO - Processing file /home/airflow/.local/lib/python3.7/site-packages/airflow/example_dags/example_skip_dag.py for tasks to queue
[2026-10-01T00:09:57.324+0000] {logging_mixin.py:137} INFO - [2026-10-01T00:09:57.324+0000] {dagbag.py:538} INFO - Filling up the DagBag from /home/airflow/.local/lib/python3.7/site-packages/airflow/example_dags/example_skip_dag.py
[2026-10-01T00:09:57.344+0000] {processor.py:753} INFO - DAG(s) dict_keys(['example_skip_dag']) retrieved from /home/airflow/.local/lib/python3.7/site-packages/airflow/example_dags/example_skip_dag.py
[2026-10-01T00:09:57.394+0000] {logging_mixin.py:137} INFO - [2026-10-01T00:09:57.394+0000] {dag.py:2676} INFO - Sync 1 DAGs
[2026-10-01T00:09:57.428+0000] {logging_mixin.py:137} INFO - [2026-10-01T00:09:57.428+0000] {dag.py:3427} INFO - Setting next_dagrun for example_skip_dag to 2026-09-30T00:09:57.427697+00:00, run_after=2026-10-01T00:09:57.427697+00:00
[2026-10-01T00:09:57.449+0000] {processor.py:175} INFO - Processing /home/airflow/.local/lib/python3.7/site-packages/airflow/example_dags/example_skip_dag.py took 0.131 seconds
[2026-10-01T00:10:27.602+0000] {processor.py:153} INFO - Started process (PID=16637) to work on /home/airflow/.local/lib/python3.7/site-packages/airflow/example_dags/example_skip_dag.py
[2026-10-01T00:10:27.603+0000] {processor.py:743} INFO - Processing file /home/airflow/.local/lib/python3.7/site-packages/airflow/example_dags/example_skip_dag.py for tasks to queue
[2026-10-01T00:10:27.604+0000] {logging_mixin.py:137} INFO - [2026-10-01T00:10:27.604+0000] {dagbag.py:538} INFO - Filling up the DagBag from /home/airflow/.local/lib/python3.7/site-packages/airflow/example_dags/example_skip_dag.py
[2026-10-01T00:10:27.625+0000] {processor.py:753} INFO - DAG(s) dict_keys(['example_skip_dag']) retrieved from /home/airflow/.local/lib/python3.7/site-packages/airflow/example_dags/example_skip_dag.py
[2026-10-01T00:10:27.678+0000] {logging_mixin.py:137} INFO - [2026-10-01T00:10:27.677+0000] {dag.py:2676} INFO - Sync 1 DAGs
[2026-10-01T00:10:27.712+0000] {logging_mixin.py:137} INFO - [2026-10-01T00:10:27.712+0000] {dag.py:3427} INFO - Setting next_dagrun for example_skip_dag to 2026-09-30T00:10:27.711731+00:00, run_after=2026-10-01T00:10:27.711731+00:00
[2026-10-01T00:10:27.735+0000] {processor.py:175} INFO - Processing /home/airflow/.local/lib/python3.7/site-packages/airflow/example_dags/example_skip_dag.py took 0.137 seconds
[2026-10-01T00:10:58.380+0000] {processor.py:153} INFO - Started process (PID=16716) to work on /home/airflow/.local/lib/python3.7/site-packages/airflow/example_dags/example_skip_dag.py
[2026-10-01T00:10:58.381+0000] {processor.py:743} INFO - Processing file /home/airflow/.local/lib/python3.7/site-packages/airflow/example_dags/example_skip_dag.py for tasks to queue
[2026-10-01T00:10:58.382+0000] {logging_mixin.py:137} INFO - [2026-10-01T00:10:58.382+0000] {dagbag.py:538} INFO - Filling up the DagBag from /home/airflow/.local/lib/python3.7/site-packages/airflow/example_dags/example_skip_dag.py
[2026-10-01T00:10:58.413+0000] {processor.py:753} INFO - DAG(s) dict_keys(['example_skip_dag']) retrieved from /home/airflow/.local/lib/python3.7/site-packages/airflow/example_dags/example_skip_dag.py
[2026-10-01T00:10:58.475+0000] {logging_mixin.py:137} INFO - [2026-10-01T00:10:58.475+0000] {dag.py:2676} INFO - Sync 1 DAGs
[2026-10-01T00:10:58.513+0000] {logging_mixin.py:137} INFO - [2026-10-01T00:10:58.512+0000] {dag.py:3427} INFO - Setting next_dagrun for example_skip_dag to 2026-09-30T00:10:58.512293+00:00, run_after=2026-10-01T00:10:58.512293+00:00
[2026-10-01T00:10:58.533+0000] {processor.py:175} INFO - Processing /home/airflow/.local/lib/python3.7/site-packages/airflow/example_dags/example_skip_dag.py took 0.159 seconds
[2026-10-01T00:11:28.715+0000] {processor.py:153} INFO - Started process (PID=16795) to work on /home/airflow/.local/lib/python3.7/site-packages/airflow/example_dags/example_skip_dag.py
[2026-10-01T00:11:28.717+0000] {processor.py:743} INFO - Processing file /home/airflow/.local/lib/python3.7/site-packages/airflow/example_dags/example_skip_dag.py for tasks to queue
[2026-10-01T00:11:28.718+0000] {logging_mixin.py:137} INFO - [2026-10-01T00:11:28.718+0000] {dagbag.py:538} INFO - Filling up the DagBag from /home/airflow/.local/lib/python3.7/site-packages/airflow/example_dags/example_skip_dag.py
[2026-10-01T00:11:28.745+0000] {processor.py:753} INFO - DAG(s) dict_keys(['example_skip_dag']) retrieved from /home/airflow/.local/lib/python3.7/site-packages/airflow/example_dags/example_skip_dag.py
[2026-10-01T00:11:28.802+0000] {logging_mixin.py:137} INFO - [2026-10-01T00:11:28.801+0000] {dag.py:2676} INFO - Sync 1 DAGs
[2026-10-01T00:11:28.841+0000] {logging_mixin.py:137} INFO - [2026-10-01T00:11:28.840+0000] {dag.py:3427} INFO - Setting next_dagrun for example_skip_dag to 2026-09-30T00:11:28.840589+00:00, run_after=2026-10-01T00:11:28.840589+00:00
[2026-10-01T00:11:28.865+0000] {processor.py:175} INFO - Processing /home/airflow/.local/lib/python3.7/site-packages/airflow/example_dags/example_skip_dag.py took 0.156 seconds
[2026-10-01T00:11:59.061+0000] {processor.py:153} INFO - Started process (PID=16894) to work on /home/airflow/.local/lib/python3.7/site-packages/airflow/example_dags/example_skip_dag.py
[2026-10-01T00:11:59.062+0000] {processor.py:743} INFO - Processing file /home/airflow/.local/lib/python3.7/site-packages/airflow/example_dags/example_skip_dag.py for tasks to queue
[2026-10-01T00:11:59.063+0000] {logging_mixin.py:137} INFO - [2026-10-01T00:11:59.063+0000] {dagbag.py:538} INFO - Filling up the DagBag from /home/airflow/.local/lib/python3.7/site-packages/airflow/example_dags/example_skip_dag.py
[2026-10-01T00:11:59.084+0000] {processor.py:753} INFO - DAG(s) dict_keys(['example_skip_dag']) retrieved from /home/airflow/.local/lib/python3.7/site-packages/airflow/example_dags/example_skip_dag.py
[2026-10-01T00:11:59.136+0000] {logging_mixin.py:137} INFO - [2026-10-01T00:11:59.135+0000] {dag.py:2676} INFO - Sync 1 DAGs
[2026-10-01T00:11:59.186+0000] {logging_mixin.py:137} INFO - [2026-10-01T00:11:59.185+0000] {dag.py:3427} INFO - Setting next_dagrun for example_skip_dag to 2026-09-30T00:11:59.185243+00:00, run_after=2026-10-01T00:11:59.185243+00:00
[2026-10-01T00:11:59.207+0000] {processor.py:175} INFO - Processing /home/airflow/.local/lib/python3.7/site-packages/airflow/example_dags/example_skip_dag.py took 0.153 seconds
