[2026-10-01T00:00:20.977+0000] {processor.py:153} INFO - Started process (PID=14977) to work on /home/airflow/.local/lib/python3.7/site-packages/airflow/example_dags/example_branch_datetime_operator.py
[2026-10-01T00:00:20.978+0000] {processor.py:743} INFO - Processing file /home/airflow/.local/lib/python3.7/site-packages/airflow/example_dags/example_branch_datetime_operator.py for tasks to queue
[2026-10-01T00:00:20.979+0000] {logging_mixin.py:137} INFO - [2026-10-01T00:00:20.979+0000] {dagbag.py:538} INFO - Filling up the DagBag from /home/airflow/.local/lib/python3.7/site-packages/airflow/example_dags/example_branch_datetime_operator.py
[2026-10-01T00:00:21.002+0000] {processor.py:753} INFO - DAG(s) dict_keys(['example_branch_datetime_operator', 'example_branch_datetime_operator_3', 'example_branch_datetime_operator_2']) retrieved from /home/airflow/.local/lib/python3.7/site-packages/airflow/example_dags/example_branch_datetime_operator.py
[2026-10-01T00:00:21.058+0000] {logging_mixin.py:137} INFO - [2026-10-01T00:00:21.058+0000] {dag.py:2676} INFO - Sync 3 DAGs
[2026-10-01T00:00:21.093+0000] {logging_mixin.py:137} INFO - [2026-10-01T00:00:21.093+0000] {dag.py:3427} INFO - Setting next_dagrun for example_branch_datetime_operator to 2026-09-30T00:00:00+00:00, run_after=2026-10-01T00:00:00+00:00
[2026-10-01T00:00:21.099+0000] {logging_mixin.py:137} INFO - [2026-10-01T00:00:21.098+0000] {dag.py:3427} INFO - Setting next_dagrun for example_branch_datetime_operator_2 to 2026-09-30T00:00:00+00:00, run_after=2026-10-01T00:00:00+00:00
[2026-10-01T00:00:21.102+0000] {logging_mixin.py:137} INFO - [2026-10-01T00:00:21.101+0000] {dag.py:3427} INFO - Setting next_dagrun for example_branch_datetime_operator_3 to 2026-09-30T00:00:00+00:00, run_after=2026-10-01T00:00:00+00:00
[2026-10-01T00:00:21.121+0000] {processor.py:175} INFO - Processing /home/airflow/.local/lib/python3.7/site-packages/airflow/example_dags/example_branch_datetime_operator.py took 0.148 seconds
[2026-10-01T00:00:51.930+0000] {processor.py:153} INFO - Started process (PID=15056) to work on /home/airflow/.local/lib/python3.7/site-packages/airflow/example_dags/example_branch_datetime_operator.py
[2026-10-01T00:00:51.931+0000] {processor.py:743} INFO - Processing file /home/airflow/.local/lib/python3.7/site-packages/airflow/example_dags/example_branch_datetime_operator.py for tasks to queue
[2026-10-01T00:00:51.931+0000] {logging_mixin.py:137} INFO - [2026-10-01T00:00:51.931+0000] {dagbag.py:538} INFO - Filling up the DagBag from /home/airflow/.local/lib/python3.7/site-packages/airflow/example_dags/example_branch_datetime_operator.py
[2026-10-01T00:00:51.951+0000] {processor.py:753} INFO - DAG(s) dict_keys(['example_branch_datetime_operator_2', 'example_branch_datetime_operator', 'example_branch_datetime_operator_3']) retrieved from /home/airflow/.local/lib/python3.7/site-packages/airflow/example_dags/example_branch_datetime_operator.py
[2026-10-01T00:00:51.998+0000] {logging_mixin.py:137} INFO - [2026-10-01T00:00:51.998+0000] {dag.py:2676} INFO - Sync 3 DAGs
[2026-10-01T00:00:52.026+0000] {logging_mixin.py:137} INFO - [2026-10-01T00:00:52.026+0000] {dag.py:3427} INFO - Setting next_dagrun for example_branch_datetime_operator to 2026-09-30T00:00:00+00:00, run_after=2026-10-01T00:00:00+00:00
[2026-10-01T00:00:52.031+0000] {logging_mixin.py:137} INFO - [2026-10-01T00:00:52.031+0000] {dag.py:3427} INFO - Setting next_dagrun for example_branch_datetime_operator_2 to 2026-09-30T00:00:00+00:00, run_after=2026-10-01T00:00:00+00:00
[2026-10-01T00:00:52.034+0000] {logging_mixin.py:137} INFO - [2026-10-01T00:00:52.034+0000] {dag.py:3427} INFO - Setting next_dagrun for example_branch_datetime_operator_3 to 2026-09-30T00:00:00+00:00, run_after=2026-10-01T00:00:00+00:00
[2026-10-01T00:00:52.049+0000] {processor.py:175} INFO - Processing /home/airflow/.local/lib/python3.7/site-packages/airflow/example_dags/example_branch_datetime_operator.py took 0.122 seconds
[2026-10-01T00:01:22.855+0000] {processor.py:153} INFO - Started process (PID=15155) to work on /home/airflow/.local/lib/python3.7/site-packages/airflow/example_dags/example_branch_datetime_operator.py
[2026-10-01T00:01:22.857+0000] {processor.py:743} INFO - Processing file /home/airflow/.local/lib/python3.7/site-packages/airflow/example_dags/example_branch_datetime_operator.py for tasks to queue
[2026-10-01T00:01:22.858+0000] {logging_mixin.py:137} INFO - [2026-10-01T00:01:22.858+0000] {dagbag.py:538} INFO - Filling up the DagBag from /home/airflow/.local/lib/python3.7/site-packages/airflow/example_dags/example_branch_datetime_operator.py
[2026-10-01T00:01:22.882+0000] {processor.py:753} INFO - DAG(s) dict_keys(['example_branch_datetime_operator_3', 'example_branch_datetime_operator', 'example_branch_datetime_operator_2']) retrieved from /home/airflow/.local/lib/python3.7/site-packages/airflow/example_dags/example_branch_datetime_operator.py
[2026-10-01T00:01:22.947+0000] {logging_mixin.py:137} INFO - [2026-10-01T00:01:22.947+0000] {dag.py:2676} INFO - Sync 3 DAGs
[2026-10-01T00:01:22.992+0000] {logging_mixin.py:137} INFO - [2026-10-01T00:01:22.992+0000] {dag.py:3427} INFO - Setting next_dagrun for example_branch_datetime_operator to 2026-09-30T00:00:00+00:00, run_after=2026-10-01T00:00:00+00:00
[2026-10-01T00:01:23.002+0000] {logging_mixin.py:137} INFO - [2026-10-01T00:01:23.002+0000] {dag.py:3427} INFO - Setting next_dagrun for example_branch_datetime_operator_2 to 2026-09-30T00:00:00+00:00, run_after=2026-10-01T00:00:00+00:00
[2026-10-01T00:01:23.006+0000] {logging_mixin.py:137} INFO - [2026-10-01T00:01:23.006+0000] {dag.py:3427} INFO - Setting next_dagrun for example_branch_datetime_operator_3 to 2026-09-30T00:00:00+00:00, run_after=2026-10-01T00:00:00+00:00
[2026-10-01T00:01:23.028+0000] {processor.py:175} INFO - Processing /home/airflow/.local/lib/python3.7/site-packages/airflow/example_dags/example_branch_datetime_operator.py took 0.177 seconds
[2026-10-01T00:01:53.732+0000] {processor.py:153} INFO - Started process (PID=15234) to work on /home/airflow/.local/lib/python3.7/site-packages/airflow/example_dags/example_branch_datetime_operator.py
[2026-10-01T00:01:53.733+0000] {processor.py:743} INFO - Processing file /home/airflow/.local/lib/python3.7/site-packages/airflow/example_dags/example_branch_datetime_operator.py for tasks to queue
[2026-10-01T00:01:53.734+0000] {logging_mixin.py:137} INFO - [2026-10-01T00:01:53.734+0000] {dagbag.py:538} INFO - Filling up the DagBag from /home/airflow/.local/lib/python3.7/site-packages/airflow/example_dags/example_branch_datetime_operator.py
[2026-10-01T00:01:53.771+0000] {processor.py:753} INFO - DAG(s) dict_keys(['example_branch_datetime_operator_3', 'example_branch_datetime_operator_2', 'example_branch_datetime_operator']) retrieved from /home/airflow/.local/lib/python3.7/site-packages/airflow/example_dags/example_branch_datetime_operator.py
[2026-10-01T00:01:53.849+0000] {logging_mixin.py:137} INFO - [2026-10-01T00:01:53.849+0000] {dag.py:2676} INFO - Sync 3 DAGs
[2026-10-01T00:01:53.901+0000] {logging_mixin.py:137} INFO - [2026-10-01T00:01:53.901+0000] {dag.py:3427} INFO - Setting next_dagrun for example_branch_datetime_operator to 2026-09-30T00:00:00+00:00, run_after=2026-10-01T00:00:00+00:00
[2026-10-01T00:01:53.910+0000] {logging_mixin.py:137} INFO - [2026-10-01T00:01:53.909+0000] {dag.py:3427} INFO - Setting next_dagrun for example_branch_datetime_operator_2 to 2026-09-30T00:00:00+00:00, run_after=2026-10-01T00:00:00+00:00
[2026-10-01T00:01:53.914+0000] {logging_mixin.py:137} INFO - [2026-10-01T00:01:53.914+0000] {dag.py:3427} INFO - Setting next_dagrun for example_branch_datetime_operator_3 to 2026-09-30T00:00:00+00:00, run_after=2026-10-01T00:00:00+00:00
[2026-10-01T00:01:53.939+0000] {processor.py:175} INFO - Processing /home/airflow/.local/lib/python3.7/site-packages/airflow/example_dags/example_branch_datetime_operator.py took 0.214 seconds
[2026-10-01T00:02:24.562+0000] {processor.py:153} INFO - Started process (PID=15313) to work on /home/airflow/.local/lib/python3.7/site-packages/airflow/example_dags/example_branch_datetime_operator.py
[2026-10-01T00:02:24.564+0000] {processor.py:743} INFO - Processing file /home/airflow/.local/lib/python3.7/site-packages/airflow/example_dags/example_branch_datetime_operator.py for tasks to queue
[2026-10-01T00:02:24.564+0000] {logging_mixin.py:137} INFO - [2026-10-01T00:02:24.564+0000] {dagbag.py:538} INFO - Filling up the DagBag from /home/airflow/.local/lib/python3.7/site-packages/airflow/example_dags/example_branch_datetime_operator.py
[2026-10-01T00:02:24.591+0000] {processor.py:753} INFO - DAG(s) dict_keys(['example_branch_datetime_operator', 'example_branch_datetime_operator_2', 'example_branch_datetime_operator_3']) retrieved from /home/airflow/.local/lib/python3.7/site-packages/airflow/example_dags/example_branch_datetime_operator.py
[2026-10-01T00:02:24.652+0000] {logging_mixin.py:137} INFO - [2026-10-01T00:02:24.651+0000] {dag.py:2676} INFO - Sync 3 DAGs
[2026-10-01T00:02:24.689+0000] {logging_mixin.py:137} INFO - [2026-10-01T00:02:24.689+0000] {dag.py:3427} INFO - Setting next_dagrun for example_branch_datetime_operator to 2026-09-30T00:00:00+00:00, run_after=2026-10-01T00:00:00+00:00
[2026-10-01T00:02:24.698+0000] {logging_mixin.py:137} INFO - [2026-10-01T00:02:24.698+0000] {dag.py:3427} INFO - Setting next_dagrun for example_branch_datetime_operator_2 to 2026-09-30T00:00:00+00:00, run_after=2026-10-01T00:00:00+00:00
[2026-10-01T00:02:24.704+0000] {logging_mixin.py:137} INFO - [2026-10-01T00:02:24.704+0000] {dag.py:3427} INFO - Setting next_dagrun for example_branch_datetime_operator_3 to 2026-09-30T00:00:00+00:00, run_after=2026-10-01T00:00:00+00:00
[2026-10-01T00:02:24.729+0000] {processor.py:175} INFO - Processing /home/airflow/.local/lib/python3.7/site-packages/airflow/example_dags/example_branch_datetime_operator.py took 0.171 seconds
[2026-10-01T00:02:54.795+0000] {processor.py:153} INFO - Started process (PID=15392) to work on /home/airflow/.local/lib/python3.7/site-packages/airflow/example_dags/example_branch_datetime_operator.py
[2026-10-01T00:02:54.797+0000] {processor.py:743} INFO - Processing file /home/airflow/.local/lib/python3.7/site-packages/airflow/example_dags/example_branch_datetime_operator.py for tasks to queue
[2026-10-01T00:02:54.797+0000] {logging_mixin.py:137} INFO - [2026-10-01T00:02:54.797+0000] {dagbag.py:538} INFO - Filling up the DagBag from /home/airflow/.local/lib/python3.7/site-packages/airflow/example_dags/example_branch_datetime_operator.py
[2026-10-01T00:02:54.821+0000] {processor.py:753} INFO - DAG(s) dict_keys(['example_branch_datetime_operator_2', 'example_branch_datetime_operator_3', 'example_branch_datetime_operator']) retrieved from /home/airflow/.local/lib/python3.7/site-packages/airflow/example_dags/example_branch_datetime_operator.py
[2026-10-01T00:02:54.879+0000] {logging_mixin.py:137} INFO - [2026-10-01T00:02:54.879+0000] {dag.py:2676} INFO - Sync 3 DAGs
[2026-10-01T00:02:54.910+0000] {logging_mixin.py:137} INFO - [2026-10-01T00:02:54.910+0000] {dag.py:3427} INFO - Setting next_dagrun for example_branch_datetime_operator to 2026-09-30T00:00:00+00:00, run_after=2026-10-01T00:00:00+00:00
[2026-10-01T00:02:54.915+0000] {logging_mixin.py:137} INFO - [2026-10-01T00:02:54.915+0000] {dag.py:3427} INFO - Setting next_dagrun for example_branch_datetime_operator_2 to 2026-09-30T00:00:00+00:00, run_after=2026-10-01T00:00:00+00:00
[2026-10-01T00:02:54.918+0000] {logging_mixin.py:137} INFO - [2026-10-01T00:02:54.918+0000] {dag.py:3427} INFO - Setting next_dagrun for example_branch_datetime_operator_3 to 2026-09-30T00:00:00+00:00, run_after=2026-10-01T00:00:00+00:00
[2026-10-01T00:02:54.937+0000] {processor.py:175} INFO - Processing /home/airflow/.local/lib/python3.7/site-packages/airflow/example_dags/example_branch_datetime_operator.py took 0.146 seconds
[2026-10-01T00:03:25.066+0000] {processor.py:153} INFO - Started process (PID=15491) to work on /home/airflow/.local/lib/python3.7/site-packages/airflow/example_dags/example_branch_datetime_operator.py
[2026-10-01T00:03:25.067+0000] {processor.py:743} INFO - Processing file /home/airflow/.local/lib/python3.7/site-packages/airflow/example_dags/example_branch_datetime_operator.py for tasks to queue
[2026-10-01T00:03:25.068+0000] {logging_mixin.py:137} INFO - [2026-10-01T00:03:25.068+0000] {dagbag.py:538} INFO - Filling up the DagBag from /home/airflow/.local/lib/python3.7/site-packages/airflow/example_dags/example_branch_datetime_operator.py
[2026-10-01T00:03:25.100+0000] {processor.py:753} INFO - DAG(s) dict_keys(['example_branch_datetime_operator', 'example_branch_datetime_operator_3', 'example_branch_datetime_operator_2']) retrieved from /home/airflow/.local/lib/python3.7/site-packages/airflow/example_dags/example_branch_datetime_operator.py
[2026-10-01T00:03:25.162+0000] {logging_mixin.py:137} INFO - [2026-10-01T00:03:25.162+0000] {dag.py:2676} INFO - Sync 3 DAGs
[2026-10-01T00:03:25.198+0000] {logging_mixin.py:137} INFO - [2026-10-01T00:03:25.198+0000] {dag.py:3427} INFO - Setting next_dagrun for example_branch_datetime_operator to 2026-09-30T00:00:00+00:00, run_after=2026-10-01T00:00:00+00:00
[2026-10-01T00:03:25.206+0000] {logging_mixin.py:137} INFO - [2026-10-01T00:03:25.206+0000] {dag.py:3427} INFO - Setting next_dagrun for example_branch_datetime_operator_2 to 2026-09-30T00:00:00+00:00, run_after=2026-10-01T00:00:00+00:00
[2026-10-01T00:03:25.210+0000] {logging_mixin.py:137} INFO - [2026-10-01T00:03:25.210+0000] {dag.py:3427} INFO - Setting next_dagrun for example_branch_datetime_operator_3 to 2026-09-30T00:00:00+00:00, run_after=2026-10-01T00:00:00+00:00
[2026-10-01T00:03:25.235+0000] {processor.py:175} INFO - Processing /home/airflow/.local/lib/python3.7/site-packages/airflow/example_dags/example_branch_datetime_operator.py took 0.174 seconds
[2026-10-01T00:03:55.475+0000] {processor.py:153} INFO - Started process (PID=15570) to work on /home/airflow/.local/lib/python3.7/site-packages/airflow/example_dags/example_branch_datetime_operator.py
[2026-10-01T00:03:55.476+0000] {processor.py:743} INFO - Processing file /home/airflow/.local/lib/python3.7/site-packages/airflow/example_dags/example_branch_datetime_operator.py for tasks to queue
[2026-10-01T00:03:55.477+0000] {logging_mixin.py:137} INFO - [2026-10-01T00:03:55.477+0000] {dagbag.py:538} INFO - Filling up the DagBag from /home/airflow/.local/lib/python3.7/site-packages/airflow/example_dags/example_branch_datetime_operator.py
[2026-10-01T00:03:55.513+0000] {processor.py:753} INFO - DAG(s) dict_keys(['example_branch_datetime_operator', 'example_branch_datetime_operator_3', 'example_branch_datetime_operator_2']) retrieved from /home/airflow/.local/lib/python3.7/site-packages/airflow/example_dags/example_branch_datetime_operator.py
[2026-10-01T00:03:55.594+0000] {logging_mixin.py:137} INFO - [2026-10-01T00:03:55.594+0000] {dag.py:2676} INFO - Sync 3 DAGs
[2026-10-01T00:03:55.638+0000] {logging_mixin.py:137} INFO - [2026-10-01T00:03:55.637+0000] {dag.py:3427} INFO - Setting next_dagrun for example_branch_datetime_operator to 2026-09-30T00:00:00+00:00, run_after=2026-10-01T00:00:00+00:00
[2026-10-01T00:03:55.643+0000] {logging_mixin.py:137} INFO - [2026-10-01T00:03:55.643+0000] {dag.py:3427} INFO - Setting next_dagrun for example_branch_datetime_operator_2 to 2026-09-30T00:00:00+00:00, run_after=2026-10-01T00:00:00+00:00
[2026-10-01T00:03:55.646+0000] {logging_mixin.py:137} INFO - [2026-10-01T00:03:55.646+0000] {dag.py:3427} INFO - Setting next_dagrun for example_branch_datetime_operator_3 to 2026-09-30T00:00:00+00:00, run_after=2026-10-01T00:00:00+00:00
[2026-10-01T00:03:55.663+0000] {processor.py:175} INFO - Processing /home/airflow/.local/lib/python3.7/site-packages/airflow/example_dags/example_branch_datetime_operator.py took 0.195 seconds
[2026-10-01T00:04:25.891+0000] {processor.py:153} INFO - Started process (PID=15649) to work on /home/airflow/.local/lib/python3.7/site-packages/airflow/example_dags/example_branch_datetime_operator.py
[2026-10-01T00:04:25.892+0000] {processor.py:743} INFO - Processing file /home/airflow/.local/lib/python3.7/site-packages/airflow/example_dags/example_branch_datetime_operator.py for tasks to queue
[2026-10-01T00:04:25.893+0000] {logging_mixin.py:137} INFO - [2026-10-01T00:04:25.892+0000] {dagbag.py:538} INFO - Filling up the DagBag from /home/airflow/.local/lib/python3.7/site-packages/airflow/example_dags/example_branch_datetime_operator.py
[2026-10-01T00:04:25.915+0000] {processor.py:753} INFO - DAG(s) dict_keys(['example_branch_datetime_operator_2', 'example_branch_datetime_operator_3', 'example_branch_datetime_operator']) retrieved from /home/airflow/.local/lib/python3.7/site-packages/airflow/example_dags/example_branch_datetime_operator.py
[2026-10-01T00:04:25.980+0000] {logging_mixin.py:137} INFO - [2026-10-01T00:04:25.979+0000] {dag.py:2676} INFO - Sync 3 DAGs
[2026-10-01T00:04:26.028+0000] {logging_mixin.py:137} INFO - [2026-10-01T00:04:26.027+0000] {dag.py:3427} INFO - Setting next_dagrun for example_branch_datetime_operator to 2026-09-30T00:00:00+00:00, run_after=2026-10-01T00:00:00+00:00
[2026-10-01T00:04:26.033+0000] {logging_mixin.py:137} INFO - [2026-10-01T00:04:26.033+0000] {dag.py:3427} INFO - Setting next_dagrun for example_branch_datetime_operator_2 to 2026-09-30T00:00:00+00:00, run_after=2026-10-01T00:00:00+00:00
[2026-10-01T00:04:26.036+0000] {logging_mixin.py:137} INFO - [2026-10-01T00:04:26.036+0000] {dag.py:3427} INFO - Setting next_dagrun for example_branch_datetime_operator_3 to 2026-09-30T00:00:00+00:00, run_after=2026-10-01T00:00:00+00:00
[2026-10-01T00:04:26.054+0000] {processor.py:175} INFO - Processing /home/airflow/.local/lib/python3.7/site-packages/airflow/example_dags/example_branch_datetime_operator.py took 0.167 seconds
[2026-10-01T00:04:56.890+0000] {processor.py:153} INFO - Started process (PID=15728) to work on /home/airflow/.local/lib/python3.7/site-packages/airflow/example_dags/example_branch_datetime_operator.py
[2026-10-01T00:04:56.891+0000] {processor.py:743} INFO - Processing file /home/airflow/.local/lib/python3.7/site-packages/airflow/example_dags/example_branch_datetime_operator.py for tasks to queue
[2026-10-01T00:04:56.892+0000] {logging_mixin.py:137} INFO - [2026-10-01T00:04:56.891+0000] {dagbag.py:538} INFO - Filling up the DagBag from /home/airflow/.local/lib/python3.7/site-packages/airflow/example_dags/example_branch_datetime_operator.py
[2026-10-01T00:04:56.915+0000] {processor.py:753} INFO - DAG(s) dict_keys(['example_branch_datetime_operator_2', 'example_branch_datetime_operator_3', 'example_branch_datetime_operator']) retrieved from /home/airflow/.local/lib/python3.7/site-packages/airflow/example_dags/example_branch_datetime_operator.py
[2026-10-01T00:04:56.969+0000] {logging_mixin.py:137} INFO - [2026-10-01T00:04:56.968+0000] {dag.py:2676} INFO - Sync 3 DAGs
[2026-10-01T00:04:57.003+0000] {logging_mixin.py:137} INFO - [2026-10-01T00:04:57.003+0000] {dag.py:3427} INFO - Setting next_dagrun for example_branch_datetime_operator to 2026-09-30T00:00:00+00:00, run_after=2026-10-01T00:00:00+00:00
[2026-10-01T00:04:57.009+0000] {logging_mixin.py:137} INFO - [2026-10-01T00:04:57.009+0000] {dag.py:3427} INFO - Setting next_dagrun for example_branch_datetime_operator_2 to 2026-09-30T00:00:00+00:00, run_after=2026-10-01T00:00:00+00:00
[2026-10-01T00:04:57.013+0000] {logging_mixin.py:137} INFO - [2026-10-01T00:04:57.013+0000] {dag.py:3427} INFO - Setting next_dagrun for example_branch_datetime_operator_3 to 2026-09-30T00:00:00+00:00, run_after=2026-10-01T00:00:00+00:00
[2026-10-01T00:04:57.032+0000] {processor.py:175} INFO - Processing /home/airflow/.local/lib/python3.7/site-packages/airflow/example_dags/example_branch_datetime_operator.py took 0.146 seconds
[2026-10-01T00:05:27.151+0000] {processor.py:153} INFO - Started process (PID=15827) to work on /home/airflow/.local/lib/python3.7/site-packages/airflow/example_dags/example_branch_datetime_operator.py
[2026-10-01T00:05:27.151+0000] {processor.py:743} INFO - Processing file /home/airflow/.local/lib/python3.7/site-packages/airflow/example_dags/example_branch_datetime_operator.py for tasks to queue
[2026-10-01T00:05:27.152+0000] {logging_mixin.py:137} INFO - [2026-10-01T00:05:27.152+0000] {dagbag.py:538} INFO - Filling up the DagBag from /home/airflow/.local/lib/python3.7/site-packages/airflow/example_dags/example_branch_datetime_operator.py
[2026-10-01T00:05:27.187+0000] {processor.py:753} INFO - DAG(s) dict_keys(['example_branch_datetime_operator_3', 'example_branch_datetime_operator_2', 'example_branch_datetime_operator']) retrieved from /home/airflow/.local/lib/python3.7/site-packages/airflow/example_dags/example_branch_datetime_operator.py
[2026-10-01T00:05:27.260+0000] {logging_mixin.py:137} INFO - [2026-10-01T00:05:27.260+0000] {dag.py:2676} INFO - Sync 3 DAGs
[2026-10-01T00:05:27.304+0000] {logging_mixin.py:137} INFO - [2026-10-01T00:05:27.304+0000] {dag.py:3427} INFO - Setting next_dagrun for example_branch_datetime_operator to 2026-09-30T00:00:00+00:00, run_after=2026-10-01T00:00:00+00:00
[2026-10-01T00:05:27.310+0000] {logging_mixin.py:137} INFO - [2026-10-01T00:05:27.309+0000] {dag.py:3427} INFO - Setting next_dagrun for example_branch_datetime_operator_2 to 2026-09-30T00:00:00+00:00, run_after=2026-10-01T00:00:00+00:00
[2026-10-01T00:05:27.313+0000] {logging_mixin.py:137} INFO - [2026-10-01T00:05:27.312+0000] {dag.py:3427} INFO - Setting next_dagrun for example_branch_datetime_operator_3 to 2026-09-30T00:00:00+00:00, run_after=2026-10-01T00:00:00+00:00
[2026-10-01T00:05:27.336+0000] {processor.py:175} INFO - Processing /home/airflow/.local/lib/python3.7/site-packages/airflow/example_dags/example_branch_datetime_operator.py took 0.189 seconds
[2026-10-01T00:05:57.509+0000] {processor.py:153} INFO - Started process (PID=15906) to work on /home/airflow/.local/lib/python3.7/site-packages/airflow/example_dags/example_branch_datetime_operator.py
[2026-10-01T00:05:57.510+0000] {processor.py:743} INFO - Processing file /home/airflow/.local/lib/python3.7/site-packages/airflow/example_dags/example_branch_datetime_operator.py for tasks to queue
[2026-10-01T00:05:57.511+0000] {logging_mixin.py:137} INFO - [2026-10-01T00:05:57.511+0000] {dagbag.py:538} INFO - Filling up the DagBag from /home/airflow/.local/lib/python3.7/site-packages/airflow/example_dags/example_branch_datetime_operator.py
[2026-10-01T00:05:57.534+0000] {processor.py:753} INFO - DAG(s) dict_keys(['example_branch_datetime_operator', 'example_branch_datetime_operator_2', 'example_branch_datetime_operator_3']) retrieved from /home/airflow/.local/lib/python3.7/site-packages/airflow/example_dags/example_branch_datetime_operator.py
[2026-10-01T00:05:57.592+0000] {logging_mixin.py:137} INFO - [2026-10-01T00:05:57.591+0000] {dag.py:2676} INFO - Sync 3 DAGs
[2026-10-01T00:05:57.635+0000] {logging_mixin.py:137} INFO - [2026-10-01T00:05:57.635+0000] {dag.py:3427} INFO - Setting next_dagrun for example_branch_datetime_operator to 2026-09-30T00:00:00+00:00, run_after=2026-10-01T00:00:00+00:00
[2026-10-01T00:05:57.644+0000] {logging_mixin.py:137} INFO - [2026-10-01T00:05:57.644+0000] {dag.py:3427} INFO - Setting next_dagrun for example_branch_datetime_operator_2 to 2026-09-30T00:00:00+00:00, run_after=2026-10-01T00:00:00+00:00
[2026-10-01T00:05:57.649+0000] {logging_mixin.py:137} INFO - [2026-10-01T00:05:57.649+0000] {dag.py:3427} INFO - Setting next_dagrun for example_branch_datetime_operator_3 to 2026-09-30T00:00:00+00:00, run_after=2026-10-01T00:00:00+00:00
[2026-10-01T00:05:57.675+0000] {processor.py:175} INFO - Processing /home/airflow/.local/lib/python3.7/site-packages/airflow/example_dags/example_branch_datetime_operator.py took 0.170 seconds
[2026-10-01T00:06:27.761+0000] {processor.py:153} INFO - Started process (PID=15985) to work on /home/airflow/.local/lib/python3.7/site-packages/airflow/example_dags/example_branch_datetime_operator.py
[2026-10-01T00:06:27.762+0000] {processor.py:743} INFO - Processing file /home/airflow/.local/lib/python3.7/site-packages/airflow/example_dags/example_branch_datetime_operator.py for tasks to queue
[2026-10-01T00:06:27.762+0000] {logging_mixin.py:137} INFO - [2026-10-01T00:06:27.762+0000] {dagbag.py:538} INFO - Filling up the DagBag from /home/airflow/.local/lib/python3.7/site-packages/airflow/example_dags/example_branch_datetime_operator.py
[2026-10-01T00:06:27.793+0000] {processor.py:753} INFO - DAG(s) dict_keys(['example_branch_datetime_operator_2', 'example_branch_datetime_operator', 'example_branch_datetime_operator_3']) retrieved from /home/airflow/.local/lib/python3.7/site-packages/airflow/example_dags/example_branch_datetime_operator.py
[2026-10-01T00:06:27.863+0000] {logging_mixin.py:137} INFO - [2026-10-01T00:06:27.863+0000] {dag.py:2676} INFO - Sync 3 DAGs
[2026-10-01T00:06:27.897+0000] {logging_mixin.py:137} INFO - [2026-10-01T00:06:27.897+0000] {dag.py:3427} INFO - Setting next_dagrun for example_branch_datetime_operator to 2026-09-30T00:00:00+00:00, run_after=2026-10-01T00:00:00+00:00
[2026-10-01T00:06:27.903+0000] {logging_mixin.py:137} INFO - [2026-10-01T00:06:27.903+0000] {dag.py:3427} INFO - Setting next_dagrun for example_branch_datetime_operator_2 to 2026-09-30T00:00:00+00:00, run_after=2026-10-01T00:00:00+00:00
[2026-10-01T00:06:27.906+0000] {logging_mixin.py:137} INFO - [2026-10-01T00:06:27.905+0000] {dag.py:3427} INFO - Setting next_dagrun for example_branch_datetime_operator_3 to 2026-09-30T00:00:00+00:00, run_after=2026-10-01T00:00:00+00:00
[2026-10-01T00:06:27.926+0000] {processor.py:175} INFO - Processing /home/airflow/.local/lib/python3.7/site-packages/airflow/example_dags/example_branch_datetime_operator.py took 0.169 seconds
[2026-10-01T00:06:58.180+0000] {processor.py:153} INFO - Started process (PID=16064) to work on /home/airflow/.local/lib/python3.7/site-packages/airflow/example_dags/example_branch_datetime_operator.py
[2026-10-01T00:06:58.181+0000] {processor.py:743} INFO - Processing file /home/airflow/.local/lib/python3.7/site-packages/airflow/example_dags/example_branch_datetime_operator.py for tasks to queue
[2026-10-01T00:06:58.182+0000] {logging_mixin.py:137} INFO - [2026-10-01T00:06:58.182+0000] {dagbag.py:538} INFO - Filling up the DagBag from /home/airflow/.local/lib/python3.7/site-packages/airflow/example_dags/example_branch_datetime_operator.py
[2026-10-01T00:06:58.209+0000] {processor.py:753} INFO - DAG(s) dict_keys(['example_branch_datetime_operator', 'example_branch_datetime_operator_2', 'example_branch_datetime_operator_3']) retrieved from /home/airflow/.local/lib/python3.7/site-packages/airflow/example_dags/example_branch_datetime_operator.py
[2026-10-01T00:06:58.275+0000] {logging_mixin.py:137} INFO - [2026-10-01T00:06:58.274+0000] {dag.py:2676} INFO - Sync 3 DAGs
[2026-10-01T00:06:58.310+0000] {logging_mixin.py:137} INFO - [2026-10-01T00:06:58.310+0000] {dag.py:3427} INFO - Setting next_dagrun for example_branch_datetime_operator to 2026-09-30T00:00:00+00:00, run_after=2026-10-01T00:00:00+00:00
[2026-10-01T00:06:58.315+0000] {logging_mixin.py:137} INFO - [2026-10-01T00:06:58.315+0000] {dag.py:3427} INFO - Setting next_dagrun for example_branch_datetime_operator_2 to 2026-09-30T00:00:00+00:00, run_after=2026-10-01T00:00:00+00:00
[2026-10-01T00:06:58.318+0000] {logging_mixin.py:137} INFO - [2026-10-01T00:06:58.318+0000] {dag.py:3427} INFO - Setting next_dagrun for example_branch_datetime_operator_3 to 2026-09-30T00:00:00+00:00, run_after=2026-10-01T00:00:00+00:00
[2026-10-01T00:06:58.345+0000] {processor.py:175} INFO - Processing /home/airflow/.local/lib/python3.7/site-packages/airflow/example_dags/example_branch_datetime_operator.py took 0.170 seconds
[2026-10-01T00:07:28.643+0000] {processor.py:153} INFO - Started process (PID=16163) to work on /home/airflow/.local/lib/python3.7/site-packages/airflow/example_dags/example_branch_datetime_operator.py
[2026-10-01T00:07:28.644+0000] {processor.py:743} INFO - Processing file /home/airflow/.local/lib/python3.7/site-packages/airflow/example_dags/example_branch_datetime_operator.py for tasks to queue
[2026-10-01T00:07:28.645+0000] {logging_mixin.py:137} INFO - [2026-10-01T00:07:28.645+0000] {dagbag.py:538} INFO - Filling up the DagBag from /home/airflow/.local/lib/python3.7/site-packages/airflow/example_dags/example_branch_datetime_operator.py
[2026-10-01T00:07:28.674+0000] {processor.py:753} INFO - DAG(s) dict_keys(['example_branch_datetime_operator', 'example_branch_datetime_operator_2', 'example_branch_datetime_operator_3']) retrieved from /home/airflow/.local/lib/python3.7/site-packages/airflow/example_dags/example_branch_datetime_operator.py
[2026-10-01T00:07:28.733+0000] {logging_mixin.py:137} INFO - [2026-10-01T00:07:28.733+0000] {dag.py:2676} INFO - Sync 3 DAGs
[2026-10-01T00:07:28.770+0000] {logging_mixin.py:137} INFO - [2026-10-01T00:07:28.770+0000] {dag.py:3427} INFO - Setting next_dagrun for example_branch_datetime_operator to 2026-09-30T00:00:00+00:00, run_after=2026-10-01T00:00:00+00:00
[2026-10-01T00:07:28.777+0000] {logging_mixin.py:137} INFO - [2026-10-01T00:07:28.777+0000] {dag.py:3427} INFO - Setting next_dagrun for example_branch_datetime_operator_2 to 2026-09-30T00:00:00+00:00, run_after=2026-10-01T00:00:00+00:00
[2026-10-01T00:07:28.780+0000] {logging_mixin.py:137} INFO - [2026-10-01T00:07:28.780+0000] {dag.py:3427} INFO - Setting next_dagrun for example_branch_datetime_operator_3 to 2026-09-30T00:00:00+00:00, run_after=2026-10-01T00:00:00+00:00
[2026-10-01T00:07:28.799+0000] {processor.py:175} INFO - Processing /home/airflow/.local/lib/python3.7/site-packages/airflow/example_dags/example_branch_datetime_operator.py took 0.162 seconds
[2026-10-01T00:07:58.918+0000] {processor.py:153} INFO - Started process (PID=16242) to work on /home/airflow/.local/lib/python3.7/site-packages/airflow/example_dags/example_branch_datetime_operator.py
[2026-10-01T00:07:58.918+0000] {processor.py:743} INFO - Processing file /home/airflow/.local/lib/python3.7/site-packages/airflow/example_dags/example_branch_datetime_operator.py for tasks to queue
[2026-10-01T00:07:58.919+0000] {logging_mixin.py:137} INFO - [2026-10-01T00:07:58.919+0000] {dagbag.py:538} INFO - Filling up the DagBag from /home/airflow/.local/lib/python3.7/site-packages/airflow/example_dags/example_branch_datetime_operator.py
[2026-10-01T00:07:58.953+0000] {processor.py:753} INFO - DAG(s) dict_keys(['example_branch_datetime_operator', 'example_branch_datetime_operator_3', 'example_branch_datetime_operator_2']) retrieved from /home/airflow/.local/lib/python3.7/site-packages/airflow/example_dags/example_branch_datetime_operator.py
[2026-10-01T00:07:59.021+0000] {logging_mixin.py:137} INFO - [2026-10-01T00:07:59.021+0000] {dag.py:2676} INFO - Sync 3 DAGs
[2026-10-01T00:07:59.056+0000] {logging_mixin.py:137} INFO - [2026-10-01T00:07:59.056+0000] {dag.py:3427} INFO - Setting next_dagrun for example_branch_datetime_operator to 2026-09-30T00:00:00+00:00, run_after=2026-10-01T00:00:00+00:00
[2026-10-01T00:07:59.061+0000] {logging_mixin.py:137} INFO - [2026-10-01T00:07:59.061+0000] {dag.py:3427} INFO - Setting next_dagrun for example_branch_datetime_operator_2 to 2026-09-30T00:00:00+00:00, run_after=2026-10-01T00:00:00+00:00
[2026-10-01T00:07:59.064+0000] {logging_mixin.py:137} INFO - [2026-10-01T00:07:59.064+0000] {dag.py:3427} INFO - Setting next_dagrun for example_branch_datetime_operator_3 to 2026-09-30T00:00:00+00:00, run_after=2026-10-01T00:00:00+00:00
[2026-10-01T00:07:59.084+0000] {processor.py:175} INFO - Processing /home/airflow/.local/lib/python3.7/site-packages/airflow/example_dags/example_branch_datetime_operator.py took 0.171 seconds
[2026-10-01T00:08:29.382+0000] {processor.py:153} INFO - Started process (PID=16321) to work on /home/airflow/.local/lib/python3.7/site-packages/airflow/example_dags/example_branch_datetime_operator.py
[2026-10-01T00:08:29.383+0000] {processor.py:743} INFO - Processing file /home/airflow/.local/lib/python3.7/site-packages/airflow/example_dags/example_branch_datetime_operator.py for tasks to queue
[2026-10-01T00:08:29.384+0000] {logging_mixin.py:137} INFO - [2026-10-01T00:08:29.384+0000] {dagbag.py:538} INFO - Filling up the DagBag from /home/airflow/.local/lib/python3.7/site-packages/airflow/example_dags/example_branch_datetime_operator.py
[2026-10-01T00:08:29.413+0000] {processor.py:753} INFO - DAG(s) dict_keys(['example_branch_datetime_operator_3', 'example_branch_datetime_operator', 'example_branch_datetime_operator_2']) retrieved from /home/airflow/.local/lib/python3.7/site-packages/airflow/example_dags/example_branch_datetime_operator.py
[2026-10-01T00:08:29.475+0000] {logging_mixin.py:137} INFO - [2026-10-01T00:08:29.475+0000] {dag.py:2676} INFO - Sync 3 DAGs
[2026-10-01T00:08:29.516+0000] {logging_mixin.py:137} INFO - [2026-10-01T00:08:29.515+0000] {dag.py:3427} INFO - Setting next_dagrun for example_branch_datetime_operator to 2026-09-30T00:00:00+00:00, run_after=2026-10-01T00:00:00+00:00
[2026-10-01T00:08:29.523+0000] {logging_mixin.py:137} INFO - [2026-10-01T00:08:29.523+0000] {dag.py:3427} INFO - Setting next_dagrun for example_branch_datetime_operator_2 to 2026-09-30T00:00:00+00:00, run_after=2026-10-01T00:00:00+00:00
[2026-10-01T00:08:29.528+0000] {logging_mixin.py:137} INFO - [2026-10-01T00:08:29.527+0000] {dag.py:3427} INFO - Setting next_dagrun for example_branch_datetime_operator_3 to 2026-09-30T00:00:00+00:00, run_after=2026-10-01T00:00:00+00:00
[2026-10-01T00:08:29.550+0000] {processor.py:175} INFO - Processing /home/airflow/.local/lib/python3.7/site-packages/airflow/example_dags/example_branch_datetime_operator.py took 0.173 seconds
[2026-10-01T00:08:59.922+0000] {processor.py:153} INFO - Started process (PID=16409) to work on /home/airflow/.local/lib/python3.7/site-packages/airflow/example_dags/example_branch_datetime_operator.py
[2026-10-01T00:08:59.923+0000] {processor.py:743} INFO - Processing file /home/airflow/.local/lib/python3.7/site-packages/airflow/example_dags/example_branch_datetime_operator.py for tasks to queue
[2026-10-01T00:08:59.924+0000] {logging_mixin.py:137} INFO - [2026-10-01T00:08:59.923+0000] {dagbag.py:538} INFO - Filling up the DagBag from /home/airflow/.local/lib/python3.7/site-packages/airflow/example_dags/example_branch_datetime_operator.py
[2026-10-01T00:08:59.948+0000] {processor.py:753} INFO - DAG(s) dict_keys(['example_branch_datetime_operator', 'example_branch_datetime_operator_2', 'example_branch_datetime_operator_3']) retrieved from /home/airflow/.local/lib/python3.7/site-packages/airflow/example_dags/example_branch_datetime_operator.py
[2026-10-01T00:09:00.020+0000] {logging_mixin.py:137} INFO - [2026-10-01T00:09:00.020+0000] {dag.py:2676} INFO - Sync 3 DAGs
[2026-10-01T00:09:00.073+0000] {logging_mixin.py:137} INFO - [2026-10-01T00:09:00.072+0000] {dag.py:3427} INFO - Setting next_dagrun for example_branch_datetime_operator to 2026-09-30T00:00:00+00:00, run_after=2026-10-01T00:00:00+00:00
[2026-10-01T00:09:00.082+0000] {logging_mixin.py:137} INFO - [2026-10-01T00:09:00.082+0000] {dag.py:3427} INFO - Setting next_dagrun for example_branch_datetime_operator_2 to 2026-09-30T00:00:00+00:00, run_after=2026-10-01T00:00:00+00:00
[2026-10-01T00:09:00.085+0000] {logging_mixin.py:137} INFO - [2026-10-01T00:09:00.085+0000] {dag.py:3427} INFO - Setting next_dagrun for example_branch_datetime_operator_3 to 2026-09-30T00:00:00+00:00, run_after=2026-10-01T00:00:00+00:00
[2026-10-01T00:09:00.105+0000] {processor.py:175} INFO - Processing /home/airflow/.local/lib/python3.7/site-packages/airflow/example_dags/example_branch_datetime_operator.py took 0.187 seconds
[2026-10-01T00:09:30.178+0000] {processor.py:153} INFO - Started process (PID=16499) to work on /home/airflow/.local/lib/python3.7/site-packages/airflow/example_dags/example_branch_datetime_operator.py
[2026-10-01T00:09:30.180+0000] {processor.py:743} INFO - Processing file /home/airflow/.local/lib/python3.7/site-packages/airflow/example_dags/example_branch_datetime_operator.py for tasks to queue
[2026-10-01T00:09:30.180+0000] {logging_mixin.py:137} INFO - [2026-10-01T00:09:30.180+0000] {dagbag.py:538} INFO - Filling up the DagBag from /home/airflow/.local/lib/python3.7/site-packages/airflow/example_dags/example_branch_datetime_operator.py
[2026-10-01T00:09:30.205+0000] {processor.py:753} INFO - DAG(s) dict_keys(['example_branch_datetime_operator_3', 'example_branch_datetime_operator_2', 'example_branch_datetime_operator']) retrieved from /home/airflow/.local/lib/python3.7/site-packages/airflow/example_dags/example_branch_datetime_operator.py
[2026-10-01T00:09:30.261+0000] {logging_mixin.py:137} INFO - [2026-10-01T00:09:30.261+0000] {dag.py:2676} INFO - Sync 3 DAGs
[2026-10-01T00:09:30.296+0000] {logging_mixin.py:137} INFO - [2026-10-01T00:09:30.295+0000] {dag.py:3427} INFO - Setting next_dagrun for example_branch_datetime_operator to 2026-09-30T00:00:00+00:00, run_after=2026-10-01T00:00:00+00:00
[2026-10-01T00:09:30.301+0000] {logging_mixin.py:137} INFO - [2026-10-01T00:09:30.301+0000] {dag.py:3427} INFO - Setting next_dagrun for example_branch_datetime_operator_2 to 2026-09-30T00:00:00+00:00, run_after=2026-10-01T00:00:00+00:00
[2026-10-01T00:09:30.304+0000] {logging_mixin.py:137} INFO - [2026-10-01T00:09:30.304+0000] {dag.py:3427} INFO - Setting next_dagrun for example_branch_datetime_operator_3 to 2026-09-30T00:00:00+00:00, run_after=2026-10-01T00:00:00+00:00
[2026-10-01T00:09:30.324+0000] {processor.py:175} INFO - Processing /home/airflow/.local/lib/python3.7/site-packages/airflow/example_dags/example_branch_datetime_operator.py took 0.149 seconds
[2026-10-01T00:10:00.528+0000] {processor.py:153} INFO - Started process (PID=16578) to work on /home/airflow/.local/lib/python3.7/site-packages/airflow/example_dags/example_branch_datetime_operator.py
[2026-10-01T00:10:00.529+0000] {processor.py:743} INFO - Processing file /home/airflow/.local/lib/python3.7/site-packages/airflow/example_dags/example_branch_datetime_operator.py for tasks to queue
[2026-10-01T00:10:00.530+0000] {logging_mixin.py:137} INFO - [2026-10-01T00:10:00.530+0000] {dagbag.py:538} INFO - Filling up the DagBag from /home/airflow/.local/lib/python3.7/site-packages/airflow/example_dags/example_branch_datetime_operator.py
[2026-10-01T00:10:00.554+0000] {processor.py:753} INFO - DAG(s) dict_keys(['example_branch_datetime_operator_2', 'example_branch_datetime_operator', 'example_branch_datetime_operator_3']) retrieved from /home/airflow/.local/lib/python3.7/site-packages/airflow/example_dags/example_branch_datetime_operator.py
[2026-10-01T00:10:00.611+0000] {logging_mixin.py:137} INFO - [2026-10-01T00:10:00.611+0000] {dag.py:2676} INFO - Sync 3 DAGs
[2026-10-01T00:10:00.651+0000] {logging_mixin.py:137} INFO - [2026-10-01T00:10:00.651+0000] {dag.py:3427} INFO - Setting next_dagrun for example_branch_datetime_operator to 2026-09-30T00:00:00+00:00, run_after=2026-10-01T00:00:00+00:00
[2026-10-01T00:10:00.660+0000] {logging_mixin.py:137} INFO - [2026-10-01T00:10:00.660+0000] {dag.py:3427} INFO - Setting next_dagrun for example_branch_datetime_operator_2 to 2026-09-30T00:00:00+00:00, run_after=2026-10-01T00:00:00+00:00
[2026-10-01T00:10:00.665+0000] {logging_mixin.py:137} INFO - [2026-10-01T00:10:00.665+0000] {dag.py:3427} INFO - Setting next_dagrun for example_branch_datetime_operator_3 to 2026-09-30T00:00:00+00:00, run_after=2026-10-01T00:00:00+00:00
[2026-10-01T00:10:00.692+0000] {processor.py:175} INFO - Processing /home/airflow/.local/lib/python3.7/site-packages/airflow/example_dags/example_branch_datetime_operator.py took 0.167 seconds
[2026-10-01T00:10:31.389+0000] {processor.py:153} INFO - Started process (PID=16657) to work on /home/airflow/.local/lib/python3.7/site-packages/airflow/example_dags/example_branch_datetime_operator.py
[2026-10-01T00:10:31.390+0000] {processor.py:743} INFO - Processing file /home/airflow/.local/lib/python3.7/site-packages/airflow/example_dags/example_branch_datetime_operator.py for tasks to queue
[2026-10-01T00:10:31.391+0000] {logging_mixin.py:137} INFO - [2026-10-01T00:10:31.391+0000] {dagbag.py:538} INFO - Filling up the DagBag from /home/airflow/.local/lib/python3.7/site-packages/airflow/example_dags/example_branch_datetime_operator.py
[2026-10-01T00:10:31.414+0000] {processor.py:753} INFO - DAG(s) dict_keys(['example_branch_datetime_operator_3', 'example_branch_datetime_operator', 'example_branch_datetime_operator_2']) retrieved from /home/airflow/.local/lib/python3.7/site-packages/airflow/example_dags/example_branch_datetime_operator.py
[2026-10-01T00:10:31.470+0000] {logging_mixin.py:137} INFO - [2026-10-01T00:10:31.470+0000] {dag.py:2676} INFO - Sync 3 DAGs
[2026-10-01T00:10:31.502+0000] {logging_mixin.py:137} INFO - [2026-10-01T00:10:31.502+0000] {dag.py:3427} INFO - Setting next_dagrun for example_branch_datetime_operator to 2026-09-30T00:00:00+00:00, run_after=2026-10-01T00:00:00+00:00
[2026-10-01T00:10:31.508+0000] {logging_mixin.py:137} INFO - [2026-10-01T00:10:31.508+0000] {dag.py:3427} INFO - Setting next_dagrun for example_branch_datetime_operator_2 to 2026-09-30T00:00:00+00:00, run_after=2026-10-01T00:00:00+00:00
[2026-10-01T00:10:31.511+0000] {logging_mixin.py:137} INFO - [2026-10-01T00:10:31.511+0000] {dag.py:3427} INFO - Setting next_dagrun for example_branch_datetime_operator_3 to 2026-09-30T00:00:00+00:00, run_after=2026-10-01T00:00:00+00:00
[2026-10-01T00:10:31.530+0000] {processor.py:175} INFO - Processing /home/airflow/.local/lib/python3.7/site-packages/airflow/example_dags/example_branch_datetime_operator.py took 0.145 seconds
[2026-10-01T00:11:01.837+0000] {processor.py:153} INFO - Started process (PID=16736) to work on /home/airflow/.local/lib/python3.7/site-packages/airflow/example_dags/example_branch_datetime_operator.py
[2026-10-01T00:11:01.837+0000] {processor.py:743} INFO - Processing file /home/airflow/.local/lib/python3.7/site-packages/airflow/example_dags/example_branch_datetime_operator.py for tasks to queue
[2026-10-01T00:11:01.838+0000] {logging_mixin.py:137} INFO - [2026-10-01T00:11:01.838+0000] {dagbag.py:538} INFO - Filling up the DagBag from /home/airflow/.local/lib/python3.7/site-packages/airflow/example_dags/example_branch_datetime_operator.py
[2026-10-01T00:11:01.868+0000] {processor.py:753} INFO - DAG(s) dict_keys(['example_branch_datetime_operator_2', 'example_branch_datetime_operator', 'example_branch_datetime_operator_3']) retrieved from /home/airflow/.local/lib/python3.7/site-packages/airflow/example_dags/example_branch_datetime_operator.py
[2026-10-01T00:11:01.938+0000] {logging_mixin.py:137} INFO - [2026-10-01T00:11:01.937+0000] {dag.py:2676} INFO - Sync 3 DAGs
[2026-10-01T00:11:01.977+0000] {logging_mixin.py:137} INFO - [2026-10-01T00:11:01.977+0000] {dag.py:3427} INFO - Setting next_dagrun for example_branch_datetime_operator to 2026-09-30T00:00:00+00:00, run_after=2026-10-01T00:00:00+00:00
[2026-10-01T00:11:01.987+0000] {logging_mixin.py:137} INFO - [2026-10-01T00:11:01.987+0000] {dag.py:3427} INFO - Setting next_dagrun for example_branch_datetime_operator_2 to 2026-09-30T00:00:00+00:00, run_after=2026-10-01T00:00:00+00:00
[2026-10-01T00:11:01.993+0000] {logging_mixin.py:137} INFO - [2026-10-01T00:11:01.993+0000] {dag.py:3427} INFO - Setting next_dagrun for example_branch_datetime_operator_3 to 2026-09-30T00:00:00+00:00, run_after=2026-10-01T00:00:00+00:00
[2026-10-01T00:11:02.027+0000] {processor.py:175} INFO - Processing /home/airflow/.local/lib/python3.7/site-packages/airflow/example_dags/example_branch_datetime_operator.py took 0.195 seconds
[2026-10-01T00:11:32.257+0000] {processor.py:153} INFO - Started process (PID=16835) to work on /home/airflow/.local/lib/python3.7/site-packages/airflow/example_dags/example_branch_datetime_operator.py
[2026-10-01T00:11:32.258+0000] {processor.py:743} INFO - Processing file /home/airflow/.local/lib/python3.7/site-packages/airflow/example_dags/example_branch_datetime_operator.py for tasks to queue
[2026-10-01T00:11:32.259+0000] {logging_mixin.py:137} INFO - [2026-10-01T00:11:32.258+0000] {dagbag.py:538} INFO - Filling up the DagBag from /home/airflow/.local/lib/python3.7/site-packages/airflow/example_dags/example_branch_datetime_operator.py
[2026-10-01T00:11:32.289+0000] {processor.py:753} INFO - DAG(s) dict_keys(['example_branch_datetime_operator_3', 'example_branch_datetime_operator', 'example_branch_datetime_operator_2']) retrieved from /home/airflow/.local/lib/python3.7/site-packages/airflow/example_dags/example_branch_datetime_operator.py
[2026-10-01T00:11:32.361+0000] {logging_mixin.py:137} INFO - [2026-10-01T00:11:32.361+0000] {dag.py:2676} INFO - Sync 3 DAGs
[2026-10-01T00:11:32.398+0000] {logging_mixin.py:137} INFO - [2026-10-01T00:11:32.398+0000] {dag.py:3427} INFO - Setting next_dagrun for example_branch_datetime_operator to 2026-09-30T00:00:00+00:00, run_after=2026-10-01T00:00:00+00:00
[2026-10-01T00:11:32.406+0000] {logging_mixin.py:137} INFO - [2026-10-01T00:11:32.406+0000] {dag.py:3427} INFO - Setting next_dagrun for example_branch_datetime_operator_2 to 2026-09-30T00:00:00+00:00, run_after=2026-10-01T00:00:00+00:00
[2026-10-01T00:11:32.409+0000] {logging_mixin.py:137} INFO - [2026-10-01T00:11:32.409+0000] {dag.py:3427} INFO - Setting next_dagrun for example_branch_datetime_operator_3 to 2026-09-30T00:00:00+00:00, run_after=2026-10-01T00:00:00+00:00
[2026-10-01T00:11:32.433+0000] {processor.py:175} INFO - Processing /home/airflow/.local/lib/python3.7/site-packages/airflow/example_dags/example_branch_datetime_operator.py took 0.181 seconds
[2026-10-01T00:12:02.962+0000] {processor.py:153} INFO - Started process (PID=16914) to work on /home/airflow/.local/lib/python3.7/site-packages/airflow/example_dags/example_branch_datetime_operator.py
[2026-10-01T00:12:02.964+0000] {processor.py:743} INFO - Processing file /home/airflow/.local/lib/python3.7/site-packages/airflow/example_dags/example_branch_datetime_operator.py for tasks to queue
[2026-10-01T00:12:02.965+0000] {logging_mixin.py:137} INFO - [2026-10-01T00:12:02.965+0000] {dagbag.py:538} INFO - Filling up the DagBag from /home/airflow/.local/lib/python3.7/site-packages/airflow/example_dags/example_branch_datetime_operator.py
[2026-10-01T00:12:03.002+0000] {processor.py:753} INFO - DAG(s) dict_keys(['example_branch_datetime_operator_2', 'example_branch_datetime_operator', 'example_branch_datetime_operator_3']) retrieved from /home/airflow/.local/lib/python3.7/site-packages/airflow/example_dags/example_branch_datetime_operator.py
[2026-10-01T00:12:03.088+0000] {logging_mixin.py:137} INFO - [2026-10-01T00:12:03.087+0000] {dag.py:2676} INFO - Sync 3 DAGs
[2026-10-01T00:12:03.142+0000] {logging_mixin.py:137} INFO - [2026-10-01T00:12:03.142+0000] {dag.py:3427} INFO - Setting next_dagrun for example_branch_datetime_operator to 2026-09-30T00:00:00+00:00, run_after=2026-10-01T00:00:00+00:00
[2026-10-01T00:12:03.150+0000] {logging_mixin.py:137} INFO - [2026-10-01T00:12:03.150+0000] {dag.py:3427} INFO - Setting next_dagrun for example_branch_datetime_operator_2 to 2026-09-30T00:00:00+00:00, run_after=2026-10-01T00:00:00+00:00
[2026-10-01T00:12:03.155+0000] {logging_mixin.py:137} INFO - [2026-10-01T00:12:03.155+0000] {dag.py:3427} INFO - Setting next_dagrun for example_branch_datetime_operator_3 to 2026-09-30T00:00:00+00:00, run_after=2026-10-01T00:00:00+00:00
[2026-10-01T00:12:03.183+0000] {processor.py:175} INFO - Processing /home/airflow/.local/lib/python3.7/site-packages/airflow/example_dags/example_branch_datetime_operator.py took 0.225 seconds
[2026-10-01T00:12:33.324+0000] {processor.py:153} INFO - Started process (PID=16993) to work on /home/airflow/.local/lib/python3.7/site-packages/airflow/example_dags/example_branch_datetime_operator.py
[2026-10-01T00:12:33.325+0000] {processor.py:743} INFO - Processing file /home/airflow/.local/lib/python3.7/site-packages/airflow/example_dags/example_branch_datetime_operator.py for tasks to queue
[2026-10-01T00:12:33.326+0000] {logging_mixin.py:137} INFO - [2026-10-01T00:12:33.326+0000] {dagbag.py:538} INFO - Filling up the DagBag from /home/airflow/.local/lib/python3.7/site-packages/airflow/example_dags/example_branch_datetime_operator.py
[2026-10-01T00:12:33.351+0000] {processor.py:753} INFO - DAG(s) dict_keys(['example_branch_datetime_operator_3', 'example_branch_datetime_operator', 'example_branch_datetime_operator_2']) retrieved from /home/airflow/.local/lib/python3.7/site-packages/airflow/example_dags/example_branch_datetime_operator.py
[2026-10-01T00:12:33.409+0000] {logging_mixin.py:137} INFO - [2026-10-01T00:12:33.408+0000] {dag.py:2676} INFO - Sync 3 DAGs
[2026-10-01T00:12:33.442+0000] {logging_mixin.py:137} INFO - [2026-10-01T00:12:33.442+0000] {dag.py:3427} INFO - Setting next_dagrun for example_branch_datetime_operator to 2026-09-30T00:00:00+00:00, run_after=2026-10-01T00:00:00+00:00
[2026-10-01T00:12:33.448+0000] {logging_mixin.py:137} INFO - [2026-10-01T00:12:33.448+0000] {dag.py:3427} INFO - Setting next_dagrun for example_branch_datetime_operator_2 to 2026-09-30T00:00:00+00:00, run_after=2026-10-01T00:00:00+00:00
[2026-10-01T00:12:33.452+0000] {logging_mixin.py:137} INFO - [2026-10-01T00:12:33.452+0000] {dag.py:3427} INFO - Setting next_dagrun for example_branch_datetime_operator_3 to 2026-09-30T00:00:00+00:00, run_after=2026-10-01T00:00:00+00:00
[2026-10-01T00:12:33.472+0000] {processor.py:175} INFO - Processing /home/airflow/.local/lib/python3.7/site-packages/airflow/example_dags/example_branch_datetime_operator.py took 0.152 seconds
[2026-10-01T00:13:04.103+0000] {processor.py:153} INFO - Started process (PID=17072) to work on /home/airflow/.local/lib/python3.7/site-packages/airflow/example_dags/example_branch_datetime_operator.py
[2026-10-01T00:13:04.105+0000] {processor.py:743} INFO - Processing file /home/airflow/.local/lib/python3.7/site-packages/airflow/example_dags/example_branch_datetime_operator.py for tasks to queue
[2026-10-01T00:13:04.106+0000] {logging_mixin.py:137} INFO - [2026-10-01T00:13:04.106+0000] {dagbag.py:538} INFO - Filling up the DagBag from /home/airflow/.local/lib/python3.7/site-packages/airflow/example_dags/example_branch_datetime_operator.py
[2026-10-01T00:13:04.143+0000] {processor.py:753} INFO - DAG(s) dict_keys(['example_branch_datetime_operator', 'example_branch_datetime_operator_3', 'example_branch_datetime_operator_2']) retrieved from /home/airflow/.local/lib/python3.7/site-packages/airflow/example_dags/example_branch_datetime_operator.py
[2026-10-01T00:13:04.217+0000] {logging_mixin.py:137} INFO - [2026-10-01T00:13:04.217+0000] {dag.py:2676} INFO - Sync 3 DAGs
[2026-10-01T00:13:04.253+0000] {logging_mixin.py:137} INFO - [2026-10-01T00:13:04.253+0000] {dag.py:3427} INFO - Setting next_dagrun for example_branch_datetime_operator to 2026-09-30T00:00:00+00:00, run_after=2026-10-01T00:00:00+00:00
[2026-10-01T00:13:04.259+0000] {logging_mixin.py:137} INFO - [2026-10-01T00:13:04.259+0000] {dag.py:3427} INFO - Setting next_dagrun for example_branch_datetime_operator_2 to 2026-09-30T00:00:00+00:00, run_after=2026-10-01T00:00:00+00:00
[2026-10-01T00:13:04.262+0000] {logging_mixin.py:137} INFO - [2026-10-01T00:13:04.261+0000] {dag.py:3427} INFO - Setting next_dagrun for example_branch_datetime_operator_3 to 2026-09-30T00:00:00+00:00, run_after=2026-10-01T00:00:00+00:00
[2026-10-01T00:13:04.281+0000] {processor.py:175} INFO - Processing /home/airflow/.local/lib/python3.7/site-packages/airflow/example_dags/example_branch_datetime_operator.py took 0.184 seconds
[2026-10-01T00:13:34.579+0000] {processor.py:153} INFO - Started process (PID=17171) to work on /home/airflow/.local/lib/python3.7/site-packages/airflow/example_dags/example_branch_datetime_operator.py
[2026-10-01T00:13:34.580+0000] {processor.py:743} INFO - Processing file /home/airflow/.local/lib/python3.7/site-packages/airflow/example_dags/example_branch_datetime_operator.py for tasks to queue
[2026-10-01T00:13:34.581+0000] {logging_mixin.py:137} INFO - [2026-10-01T00:13:34.581+0000] {dagbag.py:538} INFO - Filling up the DagBag from /home/airflow/.local/lib/python3.7/site-packages/airflow/example_dags/example_branch_datetime_operator.py
[2026-10-01T00:13:34.605+0000] {processor.py:753} INFO - DAG(s) dict_keys(['example_branch_datetime_operator_2', 'example_branch_datetime_operator_3', 'example_branch_datetime_operator']) retrieved from /home/airflow/.local/lib/python3.7/site-packages/airflow/example_dags/example_branch_datetime_operator.py
[2026-10-01T00:13:34.665+0000] {logging_mixin.py:137} INFO - [2026-10-01T00:13:34.665+0000] {dag.py:2676} INFO - Sync 3 DAGs
[2026-10-01T00:13:34.708+0000] {logging_mixin.py:137} INFO - [2026-10-01T00:13:34.708+0000] {dag.py:3427} INFO - Setting next_dagrun for example_branch_datetime_operator to 2026-09-30T00:00:00+00:00, run_after=2026-10-01T00:00:00+00:00
[2026-10-01T00:13:34.716+0000] {logging_mixin.py:137} INFO - [2026-10-01T00:13:34.715+0000] {dag.py:3427} INFO - Setting next_dagrun for example_branch_datetime_operator_2 to 2026-09-30T00:00:00+00:00, run_after=2026-10-01T00:00:00+00:00
[2026-10-01T00:13:34.720+0000] {logging_mixin.py:137} INFO - [2026-10-01T00:13:34.719+0000] {dag.py:3427} INFO - Setting next_dagrun for example_branch_datetime_operator_3 to 2026-09-30T00:00:00+00:00, run_after=2026-10-01T00:00:00+00:00
[2026-10-01T00:13:34.748+0000] {processor.py:175} INFO - Processing /home/airflow/.local/lib/python3.7/site-packages/airflow/example_dags/example_branch_datetime_operator.py took 0.173 seconds
[2026-10-01T00:14:05.317+0000] {processor.py:153} INFO - Started process (PID=17250) to work on /home/airflow/.local/lib/python3.7/site-packages/airflow/example_dags/example_branch_datetime_operator.py
[2026-10-01T00:14:05.317+0000] {processor.py:743} INFO - Processing file /home/airflow/.local/lib/python3.7/site-packages/airflow/example_dags/example_branch_datetime_operator.py for tasks to queue
[2026-10-01T00:14:05.318+0000] {logging_mixin.py:137} INFO - [2026-10-01T00:14:05.318+0000] {dagbag.py:538} INFO - Filling up the DagBag from /home/airflow/.local/lib/python3.7/site-packages/airflow/example_dags/example_branch_datetime_operator.py
[2026-10-01T00:14:05.348+0000] {processor.py:753} INFO - DAG(s) dict_keys(['example_branch_datetime_operator_3', 'example_branch_datetime_operator', 'example_branch_datetime_operator_2']) retrieved from /home/airflow/.local/lib/python3.7/site-packages/airflow/example_dags/example_branch_datetime_operator.py
[2026-10-01T00:14:05.407+0000] {logging_mixin.py:137} INFO - [2026-10-01T00:14:05.407+0000] {dag.py:2676} INFO - Sync 3 DAGs
[2026-10-01T00:14:05.455+0000] {logging_mixin.py:137} INFO - [2026-10-01T00:14:05.455+0000] {dag.py:3427} INFO - Setting next_dagrun for example_branch_datetime_operator to 2026-09-30T00:00:00+00:00, run_after=2026-10-01T00:00:00+00:00
[2026-10-01T00:14:05.462+0000] {logging_mixin.py:137} INFO - [2026-10-01T00:14:05.462+0000] {dag.py:3427} INFO - Setting next_dagrun for example_branch_datetime_operator_2 to 2026-09-30T00:00:00+00:00, run_after=2026-10-01T00:00:00+00:00
[2026-10-01T00:14:05.465+0000] {logging_mixin.py:137} INFO - [2026-10-01T00:14:05.465+0000] {dag.py:3427} INFO - Setting next_dagrun for example_branch_datetime_operator_3 to 2026-09-30T00:00:00+00:00, run_after=2026-10-01T00:00:00+00:00
[2026-10-01T00:14:05.488+0000] {processor.py:175} INFO - Processing /home/airflow/.local/lib/python3.7/site-packages/airflow/example_dags/example_branch_datetime_operator.py took 0.175 seconds
[2026-10-01T00:14:35.762+0000] {processor.py:153} INFO - Started process (PID=17329) to work on /home/airflow/.local/lib/python3.7/site-packages/airflow/example_dags/example_branch_datetime_operator.py
[2026-10-01T00:14:35.763+0000] {processor.py:743} INFO - Processing file /home/airflow/.local/lib/python3.7/site-packages/airflow/example_dags/example_branch_datetime_operator.py for tasks to queue
[2026-10-01T00:14:35.764+0000] {logging_mixin.py:137} INFO - [2026-10-01T00:14:35.764+0000] {dagbag.py:538} INFO - Filling up the DagBag from /home/airflow/.local/lib/python3.7/site-packages/airflow/example_dags/example_branch_datetime_operator.py
[2026-10-01T00:14:35.796+0000] {processor.py:753} INFO - DAG(s) dict_keys(['example_branch_datetime_operator_3', 'example_branch_datetime_operator_2', 'example_branch_datetime_operator']) retrieved from /home/airflow/.local/lib/python3.7/site-packages/airflow/example_dags/example_branch_datetime_operator.py
[2026-10-01T00:14:35.865+0000] {logging_mixin.py:137} INFO - [2026-10-01T00:14:35.865+0000] {dag.py:2676} INFO - Sync 3 DAGs
[2026-10-01T00:14:35.898+0000] {logging_mixin.py:137} INFO - [2026-10-01T00:14:35.898+0000] {dag.py:3427} INFO - Setting next_dagrun for example_branch_datetime_operator to 2026-09-30T00:00:00+00:00, run_after=2026-10-01T00:00:00+00:00
[2026-10-01T00:14:35.904+0000] {logging_mixin.py:137} INFO - [2026-10-01T00:14:35.903+0000] {dag.py:3427} INFO - Setting next_dagrun for example_branch_datetime_operator_2 to 2026-09-30T00:00:00+00:00, run_after=2026-10-01T00:00:00+00:00
[2026-10-01T00:14:35.907+0000] {logging_mixin.py:137} INFO - [2026-10-01T00:14:35.907+0000] {dag.py:3427} INFO - Setting next_dagrun for example_branch_datetime_operator_3 to 2026-09-30T00:00:00+00:00, run_after=2026-10-01T00:00:00+00:00
[2026-10-01T00:14:35.932+0000] {processor.py:175} INFO - Processing /home/airflow/.local/lib/python3.7/site-packages/airflow/example_dags/example_branch_datetime_operator.py took 0.174 seconds
[2026-10-01T00:15:06.118+0000] {processor.py:153} INFO - Started process (PID=17415) to work on /home/airflow/.local/lib/python3.7/site-packages/airflow/example_dags/example_branch_datetime_operator.py
[2026-10-01T00:15:06.119+0000] {processor.py:743} INFO - Processing file /home/airflow/.local/lib/python3.7/site-packages/airflow/example_dags/example_branch_datetime_operator.py for tasks to queue
[2026-10-01T00:15:06.120+0000] {logging_mixin.py:137} INFO - [2026-10-01T00:15:06.120+0000] {dagbag.py:538} INFO - Filling up the DagBag from /home/airflow/.local/lib/python3.7/site-packages/airflow/example_dags/example_branch_datetime_operator.py
[2026-10-01T00:15:06.148+0000] {processor.py:753} INFO - DAG(s) dict_keys(['example_branch_datetime_operator', 'example_branch_datetime_operator_2', 'example_branch_datetime_operator_3']) retrieved from /home/airflow/.local/lib/python3.7/site-packages/airflow/example_dags/example_branch_datetime_operator.py
[2026-10-01T00:15:06.225+0000] {logging_mixin.py:137} INFO - [2026-10-01T00:15:06.225+0000] {dag.py:2676} INFO - Sync 3 DAGs
[2026-10-01T00:15:06.260+0000] {logging_mixin.py:137} INFO - [2026-10-01T00:15:06.259+0000] {dag.py:3427} INFO - Setting next_dagrun for example_branch_datetime_operator to 2026-09-30T00:00:00+00:00, run_after=2026-10-01T00:00:00+00:00
[2026-10-01T00:15:06.266+0000] {logging_mixin.py:137} INFO - [2026-10-01T00:15:06.266+0000] {dag.py:3427} INFO - Setting next_dagrun for example_branch_datetime_operator_2 to 2026-09-30T00:00:00+00:00, run_after=2026-10-01T00:00:00+00:00
[2026-10-01T00:15:06.269+0000] {logging_mixin.py:137} INFO - [2026-10-01T00:15:06.269+0000] {dag.py:3427} INFO - Setting next_dagrun for example_branch_datetime_operator_3 to 2026-09-30T00:00:00+00:00, run_after=2026-10-01T00:00:00+00:00
[2026-10-01T00:15:06.297+0000] {processor.py:175} INFO - Processing /home/airflow/.local/lib/python3.7/site-packages/airflow/example_dags/example_branch_datetime_operator.py took 0.183 seconds
[2026-10-01T00:15:36.737+0000] {processor.py:153} INFO - Started process (PID=17507) to work on /home/airflow/.local/lib/python3.7/site-packages/airflow/example_dags/example_branch_datetime_operator.py
[2026-10-01T00:15:36.738+0000] {processor.py:743} INFO - Processing file /home/airflow/.local/lib/python3.7/site-packages/airflow/example_dags/example_branch_datetime_operator.py for tasks to queue
[2026-10-01T00:15:36.738+0000] {logging_mixin.py:137} INFO - [2026-10-01T00:15:36.738+0000] {dagbag.py:538} INFO - Filling up the DagBag from /home/airflow/.local/lib/python3.7/site-packages/airflow/example_dags/example_branch_datetime_operator.py
[2026-10-01T00:15:36.766+0000] {processor.py:753} INFO - DAG(s) dict_keys(['example_branch_datetime_operator_3', 'example_branch_datetime_operator_2', 'example_branch_datetime_operator']) retrieved from /home/airflow/.local/lib/python3.7/site-packages/airflow/example_dags/example_branch_datetime_operator.py
[2026-10-01T00:15:36.834+0000] {logging_mixin.py:137} INFO - [2026-10-01T00:15:36.833+0000] {dag.py:2676} INFO - Sync 3 DAGs
[2026-10-01T00:15:36.885+0000] {logging_mixin.py:137} INFO - [2026-10-01T00:15:36.884+0000] {dag.py:3427} INFO - Setting next_dagrun for example_branch_datetime_operator to 2026-09-30T00:00:00+00:00, run_after=2026-10-01T00:00:00+00:00
[2026-10-01T00:15:36.895+0000] {logging_mixin.py:137} INFO - [2026-10-01T00:15:36.894+0000] {dag.py:3427} INFO - Setting next_dagrun for example_branch_datetime_operator_2 to 2026-09-30T00:00:00+00:00, run_after=2026-10-01T00:00:00+00:00
[2026-10-01T00:15:36.898+0000] {logging_mixin.py:137} INFO - [2026-10-01T00:15:36.897+0000] {dag.py:3427} INFO - Setting next_dagrun for example_branch_datetime_operator_3 to 2026-09-30T00:00:00+00:00, run_after=2026-10-01T00:00:00+00:00
[2026-10-01T00:15:36.916+0000] {processor.py:175} INFO - Processing /home/airflow/.local/lib/python3.7/site-packages/airflow/example_dags/example_branch_datetime_operator.py took 0.184 seconds
[2026-10-01T00:16:06.978+0000] {processor.py:153} INFO - Started process (PID=17586) to work on /home/airflow/.local/lib/python3.7/site-packages/airflow/example_dags/example_branch_datetime_operator.py
[2026-10-01T00:16:06.979+0000] {processor.py:743} INFO - Processing file /home/airflow/.local/lib/python3.7/site-packages/airflow/example_dags/example_branch_datetime_operator.py for tasks to queue
[2026-10-01T00:16:06.980+0000] {logging_mixin.py:137} INFO - [2026-10-01T00:16:06.980+0000] {dagbag.py:538} INFO - Filling up the DagBag from /home/airflow/.local/lib/python3.7/site-packages/airflow/example_dags/example_branch_datetime_operator.py
[2026-10-01T00:16:07.008+0000] {processor.py:753} INFO - DAG(s) dict_keys(['example_branch_datetime_operator', 'example_branch_datetime_operator_3', 'example_branch_datetime_operator_2']) retrieved from /home/airflow/.local/lib/python3.7/site-packages/airflow/example_dags/example_branch_datetime_operator.py
[2026-10-01T00:16:07.087+0000] {logging_mixin.py:137} INFO - [2026-10-01T00:16:07.087+0000] {dag.py:2676} INFO - Sync 3 DAGs
[2026-10-01T00:16:07.124+0000] {logging_mixin.py:137} INFO - [2026-10-01T00:16:07.124+0000] {dag.py:3427} INFO - Setting next_dagrun for example_branch_datetime_operator to 2026-09-30T00:00:00+00:00, run_after=2026-10-01T00:00:00+00:00
[2026-10-01T00:16:07.129+0000] {logging_mixin.py:137} INFO - [2026-10-01T00:16:07.129+0000] {dag.py:3427} INFO - Setting next_dagrun for example_branch_datetime_operator_2 to 2026-09-30T00:00:00+00:00, run_after=2026-10-01T00:00:00+00:00
[2026-10-01T00:16:07.132+0000] {logging_mixin.py:137} INFO - [2026-10-01T00:16:07.132+0000] {dag.py:3427} INFO - Setting next_dagrun for example_branch_datetime_operator_3 to 2026-09-30T00:00:00+00:00, run_after=2026-10-01T00:00:00+00:00
[2026-10-01T00:16:07.152+0000] {processor.py:175} INFO - Processing /home/airflow/.local/lib/python3.7/site-packages/airflow/example_dags/example_branch_datetime_operator.py took 0.179 seconds
[2026-10-01T00:16:37.497+0000] {processor.py:153} INFO - Started process (PID=17664) to work on /home/airflow/.local/lib/python3.7/site-packages/airflow/example_dags/example_branch_datetime_operator.py
[2026-10-01T00:16:37.498+0000] {processor.py:743} INFO - Processing file /home/airflow/.local/lib/python3.7/site-packages/airflow/example_dags/example_branch_datetime_operator.py for tasks to queue
[2026-10-01T00:16:37.499+0000] {logging_mixin.py:137} INFO - [2026-10-01T00:16:37.499+0000] {dagbag.py:538} INFO - Filling up the DagBag from /home/airflow/.local/lib/python3.7/site-packages/airflow/example_dags/example_branch_datetime_operator.py
[2026-10-01T00:16:37.524+0000] {processor.py:753} INFO - DAG(s) dict_keys(['example_branch_datetime_operator', 'example_branch_datetime_operator_3', 'example_branch_datetime_operator_2']) retrieved from /home/airflow/.local/lib/python3.7/site-packages/airflow/example_dags/example_branch_datetime_operator.py
[2026-10-01T00:16:37.580+0000] {logging_mixin.py:137} INFO - [2026-10-01T00:16:37.580+0000] {dag.py:2676} INFO - Sync 3 DAGs
[2026-10-01T00:16:37.616+0000] {logging_mixin.py:137} INFO - [2026-10-01T00:16:37.616+0000] {dag.py:3427} INFO - Setting next_dagrun for example_branch_datetime_operator to 2026-09-30T00:00:00+00:00, run_after=2026-10-01T00:00:00+00:00
[2026-10-01T00:16:37.622+0000] {logging_mixin.py:137} INFO - [2026-10-01T00:16:37.621+0000] {dag.py:3427} INFO - Setting next_dagrun for example_branch_datetime_operator_2 to 2026-09-30T00:00:00+00:00, run_after=2026-10-01T00:00:00+00:00
[2026-10-01T00:16:37.624+0000] {logging_mixin.py:137} INFO - [2026-10-01T00:16:37.624+0000] {dag.py:3427} INFO - Setting next_dagrun for example_branch_datetime_operator_3 to 2026-09-30T00:00:00+00:00, run_after=2026-10-01T00:00:00+00:00
[2026-10-01T00:16:37.645+0000] {processor.py:175} INFO - Processing /home/airflow/.local/lib/python3.7/site-packages/airflow/example_dags/example_branch_datetime_operator.py took 0.151 seconds
[2026-10-01T00:17:08.856+0000] {processor.py:153} INFO - Started process (PID=17744) to work on /home/airflow/.local/lib/python3.7/site-packages/airflow/example_dags/example_branch_datetime_operator.py
[2026-10-01T00:17:08.856+0000] {processor.py:743} INFO - Processing file /home/airflow/.local/lib/python3.7/site-packages/airflow/example_dags/example_branch_datetime_operator.py for tasks to queue
[2026-10-01T00:17:08.857+0000] {logging_mixin.py:137} INFO - [2026-10-01T00:17:08.857+0000] {dagbag.py:538} INFO - Filling up the DagBag from /home/airflow/.local/lib/python3.7/site-packages/airflow/example_dags/example_branch_datetime_operator.py
[2026-10-01T00:17:08.885+0000] {processor.py:753} INFO - DAG(s) dict_keys(['example_branch_datetime_operator', 'example_branch_datetime_operator_2', 'example_branch_datetime_operator_3']) retrieved from /home/airflow/.local/lib/python3.7/site-packages/airflow/example_dags/example_branch_datetime_operator.py
[2026-10-01T00:17:08.941+0000] {logging_mixin.py:137} INFO - [2026-10-01T00:17:08.941+0000] {dag.py:2676} INFO - Sync 3 DAGs
[2026-10-01T00:17:08.974+0000] {logging_mixin.py:137} INFO - [2026-10-01T00:17:08.974+0000] {dag.py:3427} INFO - Setting next_dagrun for example_branch_datetime_operator to 2026-09-30T00:00:00+00:00, run_after=2026-10-01T00:00:00+00:00
[2026-10-01T00:17:08.980+0000] {logging_mixin.py:137} INFO - [2026-10-01T00:17:08.980+0000] {dag.py:3427} INFO - Setting next_dagrun for example_branch_datetime_operator_2 to 2026-09-30T00:00:00+00:00, run_after=2026-10-01T00:00:00+00:00
[2026-10-01T00:17:08.983+0000] {logging_mixin.py:137} INFO - [2026-10-01T00:17:08.983+0000] {dag.py:3427} INFO - Setting next_dagrun for example_branch_datetime_operator_3 to 2026-09-30T00:00:00+00:00, run_after=2026-10-01T00:00:00+00:00
[2026-10-01T00:17:09.004+0000] {processor.py:175} INFO - Processing /home/airflow/.local/lib/python3.7/site-packages/airflow/example_dags/example_branch_datetime_operator.py took 0.152 seconds
[2026-10-01T00:17:39.089+0000] {processor.py:153} INFO - Started process (PID=17843) to work on /home/airflow/.local/lib/python3.7/site-packages/airflow/example_dags/example_branch_datetime_operator.py
[2026-10-01T00:17:39.091+0000] {processor.py:743} INFO - Processing file /home/airflow/.local/lib/python3.7/site-packages/airflow/example_dags/example_branch_datetime_operator.py for tasks to queue
[2026-10-01T00:17:39.091+0000] {logging_mixin.py:137} INFO - [2026-10-01T00:17:39.091+0000] {dagbag.py:538} INFO - Filling up the DagBag from /home/airflow/.local/lib/python3.7/site-packages/airflow/example_dags/example_branch_datetime_operator.py
[2026-10-01T00:17:39.116+0000] {processor.py:753} INFO - DAG(s) dict_keys(['example_branch_datetime_operator_3', 'example_branch_datetime_operator', 'example_branch_datetime_operator_2']) retrieved from /home/airflow/.local/lib/python3.7/site-packages/airflow/example_dags/example_branch_datetime_operator.py
[2026-10-01T00:17:39.173+0000] {logging_mixin.py:137} INFO - [2026-10-01T00:17:39.173+0000] {dag.py:2676} INFO - Sync 3 DAGs
[2026-10-01T00:17:39.209+0000] {logging_mixin.py:137} INFO - [2026-10-01T00:17:39.208+0000] {dag.py:3427} INFO - Setting next_dagrun for example_branch_datetime_operator to 2026-09-30T00:00:00+00:00, run_after=2026-10-01T00:00:00+00:00
[2026-10-01T00:17:39.217+0000] {logging_mixin.py:137} INFO - [2026-10-01T00:17:39.216+0000] {dag.py:3427} INFO - Setting next_dagrun for example_branch_datetime_operator_2 to 2026-09-30T00:00:00+00:00, run_after=2026-10-01T00:00:00+00:00
[2026-10-01T00:17:39.220+0000] {logging_mixin.py:137} INFO - [2026-10-01T00:17:39.220+0000] {dag.py:3427} INFO - Setting next_dagrun for example_branch_datetime_operator_3 to 2026-09-30T00:00:00+00:00, run_after=2026-10-01T00:00:00+00:00
[2026-10-01T00:17:39.238+0000] {processor.py:175} INFO - Processing /home/airflow/.local/lib/python3.7/site-packages/airflow/example_dags/example_branch_datetime_operator.py took 0.153 seconds
[2026-10-01T00:18:09.635+0000] {processor.py:153} INFO - Started process (PID=17922) to work on /home/airflow/.local/lib/python3.7/site-packages/airflow/example_dags/example_branch_datetime_operator.py
[2026-10-01T00:18:09.636+0000] {processor.py:743} INFO - Processing file /home/airflow/.local/lib/python3.7/site-packages/airflow/example_dags/example_branch_datetime_operator.py for tasks to queue
[2026-10-01T00:18:09.636+0000] {logging_mixin.py:137} INFO - [2026-10-01T00:18:09.636+0000] {dagbag.py:538} INFO - Filling up the DagBag from /home/airflow/.local/lib/python3.7/site-packages/airflow/example_dags/example_branch_datetime_operator.py
[2026-10-01T00:18:09.669+0000] {processor.py:753} INFO - DAG(s) dict_keys(['example_branch_datetime_operator', 'example_branch_datetime_operator_2', 'example_branch_datetime_operator_3']) retrieved from /home/airflow/.local/lib/python3.7/site-packages/airflow/example_dags/example_branch_datetime_operator.py
[2026-10-01T00:18:09.739+0000] {logging_mixin.py:137} INFO - [2026-10-01T00:18:09.739+0000] {dag.py:2676} INFO - Sync 3 DAGs
[2026-10-01T00:18:09.772+0000] {logging_mixin.py:137} INFO - [2026-10-01T00:18:09.772+0000] {dag.py:3427} INFO - Setting next_dagrun for example_branch_datetime_operator to 2026-09-30T00:00:00+00:00, run_after=2026-10-01T00:00:00+00:00
[2026-10-01T00:18:09.777+0000] {logging_mixin.py:137} INFO - [2026-10-01T00:18:09.777+0000] {dag.py:3427} INFO - Setting next_dagrun for example_branch_datetime_operator_2 to 2026-09-30T00:00:00+00:00, run_after=2026-10-01T00:00:00+00:00
[2026-10-01T00:18:09.780+0000] {logging_mixin.py:137} INFO - [2026-10-01T00:18:09.780+0000] {dag.py:3427} INFO - Setting next_dagrun for example_branch_datetime_operator_3 to 2026-09-30T00:00:00+00:00, run_after=2026-10-01T00:00:00+00:00
[2026-10-01T00:18:09.802+0000] {processor.py:175} INFO - Processing /home/airflow/.local/lib/python3.7/site-packages/airflow/example_dags/example_branch_datetime_operator.py took 0.171 seconds
[2026-10-01T00:18:40.275+0000] {processor.py:153} INFO - Started process (PID=18001) to work on /home/airflow/.local/lib/python3.7/site-packages/airflow/example_dags/example_branch_datetime_operator.py
[2026-10-01T00:18:40.276+0000] {processor.py:743} INFO - Processing file /home/airflow/.local/lib/python3.7/site-packages/airflow/example_dags/example_branch_datetime_operator.py for tasks to queue
[2026-10-01T00:18:40.276+0000] {logging_mixin.py:137} INFO - [2026-10-01T00:18:40.276+0000] {dagbag.py:538} INFO - Filling up the DagBag from /home/airflow/.local/lib/python3.7/site-packages/airflow/example_dags/example_branch_datetime_operator.py
[2026-10-01T00:18:40.301+0000] {processor.py:753} INFO - DAG(s) dict_keys(['example_branch_datetime_operator_3', 'example_branch_datetime_operator_2', 'example_branch_datetime_operator']) retrieved from /home/airflow/.local/lib/python3.7/site-packages/airflow/example_dags/example_branch_datetime_operator.py
[2026-10-01T00:18:40.363+0000] {logging_mixin.py:137} INFO - [2026-10-01T00:18:40.362+0000] {dag.py:2676} INFO - Sync 3 DAGs
[2026-10-01T00:18:40.400+0000] {logging_mixin.py:137} INFO - [2026-10-01T00:18:40.400+0000] {dag.py:3427} INFO - Setting next_dagrun for example_branch_datetime_operator to 2026-09-30T00:00:00+00:00, run_after=2026-10-01T00:00:00+00:00
[2026-10-01T00:18:40.408+0000] {logging_mixin.py:137} INFO - [2026-10-01T00:18:40.407+0000] {dag.py:3427} INFO - Setting next_dagrun for example_branch_datetime_operator_2 to 2026-09-30T00:00:00+00:00, run_after=2026-10-01T00:00:00+00:00
[2026-10-01T00:18:40.412+0000] {logging_mixin.py:137} INFO - [2026-10-01T00:18:40.412+0000] {dag.py:3427} INFO - Setting next_dagrun for example_branch_datetime_operator_3 to 2026-09-30T00:00:00+00:00, run_after=2026-10-01T00:00:00+00:00
[2026-10-01T00:18:40.440+0000] {processor.py:175} INFO - Processing /home/airflow/.local/lib/python3.7/site-packages/airflow/example_dags/example_branch_datetime_operator.py took 0.169 seconds
[2026-10-01T00:19:11.190+0000] {processor.py:153} INFO - Started process (PID=18089) to work on /home/airflow/.local/lib/python3.7/site-packages/airflow/example_dags/example_branch_datetime_operator.py
[2026-10-01T00:19:11.191+0000] {processor.py:743} INFO - Processing file /home/airflow/.local/lib/python3.7/site-packages/airflow/example_dags/example_branch_datetime_operator.py for tasks to queue
[2026-10-01T00:19:11.192+0000] {logging_mixin.py:137} INFO - [2026-10-01T00:19:11.192+0000] {dagbag.py:538} INFO - Filling up the DagBag from /home/airflow/.local/lib/python3.7/site-packages/airflow/example_dags/example_branch_datetime_operator.py
[2026-10-01T00:19:11.219+0000] {processor.py:753} INFO - DAG(s) dict_keys(['example_branch_datetime_operator_2', 'example_branch_datetime_operator_3', 'example_branch_datetime_operator']) retrieved from /home/airflow/.local/lib/python3.7/site-packages/airflow/example_dags/example_branch_datetime_operator.py
[2026-10-01T00:19:11.285+0000] {logging_mixin.py:137} INFO - [2026-10-01T00:19:11.284+0000] {dag.py:2676} INFO - Sync 3 DAGs
[2026-10-01T00:19:11.336+0000] {logging_mixin.py:137} INFO - [2026-10-01T00:19:11.336+0000] {dag.py:3427} INFO - Setting next_dagrun for example_branch_datetime_operator to 2026-09-30T00:00:00+00:00, run_after=2026-10-01T00:00:00+00:00
[2026-10-01T00:19:11.343+0000] {logging_mixin.py:137} INFO - [2026-10-01T00:19:11.342+0000] {dag.py:3427} INFO - Setting next_dagrun for example_branch_datetime_operator_2 to 2026-09-30T00:00:00+00:00, run_after=2026-10-01T00:00:00+00:00
[2026-10-01T00:19:11.345+0000] {logging_mixin.py:137} INFO - [2026-10-01T00:19:11.345+0000] {dag.py:3427} INFO - Setting next_dagrun for example_branch_datetime_operator_3 to 2026-09-30T00:00:00+00:00, run_after=2026-10-01T00:00:00+00:00
[2026-10-01T00:19:11.363+0000] {processor.py:175} INFO - Processing /home/airflow/.local/lib/python3.7/site-packages/airflow/example_dags/example_branch_datetime_operator.py took 0.178 seconds
[2026-10-01T00:19:41.553+0000] {processor.py:153} INFO - Started process (PID=18179) to work on /home/airflow/.local/lib/python3.7/site-packages/airflow/example_dags/example_branch_datetime_operator.py
[2026-10-01T00:19:41.555+0000] {processor.py:743} INFO - Processing file /home/airflow/.local/lib/python3.7/site-packages/airflow/example_dags/example_branch_datetime_operator.py for tasks to queue
[2026-10-01T00:19:41.555+0000] {logging_mixin.py:137} INFO - [2026-10-01T00:19:41.555+0000] {dagbag.py:538} INFO - Filling up the DagBag from /home/airflow/.local/lib/python3.7/site-packages/airflow/example_dags/example_branch_datetime_operator.py
[2026-10-01T00:19:41.589+0000] {processor.py:753} INFO - DAG(s) dict_keys(['example_branch_datetime_operator_3', 'example_branch_datetime_operator_2', 'example_branch_datetime_operator']) retrieved from /home/airflow/.local/lib/python3.7/site-packages/airflow/example_dags/example_branch_datetime_operator.py
[2026-10-01T00:19:41.654+0000] {logging_mixin.py:137} INFO - [2026-10-01T00:19:41.654+0000] {dag.py:2676} INFO - Sync 3 DAGs
[2026-10-01T00:19:41.686+0000] {logging_mixin.py:137} INFO - [2026-10-01T00:19:41.686+0000] {dag.py:3427} INFO - Setting next_dagrun for example_branch_datetime_operator to 2026-09-30T00:00:00+00:00, run_after=2026-10-01T00:00:00+00:00
[2026-10-01T00:19:41.692+0000] {logging_mixin.py:137} INFO - [2026-10-01T00:19:41.692+0000] {dag.py:3427} INFO - Setting next_dagrun for example_branch_datetime_operator_2 to 2026-09-30T00:00:00+00:00, run_after=2026-10-01T00:00:00+00:00
[2026-10-01T00:19:41.695+0000] {logging_mixin.py:137} INFO - [2026-10-01T00:19:41.695+0000] {dag.py:3427} INFO - Setting next_dagrun for example_branch_datetime_operator_3 to 2026-09-30T00:00:00+00:00, run_after=2026-10-01T00:00:00+00:00
[2026-10-01T00:19:41.718+0000] {processor.py:175} INFO - Processing /home/airflow/.local/lib/python3.7/site-packages/airflow/example_dags/example_branch_datetime_operator.py took 0.168 seconds
[2026-10-01T00:20:11.817+0000] {processor.py:153} INFO - Started process (PID=18258) to work on /home/airflow/.local/lib/python3.7/site-packages/airflow/example_dags/example_branch_datetime_operator.py
[2026-10-01T00:20:11.818+0000] {processor.py:743} INFO - Processing file /home/airflow/.local/lib/python3.7/site-packages/airflow/example_dags/example_branch_datetime_operator.py for tasks to queue
[2026-10-01T00:20:11.819+0000] {logging_mixin.py:137} INFO - [2026-10-01T00:20:11.819+0000] {dagbag.py:538} INFO - Filling up the DagBag from /home/airflow/.local/lib/python3.7/site-packages/airflow/example_dags/example_branch_datetime_operator.py
[2026-10-01T00:20:11.858+0000] {processor.py:753} INFO - DAG(s) dict_keys(['example_branch_datetime_operator_3', 'example_branch_datetime_operator_2', 'example_branch_datetime_operator']) retrieved from /home/airflow/.local/lib/python3.7/site-packages/airflow/example_dags/example_branch_datetime_operator.py
[2026-10-01T00:20:11.939+0000] {logging_mixin.py:137} INFO - [2026-10-01T00:20:11.939+0000] {dag.py:2676} INFO - Sync 3 DAGs
[2026-10-01T00:20:12.001+0000] {logging_mixin.py:137} INFO - [2026-10-01T00:20:12.001+0000] {dag.py:3427} INFO - Setting next_dagrun for example_branch_datetime_operator to 2026-09-30T00:00:00+00:00, run_after=2026-10-01T00:00:00+00:00
[2026-10-01T00:20:12.010+0000] {logging_mixin.py:137} INFO - [2026-10-01T00:20:12.010+0000] {dag.py:3427} INFO - Setting next_dagrun for example_branch_datetime_operator_2 to 2026-09-30T00:00:00+00:00, run_after=2026-10-01T00:00:00+00:00
[2026-10-01T00:20:12.015+0000] {logging_mixin.py:137} INFO - [2026-10-01T00:20:12.015+0000] {dag.py:3427} INFO - Setting next_dagrun for example_branch_datetime_operator_3 to 2026-09-30T00:00:00+00:00, run_after=2026-10-01T00:00:00+00:00
[2026-10-01T00:20:12.043+0000] {processor.py:175} INFO - Processing /home/airflow/.local/lib/python3.7/site-packages/airflow/example_dags/example_branch_datetime_operator.py took 0.232 seconds
[2026-10-01T00:20:42.391+0000] {processor.py:153} INFO - Started process (PID=18337) to work on /home/airflow/.local/lib/python3.7/site-packages/airflow/example_dags/example_branch_datetime_operator.py
[2026-10-01T00:20:42.392+0000] {processor.py:743} INFO - Processing file /home/airflow/.local/lib/python3.7/site-packages/airflow/example_dags/example_branch_datetime_operator.py for tasks to queue
[2026-10-01T00:20:42.394+0000] {logging_mixin.py:137} INFO - [2026-10-01T00:20:42.394+0000] {dagbag.py:538} INFO - Filling up the DagBag from /home/airflow/.local/lib/python3.7/site-packages/airflow/example_dags/example_branch_datetime_operator.py
[2026-10-01T00:20:42.422+0000] {processor.py:753} INFO - DAG(s) dict_keys(['example_branch_datetime_operator_3', 'example_branch_datetime_operator', 'example_branch_datetime_operator_2']) retrieved from /home/airflow/.local/lib/python3.7/site-packages/airflow/example_dags/example_branch_datetime_operator.py
[2026-10-01T00:20:42.485+0000] {logging_mixin.py:137} INFO - [2026-10-01T00:20:42.484+0000] {dag.py:2676} INFO - Sync 3 DAGs
[2026-10-01T00:20:42.528+0000] {logging_mixin.py:137} INFO - [2026-10-01T00:20:42.527+0000] {dag.py:3427} INFO - Setting next_dagrun for example_branch_datetime_operator to 2026-09-30T00:00:00+00:00, run_after=2026-10-01T00:00:00+00:00
[2026-10-01T00:20:42.536+0000] {logging_mixin.py:137} INFO - [2026-10-01T00:20:42.536+0000] {dag.py:3427} INFO - Setting next_dagrun for example_branch_datetime_operator_2 to 2026-09-30T00:00:00+00:00, run_after=2026-10-01T00:00:00+00:00
[2026-10-01T00:20:42.541+0000] {logging_mixin.py:137} INFO - [2026-10-01T00:20:42.541+0000] {dag.py:3427} INFO - Setting next_dagrun for example_branch_datetime_operator_3 to 2026-09-30T00:00:00+00:00, run_after=2026-10-01T00:00:00+00:00
[2026-10-01T00:20:42.569+0000] {processor.py:175} INFO - Processing /home/airflow/.local/lib/python3.7/site-packages/airflow/example_dags/example_branch_datetime_operator.py took 0.182 seconds
