[2026-10-01T00:00:17.002+0000] {processor.py:153} INFO - Started process (PID=14966) to work on /home/airflow/.local/lib/python3.7/site-packages/airflow/example_dags/example_xcomargs.py
[2026-10-01T00:00:17.002+0000] {processor.py:743} INFO - Processing file /home/airflow/.local/lib/python3.7/site-packages/airflow/example_dags/example_xcomargs.py for tasks to queue
[2026-10-01T00:00:17.003+0000] {logging_mixin.py:137} INFO - [2026-10-01T00:00:17.003+0000] {dagbag.py:538} INFO - Filling up the DagBag from /home/airflow/.local/lib/python3.7/site-packages/airflow/example_dags/example_xcomargs.py
[2026-10-01T00:00:17.027+0000] {processor.py:753} INFO - DAG(s) dict_keys(['example_xcom_args_with_operators', 'example_xcom_args']) retrieved from /home/airflow/.local/lib/python3.7/site-packages/airflow/example_dags/example_xcomargs.py
[2026-10-01T00:00:17.068+0000] {logging_mixin.py:137} INFO - [2026-10-01T00:00:17.068+0000] {dag.py:2676} INFO - Sync 2 DAGs
[2026-10-01T00:00:17.093+0000] {logging_mixin.py:137} INFO - [2026-10-01T00:00:17.093+0000] {dag.py:3427} INFO - Setting next_dagrun for example_xcom_args to None, run_after=None
[2026-10-01T00:00:17.097+0000] {logging_mixin.py:137} INFO - [2026-10-01T00:00:17.096+0000] {dag.py:3427} INFO - Setting next_dagrun for example_xcom_args_with_operators to None, run_after=None
[2026-10-01T00:00:17.111+0000] {processor.py:175} INFO - Processing /home/airflow/.local/lib/python3.7/site-packages/airflow/example_dags/example_xcomargs.py took 0.113 seconds
[2026-10-01T00:00:47.959+0000] {processor.py:153} INFO - Started process (PID=15045) to work on /home/airflow/.local/lib/python3.7/site-packages/airflow/example_dags/example_xcomargs.py
[2026-10-01T00:00:47.960+0000] {processor.py:743} INFO - Processing file /home/airflow/.local/lib/python3.7/site-packages/airflow/example_dags/example_xcomargs.py for tasks to queue
[2026-10-01T00:00:47.961+0000] {logging_mixin.py:137} INFO - [2026-10-01T00:00:47.961+0000] {dagbag.py:538} INFO - Filling up the DagBag from /home/airflow/.local/lib/python3.7/site-packages/airflow/example_dags/example_xcomargs.py
[2026-10-01T00:00:47.996+0000] {processor.py:753} INFO - DAG(s) dict_keys(['example_xcom_args_with_operators', 'example_xcom_args']) retrieved from /home/airflow/.local/lib/python3.7/site-packages/airflow/example_dags/example_xcomargs.py
[2026-10-01T00:00:48.048+0000] {logging_mixin.py:137} INFO - [2026-10-01T00:00:48.048+0000] {dag.py:2676} INFO - Sync 2 DAGs
[2026-10-01T00:00:48.080+0000] {logging_mixin.py:137} INFO - [2026-10-01T00:00:48.080+0000] {dag.py:3427} INFO - Setting next_dagrun for example_xcom_args to None, run_after=None
[2026-10-01T00:00:48.084+0000] {logging_mixin.py:137} INFO - [2026-10-01T00:00:48.084+0000] {dag.py:3427} INFO - Setting next_dagrun for example_xcom_args_with_operators to None, run_after=None
[2026-10-01T00:00:48.106+0000] {processor.py:175} INFO - Processing /home/airflow/.local/lib/python3.7/site-packages/airflow/example_dags/example_xcomargs.py took 0.154 seconds
[2026-10-01T00:01:18.763+0000] {processor.py:153} INFO - Started process (PID=15124) to work on /home/airflow/.local/lib/python3.7/site-packages/airflow/example_dags/example_xcomargs.py
[2026-10-01T00:01:18.765+0000] {processor.py:743} INFO - Processing file /home/airflow/.local/lib/python3.7/site-packages/airflow/example_dags/example_xcomargs.py for tasks to queue
[2026-10-01T00:01:18.766+0000] {logging_mixin.py:137} INFO - [2026-10-01T00:01:18.765+0000] {dagbag.py:538} INFO - Filling up the DagBag from /home/airflow/.local/lib/python3.7/site-packages/airflow/example_dags/example_xcomargs.py
[2026-10-01T00:01:18.798+0000] {processor.py:753} INFO - DAG(s) dict_keys(['example_xcom_args', 'example_xcom_args_with_operators']) retrieved from /home/airflow/.local/lib/python3.7/site-packages/airflow/example_dags/example_xcomargs.py
[2026-10-01T00:01:18.863+0000] {logging_mixin.py:137} INFO - [2026-10-01T00:01:18.863+0000] {dag.py:2676} INFO - Sync 2 DAGs
[2026-10-01T00:01:18.907+0000] {logging_mixin.py:137} INFO - [2026-10-01T00:01:18.906+0000] {dag.py:3427} INFO - Setting next_dagrun for example_xcom_args to None, run_after=None
[2026-10-01T00:01:18.913+0000] {logging_mixin.py:137} INFO - [2026-10-01T00:01:18.913+0000] {dag.py:3427} INFO - Setting next_dagrun for example_xcom_args_with_operators to None, run_after=None
[2026-10-01T00:01:18.938+0000] {processor.py:175} INFO - Processing /home/airflow/.local/lib/python3.7/site-packages/airflow/example_dags/example_xcomargs.py took 0.180 seconds
[2026-10-01T00:01:49.648+0000] {processor.py:153} INFO - Started process (PID=15223) to work on /home/airflow/.local/lib/python3.7/site-packages/airflow/example_dags/example_xcomargs.py
[2026-10-01T00:01:49.649+0000] {processor.py:743} INFO - Processing file /home/airflow/.local/lib/python3.7/site-packages/airflow/example_dags/example_xcomargs.py for tasks to queue
[2026-10-01T00:01:49.650+0000] {logging_mixin.py:137} INFO - [2026-10-01T00:01:49.650+0000] {dagbag.py:538} INFO - Filling up the DagBag from /home/airflow/.local/lib/python3.7/site-packages/airflow/example_dags/example_xcomargs.py
[2026-10-01T00:01:49.696+0000] {processor.py:753} INFO - DAG(s) dict_keys(['example_xcom_args_with_operators', 'example_xcom_args']) retrieved from /home/airflow/.local/lib/python3.7/site-packages/airflow/example_dags/example_xcomargs.py
[2026-10-01T00:01:49.763+0000] {logging_mixin.py:137} INFO - [2026-10-01T00:01:49.763+0000] {dag.py:2676} INFO - Sync 2 DAGs
[2026-10-01T00:01:49.794+0000] {logging_mixin.py:137} INFO - [2026-10-01T00:01:49.794+0000] {dag.py:3427} INFO - Setting next_dagrun for example_xcom_args to None, run_after=None
[2026-10-01T00:01:49.799+0000] {logging_mixin.py:137} INFO - [2026-10-01T00:01:49.798+0000] {dag.py:3427} INFO - Setting next_dagrun for example_xcom_args_with_operators to None, run_after=None
[2026-10-01T00:01:49.820+0000] {processor.py:175} INFO - Processing /home/airflow/.local/lib/python3.7/site-packages/airflow/example_dags/example_xcomargs.py took 0.175 seconds
[2026-10-01T00:02:20.513+0000] {processor.py:153} INFO - Started process (PID=15302) to work on /home/airflow/.local/lib/python3.7/site-packages/airflow/example_dags/example_xcomargs.py
[2026-10-01T00:02:20.515+0000] {processor.py:743} INFO - Processing file /home/airflow/.local/lib/python3.7/site-packages/airflow/example_dags/example_xcomargs.py for tasks to queue
[2026-10-01T00:02:20.516+0000] {logging_mixin.py:137} INFO - [2026-10-01T00:02:20.516+0000] {dagbag.py:538} INFO - Filling up the DagBag from /home/airflow/.local/lib/python3.7/site-packages/airflow/example_dags/example_xcomargs.py
[2026-10-01T00:02:20.549+0000] {processor.py:753} INFO - DAG(s) dict_keys(['example_xcom_args', 'example_xcom_args_with_operators']) retrieved from /home/airflow/.local/lib/python3.7/site-packages/airflow/example_dags/example_xcomargs.py
[2026-10-01T00:02:20.609+0000] {logging_mixin.py:137} INFO - [2026-10-01T00:02:20.609+0000] {dag.py:2676} INFO - Sync 2 DAGs
[2026-10-01T00:02:20.641+0000] {logging_mixin.py:137} INFO - [2026-10-01T00:02:20.641+0000] {dag.py:3427} INFO - Setting next_dagrun for example_xcom_args to None, run_after=None
[2026-10-01T00:02:20.645+0000] {logging_mixin.py:137} INFO - [2026-10-01T00:02:20.644+0000] {dag.py:3427} INFO - Setting next_dagrun for example_xcom_args_with_operators to None, run_after=None
[2026-10-01T00:02:20.665+0000] {processor.py:175} INFO - Processing /home/airflow/.local/lib/python3.7/site-packages/airflow/example_dags/example_xcomargs.py took 0.155 seconds
[2026-10-01T00:02:50.893+0000] {processor.py:153} INFO - Started process (PID=15381) to work on /home/airflow/.local/lib/python3.7/site-packages/airflow/example_dags/example_xcomargs.py
[2026-10-01T00:02:50.894+0000] {processor.py:743} INFO - Processing file /home/airflow/.local/lib/python3.7/site-packages/airflow/example_dags/example_xcomargs.py for tasks to queue
[2026-10-01T00:02:50.895+0000] {logging_mixin.py:137} INFO - [2026-10-01T00:02:50.894+0000] {dagbag.py:538} INFO - Filling up the DagBag from /home/airflow/.local/lib/python3.7/site-packages/airflow/example_dags/example_xcomargs.py
[2026-10-01T00:02:50.921+0000] {processor.py:753} INFO - DAG(s) dict_keys(['example_xcom_args_with_operators', 'example_xcom_args']) retrieved from /home/airflow/.local/lib/python3.7/site-packages/airflow/example_dags/example_xcomargs.py
[2026-10-01T00:02:50.966+0000] {logging_mixin.py:137} INFO - [2026-10-01T00:02:50.965+0000] {dag.py:2676} INFO - Sync 2 DAGs
[2026-10-01T00:02:50.995+0000] {logging_mixin.py:137} INFO - [2026-10-01T00:02:50.994+0000] {dag.py:3427} INFO - Setting next_dagrun for example_xcom_args to None, run_after=None
[2026-10-01T00:02:50.998+0000] {logging_mixin.py:137} INFO - [2026-10-01T00:02:50.998+0000] {dag.py:3427} INFO - Setting next_dagrun for example_xcom_args_with_operators to None, run_after=None
[2026-10-01T00:02:51.016+0000] {processor.py:175} INFO - Processing /home/airflow/.local/lib/python3.7/site-packages/airflow/example_dags/example_xcomargs.py took 0.127 seconds
[2026-10-01T00:03:21.066+0000] {processor.py:153} INFO - Started process (PID=15460) to work on /home/airflow/.local/lib/python3.7/site-packages/airflow/example_dags/example_xcomargs.py
[2026-10-01T00:03:21.068+0000] {processor.py:743} INFO - Processing file /home/airflow/.local/lib/python3.7/site-packages/airflow/example_dags/example_xcomargs.py for tasks to queue
[2026-10-01T00:03:21.068+0000] {logging_mixin.py:137} INFO - [2026-10-01T00:03:21.068+0000] {dagbag.py:538} INFO - Filling up the DagBag from /home/airflow/.local/lib/python3.7/site-packages/airflow/example_dags/example_xcomargs.py
[2026-10-01T00:03:21.113+0000] {processor.py:753} INFO - DAG(s) dict_keys(['example_xcom_args', 'example_xcom_args_with_operators']) retrieved from /home/airflow/.local/lib/python3.7/site-packages/airflow/example_dags/example_xcomargs.py
[2026-10-01T00:03:21.190+0000] {logging_mixin.py:137} INFO - [2026-10-01T00:03:21.190+0000] {dag.py:2676} INFO - Sync 2 DAGs
[2026-10-01T00:03:21.244+0000] {logging_mixin.py:137} INFO - [2026-10-01T00:03:21.244+0000] {dag.py:3427} INFO - Setting next_dagrun for example_xcom_args to None, run_after=None
[2026-10-01T00:03:21.248+0000] {logging_mixin.py:137} INFO - [2026-10-01T00:03:21.248+0000] {dag.py:3427} INFO - Setting next_dagrun for example_xcom_args_with_operators to None, run_after=None
[2026-10-01T00:03:21.266+0000] {processor.py:175} INFO - Processing /home/airflow/.local/lib/python3.7/site-packages/airflow/example_dags/example_xcomargs.py took 0.205 seconds
[2026-10-01T00:03:51.481+0000] {processor.py:153} INFO - Started process (PID=15548) to work on /home/airflow/.local/lib/python3.7/site-packages/airflow/example_dags/example_xcomargs.py
[2026-10-01T00:03:51.482+0000] {processor.py:743} INFO - Processing file /home/airflow/.local/lib/python3.7/site-packages/airflow/example_dags/example_xcomargs.py for tasks to queue
[2026-10-01T00:03:51.483+0000] {logging_mixin.py:137} INFO - [2026-10-01T00:03:51.483+0000] {dagbag.py:538} INFO - Filling up the DagBag from /home/airflow/.local/lib/python3.7/site-packages/airflow/example_dags/example_xcomargs.py
[2026-10-01T00:03:51.517+0000] {processor.py:753} INFO - DAG(s) dict_keys(['example_xcom_args_with_operators', 'example_xcom_args']) retrieved from /home/airflow/.local/lib/python3.7/site-packages/airflow/example_dags/example_xcomargs.py
[2026-10-01T00:03:51.582+0000] {logging_mixin.py:137} INFO - [2026-10-01T00:03:51.582+0000] {dag.py:2676} INFO - Sync 2 DAGs
[2026-10-01T00:03:51.636+0000] {logging_mixin.py:137} INFO - [2026-10-01T00:03:51.635+0000] {dag.py:3427} INFO - Setting next_dagrun for example_xcom_args to None, run_after=None
[2026-10-01T00:03:51.642+0000] {logging_mixin.py:137} INFO - [2026-10-01T00:03:51.642+0000] {dag.py:3427} INFO - Setting next_dagrun for example_xcom_args_with_operators to None, run_after=None
[2026-10-01T00:03:51.670+0000] {processor.py:175} INFO - Processing /home/airflow/.local/lib/python3.7/site-packages/airflow/example_dags/example_xcomargs.py took 0.193 seconds
[2026-10-01T00:04:21.742+0000] {processor.py:153} INFO - Started process (PID=15638) to work on /home/airflow/.local/lib/python3.7/site-packages/airflow/example_dags/example_xcomargs.py
[2026-10-01T00:04:21.743+0000] {processor.py:743} INFO - Processing file /home/airflow/.local/lib/python3.7/site-packages/airflow/example_dags/example_xcomargs.py for tasks to queue
[2026-10-01T00:04:21.744+0000] {logging_mixin.py:137} INFO - [2026-10-01T00:04:21.744+0000] {dagbag.py:538} INFO - Filling up the DagBag from /home/airflow/.local/lib/python3.7/site-packages/airflow/example_dags/example_xcomargs.py
[2026-10-01T00:04:21.787+0000] {processor.py:753} INFO - DAG(s) dict_keys(['example_xcom_args_with_operators', 'example_xcom_args']) retrieved from /home/airflow/.local/lib/python3.7/site-packages/airflow/example_dags/example_xcomargs.py
[2026-10-01T00:04:21.841+0000] {logging_mixin.py:137} INFO - [2026-10-01T00:04:21.841+0000] {dag.py:2676} INFO - Sync 2 DAGs
[2026-10-01T00:04:21.873+0000] {logging_mixin.py:137} INFO - [2026-10-01T00:04:21.872+0000] {dag.py:3427} INFO - Setting next_dagrun for example_xcom_args to None, run_after=None
[2026-10-01T00:04:21.877+0000] {logging_mixin.py:137} INFO - [2026-10-01T00:04:21.876+0000] {dag.py:3427} INFO - Setting next_dagrun for example_xcom_args_with_operators to None, run_after=None
[2026-10-01T00:04:21.893+0000] {processor.py:175} INFO - Processing /home/airflow/.local/lib/python3.7/site-packages/airflow/example_dags/example_xcomargs.py took 0.157 seconds
[2026-10-01T00:04:52.781+0000] {processor.py:153} INFO - Started process (PID=15717) to work on /home/airflow/.local/lib/python3.7/site-packages/airflow/example_dags/example_xcomargs.py
[2026-10-01T00:04:52.782+0000] {processor.py:743} INFO - Processing file /home/airflow/.local/lib/python3.7/site-packages/airflow/example_dags/example_xcomargs.py for tasks to queue
[2026-10-01T00:04:52.783+0000] {logging_mixin.py:137} INFO - [2026-10-01T00:04:52.783+0000] {dagbag.py:538} INFO - Filling up the DagBag from /home/airflow/.local/lib/python3.7/site-packages/airflow/example_dags/example_xcomargs.py
[2026-10-01T00:04:52.833+0000] {processor.py:753} INFO - DAG(s) dict_keys(['example_xcom_args', 'example_xcom_args_with_operators']) retrieved from /home/airflow/.local/lib/python3.7/site-packages/airflow/example_dags/example_xcomargs.py
[2026-10-01T00:04:52.901+0000] {logging_mixin.py:137} INFO - [2026-10-01T00:04:52.900+0000] {dag.py:2676} INFO - Sync 2 DAGs
[2026-10-01T00:04:52.944+0000] {logging_mixin.py:137} INFO - [2026-10-01T00:04:52.944+0000] {dag.py:3427} INFO - Setting next_dagrun for example_xcom_args to None, run_after=None
[2026-10-01T00:04:52.948+0000] {logging_mixin.py:137} INFO - [2026-10-01T00:04:52.948+0000] {dag.py:3427} INFO - Setting next_dagrun for example_xcom_args_with_operators to None, run_after=None
[2026-10-01T00:04:52.969+0000] {processor.py:175} INFO - Processing /home/airflow/.local/lib/python3.7/site-packages/airflow/example_dags/example_xcomargs.py took 0.194 seconds
[2026-10-01T00:05:23.843+0000] {processor.py:153} INFO - Started process (PID=15796) to work on /home/airflow/.local/lib/python3.7/site-packages/airflow/example_dags/example_xcomargs.py
[2026-10-01T00:05:23.844+0000] {processor.py:743} INFO - Processing file /home/airflow/.local/lib/python3.7/site-packages/airflow/example_dags/example_xcomargs.py for tasks to queue
[2026-10-01T00:05:23.845+0000] {logging_mixin.py:137} INFO - [2026-10-01T00:05:23.844+0000] {dagbag.py:538} INFO - Filling up the DagBag from /home/airflow/.local/lib/python3.7/site-packages/airflow/example_dags/example_xcomargs.py
[2026-10-01T00:05:23.878+0000] {processor.py:753} INFO - DAG(s) dict_keys(['example_xcom_args', 'example_xcom_args_with_operators']) retrieved from /home/airflow/.local/lib/python3.7/site-packages/airflow/example_dags/example_xcomargs.py
[2026-10-01T00:05:23.934+0000] {logging_mixin.py:137} INFO - [2026-10-01T00:05:23.933+0000] {dag.py:2676} INFO - Sync 2 DAGs
[2026-10-01T00:05:23.982+0000] {logging_mixin.py:137} INFO - [2026-10-01T00:05:23.982+0000] {dag.py:3427} INFO - Setting next_dagrun for example_xcom_args to None, run_after=None
[2026-10-01T00:05:23.989+0000] {logging_mixin.py:137} INFO - [2026-10-01T00:05:23.988+0000] {dag.py:3427} INFO - Setting next_dagrun for example_xcom_args_with_operators to None, run_after=None
[2026-10-01T00:05:24.018+0000] {processor.py:175} INFO - Processing /home/airflow/.local/lib/python3.7/site-packages/airflow/example_dags/example_xcomargs.py took 0.180 seconds
[2026-10-01T00:05:54.403+0000] {processor.py:153} INFO - Started process (PID=15895) to work on /home/airflow/.local/lib/python3.7/site-packages/airflow/example_dags/example_xcomargs.py
[2026-10-01T00:05:54.404+0000] {processor.py:743} INFO - Processing file /home/airflow/.local/lib/python3.7/site-packages/airflow/example_dags/example_xcomargs.py for tasks to queue
[2026-10-01T00:05:54.404+0000] {logging_mixin.py:137} INFO - [2026-10-01T00:05:54.404+0000] {dagbag.py:538} INFO - Filling up the DagBag from /home/airflow/.local/lib/python3.7/site-packages/airflow/example_dags/example_xcomargs.py
[2026-10-01T00:05:54.435+0000] {processor.py:753} INFO - DAG(s) dict_keys(['example_xcom_args_with_operators', 'example_xcom_args']) retrieved from /home/airflow/.local/lib/python3.7/site-packages/airflow/example_dags/example_xcomargs.py
[2026-10-01T00:05:54.499+0000] {logging_mixin.py:137} INFO - [2026-10-01T00:05:54.498+0000] {dag.py:2676} INFO - Sync 2 DAGs
[2026-10-01T00:05:54.537+0000] {logging_mixin.py:137} INFO - [2026-10-01T00:05:54.536+0000] {dag.py:3427} INFO - Setting next_dagrun for example_xcom_args to None, run_after=None
[2026-10-01T00:05:54.542+0000] {logging_mixin.py:137} INFO - [2026-10-01T00:05:54.542+0000] {dag.py:3427} INFO - Setting next_dagrun for example_xcom_args_with_operators to None, run_after=None
[2026-10-01T00:05:54.566+0000] {processor.py:175} INFO - Processing /home/airflow/.local/lib/python3.7/site-packages/airflow/example_dags/example_xcomargs.py took 0.167 seconds
[2026-10-01T00:06:25.419+0000] {processor.py:153} INFO - Started process (PID=15974) to work on /home/airflow/.local/lib/python3.7/site-packages/airflow/example_dags/example_xcomargs.py
[2026-10-01T00:06:25.420+0000] {processor.py:743} INFO - Processing file /home/airflow/.local/lib/python3.7/site-packages/airflow/example_dags/example_xcomargs.py for tasks to queue
[2026-10-01T00:06:25.421+0000] {logging_mixin.py:137} INFO - [2026-10-01T00:06:25.421+0000] {dagbag.py:538} INFO - Filling up the DagBag from /home/airflow/.local/lib/python3.7/site-packages/airflow/example_dags/example_xcomargs.py
[2026-10-01T00:06:25.455+0000] {processor.py:753} INFO - DAG(s) dict_keys(['example_xcom_args', 'example_xcom_args_with_operators']) retrieved from /home/airflow/.local/lib/python3.7/site-packages/airflow/example_dags/example_xcomargs.py
[2026-10-01T00:06:25.514+0000] {logging_mixin.py:137} INFO - [2026-10-01T00:06:25.514+0000] {dag.py:2676} INFO - Sync 2 DAGs
[2026-10-01T00:06:25.545+0000] {logging_mixin.py:137} INFO - [2026-10-01T00:06:25.545+0000] {dag.py:3427} INFO - Setting next_dagrun for example_xcom_args to None, run_after=None
[2026-10-01T00:06:25.549+0000] {logging_mixin.py:137} INFO - [2026-10-01T00:06:25.549+0000] {dag.py:3427} INFO - Setting next_dagrun for example_xcom_args_with_operators to None, run_after=None
[2026-10-01T00:06:25.567+0000] {processor.py:175} INFO - Processing /home/airflow/.local/lib/python3.7/site-packages/airflow/example_dags/example_xcomargs.py took 0.152 seconds
[2026-10-01T00:06:55.888+0000] {processor.py:153} INFO - Started process (PID=16053) to work on /home/airflow/.local/lib/python3.7/site-packages/airflow/example_dags/example_xcomargs.py
[2026-10-01T00:06:55.890+0000] {processor.py:743} INFO - Processing file /home/airflow/.local/lib/python3.7/site-packages/airflow/example_dags/example_xcomargs.py for tasks to queue
[2026-10-01T00:06:55.891+0000] {logging_mixin.py:137} INFO - [2026-10-01T00:06:55.890+0000] {dagbag.py:538} INFO - Filling up the DagBag from /home/airflow/.local/lib/python3.7/site-packages/airflow/example_dags/example_xcomargs.py
[2026-10-01T00:06:55.932+0000] {processor.py:753} INFO - DAG(s) dict_keys(['example_xcom_args_with_operators', 'example_xcom_args']) retrieved from /home/airflow/.local/lib/python3.7/site-packages/airflow/example_dags/example_xcomargs.py
[2026-10-01T00:06:56.001+0000] {logging_mixin.py:137} INFO - [2026-10-01T00:06:56.001+0000] {dag.py:2676} INFO - Sync 2 DAGs
[2026-10-01T00:06:56.036+0000] {logging_mixin.py:137} INFO - [2026-10-01T00:06:56.036+0000] {dag.py:3427} INFO - Setting next_dagrun for example_xcom_args to None, run_after=None
[2026-10-01T00:06:56.040+0000] {logging_mixin.py:137} INFO - [2026-10-01T00:06:56.040+0000] {dag.py:3427} INFO - Setting next_dagrun for example_xcom_args_with_operators to None, run_after=None
[2026-10-01T00:06:56.059+0000] {processor.py:175} INFO - Processing /home/airflow/.local/lib/python3.7/site-packages/airflow/example_dags/example_xcomargs.py took 0.177 seconds
[2026-10-01T00:07:26.221+0000] {processor.py:153} INFO - Started process (PID=16141) to work on /home/airflow/.local/lib/python3.7/site-packages/airflow/example_dags/example_xcomargs.py
[2026-10-01T00:07:26.222+0000] {processor.py:743} INFO - Processing file /home/airflow/.local/lib/python3.7/site-packages/airflow/example_dags/example_xcomargs.py for tasks to queue
[2026-10-01T00:07:26.223+0000] {logging_mixin.py:137} INFO - [2026-10-01T00:07:26.223+0000] {dagbag.py:538} INFO - Filling up the DagBag from /home/airflow/.local/lib/python3.7/site-packages/airflow/example_dags/example_xcomargs.py
[2026-10-01T00:07:26.255+0000] {processor.py:753} INFO - DAG(s) dict_keys(['example_xcom_args_with_operators', 'example_xcom_args']) retrieved from /home/airflow/.local/lib/python3.7/site-packages/airflow/example_dags/example_xcomargs.py
[2026-10-01T00:07:26.306+0000] {logging_mixin.py:137} INFO - [2026-10-01T00:07:26.306+0000] {dag.py:2676} INFO - Sync 2 DAGs
[2026-10-01T00:07:26.338+0000] {logging_mixin.py:137} INFO - [2026-10-01T00:07:26.338+0000] {dag.py:3427} INFO - Setting next_dagrun for example_xcom_args to None, run_after=None
[2026-10-01T00:07:26.342+0000] {logging_mixin.py:137} INFO - [2026-10-01T00:07:26.342+0000] {dag.py:3427} INFO - Setting next_dagrun for example_xcom_args_with_operators to None, run_after=None
[2026-10-01T00:07:26.361+0000] {processor.py:175} INFO - Processing /home/airflow/.local/lib/python3.7/site-packages/airflow/example_dags/example_xcomargs.py took 0.144 seconds
[2026-10-01T00:07:56.674+0000] {processor.py:153} INFO - Started process (PID=16231) to work on /home/airflow/.local/lib/python3.7/site-packages/airflow/example_dags/example_xcomargs.py
[2026-10-01T00:07:56.674+0000] {processor.py:743} INFO - Processing file /home/airflow/.local/lib/python3.7/site-packages/airflow/example_dags/example_xcomargs.py for tasks to queue
[2026-10-01T00:07:56.675+0000] {logging_mixin.py:137} INFO - [2026-10-01T00:07:56.675+0000] {dagbag.py:538} INFO - Filling up the DagBag from /home/airflow/.local/lib/python3.7/site-packages/airflow/example_dags/example_xcomargs.py
[2026-10-01T00:07:56.706+0000] {processor.py:753} INFO - DAG(s) dict_keys(['example_xcom_args_with_operators', 'example_xcom_args']) retrieved from /home/airflow/.local/lib/python3.7/site-packages/airflow/example_dags/example_xcomargs.py
[2026-10-01T00:07:56.757+0000] {logging_mixin.py:137} INFO - [2026-10-01T00:07:56.756+0000] {dag.py:2676} INFO - Sync 2 DAGs
[2026-10-01T00:07:56.786+0000] {logging_mixin.py:137} INFO - [2026-10-01T00:07:56.786+0000] {dag.py:3427} INFO - Setting next_dagrun for example_xcom_args to None, run_after=None
[2026-10-01T00:07:56.791+0000] {logging_mixin.py:137} INFO - [2026-10-01T00:07:56.791+0000] {dag.py:3427} INFO - Setting next_dagrun for example_xcom_args_with_operators to None, run_after=None
[2026-10-01T00:07:56.813+0000] {processor.py:175} INFO - Processing /home/airflow/.local/lib/python3.7/site-packages/airflow/example_dags/example_xcomargs.py took 0.144 seconds
[2026-10-01T00:08:27.193+0000] {processor.py:153} INFO - Started process (PID=16310) to work on /home/airflow/.local/lib/python3.7/site-packages/airflow/example_dags/example_xcomargs.py
[2026-10-01T00:08:27.195+0000] {processor.py:743} INFO - Processing file /home/airflow/.local/lib/python3.7/site-packages/airflow/example_dags/example_xcomargs.py for tasks to queue
[2026-10-01T00:08:27.196+0000] {logging_mixin.py:137} INFO - [2026-10-01T00:08:27.196+0000] {dagbag.py:538} INFO - Filling up the DagBag from /home/airflow/.local/lib/python3.7/site-packages/airflow/example_dags/example_xcomargs.py
[2026-10-01T00:08:27.231+0000] {processor.py:753} INFO - DAG(s) dict_keys(['example_xcom_args', 'example_xcom_args_with_operators']) retrieved from /home/airflow/.local/lib/python3.7/site-packages/airflow/example_dags/example_xcomargs.py
[2026-10-01T00:08:27.285+0000] {logging_mixin.py:137} INFO - [2026-10-01T00:08:27.285+0000] {dag.py:2676} INFO - Sync 2 DAGs
[2026-10-01T00:08:27.318+0000] {logging_mixin.py:137} INFO - [2026-10-01T00:08:27.318+0000] {dag.py:3427} INFO - Setting next_dagrun for example_xcom_args to None, run_after=None
[2026-10-01T00:08:27.322+0000] {logging_mixin.py:137} INFO - [2026-10-01T00:08:27.322+0000] {dag.py:3427} INFO - Setting next_dagrun for example_xcom_args_with_operators to None, run_after=None
[2026-10-01T00:08:27.344+0000] {processor.py:175} INFO - Processing /home/airflow/.local/lib/python3.7/site-packages/airflow/example_dags/example_xcomargs.py took 0.157 seconds
[2026-10-01T00:08:57.473+0000] {processor.py:153} INFO - Started process (PID=16389) to work on /home/airflow/.local/lib/python3.7/site-packages/airflow/example_dags/example_xcomargs.py
[2026-10-01T00:08:57.474+0000] {processor.py:743} INFO - Processing file /home/airflow/.local/lib/python3.7/site-packages/airflow/example_dags/example_xcomargs.py for tasks to queue
[2026-10-01T00:08:57.475+0000] {logging_mixin.py:137} INFO - [2026-10-01T00:08:57.475+0000] {dagbag.py:538} INFO - Filling up the DagBag from /home/airflow/.local/lib/python3.7/site-packages/airflow/example_dags/example_xcomargs.py
[2026-10-01T00:08:57.506+0000] {processor.py:753} INFO - DAG(s) dict_keys(['example_xcom_args', 'example_xcom_args_with_operators']) retrieved from /home/airflow/.local/lib/python3.7/site-packages/airflow/example_dags/example_xcomargs.py
[2026-10-01T00:08:57.564+0000] {logging_mixin.py:137} INFO - [2026-10-01T00:08:57.563+0000] {dag.py:2676} INFO - Sync 2 DAGs
[2026-10-01T00:08:57.612+0000] {logging_mixin.py:137} INFO - [2026-10-01T00:08:57.612+0000] {dag.py:3427} INFO - Setting next_dagrun for example_xcom_args to None, run_after=None
[2026-10-01T00:08:57.617+0000] {logging_mixin.py:137} INFO - [2026-10-01T00:08:57.617+0000] {dag.py:3427} INFO - Setting next_dagrun for example_xcom_args_with_operators to None, run_after=None
[2026-10-01T00:08:57.645+0000] {processor.py:175} INFO - Processing /home/airflow/.local/lib/python3.7/site-packages/airflow/example_dags/example_xcomargs.py took 0.178 seconds
[2026-10-01T00:09:27.838+0000] {processor.py:153} INFO - Started process (PID=16477) to work on /home/airflow/.local/lib/python3.7/site-packages/airflow/example_dags/example_xcomargs.py
[2026-10-01T00:09:27.839+0000] {processor.py:743} INFO - Processing file /home/airflow/.local/lib/python3.7/site-packages/airflow/example_dags/example_xcomargs.py for tasks to queue
[2026-10-01T00:09:27.840+0000] {logging_mixin.py:137} INFO - [2026-10-01T00:09:27.840+0000] {dagbag.py:538} INFO - Filling up the DagBag from /home/airflow/.local/lib/python3.7/site-packages/airflow/example_dags/example_xcomargs.py
[2026-10-01T00:09:27.873+0000] {processor.py:753} INFO - DAG(s) dict_keys(['example_xcom_args_with_operators', 'example_xcom_args']) retrieved from /home/airflow/.local/lib/python3.7/site-packages/airflow/example_dags/example_xcomargs.py
[2026-10-01T00:09:27.925+0000] {logging_mixin.py:137} INFO - [2026-10-01T00:09:27.925+0000] {dag.py:2676} INFO - Sync 2 DAGs
[2026-10-01T00:09:27.971+0000] {logging_mixin.py:137} INFO - [2026-10-01T00:09:27.971+0000] {dag.py:3427} INFO - Setting next_dagrun for example_xcom_args to None, run_after=None
[2026-10-01T00:09:27.974+0000] {logging_mixin.py:137} INFO - [2026-10-01T00:09:27.974+0000] {dag.py:3427} INFO - Setting next_dagrun for example_xcom_args_with_operators to None, run_after=None
[2026-10-01T00:09:27.992+0000] {processor.py:175} INFO - Processing /home/airflow/.local/lib/python3.7/site-packages/airflow/example_dags/example_xcomargs.py took 0.158 seconds
[2026-10-01T00:09:58.181+0000] {processor.py:153} INFO - Started process (PID=16567) to work on /home/airflow/.local/lib/python3.7/site-packages/airflow/example_dags/example_xcomargs.py
[2026-10-01T00:09:58.182+0000] {processor.py:743} INFO - Processing file /home/airflow/.local/lib/python3.7/site-packages/airflow/example_dags/example_xcomargs.py for tasks to queue
[2026-10-01T00:09:58.183+0000] {logging_mixin.py:137} INFO - [2026-10-01T00:09:58.183+0000] {dagbag.py:538} INFO - Filling up the DagBag from /home/airflow/.local/lib/python3.7/site-packages/airflow/example_dags/example_xcomargs.py
[2026-10-01T00:09:58.214+0000] {processor.py:753} INFO - DAG(s) dict_keys(['example_xcom_args_with_operators', 'example_xcom_args']) retrieved from /home/airflow/.local/lib/python3.7/site-packages/airflow/example_dags/example_xcomargs.py
[2026-10-01T00:09:58.270+0000] {logging_mixin.py:137} INFO - [2026-10-01T00:09:58.269+0000] {dag.py:2676} INFO - Sync 2 DAGs
[2026-10-01T00:09:58.301+0000] {logging_mixin.py:137} INFO - [2026-10-01T00:09:58.301+0000] {dag.py:3427} INFO - Setting next_dagrun for example_xcom_args to None, run_after=None
[2026-10-01T00:09:58.306+0000] {logging_mixin.py:137} INFO - [2026-10-01T00:09:58.305+0000] {dag.py:3427} INFO - Setting next_dagrun for example_xcom_args_with_operators to None, run_after=None
[2026-10-01T00:09:58.324+0000] {processor.py:175} INFO - Processing /home/airflow/.local/lib/python3.7/site-packages/airflow/example_dags/example_xcomargs.py took 0.147 seconds
[2026-10-01T00:10:28.503+0000] {processor.py:153} INFO - Started process (PID=16646) to work on /home/airflow/.local/lib/python3.7/site-packages/airflow/example_dags/example_xcomargs.py
[2026-10-01T00:10:28.504+0000] {processor.py:743} INFO - Processing file /home/airflow/.local/lib/python3.7/site-packages/airflow/example_dags/example_xcomargs.py for tasks to queue
[2026-10-01T00:10:28.504+0000] {logging_mixin.py:137} INFO - [2026-10-01T00:10:28.504+0000] {dagbag.py:538} INFO - Filling up the DagBag from /home/airflow/.local/lib/python3.7/site-packages/airflow/example_dags/example_xcomargs.py
[2026-10-01T00:10:28.540+0000] {processor.py:753} INFO - DAG(s) dict_keys(['example_xcom_args_with_operators', 'example_xcom_args']) retrieved from /home/airflow/.local/lib/python3.7/site-packages/airflow/example_dags/example_xcomargs.py
[2026-10-01T00:10:28.598+0000] {logging_mixin.py:137} INFO - [2026-10-01T00:10:28.598+0000] {dag.py:2676} INFO - Sync 2 DAGs
[2026-10-01T00:10:28.635+0000] {logging_mixin.py:137} INFO - [2026-10-01T00:10:28.634+0000] {dag.py:3427} INFO - Setting next_dagrun for example_xcom_args to None, run_after=None
[2026-10-01T00:10:28.639+0000] {logging_mixin.py:137} INFO - [2026-10-01T00:10:28.639+0000] {dag.py:3427} INFO - Setting next_dagrun for example_xcom_args_with_operators to None, run_after=None
[2026-10-01T00:10:28.661+0000] {processor.py:175} INFO - Processing /home/airflow/.local/lib/python3.7/site-packages/airflow/example_dags/example_xcomargs.py took 0.162 seconds
[2026-10-01T00:10:59.532+0000] {processor.py:153} INFO - Started process (PID=16725) to work on /home/airflow/.local/lib/python3.7/site-packages/airflow/example_dags/example_xcomargs.py
[2026-10-01T00:10:59.534+0000] {processor.py:743} INFO - Processing file /home/airflow/.local/lib/python3.7/site-packages/airflow/example_dags/example_xcomargs.py for tasks to queue
[2026-10-01T00:10:59.535+0000] {logging_mixin.py:137} INFO - [2026-10-01T00:10:59.535+0000] {dagbag.py:538} INFO - Filling up the DagBag from /home/airflow/.local/lib/python3.7/site-packages/airflow/example_dags/example_xcomargs.py
[2026-10-01T00:10:59.580+0000] {processor.py:753} INFO - DAG(s) dict_keys(['example_xcom_args_with_operators', 'example_xcom_args']) retrieved from /home/airflow/.local/lib/python3.7/site-packages/airflow/example_dags/example_xcomargs.py
[2026-10-01T00:10:59.634+0000] {logging_mixin.py:137} INFO - [2026-10-01T00:10:59.634+0000] {dag.py:2676} INFO - Sync 2 DAGs
[2026-10-01T00:10:59.667+0000] {logging_mixin.py:137} INFO - [2026-10-01T00:10:59.666+0000] {dag.py:3427} INFO - Setting next_dagrun for example_xcom_args to None, run_after=None
[2026-10-01T00:10:59.671+0000] {logging_mixin.py:137} INFO - [2026-10-01T00:10:59.671+0000] {dag.py:3427} INFO - Setting next_dagrun for example_xcom_args_with_operators to None, run_after=None
[2026-10-01T00:10:59.690+0000] {processor.py:175} INFO - Processing /home/airflow/.local/lib/python3.7/site-packages/airflow/example_dags/example_xcomargs.py took 0.164 seconds
[2026-10-01T00:11:29.765+0000] {processor.py:153} INFO - Started process (PID=16811) to work on /home/airflow/.local/lib/python3.7/site-packages/airflow/example_dags/example_xcomargs.py
[2026-10-01T00:11:29.766+0000] {processor.py:743} INFO - Processing file /home/airflow/.local/lib/python3.7/site-packages/airflow/example_dags/example_xcomargs.py for tasks to queue
[2026-10-01T00:11:29.767+0000] {logging_mixin.py:137} INFO - [2026-10-01T00:11:29.767+0000] {dagbag.py:538} INFO - Filling up the DagBag from /home/airflow/.local/lib/python3.7/site-packages/airflow/example_dags/example_xcomargs.py
[2026-10-01T00:11:29.799+0000] {processor.py:753} INFO - DAG(s) dict_keys(['example_xcom_args', 'example_xcom_args_with_operators']) retrieved from /home/airflow/.local/lib/python3.7/site-packages/airflow/example_dags/example_xcomargs.py
[2026-10-01T00:11:29.873+0000] {logging_mixin.py:137} INFO - [2026-10-01T00:11:29.873+0000] {dag.py:2676} INFO - Sync 2 DAGs
[2026-10-01T00:11:29.914+0000] {logging_mixin.py:137} INFO - [2026-10-01T00:11:29.914+0000] {dag.py:3427} INFO - Setting next_dagrun for example_xcom_args to None, run_after=None
[2026-10-01T00:11:29.921+0000] {logging_mixin.py:137} INFO - [2026-10-01T00:11:29.921+0000] {dag.py:3427} INFO - Setting next_dagrun for example_xcom_args_with_operators to None, run_after=None
[2026-10-01T00:11:29.946+0000] {processor.py:175} INFO - Processing /home/airflow/.local/lib/python3.7/site-packages/airflow/example_dags/example_xcomargs.py took 0.184 seconds
[2026-10-01T00:12:00.021+0000] {processor.py:153} INFO - Started process (PID=16903) to work on /home/airflow/.local/lib/python3.7/site-packages/airflow/example_dags/example_xcomargs.py
[2026-10-01T00:12:00.022+0000] {processor.py:743} INFO - Processing file /home/airflow/.local/lib/python3.7/site-packages/airflow/example_dags/example_xcomargs.py for tasks to queue
[2026-10-01T00:12:00.023+0000] {logging_mixin.py:137} INFO - [2026-10-01T00:12:00.023+0000] {dagbag.py:538} INFO - Filling up the DagBag from /home/airflow/.local/lib/python3.7/site-packages/airflow/example_dags/example_xcomargs.py
[2026-10-01T00:12:00.056+0000] {processor.py:753} INFO - DAG(s) dict_keys(['example_xcom_args_with_operators', 'example_xcom_args']) retrieved from /home/airflow/.local/lib/python3.7/site-packages/airflow/example_dags/example_xcomargs.py
[2026-10-01T00:12:00.119+0000] {logging_mixin.py:137} INFO - [2026-10-01T00:12:00.118+0000] {dag.py:2676} INFO - Sync 2 DAGs
[2026-10-01T00:12:00.153+0000] {logging_mixin.py:137} INFO - [2026-10-01T00:12:00.152+0000] {dag.py:3427} INFO - Setting next_dagrun for example_xcom_args to None, run_after=None
[2026-10-01T00:12:00.158+0000] {logging_mixin.py:137} INFO - [2026-10-01T00:12:00.158+0000] {dag.py:3427} INFO - Setting next_dagrun for example_xcom_args_with_operators to None, run_after=None
[2026-10-01T00:12:00.180+0000] {processor.py:175} INFO - Processing /home/airflow/.local/lib/python3.7/site-packages/airflow/example_dags/example_xcomargs.py took 0.165 seconds
[2026-10-01T00:12:31.128+0000] {processor.py:153} INFO - Started process (PID=16982) to work on /home/airflow/.local/lib/python3.7/site-packages/airflow/example_dags/example_xcomargs.py
[2026-10-01T00:12:31.129+0000] {processor.py:743} INFO - Processing file /home/airflow/.local/lib/python3.7/site-packages/airflow/example_dags/example_xcomargs.py for tasks to queue
[2026-10-01T00:12:31.130+0000] {logging_mixin.py:137} INFO - [2026-10-01T00:12:31.130+0000] {dagbag.py:538} INFO - Filling up the DagBag from /home/airflow/.local/lib/python3.7/site-packages/airflow/example_dags/example_xcomargs.py
[2026-10-01T00:12:31.163+0000] {processor.py:753} INFO - DAG(s) dict_keys(['example_xcom_args', 'example_xcom_args_with_operators']) retrieved from /home/airflow/.local/lib/python3.7/site-packages/airflow/example_dags/example_xcomargs.py
[2026-10-01T00:12:31.216+0000] {logging_mixin.py:137} INFO - [2026-10-01T00:12:31.216+0000] {dag.py:2676} INFO - Sync 2 DAGs
[2026-10-01T00:12:31.246+0000] {logging_mixin.py:137} INFO - [2026-10-01T00:12:31.245+0000] {dag.py:3427} INFO - Setting next_dagrun for example_xcom_args to None, run_after=None
[2026-10-01T00:12:31.249+0000] {logging_mixin.py:137} INFO - [2026-10-01T00:12:31.249+0000] {dag.py:3427} INFO - Setting next_dagrun for example_xcom_args_with_operators to None, run_after=None
[2026-10-01T00:12:31.267+0000] {processor.py:175} INFO - Processing /home/airflow/.local/lib/python3.7/site-packages/airflow/example_dags/example_xcomargs.py took 0.143 seconds
[2026-10-01T00:13:01.879+0000] {processor.py:153} INFO - Started process (PID=17061) to work on /home/airflow/.local/lib/python3.7/site-packages/airflow/example_dags/example_xcomargs.py
[2026-10-01T00:13:01.880+0000] {processor.py:743} INFO - Processing file /home/airflow/.local/lib/python3.7/site-packages/airflow/example_dags/example_xcomargs.py for tasks to queue
[2026-10-01T00:13:01.881+0000] {logging_mixin.py:137} INFO - [2026-10-01T00:13:01.881+0000] {dagbag.py:538} INFO - Filling up the DagBag from /home/airflow/.local/lib/python3.7/site-packages/airflow/example_dags/example_xcomargs.py
[2026-10-01T00:13:01.918+0000] {processor.py:753} INFO - DAG(s) dict_keys(['example_xcom_args_with_operators', 'example_xcom_args']) retrieved from /home/airflow/.local/lib/python3.7/site-packages/airflow/example_dags/example_xcomargs.py
[2026-10-01T00:13:01.998+0000] {logging_mixin.py:137} INFO - [2026-10-01T00:13:01.998+0000] {dag.py:2676} INFO - Sync 2 DAGs
[2026-10-01T00:13:02.047+0000] {logging_mixin.py:137} INFO - [2026-10-01T00:13:02.047+0000] {dag.py:3427} INFO - Setting next_dagrun for example_xcom_args to None, run_after=None
[2026-10-01T00:13:02.053+0000] {logging_mixin.py:137} INFO - [2026-10-01T00:13:02.053+0000] {dag.py:3427} INFO - Setting next_dagrun for example_xcom_args_with_operators to None, run_after=None
[2026-10-01T00:13:02.075+0000] {processor.py:175} INFO - Processing /home/airflow/.local/lib/python3.7/site-packages/airflow/example_dags/example_xcomargs.py took 0.201 seconds
[2026-10-01T00:13:32.191+0000] {processor.py:153} INFO - Started process (PID=17149) to work on /home/airflow/.local/lib/python3.7/site-packages/airflow/example_dags/example_xcomargs.py
[2026-10-01T00:13:32.192+0000] {processor.py:743} INFO - Processing file /home/airflow/.local/lib/python3.7/site-packages/airflow/example_dags/example_xcomargs.py for tasks to queue
[2026-10-01T00:13:32.193+0000] {logging_mixin.py:137} INFO - [2026-10-01T00:13:32.193+0000] {dagbag.py:538} INFO - Filling up the DagBag from /home/airflow/.local/lib/python3.7/site-packages/airflow/example_dags/example_xcomargs.py
[2026-10-01T00:13:32.233+0000] {processor.py:753} INFO - DAG(s) dict_keys(['example_xcom_args', 'example_xcom_args_with_operators']) retrieved from /home/airflow/.local/lib/python3.7/site-packages/airflow/example_dags/example_xcomargs.py
[2026-10-01T00:13:32.303+0000] {logging_mixin.py:137} INFO - [2026-10-01T00:13:32.303+0000] {dag.py:2676} INFO - Sync 2 DAGs
[2026-10-01T00:13:32.341+0000] {logging_mixin.py:137} INFO - [2026-10-01T00:13:32.341+0000] {dag.py:3427} INFO - Setting next_dagrun for example_xcom_args to None, run_after=None
[2026-10-01T00:13:32.345+0000] {logging_mixin.py:137} INFO - [2026-10-01T00:13:32.345+0000] {dag.py:3427} INFO - Setting next_dagrun for example_xcom_args_with_operators to None, run_after=None
[2026-10-01T00:13:32.365+0000] {processor.py:175} INFO - Processing /home/airflow/.local/lib/python3.7/site-packages/airflow/example_dags/example_xcomargs.py took 0.180 seconds
[2026-10-01T00:14:03.232+0000] {processor.py:153} INFO - Started process (PID=17239) to work on /home/airflow/.local/lib/python3.7/site-packages/airflow/example_dags/example_xcomargs.py
[2026-10-01T00:14:03.233+0000] {processor.py:743} INFO - Processing file /home/airflow/.local/lib/python3.7/site-packages/airflow/example_dags/example_xcomargs.py for tasks to queue
[2026-10-01T00:14:03.234+0000] {logging_mixin.py:137} INFO - [2026-10-01T00:14:03.234+0000] {dagbag.py:538} INFO - Filling up the DagBag from /home/airflow/.local/lib/python3.7/site-packages/airflow/example_dags/example_xcomargs.py
[2026-10-01T00:14:03.270+0000] {processor.py:753} INFO - DAG(s) dict_keys(['example_xcom_args', 'example_xcom_args_with_operators']) retrieved from /home/airflow/.local/lib/python3.7/site-packages/airflow/example_dags/example_xcomargs.py
[2026-10-01T00:14:03.337+0000] {logging_mixin.py:137} INFO - [2026-10-01T00:14:03.337+0000] {dag.py:2676} INFO - Sync 2 DAGs
[2026-10-01T00:14:03.380+0000] {logging_mixin.py:137} INFO - [2026-10-01T00:14:03.379+0000] {dag.py:3427} INFO - Setting next_dagrun for example_xcom_args to None, run_after=None
[2026-10-01T00:14:03.386+0000] {logging_mixin.py:137} INFO - [2026-10-01T00:14:03.386+0000] {dag.py:3427} INFO - Setting next_dagrun for example_xcom_args_with_operators to None, run_after=None
[2026-10-01T00:14:03.409+0000] {processor.py:175} INFO - Processing /home/airflow/.local/lib/python3.7/site-packages/airflow/example_dags/example_xcomargs.py took 0.182 seconds
[2026-10-01T00:14:34.298+0000] {processor.py:153} INFO - Started process (PID=17318) to work on /home/airflow/.local/lib/python3.7/site-packages/airflow/example_dags/example_xcomargs.py
[2026-10-01T00:14:34.299+0000] {processor.py:743} INFO - Processing file /home/airflow/.local/lib/python3.7/site-packages/airflow/example_dags/example_xcomargs.py for tasks to queue
[2026-10-01T00:14:34.301+0000] {logging_mixin.py:137} INFO - [2026-10-01T00:14:34.301+0000] {dagbag.py:538} INFO - Filling up the DagBag from /home/airflow/.local/lib/python3.7/site-packages/airflow/example_dags/example_xcomargs.py
[2026-10-01T00:14:34.334+0000] {processor.py:753} INFO - DAG(s) dict_keys(['example_xcom_args', 'example_xcom_args_with_operators']) retrieved from /home/airflow/.local/lib/python3.7/site-packages/airflow/example_dags/example_xcomargs.py
[2026-10-01T00:14:34.399+0000] {logging_mixin.py:137} INFO - [2026-10-01T00:14:34.399+0000] {dag.py:2676} INFO - Sync 2 DAGs
[2026-10-01T00:14:34.441+0000] {logging_mixin.py:137} INFO - [2026-10-01T00:14:34.440+0000] {dag.py:3427} INFO - Setting next_dagrun for example_xcom_args to None, run_after=None
[2026-10-01T00:14:34.445+0000] {logging_mixin.py:137} INFO - [2026-10-01T00:14:34.445+0000] {dag.py:3427} INFO - Setting next_dagrun for example_xcom_args_with_operators to None, run_after=None
[2026-10-01T00:14:34.463+0000] {processor.py:175} INFO - Processing /home/airflow/.local/lib/python3.7/site-packages/airflow/example_dags/example_xcomargs.py took 0.169 seconds
[2026-10-01T00:15:04.649+0000] {processor.py:153} INFO - Started process (PID=17397) to work on /home/airflow/.local/lib/python3.7/site-packages/airflow/example_dags/example_xcomargs.py
[2026-10-01T00:15:04.650+0000] {processor.py:743} INFO - Processing file /home/airflow/.local/lib/python3.7/site-packages/airflow/example_dags/example_xcomargs.py for tasks to queue
[2026-10-01T00:15:04.652+0000] {logging_mixin.py:137} INFO - [2026-10-01T00:15:04.652+0000] {dagbag.py:538} INFO - Filling up the DagBag from /home/airflow/.local/lib/python3.7/site-packages/airflow/example_dags/example_xcomargs.py
[2026-10-01T00:15:04.687+0000] {processor.py:753} INFO - DAG(s) dict_keys(['example_xcom_args', 'example_xcom_args_with_operators']) retrieved from /home/airflow/.local/lib/python3.7/site-packages/airflow/example_dags/example_xcomargs.py
[2026-10-01T00:15:04.742+0000] {logging_mixin.py:137} INFO - [2026-10-01T00:15:04.742+0000] {dag.py:2676} INFO - Sync 2 DAGs
[2026-10-01T00:15:04.775+0000] {logging_mixin.py:137} INFO - [2026-10-01T00:15:04.775+0000] {dag.py:3427} INFO - Setting next_dagrun for example_xcom_args to None, run_after=None
[2026-10-01T00:15:04.779+0000] {logging_mixin.py:137} INFO - [2026-10-01T00:15:04.779+0000] {dag.py:3427} INFO - Setting next_dagrun for example_xcom_args_with_operators to None, run_after=None
[2026-10-01T00:15:04.800+0000] {processor.py:175} INFO - Processing /home/airflow/.local/lib/python3.7/site-packages/airflow/example_dags/example_xcomargs.py took 0.155 seconds
[2026-10-01T00:15:34.999+0000] {processor.py:153} INFO - Started process (PID=17496) to work on /home/airflow/.local/lib/python3.7/site-packages/airflow/example_dags/example_xcomargs.py
[2026-10-01T00:15:35.001+0000] {processor.py:743} INFO - Processing file /home/airflow/.local/lib/python3.7/site-packages/airflow/example_dags/example_xcomargs.py for tasks to queue
[2026-10-01T00:15:35.002+0000] {logging_mixin.py:137} INFO - [2026-10-01T00:15:35.002+0000] {dagbag.py:538} INFO - Filling up the DagBag from /home/airflow/.local/lib/python3.7/site-packages/airflow/example_dags/example_xcomargs.py
[2026-10-01T00:15:35.054+0000] {processor.py:753} INFO - DAG(s) dict_keys(['example_xcom_args', 'example_xcom_args_with_operators']) retrieved from /home/airflow/.local/lib/python3.7/site-packages/airflow/example_dags/example_xcomargs.py
[2026-10-01T00:15:35.107+0000] {logging_mixin.py:137} INFO - [2026-10-01T00:15:35.106+0000] {dag.py:2676} INFO - Sync 2 DAGs
[2026-10-01T00:15:35.144+0000] {logging_mixin.py:137} INFO - [2026-10-01T00:15:35.144+0000] {dag.py:3427} INFO - Setting next_dagrun for example_xcom_args to None, run_after=None
[2026-10-01T00:15:35.149+0000] {logging_mixin.py:137} INFO - [2026-10-01T00:15:35.149+0000] {dag.py:3427} INFO - Setting next_dagrun for example_xcom_args_with_operators to None, run_after=None
[2026-10-01T00:15:35.169+0000] {processor.py:175} INFO - Processing /home/airflow/.local/lib/python3.7/site-packages/airflow/example_dags/example_xcomargs.py took 0.178 seconds
[2026-10-01T00:16:05.653+0000] {processor.py:153} INFO - Started process (PID=17575) to work on /home/airflow/.local/lib/python3.7/site-packages/airflow/example_dags/example_xcomargs.py
[2026-10-01T00:16:05.655+0000] {processor.py:743} INFO - Processing file /home/airflow/.local/lib/python3.7/site-packages/airflow/example_dags/example_xcomargs.py for tasks to queue
[2026-10-01T00:16:05.656+0000] {logging_mixin.py:137} INFO - [2026-10-01T00:16:05.656+0000] {dagbag.py:538} INFO - Filling up the DagBag from /home/airflow/.local/lib/python3.7/site-packages/airflow/example_dags/example_xcomargs.py
[2026-10-01T00:16:05.691+0000] {processor.py:753} INFO - DAG(s) dict_keys(['example_xcom_args', 'example_xcom_args_with_operators']) retrieved from /home/airflow/.local/lib/python3.7/site-packages/airflow/example_dags/example_xcomargs.py
[2026-10-01T00:16:05.753+0000] {logging_mixin.py:137} INFO - [2026-10-01T00:16:05.753+0000] {dag.py:2676} INFO - Sync 2 DAGs
[2026-10-01T00:16:05.787+0000] {logging_mixin.py:137} INFO - [2026-10-01T00:16:05.786+0000] {dag.py:3427} INFO - Setting next_dagrun for example_xcom_args to None, run_after=None
[2026-10-01T00:16:05.791+0000] {logging_mixin.py:137} INFO - [2026-10-01T00:16:05.790+0000] {dag.py:3427} INFO - Setting next_dagrun for example_xcom_args_with_operators to None, run_after=None
[2026-10-01T00:16:05.808+0000] {processor.py:175} INFO - Processing /home/airflow/.local/lib/python3.7/site-packages/airflow/example_dags/example_xcomargs.py took 0.160 seconds
[2026-10-01T00:16:36.538+0000] {processor.py:153} INFO - Started process (PID=17654) to work on /home/airflow/.local/lib/python3.7/site-packages/airflow/example_dags/example_xcomargs.py
[2026-10-01T00:16:36.540+0000] {processor.py:743} INFO - Processing file /home/airflow/.local/lib/python3.7/site-packages/airflow/example_dags/example_xcomargs.py for tasks to queue
[2026-10-01T00:16:36.541+0000] {logging_mixin.py:137} INFO - [2026-10-01T00:16:36.541+0000] {dagbag.py:538} INFO - Filling up the DagBag from /home/airflow/.local/lib/python3.7/site-packages/airflow/example_dags/example_xcomargs.py
[2026-10-01T00:16:36.574+0000] {processor.py:753} INFO - DAG(s) dict_keys(['example_xcom_args_with_operators', 'example_xcom_args']) retrieved from /home/airflow/.local/lib/python3.7/site-packages/airflow/example_dags/example_xcomargs.py
[2026-10-01T00:16:36.633+0000] {logging_mixin.py:137} INFO - [2026-10-01T00:16:36.632+0000] {dag.py:2676} INFO - Sync 2 DAGs
[2026-10-01T00:16:36.665+0000] {logging_mixin.py:137} INFO - [2026-10-01T00:16:36.665+0000] {dag.py:3427} INFO - Setting next_dagrun for example_xcom_args to None, run_after=None
[2026-10-01T00:16:36.669+0000] {logging_mixin.py:137} INFO - [2026-10-01T00:16:36.669+0000] {dag.py:3427} INFO - Setting next_dagrun for example_xcom_args_with_operators to None, run_after=None
[2026-10-01T00:16:36.687+0000] {processor.py:175} INFO - Processing /home/airflow/.local/lib/python3.7/site-packages/airflow/example_dags/example_xcomargs.py took 0.155 seconds
[2026-10-01T00:17:07.497+0000] {processor.py:153} INFO - Started process (PID=17733) to work on /home/airflow/.local/lib/python3.7/site-packages/airflow/example_dags/example_xcomargs.py
[2026-10-01T00:17:07.498+0000] {processor.py:743} INFO - Processing file /home/airflow/.local/lib/python3.7/site-packages/airflow/example_dags/example_xcomargs.py for tasks to queue
[2026-10-01T00:17:07.499+0000] {logging_mixin.py:137} INFO - [2026-10-01T00:17:07.499+0000] {dagbag.py:538} INFO - Filling up the DagBag from /home/airflow/.local/lib/python3.7/site-packages/airflow/example_dags/example_xcomargs.py
[2026-10-01T00:17:07.533+0000] {processor.py:753} INFO - DAG(s) dict_keys(['example_xcom_args', 'example_xcom_args_with_operators']) retrieved from /home/airflow/.local/lib/python3.7/site-packages/airflow/example_dags/example_xcomargs.py
[2026-10-01T00:17:07.591+0000] {logging_mixin.py:137} INFO - [2026-10-01T00:17:07.590+0000] {dag.py:2676} INFO - Sync 2 DAGs
[2026-10-01T00:17:07.627+0000] {logging_mixin.py:137} INFO - [2026-10-01T00:17:07.627+0000] {dag.py:3427} INFO - Setting next_dagrun for example_xcom_args to None, run_after=None
[2026-10-01T00:17:07.632+0000] {logging_mixin.py:137} INFO - [2026-10-01T00:17:07.632+0000] {dag.py:3427} INFO - Setting next_dagrun for example_xcom_args_with_operators to None, run_after=None
[2026-10-01T00:17:07.656+0000] {processor.py:175} INFO - Processing /home/airflow/.local/lib/python3.7/site-packages/airflow/example_dags/example_xcomargs.py took 0.163 seconds
[2026-10-01T00:17:37.887+0000] {processor.py:153} INFO - Started process (PID=17832) to work on /home/airflow/.local/lib/python3.7/site-packages/airflow/example_dags/example_xcomargs.py
[2026-10-01T00:17:37.888+0000] {processor.py:743} INFO - Processing file /home/airflow/.local/lib/python3.7/site-packages/airflow/example_dags/example_xcomargs.py for tasks to queue
[2026-10-01T00:17:37.889+0000] {logging_mixin.py:137} INFO - [2026-10-01T00:17:37.889+0000] {dagbag.py:538} INFO - Filling up the DagBag from /home/airflow/.local/lib/python3.7/site-packages/airflow/example_dags/example_xcomargs.py
[2026-10-01T00:17:37.924+0000] {processor.py:753} INFO - DAG(s) dict_keys(['example_xcom_args', 'example_xcom_args_with_operators']) retrieved from /home/airflow/.local/lib/python3.7/site-packages/airflow/example_dags/example_xcomargs.py
[2026-10-01T00:17:37.979+0000] {logging_mixin.py:137} INFO - [2026-10-01T00:17:37.979+0000] {dag.py:2676} INFO - Sync 2 DAGs
[2026-10-01T00:17:38.013+0000] {logging_mixin.py:137} INFO - [2026-10-01T00:17:38.013+0000] {dag.py:3427} INFO - Setting next_dagrun for example_xcom_args to None, run_after=None
[2026-10-01T00:17:38.018+0000] {logging_mixin.py:137} INFO - [2026-10-01T00:17:38.017+0000] {dag.py:3427} INFO - Setting next_dagrun for example_xcom_args_with_operators to None, run_after=None
[2026-10-01T00:17:38.037+0000] {processor.py:175} INFO - Processing /home/airflow/.local/lib/python3.7/site-packages/airflow/example_dags/example_xcomargs.py took 0.153 seconds
[2026-10-01T00:18:08.252+0000] {processor.py:153} INFO - Started process (PID=17912) to work on /home/airflow/.local/lib/python3.7/site-packages/airflow/example_dags/example_xcomargs.py
[2026-10-01T00:18:08.253+0000] {processor.py:743} INFO - Processing file /home/airflow/.local/lib/python3.7/site-packages/airflow/example_dags/example_xcomargs.py for tasks to queue
[2026-10-01T00:18:08.253+0000] {logging_mixin.py:137} INFO - [2026-10-01T00:18:08.253+0000] {dagbag.py:538} INFO - Filling up the DagBag from /home/airflow/.local/lib/python3.7/site-packages/airflow/example_dags/example_xcomargs.py
[2026-10-01T00:18:08.286+0000] {processor.py:753} INFO - DAG(s) dict_keys(['example_xcom_args_with_operators', 'example_xcom_args']) retrieved from /home/airflow/.local/lib/python3.7/site-packages/airflow/example_dags/example_xcomargs.py
[2026-10-01T00:18:08.342+0000] {logging_mixin.py:137} INFO - [2026-10-01T00:18:08.342+0000] {dag.py:2676} INFO - Sync 2 DAGs
[2026-10-01T00:18:08.386+0000] {logging_mixin.py:137} INFO - [2026-10-01T00:18:08.386+0000] {dag.py:3427} INFO - Setting next_dagrun for example_xcom_args to None, run_after=None
[2026-10-01T00:18:08.393+0000] {logging_mixin.py:137} INFO - [2026-10-01T00:18:08.392+0000] {dag.py:3427} INFO - Setting next_dagrun for example_xcom_args_with_operators to None, run_after=None
[2026-10-01T00:18:08.416+0000] {processor.py:175} INFO - Processing /home/airflow/.local/lib/python3.7/site-packages/airflow/example_dags/example_xcomargs.py took 0.168 seconds
[2026-10-01T00:18:38.639+0000] {processor.py:153} INFO - Started process (PID=17991) to work on /home/airflow/.local/lib/python3.7/site-packages/airflow/example_dags/example_xcomargs.py
[2026-10-01T00:18:38.640+0000] {processor.py:743} INFO - Processing file /home/airflow/.local/lib/python3.7/site-packages/airflow/example_dags/example_xcomargs.py for tasks to queue
[2026-10-01T00:18:38.641+0000] {logging_mixin.py:137} INFO - [2026-10-01T00:18:38.641+0000] {dagbag.py:538} INFO - Filling up the DagBag from /home/airflow/.local/lib/python3.7/site-packages/airflow/example_dags/example_xcomargs.py
[2026-10-01T00:18:38.674+0000] {processor.py:753} INFO - DAG(s) dict_keys(['example_xcom_args_with_operators', 'example_xcom_args']) retrieved from /home/airflow/.local/lib/python3.7/site-packages/airflow/example_dags/example_xcomargs.py
[2026-10-01T00:18:38.741+0000] {logging_mixin.py:137} INFO - [2026-10-01T00:18:38.741+0000] {dag.py:2676} INFO - Sync 2 DAGs
[2026-10-01T00:18:38.778+0000] {logging_mixin.py:137} INFO - [2026-10-01T00:18:38.778+0000] {dag.py:3427} INFO - Setting next_dagrun for example_xcom_args to None, run_after=None
[2026-10-01T00:18:38.784+0000] {logging_mixin.py:137} INFO - [2026-10-01T00:18:38.784+0000] {dag.py:3427} INFO - Setting next_dagrun for example_xcom_args_with_operators to None, run_after=None
[2026-10-01T00:18:38.807+0000] {processor.py:175} INFO - Processing /home/airflow/.local/lib/python3.7/site-packages/airflow/example_dags/example_xcomargs.py took 0.172 seconds
[2026-10-01T00:19:09.684+0000] {processor.py:153} INFO - Started process (PID=18069) to work on /home/airflow/.local/lib/python3.7/site-packages/airflow/example_dags/example_xcomargs.py
[2026-10-01T00:19:09.685+0000] {processor.py:743} INFO - Processing file /home/airflow/.local/lib/python3.7/site-packages/airflow/example_dags/example_xcomargs.py for tasks to queue
[2026-10-01T00:19:09.687+0000] {logging_mixin.py:137} INFO - [2026-10-01T00:19:09.687+0000] {dagbag.py:538} INFO - Filling up the DagBag from /home/airflow/.local/lib/python3.7/site-packages/airflow/example_dags/example_xcomargs.py
[2026-10-01T00:19:09.724+0000] {processor.py:753} INFO - DAG(s) dict_keys(['example_xcom_args', 'example_xcom_args_with_operators']) retrieved from /home/airflow/.local/lib/python3.7/site-packages/airflow/example_dags/example_xcomargs.py
[2026-10-01T00:19:09.790+0000] {logging_mixin.py:137} INFO - [2026-10-01T00:19:09.789+0000] {dag.py:2676} INFO - Sync 2 DAGs
[2026-10-01T00:19:09.822+0000] {logging_mixin.py:137} INFO - [2026-10-01T00:19:09.822+0000] {dag.py:3427} INFO - Setting next_dagrun for example_xcom_args to None, run_after=None
[2026-10-01T00:19:09.826+0000] {logging_mixin.py:137} INFO - [2026-10-01T00:19:09.826+0000] {dag.py:3427} INFO - Setting next_dagrun for example_xcom_args_with_operators to None, run_after=None
[2026-10-01T00:19:09.847+0000] {processor.py:175} INFO - Processing /home/airflow/.local/lib/python3.7/site-packages/airflow/example_dags/example_xcomargs.py took 0.167 seconds
[2026-10-01T00:19:40.370+0000] {processor.py:153} INFO - Started process (PID=18168) to work on /home/airflow/.local/lib/python3.7/site-packages/airflow/example_dags/example_xcomargs.py
[2026-10-01T00:19:40.371+0000] {processor.py:743} INFO - Processing file /home/airflow/.local/lib/python3.7/site-packages/airflow/example_dags/example_xcomargs.py for tasks to queue
[2026-10-01T00:19:40.372+0000] {logging_mixin.py:137} INFO - [2026-10-01T00:19:40.371+0000] {dagbag.py:538} INFO - Filling up the DagBag from /home/airflow/.local/lib/python3.7/site-packages/airflow/example_dags/example_xcomargs.py
[2026-10-01T00:19:40.419+0000] {processor.py:753} INFO - DAG(s) dict_keys(['example_xcom_args', 'example_xcom_args_with_operators']) retrieved from /home/airflow/.local/lib/python3.7/site-packages/airflow/example_dags/example_xcomargs.py
[2026-10-01T00:19:40.476+0000] {logging_mixin.py:137} INFO - [2026-10-01T00:19:40.476+0000] {dag.py:2676} INFO - Sync 2 DAGs
[2026-10-01T00:19:40.521+0000] {logging_mixin.py:137} INFO - [2026-10-01T00:19:40.521+0000] {dag.py:3427} INFO - Setting next_dagrun for example_xcom_args to None, run_after=None
[2026-10-01T00:19:40.527+0000] {logging_mixin.py:137} INFO - [2026-10-01T00:19:40.527+0000] {dag.py:3427} INFO - Setting next_dagrun for example_xcom_args_with_operators to None, run_after=None
[2026-10-01T00:19:40.546+0000] {processor.py:175} INFO - Processing /home/airflow/.local/lib/python3.7/site-packages/airflow/example_dags/example_xcomargs.py took 0.180 seconds
[2026-10-01T00:20:10.639+0000] {processor.py:153} INFO - Started process (PID=18247) to work on /home/airflow/.local/lib/python3.7/site-packages/airflow/example_dags/example_xcomargs.py
[2026-10-01T00:20:10.640+0000] {processor.py:743} INFO - Processing file /home/airflow/.local/lib/python3.7/site-packages/airflow/example_dags/example_xcomargs.py for tasks to queue
[2026-10-01T00:20:10.641+0000] {logging_mixin.py:137} INFO - [2026-10-01T00:20:10.641+0000] {dagbag.py:538} INFO - Filling up the DagBag from /home/airflow/.local/lib/python3.7/site-packages/airflow/example_dags/example_xcomargs.py
[2026-10-01T00:20:10.673+0000] {processor.py:753} INFO - DAG(s) dict_keys(['example_xcom_args_with_operators', 'example_xcom_args']) retrieved from /home/airflow/.local/lib/python3.7/site-packages/airflow/example_dags/example_xcomargs.py
[2026-10-01T00:20:10.742+0000] {logging_mixin.py:137} INFO - [2026-10-01T00:20:10.741+0000] {dag.py:2676} INFO - Sync 2 DAGs
[2026-10-01T00:20:10.789+0000] {logging_mixin.py:137} INFO - [2026-10-01T00:20:10.789+0000] {dag.py:3427} INFO - Setting next_dagrun for example_xcom_args to None, run_after=None
[2026-10-01T00:20:10.795+0000] {logging_mixin.py:137} INFO - [2026-10-01T00:20:10.795+0000] {dag.py:3427} INFO - Setting next_dagrun for example_xcom_args_with_operators to None, run_after=None
[2026-10-01T00:20:10.826+0000] {processor.py:175} INFO - Processing /home/airflow/.local/lib/python3.7/site-packages/airflow/example_dags/example_xcomargs.py took 0.194 seconds
[2026-10-01T00:20:41.184+0000] {processor.py:153} INFO - Started process (PID=18326) to work on /home/airflow/.local/lib/python3.7/site-packages/airflow/example_dags/example_xcomargs.py
[2026-10-01T00:20:41.185+0000] {processor.py:743} INFO - Processing file /home/airflow/.local/lib/python3.7/site-packages/airflow/example_dags/example_xcomargs.py for tasks to queue
[2026-10-01T00:20:41.186+0000] {logging_mixin.py:137} INFO - [2026-10-01T00:20:41.186+0000] {dagbag.py:538} INFO - Filling up the DagBag from /home/airflow/.local/lib/python3.7/site-packages/airflow/example_dags/example_xcomargs.py
[2026-10-01T00:20:41.229+0000] {processor.py:753} INFO - DAG(s) dict_keys(['example_xcom_args', 'example_xcom_args_with_operators']) retrieved from /home/airflow/.local/lib/python3.7/site-packages/airflow/example_dags/example_xcomargs.py
[2026-10-01T00:20:41.304+0000] {logging_mixin.py:137} INFO - [2026-10-01T00:20:41.303+0000] {dag.py:2676} INFO - Sync 2 DAGs
[2026-10-01T00:20:41.347+0000] {logging_mixin.py:137} INFO - [2026-10-01T00:20:41.347+0000] {dag.py:3427} INFO - Setting next_dagrun for example_xcom_args to None, run_after=None
[2026-10-01T00:20:41.353+0000] {logging_mixin.py:137} INFO - [2026-10-01T00:20:41.353+0000] {dag.py:3427} INFO - Setting next_dagrun for example_xcom_args_with_operators to None, run_after=None
[2026-10-01T00:20:41.383+0000] {processor.py:175} INFO - Processing /home/airflow/.local/lib/python3.7/site-packages/airflow/example_dags/example_xcomargs.py took 0.204 seconds
