[2026-10-01T00:00:19.305+0000] {processor.py:153} INFO - Started process (PID=14972) to work on /home/airflow/.local/lib/python3.7/site-packages/airflow/example_dags/example_time_delta_sensor_async.py
[2026-10-01T00:00:19.306+0000] {processor.py:743} INFO - Processing file /home/airflow/.local/lib/python3.7/site-packages/airflow/example_dags/example_time_delta_sensor_async.py for tasks to queue
[2026-10-01T00:00:19.307+0000] {logging_mixin.py:137} INFO - [2026-10-01T00:00:19.307+0000] {dagbag.py:538} INFO - Filling up the DagBag from /home/airflow/.local/lib/python3.7/site-packages/airflow/example_dags/example_time_delta_sensor_async.py
[2026-10-01T00:00:19.324+0000] {processor.py:753} INFO - DAG(s) dict_keys(['example_time_delta_sensor_async']) retrieved from /home/airflow/.local/lib/python3.7/site-packages/airflow/example_dags/example_time_delta_sensor_async.py
[2026-10-01T00:00:19.386+0000] {logging_mixin.py:137} INFO - [2026-10-01T00:00:19.386+0000] {dag.py:2676} INFO - Sync 1 DAGs
[2026-10-01T00:00:19.431+0000] {logging_mixin.py:137} INFO - [2026-10-01T00:00:19.431+0000] {dag.py:3427} INFO - Setting next_dagrun for example_time_delta_sensor_async to None, run_after=None
[2026-10-01T00:00:19.453+0000] {processor.py:175} INFO - Processing /home/airflow/.local/lib/python3.7/site-packages/airflow/example_dags/example_time_delta_sensor_async.py took 0.152 seconds
[2026-10-01T00:00:49.541+0000] {processor.py:153} INFO - Started process (PID=15051) to work on /home/airflow/.local/lib/python3.7/site-packages/airflow/example_dags/example_time_delta_sensor_async.py
[2026-10-01T00:00:49.543+0000] {processor.py:743} INFO - Processing file /home/airflow/.local/lib/python3.7/site-packages/airflow/example_dags/example_time_delta_sensor_async.py for tasks to queue
[2026-10-01T00:00:49.544+0000] {logging_mixin.py:137} INFO - [2026-10-01T00:00:49.543+0000] {dagbag.py:538} INFO - Filling up the DagBag from /home/airflow/.local/lib/python3.7/site-packages/airflow/example_dags/example_time_delta_sensor_async.py
[2026-10-01T00:00:49.563+0000] {processor.py:753} INFO - DAG(s) dict_keys(['example_time_delta_sensor_async']) retrieved from /home/airflow/.local/lib/python3.7/site-packages/airflow/example_dags/example_time_delta_sensor_async.py
[2026-10-01T00:00:49.618+0000] {logging_mixin.py:137} INFO - [2026-10-01T00:00:49.618+0000] {dag.py:2676} INFO - Sync 1 DAGs
[2026-10-01T00:00:49.656+0000] {logging_mixin.py:137} INFO - [2026-10-01T00:00:49.655+0000] {dag.py:3427} INFO - Setting next_dagrun for example_time_delta_sensor_async to None, run_after=None
[2026-10-01T00:00:49.677+0000] {processor.py:175} INFO - Processing /home/airflow/.local/lib/python3.7/site-packages/airflow/example_dags/example_time_delta_sensor_async.py took 0.140 seconds
[2026-10-01T00:01:20.280+0000] {processor.py:153} INFO - Started process (PID=15130) to work on /home/airflow/.local/lib/python3.7/site-packages/airflow/example_dags/example_time_delta_sensor_async.py
[2026-10-01T00:01:20.281+0000] {processor.py:743} INFO - Processing file /home/airflow/.local/lib/python3.7/site-packages/airflow/example_dags/example_time_delta_sensor_async.py for tasks to queue
[2026-10-01T00:01:20.282+0000] {logging_mixin.py:137} INFO - [2026-10-01T00:01:20.281+0000] {dagbag.py:538} INFO - Filling up the DagBag from /home/airflow/.local/lib/python3.7/site-packages/airflow/example_dags/example_time_delta_sensor_async.py
[2026-10-01T00:01:20.297+0000] {processor.py:753} INFO - DAG(s) dict_keys(['example_time_delta_sensor_async']) retrieved from /home/airflow/.local/lib/python3.7/site-packages/airflow/example_dags/example_time_delta_sensor_async.py
[2026-10-01T00:01:20.344+0000] {logging_mixin.py:137} INFO - [2026-10-01T00:01:20.344+0000] {dag.py:2676} INFO - Sync 1 DAGs
[2026-10-01T00:01:20.373+0000] {logging_mixin.py:137} INFO - [2026-10-01T00:01:20.373+0000] {dag.py:3427} INFO - Setting next_dagrun for example_time_delta_sensor_async to None, run_after=None
[2026-10-01T00:01:20.396+0000] {processor.py:175} INFO - Processing /home/airflow/.local/lib/python3.7/site-packages/airflow/example_dags/example_time_delta_sensor_async.py took 0.120 seconds
[2026-10-01T00:01:51.274+0000] {processor.py:153} INFO - Started process (PID=15229) to work on /home/airflow/.local/lib/python3.7/site-packages/airflow/example_dags/example_time_delta_sensor_async.py
[2026-10-01T00:01:51.275+0000] {processor.py:743} INFO - Processing file /home/airflow/.local/lib/python3.7/site-packages/airflow/example_dags/example_time_delta_sensor_async.py for tasks to queue
[2026-10-01T00:01:51.277+0000] {logging_mixin.py:137} INFO - [2026-10-01T00:01:51.276+0000] {dagbag.py:538} INFO - Filling up the DagBag from /home/airflow/.local/lib/python3.7/site-packages/airflow/example_dags/example_time_delta_sensor_async.py
[2026-10-01T00:01:51.294+0000] {processor.py:753} INFO - DAG(s) dict_keys(['example_time_delta_sensor_async']) retrieved from /home/airflow/.local/lib/python3.7/site-packages/airflow/example_dags/example_time_delta_sensor_async.py
[2026-10-01T00:01:51.363+0000] {logging_mixin.py:137} INFO - [2026-10-01T00:01:51.362+0000] {dag.py:2676} INFO - Sync 1 DAGs
[2026-10-01T00:01:51.407+0000] {logging_mixin.py:137} INFO - [2026-10-01T00:01:51.406+0000] {dag.py:3427} INFO - Setting next_dagrun for example_time_delta_sensor_async to None, run_after=None
[2026-10-01T00:01:51.439+0000] {processor.py:175} INFO - Processing /home/airflow/.local/lib/python3.7/site-packages/airflow/example_dags/example_time_delta_sensor_async.py took 0.171 seconds
[2026-10-01T00:02:22.067+0000] {processor.py:153} INFO - Started process (PID=15308) to work on /home/airflow/.local/lib/python3.7/site-packages/airflow/example_dags/example_time_delta_sensor_async.py
[2026-10-01T00:02:22.068+0000] {processor.py:743} INFO - Processing file /home/airflow/.local/lib/python3.7/site-packages/airflow/example_dags/example_time_delta_sensor_async.py for tasks to queue
[2026-10-01T00:02:22.069+0000] {logging_mixin.py:137} INFO - [2026-10-01T00:02:22.069+0000] {dagbag.py:538} INFO - Filling up the DagBag from /home/airflow/.local/lib/python3.7/site-packages/airflow/example_dags/example_time_delta_sensor_async.py
[2026-10-01T00:02:22.082+0000] {processor.py:753} INFO - DAG(s) dict_keys(['example_time_delta_sensor_async']) retrieved from /home/airflow/.local/lib/python3.7/site-packages/airflow/example_dags/example_time_delta_sensor_async.py
[2026-10-01T00:02:22.123+0000] {logging_mixin.py:137} INFO - [2026-10-01T00:02:22.122+0000] {dag.py:2676} INFO - Sync 1 DAGs
[2026-10-01T00:02:22.146+0000] {logging_mixin.py:137} INFO - [2026-10-01T00:02:22.146+0000] {dag.py:3427} INFO - Setting next_dagrun for example_time_delta_sensor_async to None, run_after=None
[2026-10-01T00:02:22.162+0000] {processor.py:175} INFO - Processing /home/airflow/.local/lib/python3.7/site-packages/airflow/example_dags/example_time_delta_sensor_async.py took 0.098 seconds
[2026-10-01T00:02:52.368+0000] {processor.py:153} INFO - Started process (PID=15387) to work on /home/airflow/.local/lib/python3.7/site-packages/airflow/example_dags/example_time_delta_sensor_async.py
[2026-10-01T00:02:52.369+0000] {processor.py:743} INFO - Processing file /home/airflow/.local/lib/python3.7/site-packages/airflow/example_dags/example_time_delta_sensor_async.py for tasks to queue
[2026-10-01T00:02:52.369+0000] {logging_mixin.py:137} INFO - [2026-10-01T00:02:52.369+0000] {dagbag.py:538} INFO - Filling up the DagBag from /home/airflow/.local/lib/python3.7/site-packages/airflow/example_dags/example_time_delta_sensor_async.py
[2026-10-01T00:02:52.387+0000] {processor.py:753} INFO - DAG(s) dict_keys(['example_time_delta_sensor_async']) retrieved from /home/airflow/.local/lib/python3.7/site-packages/airflow/example_dags/example_time_delta_sensor_async.py
[2026-10-01T00:02:52.437+0000] {logging_mixin.py:137} INFO - [2026-10-01T00:02:52.437+0000] {dag.py:2676} INFO - Sync 1 DAGs
[2026-10-01T00:02:52.468+0000] {logging_mixin.py:137} INFO - [2026-10-01T00:02:52.468+0000] {dag.py:3427} INFO - Setting next_dagrun for example_time_delta_sensor_async to None, run_after=None
[2026-10-01T00:02:52.489+0000] {processor.py:175} INFO - Processing /home/airflow/.local/lib/python3.7/site-packages/airflow/example_dags/example_time_delta_sensor_async.py took 0.125 seconds
[2026-10-01T00:03:22.581+0000] {processor.py:153} INFO - Started process (PID=15466) to work on /home/airflow/.local/lib/python3.7/site-packages/airflow/example_dags/example_time_delta_sensor_async.py
[2026-10-01T00:03:22.582+0000] {processor.py:743} INFO - Processing file /home/airflow/.local/lib/python3.7/site-packages/airflow/example_dags/example_time_delta_sensor_async.py for tasks to queue
[2026-10-01T00:03:22.583+0000] {logging_mixin.py:137} INFO - [2026-10-01T00:03:22.583+0000] {dagbag.py:538} INFO - Filling up the DagBag from /home/airflow/.local/lib/python3.7/site-packages/airflow/example_dags/example_time_delta_sensor_async.py
[2026-10-01T00:03:22.600+0000] {processor.py:753} INFO - DAG(s) dict_keys(['example_time_delta_sensor_async']) retrieved from /home/airflow/.local/lib/python3.7/site-packages/airflow/example_dags/example_time_delta_sensor_async.py
[2026-10-01T00:03:22.651+0000] {logging_mixin.py:137} INFO - [2026-10-01T00:03:22.651+0000] {dag.py:2676} INFO - Sync 1 DAGs
[2026-10-01T00:03:22.695+0000] {logging_mixin.py:137} INFO - [2026-10-01T00:03:22.694+0000] {dag.py:3427} INFO - Setting next_dagrun for example_time_delta_sensor_async to None, run_after=None
[2026-10-01T00:03:22.731+0000] {processor.py:175} INFO - Processing /home/airflow/.local/lib/python3.7/site-packages/airflow/example_dags/example_time_delta_sensor_async.py took 0.155 seconds
[2026-10-01T00:03:52.998+0000] {processor.py:153} INFO - Started process (PID=15565) to work on /home/airflow/.local/lib/python3.7/site-packages/airflow/example_dags/example_time_delta_sensor_async.py
[2026-10-01T00:03:53.000+0000] {processor.py:743} INFO - Processing file /home/airflow/.local/lib/python3.7/site-packages/airflow/example_dags/example_time_delta_sensor_async.py for tasks to queue
[2026-10-01T00:03:53.001+0000] {logging_mixin.py:137} INFO - [2026-10-01T00:03:53.000+0000] {dagbag.py:538} INFO - Filling up the DagBag from /home/airflow/.local/lib/python3.7/site-packages/airflow/example_dags/example_time_delta_sensor_async.py
[2026-10-01T00:03:53.026+0000] {processor.py:753} INFO - DAG(s) dict_keys(['example_time_delta_sensor_async']) retrieved from /home/airflow/.local/lib/python3.7/site-packages/airflow/example_dags/example_time_delta_sensor_async.py
[2026-10-01T00:03:53.090+0000] {logging_mixin.py:137} INFO - [2026-10-01T00:03:53.090+0000] {dag.py:2676} INFO - Sync 1 DAGs
[2026-10-01T00:03:53.139+0000] {logging_mixin.py:137} INFO - [2026-10-01T00:03:53.139+0000] {dag.py:3427} INFO - Setting next_dagrun for example_time_delta_sensor_async to None, run_after=None
[2026-10-01T00:03:53.192+0000] {processor.py:175} INFO - Processing /home/airflow/.local/lib/python3.7/site-packages/airflow/example_dags/example_time_delta_sensor_async.py took 0.199 seconds
[2026-10-01T00:04:23.330+0000] {processor.py:153} INFO - Started process (PID=15644) to work on /home/airflow/.local/lib/python3.7/site-packages/airflow/example_dags/example_time_delta_sensor_async.py
[2026-10-01T00:04:23.331+0000] {processor.py:743} INFO - Processing file /home/airflow/.local/lib/python3.7/site-packages/airflow/example_dags/example_time_delta_sensor_async.py for tasks to queue
[2026-10-01T00:04:23.332+0000] {logging_mixin.py:137} INFO - [2026-10-01T00:04:23.332+0000] {dagbag.py:538} INFO - Filling up the DagBag from /home/airflow/.local/lib/python3.7/site-packages/airflow/example_dags/example_time_delta_sensor_async.py
[2026-10-01T00:04:23.357+0000] {processor.py:753} INFO - DAG(s) dict_keys(['example_time_delta_sensor_async']) retrieved from /home/airflow/.local/lib/python3.7/site-packages/airflow/example_dags/example_time_delta_sensor_async.py
[2026-10-01T00:04:23.409+0000] {logging_mixin.py:137} INFO - [2026-10-01T00:04:23.409+0000] {dag.py:2676} INFO - Sync 1 DAGs
[2026-10-01T00:04:23.441+0000] {logging_mixin.py:137} INFO - [2026-10-01T00:04:23.440+0000] {dag.py:3427} INFO - Setting next_dagrun for example_time_delta_sensor_async to None, run_after=None
[2026-10-01T00:04:23.463+0000] {processor.py:175} INFO - Processing /home/airflow/.local/lib/python3.7/site-packages/airflow/example_dags/example_time_delta_sensor_async.py took 0.140 seconds
[2026-10-01T00:04:54.336+0000] {processor.py:153} INFO - Started process (PID=15723) to work on /home/airflow/.local/lib/python3.7/site-packages/airflow/example_dags/example_time_delta_sensor_async.py
[2026-10-01T00:04:54.336+0000] {processor.py:743} INFO - Processing file /home/airflow/.local/lib/python3.7/site-packages/airflow/example_dags/example_time_delta_sensor_async.py for tasks to queue
[2026-10-01T00:04:54.337+0000] {logging_mixin.py:137} INFO - [2026-10-01T00:04:54.337+0000] {dagbag.py:538} INFO - Filling up the DagBag from /home/airflow/.local/lib/python3.7/site-packages/airflow/example_dags/example_time_delta_sensor_async.py
[2026-10-01T00:04:54.353+0000] {processor.py:753} INFO - DAG(s) dict_keys(['example_time_delta_sensor_async']) retrieved from /home/airflow/.local/lib/python3.7/site-packages/airflow/example_dags/example_time_delta_sensor_async.py
[2026-10-01T00:04:54.399+0000] {logging_mixin.py:137} INFO - [2026-10-01T00:04:54.398+0000] {dag.py:2676} INFO - Sync 1 DAGs
[2026-10-01T00:04:54.435+0000] {logging_mixin.py:137} INFO - [2026-10-01T00:04:54.435+0000] {dag.py:3427} INFO - Setting next_dagrun for example_time_delta_sensor_async to None, run_after=None
[2026-10-01T00:04:54.455+0000] {processor.py:175} INFO - Processing /home/airflow/.local/lib/python3.7/site-packages/airflow/example_dags/example_time_delta_sensor_async.py took 0.123 seconds
[2026-10-01T00:05:25.514+0000] {processor.py:153} INFO - Started process (PID=15809) to work on /home/airflow/.local/lib/python3.7/site-packages/airflow/example_dags/example_time_delta_sensor_async.py
[2026-10-01T00:05:25.515+0000] {processor.py:743} INFO - Processing file /home/airflow/.local/lib/python3.7/site-packages/airflow/example_dags/example_time_delta_sensor_async.py for tasks to queue
[2026-10-01T00:05:25.516+0000] {logging_mixin.py:137} INFO - [2026-10-01T00:05:25.516+0000] {dagbag.py:538} INFO - Filling up the DagBag from /home/airflow/.local/lib/python3.7/site-packages/airflow/example_dags/example_time_delta_sensor_async.py
[2026-10-01T00:05:25.534+0000] {processor.py:753} INFO - DAG(s) dict_keys(['example_time_delta_sensor_async']) retrieved from /home/airflow/.local/lib/python3.7/site-packages/airflow/example_dags/example_time_delta_sensor_async.py
[2026-10-01T00:05:25.582+0000] {logging_mixin.py:137} INFO - [2026-10-01T00:05:25.582+0000] {dag.py:2676} INFO - Sync 1 DAGs
[2026-10-01T00:05:25.614+0000] {logging_mixin.py:137} INFO - [2026-10-01T00:05:25.614+0000] {dag.py:3427} INFO - Setting next_dagrun for example_time_delta_sensor_async to None, run_after=None
[2026-10-01T00:05:25.637+0000] {processor.py:175} INFO - Processing /home/airflow/.local/lib/python3.7/site-packages/airflow/example_dags/example_time_delta_sensor_async.py took 0.127 seconds
[2026-10-01T00:05:55.949+0000] {processor.py:153} INFO - Started process (PID=15901) to work on /home/airflow/.local/lib/python3.7/site-packages/airflow/example_dags/example_time_delta_sensor_async.py
[2026-10-01T00:05:55.950+0000] {processor.py:743} INFO - Processing file /home/airflow/.local/lib/python3.7/site-packages/airflow/example_dags/example_time_delta_sensor_async.py for tasks to queue
[2026-10-01T00:05:55.950+0000] {logging_mixin.py:137} INFO - [2026-10-01T00:05:55.950+0000] {dagbag.py:538} INFO - Filling up the DagBag from /home/airflow/.local/lib/python3.7/site-packages/airflow/example_dags/example_time_delta_sensor_async.py
[2026-10-01T00:05:55.968+0000] {processor.py:753} INFO - DAG(s) dict_keys(['example_time_delta_sensor_async']) retrieved from /home/airflow/.local/lib/python3.7/site-packages/airflow/example_dags/example_time_delta_sensor_async.py
[2026-10-01T00:05:56.019+0000] {logging_mixin.py:137} INFO - [2026-10-01T00:05:56.018+0000] {dag.py:2676} INFO - Sync 1 DAGs
[2026-10-01T00:05:56.052+0000] {logging_mixin.py:137} INFO - [2026-10-01T00:05:56.052+0000] {dag.py:3427} INFO - Setting next_dagrun for example_time_delta_sensor_async to None, run_after=None
[2026-10-01T00:05:56.076+0000] {processor.py:175} INFO - Processing /home/airflow/.local/lib/python3.7/site-packages/airflow/example_dags/example_time_delta_sensor_async.py took 0.131 seconds
[2026-10-01T00:06:26.971+0000] {processor.py:153} INFO - Started process (PID=15980) to work on /home/airflow/.local/lib/python3.7/site-packages/airflow/example_dags/example_time_delta_sensor_async.py
[2026-10-01T00:06:26.972+0000] {processor.py:743} INFO - Processing file /home/airflow/.local/lib/python3.7/site-packages/airflow/example_dags/example_time_delta_sensor_async.py for tasks to queue
[2026-10-01T00:06:26.974+0000] {logging_mixin.py:137} INFO - [2026-10-01T00:06:26.973+0000] {dagbag.py:538} INFO - Filling up the DagBag from /home/airflow/.local/lib/python3.7/site-packages/airflow/example_dags/example_time_delta_sensor_async.py
[2026-10-01T00:06:26.999+0000] {processor.py:753} INFO - DAG(s) dict_keys(['example_time_delta_sensor_async']) retrieved from /home/airflow/.local/lib/python3.7/site-packages/airflow/example_dags/example_time_delta_sensor_async.py
[2026-10-01T00:06:27.071+0000] {logging_mixin.py:137} INFO - [2026-10-01T00:06:27.071+0000] {dag.py:2676} INFO - Sync 1 DAGs
[2026-10-01T00:06:27.118+0000] {logging_mixin.py:137} INFO - [2026-10-01T00:06:27.118+0000] {dag.py:3427} INFO - Setting next_dagrun for example_time_delta_sensor_async to None, run_after=None
[2026-10-01T00:06:27.144+0000] {processor.py:175} INFO - Processing /home/airflow/.local/lib/python3.7/site-packages/airflow/example_dags/example_time_delta_sensor_async.py took 0.179 seconds
[2026-10-01T00:06:57.516+0000] {processor.py:153} INFO - Started process (PID=16059) to work on /home/airflow/.local/lib/python3.7/site-packages/airflow/example_dags/example_time_delta_sensor_async.py
[2026-10-01T00:06:57.517+0000] {processor.py:743} INFO - Processing file /home/airflow/.local/lib/python3.7/site-packages/airflow/example_dags/example_time_delta_sensor_async.py for tasks to queue
[2026-10-01T00:06:57.517+0000] {logging_mixin.py:137} INFO - [2026-10-01T00:06:57.517+0000] {dagbag.py:538} INFO - Filling up the DagBag from /home/airflow/.local/lib/python3.7/site-packages/airflow/example_dags/example_time_delta_sensor_async.py
[2026-10-01T00:06:57.534+0000] {processor.py:753} INFO - DAG(s) dict_keys(['example_time_delta_sensor_async']) retrieved from /home/airflow/.local/lib/python3.7/site-packages/airflow/example_dags/example_time_delta_sensor_async.py
[2026-10-01T00:06:57.587+0000] {logging_mixin.py:137} INFO - [2026-10-01T00:06:57.587+0000] {dag.py:2676} INFO - Sync 1 DAGs
[2026-10-01T00:06:57.616+0000] {logging_mixin.py:137} INFO - [2026-10-01T00:06:57.616+0000] {dag.py:3427} INFO - Setting next_dagrun for example_time_delta_sensor_async to None, run_after=None
[2026-10-01T00:06:57.636+0000] {processor.py:175} INFO - Processing /home/airflow/.local/lib/python3.7/site-packages/airflow/example_dags/example_time_delta_sensor_async.py took 0.124 seconds
[2026-10-01T00:07:27.800+0000] {processor.py:153} INFO - Started process (PID=16158) to work on /home/airflow/.local/lib/python3.7/site-packages/airflow/example_dags/example_time_delta_sensor_async.py
[2026-10-01T00:07:27.801+0000] {processor.py:743} INFO - Processing file /home/airflow/.local/lib/python3.7/site-packages/airflow/example_dags/example_time_delta_sensor_async.py for tasks to queue
[2026-10-01T00:07:27.801+0000] {logging_mixin.py:137} INFO - [2026-10-01T00:07:27.801+0000] {dagbag.py:538} INFO - Filling up the DagBag from /home/airflow/.local/lib/python3.7/site-packages/airflow/example_dags/example_time_delta_sensor_async.py
[2026-10-01T00:07:27.820+0000] {processor.py:753} INFO - DAG(s) dict_keys(['example_time_delta_sensor_async']) retrieved from /home/airflow/.local/lib/python3.7/site-packages/airflow/example_dags/example_time_delta_sensor_async.py
[2026-10-01T00:07:27.877+0000] {logging_mixin.py:137} INFO - [2026-10-01T00:07:27.876+0000] {dag.py:2676} INFO - Sync 1 DAGs
[2026-10-01T00:07:27.913+0000] {logging_mixin.py:137} INFO - [2026-10-01T00:07:27.913+0000] {dag.py:3427} INFO - Setting next_dagrun for example_time_delta_sensor_async to None, run_after=None
[2026-10-01T00:07:27.941+0000] {processor.py:175} INFO - Processing /home/airflow/.local/lib/python3.7/site-packages/airflow/example_dags/example_time_delta_sensor_async.py took 0.145 seconds
[2026-10-01T00:07:58.243+0000] {processor.py:153} INFO - Started process (PID=16237) to work on /home/airflow/.local/lib/python3.7/site-packages/airflow/example_dags/example_time_delta_sensor_async.py
[2026-10-01T00:07:58.244+0000] {processor.py:743} INFO - Processing file /home/airflow/.local/lib/python3.7/site-packages/airflow/example_dags/example_time_delta_sensor_async.py for tasks to queue
[2026-10-01T00:07:58.245+0000] {logging_mixin.py:137} INFO - [2026-10-01T00:07:58.245+0000] {dagbag.py:538} INFO - Filling up the DagBag from /home/airflow/.local/lib/python3.7/site-packages/airflow/example_dags/example_time_delta_sensor_async.py
[2026-10-01T00:07:58.271+0000] {processor.py:753} INFO - DAG(s) dict_keys(['example_time_delta_sensor_async']) retrieved from /home/airflow/.local/lib/python3.7/site-packages/airflow/example_dags/example_time_delta_sensor_async.py
[2026-10-01T00:07:58.343+0000] {logging_mixin.py:137} INFO - [2026-10-01T00:07:58.343+0000] {dag.py:2676} INFO - Sync 1 DAGs
[2026-10-01T00:07:58.392+0000] {logging_mixin.py:137} INFO - [2026-10-01T00:07:58.392+0000] {dag.py:3427} INFO - Setting next_dagrun for example_time_delta_sensor_async to None, run_after=None
[2026-10-01T00:07:58.418+0000] {processor.py:175} INFO - Processing /home/airflow/.local/lib/python3.7/site-packages/airflow/example_dags/example_time_delta_sensor_async.py took 0.181 seconds
[2026-10-01T00:08:28.763+0000] {processor.py:153} INFO - Started process (PID=16316) to work on /home/airflow/.local/lib/python3.7/site-packages/airflow/example_dags/example_time_delta_sensor_async.py
[2026-10-01T00:08:28.764+0000] {processor.py:743} INFO - Processing file /home/airflow/.local/lib/python3.7/site-packages/airflow/example_dags/example_time_delta_sensor_async.py for tasks to queue
[2026-10-01T00:08:28.765+0000] {logging_mixin.py:137} INFO - [2026-10-01T00:08:28.765+0000] {dagbag.py:538} INFO - Filling up the DagBag from /home/airflow/.local/lib/python3.7/site-packages/airflow/example_dags/example_time_delta_sensor_async.py
[2026-10-01T00:08:28.791+0000] {processor.py:753} INFO - DAG(s) dict_keys(['example_time_delta_sensor_async']) retrieved from /home/airflow/.local/lib/python3.7/site-packages/airflow/example_dags/example_time_delta_sensor_async.py
[2026-10-01T00:08:28.851+0000] {logging_mixin.py:137} INFO - [2026-10-01T00:08:28.851+0000] {dag.py:2676} INFO - Sync 1 DAGs
[2026-10-01T00:08:28.888+0000] {logging_mixin.py:137} INFO - [2026-10-01T00:08:28.888+0000] {dag.py:3427} INFO - Setting next_dagrun for example_time_delta_sensor_async to None, run_after=None
[2026-10-01T00:08:28.916+0000] {processor.py:175} INFO - Processing /home/airflow/.local/lib/python3.7/site-packages/airflow/example_dags/example_time_delta_sensor_async.py took 0.159 seconds
[2026-10-01T00:08:59.173+0000] {processor.py:153} INFO - Started process (PID=16395) to work on /home/airflow/.local/lib/python3.7/site-packages/airflow/example_dags/example_time_delta_sensor_async.py
[2026-10-01T00:08:59.174+0000] {processor.py:743} INFO - Processing file /home/airflow/.local/lib/python3.7/site-packages/airflow/example_dags/example_time_delta_sensor_async.py for tasks to queue
[2026-10-01T00:08:59.174+0000] {logging_mixin.py:137} INFO - [2026-10-01T00:08:59.174+0000] {dagbag.py:538} INFO - Filling up the DagBag from /home/airflow/.local/lib/python3.7/site-packages/airflow/example_dags/example_time_delta_sensor_async.py
[2026-10-01T00:08:59.191+0000] {processor.py:753} INFO - DAG(s) dict_keys(['example_time_delta_sensor_async']) retrieved from /home/airflow/.local/lib/python3.7/site-packages/airflow/example_dags/example_time_delta_sensor_async.py
[2026-10-01T00:08:59.256+0000] {logging_mixin.py:137} INFO - [2026-10-01T00:08:59.255+0000] {dag.py:2676} INFO - Sync 1 DAGs
[2026-10-01T00:08:59.292+0000] {logging_mixin.py:137} INFO - [2026-10-01T00:08:59.292+0000] {dag.py:3427} INFO - Setting next_dagrun for example_time_delta_sensor_async to None, run_after=None
[2026-10-01T00:08:59.314+0000] {processor.py:175} INFO - Processing /home/airflow/.local/lib/python3.7/site-packages/airflow/example_dags/example_time_delta_sensor_async.py took 0.148 seconds
[2026-10-01T00:09:29.410+0000] {processor.py:153} INFO - Started process (PID=16494) to work on /home/airflow/.local/lib/python3.7/site-packages/airflow/example_dags/example_time_delta_sensor_async.py
[2026-10-01T00:09:29.412+0000] {processor.py:743} INFO - Processing file /home/airflow/.local/lib/python3.7/site-packages/airflow/example_dags/example_time_delta_sensor_async.py for tasks to queue
[2026-10-01T00:09:29.414+0000] {logging_mixin.py:137} INFO - [2026-10-01T00:09:29.413+0000] {dagbag.py:538} INFO - Filling up the DagBag from /home/airflow/.local/lib/python3.7/site-packages/airflow/example_dags/example_time_delta_sensor_async.py
[2026-10-01T00:09:29.435+0000] {processor.py:753} INFO - DAG(s) dict_keys(['example_time_delta_sensor_async']) retrieved from /home/airflow/.local/lib/python3.7/site-packages/airflow/example_dags/example_time_delta_sensor_async.py
[2026-10-01T00:09:29.483+0000] {logging_mixin.py:137} INFO - [2026-10-01T00:09:29.483+0000] {dag.py:2676} INFO - Sync 1 DAGs
[2026-10-01T00:09:29.513+0000] {logging_mixin.py:137} INFO - [2026-10-01T00:09:29.513+0000] {dag.py:3427} INFO - Setting next_dagrun for example_time_delta_sensor_async to None, run_after=None
[2026-10-01T00:09:29.536+0000] {processor.py:175} INFO - Processing /home/airflow/.local/lib/python3.7/site-packages/airflow/example_dags/example_time_delta_sensor_async.py took 0.133 seconds
[2026-10-01T00:09:59.700+0000] {processor.py:153} INFO - Started process (PID=16573) to work on /home/airflow/.local/lib/python3.7/site-packages/airflow/example_dags/example_time_delta_sensor_async.py
[2026-10-01T00:09:59.701+0000] {processor.py:743} INFO - Processing file /home/airflow/.local/lib/python3.7/site-packages/airflow/example_dags/example_time_delta_sensor_async.py for tasks to queue
[2026-10-01T00:09:59.702+0000] {logging_mixin.py:137} INFO - [2026-10-01T00:09:59.702+0000] {dagbag.py:538} INFO - Filling up the DagBag from /home/airflow/.local/lib/python3.7/site-packages/airflow/example_dags/example_time_delta_sensor_async.py
[2026-10-01T00:09:59.718+0000] {processor.py:753} INFO - DAG(s) dict_keys(['example_time_delta_sensor_async']) retrieved from /home/airflow/.local/lib/python3.7/site-packages/airflow/example_dags/example_time_delta_sensor_async.py
[2026-10-01T00:09:59.780+0000] {logging_mixin.py:137} INFO - [2026-10-01T00:09:59.780+0000] {dag.py:2676} INFO - Sync 1 DAGs
[2026-10-01T00:09:59.813+0000] {logging_mixin.py:137} INFO - [2026-10-01T00:09:59.813+0000] {dag.py:3427} INFO - Setting next_dagrun for example_time_delta_sensor_async to None, run_after=None
[2026-10-01T00:09:59.842+0000] {processor.py:175} INFO - Processing /home/airflow/.local/lib/python3.7/site-packages/airflow/example_dags/example_time_delta_sensor_async.py took 0.147 seconds
[2026-10-01T00:10:29.923+0000] {processor.py:153} INFO - Started process (PID=16652) to work on /home/airflow/.local/lib/python3.7/site-packages/airflow/example_dags/example_time_delta_sensor_async.py
[2026-10-01T00:10:29.924+0000] {processor.py:743} INFO - Processing file /home/airflow/.local/lib/python3.7/site-packages/airflow/example_dags/example_time_delta_sensor_async.py for tasks to queue
[2026-10-01T00:10:29.925+0000] {logging_mixin.py:137} INFO - [2026-10-01T00:10:29.924+0000] {dagbag.py:538} INFO - Filling up the DagBag from /home/airflow/.local/lib/python3.7/site-packages/airflow/example_dags/example_time_delta_sensor_async.py
[2026-10-01T00:10:29.941+0000] {processor.py:753} INFO - DAG(s) dict_keys(['example_time_delta_sensor_async']) retrieved from /home/airflow/.local/lib/python3.7/site-packages/airflow/example_dags/example_time_delta_sensor_async.py
[2026-10-01T00:10:30.006+0000] {logging_mixin.py:137} INFO - [2026-10-01T00:10:30.006+0000] {dag.py:2676} INFO - Sync 1 DAGs
[2026-10-01T00:10:30.036+0000] {logging_mixin.py:137} INFO - [2026-10-01T00:10:30.036+0000] {dag.py:3427} INFO - Setting next_dagrun for example_time_delta_sensor_async to None, run_after=None
[2026-10-01T00:10:30.058+0000] {processor.py:175} INFO - Processing /home/airflow/.local/lib/python3.7/site-packages/airflow/example_dags/example_time_delta_sensor_async.py took 0.141 seconds
[2026-10-01T00:11:00.326+0000] {processor.py:153} INFO - Started process (PID=16731) to work on /home/airflow/.local/lib/python3.7/site-packages/airflow/example_dags/example_time_delta_sensor_async.py
[2026-10-01T00:11:00.327+0000] {processor.py:743} INFO - Processing file /home/airflow/.local/lib/python3.7/site-packages/airflow/example_dags/example_time_delta_sensor_async.py for tasks to queue
[2026-10-01T00:11:00.328+0000] {logging_mixin.py:137} INFO - [2026-10-01T00:11:00.328+0000] {dagbag.py:538} INFO - Filling up the DagBag from /home/airflow/.local/lib/python3.7/site-packages/airflow/example_dags/example_time_delta_sensor_async.py
[2026-10-01T00:11:00.353+0000] {processor.py:753} INFO - DAG(s) dict_keys(['example_time_delta_sensor_async']) retrieved from /home/airflow/.local/lib/python3.7/site-packages/airflow/example_dags/example_time_delta_sensor_async.py
[2026-10-01T00:11:00.414+0000] {logging_mixin.py:137} INFO - [2026-10-01T00:11:00.413+0000] {dag.py:2676} INFO - Sync 1 DAGs
[2026-10-01T00:11:00.446+0000] {logging_mixin.py:137} INFO - [2026-10-01T00:11:00.446+0000] {dag.py:3427} INFO - Setting next_dagrun for example_time_delta_sensor_async to None, run_after=None
[2026-10-01T00:11:00.466+0000] {processor.py:175} INFO - Processing /home/airflow/.local/lib/python3.7/site-packages/airflow/example_dags/example_time_delta_sensor_async.py took 0.144 seconds
[2026-10-01T00:11:30.797+0000] {processor.py:153} INFO - Started process (PID=16819) to work on /home/airflow/.local/lib/python3.7/site-packages/airflow/example_dags/example_time_delta_sensor_async.py
[2026-10-01T00:11:30.798+0000] {processor.py:743} INFO - Processing file /home/airflow/.local/lib/python3.7/site-packages/airflow/example_dags/example_time_delta_sensor_async.py for tasks to queue
[2026-10-01T00:11:30.799+0000] {logging_mixin.py:137} INFO - [2026-10-01T00:11:30.799+0000] {dagbag.py:538} INFO - Filling up the DagBag from /home/airflow/.local/lib/python3.7/site-packages/airflow/example_dags/example_time_delta_sensor_async.py
[2026-10-01T00:11:30.816+0000] {processor.py:753} INFO - DAG(s) dict_keys(['example_time_delta_sensor_async']) retrieved from /home/airflow/.local/lib/python3.7/site-packages/airflow/example_dags/example_time_delta_sensor_async.py
[2026-10-01T00:11:30.873+0000] {logging_mixin.py:137} INFO - [2026-10-01T00:11:30.873+0000] {dag.py:2676} INFO - Sync 1 DAGs
[2026-10-01T00:11:30.921+0000] {logging_mixin.py:137} INFO - [2026-10-01T00:11:30.920+0000] {dag.py:3427} INFO - Setting next_dagrun for example_time_delta_sensor_async to None, run_after=None
[2026-10-01T00:11:30.951+0000] {processor.py:175} INFO - Processing /home/airflow/.local/lib/python3.7/site-packages/airflow/example_dags/example_time_delta_sensor_async.py took 0.158 seconds
[2026-10-01T00:12:01.538+0000] {processor.py:153} INFO - Started process (PID=16909) to work on /home/airflow/.local/lib/python3.7/site-packages/airflow/example_dags/example_time_delta_sensor_async.py
[2026-10-01T00:12:01.538+0000] {processor.py:743} INFO - Processing file /home/airflow/.local/lib/python3.7/site-packages/airflow/example_dags/example_time_delta_sensor_async.py for tasks to queue
[2026-10-01T00:12:01.539+0000] {logging_mixin.py:137} INFO - [2026-10-01T00:12:01.539+0000] {dagbag.py:538} INFO - Filling up the DagBag from /home/airflow/.local/lib/python3.7/site-packages/airflow/example_dags/example_time_delta_sensor_async.py
[2026-10-01T00:12:01.554+0000] {processor.py:753} INFO - DAG(s) dict_keys(['example_time_delta_sensor_async']) retrieved from /home/airflow/.local/lib/python3.7/site-packages/airflow/example_dags/example_time_delta_sensor_async.py
[2026-10-01T00:12:01.600+0000] {logging_mixin.py:137} INFO - [2026-10-01T00:12:01.600+0000] {dag.py:2676} INFO - Sync 1 DAGs
[2026-10-01T00:12:01.629+0000] {logging_mixin.py:137} INFO - [2026-10-01T00:12:01.629+0000] {dag.py:3427} INFO - Setting next_dagrun for example_time_delta_sensor_async to None, run_after=None
[2026-10-01T00:12:01.651+0000] {processor.py:175} INFO - Processing /home/airflow/.local/lib/python3.7/site-packages/airflow/example_dags/example_time_delta_sensor_async.py took 0.117 seconds
[2026-10-01T00:12:31.858+0000] {processor.py:153} INFO - Started process (PID=16988) to work on /home/airflow/.local/lib/python3.7/site-packages/airflow/example_dags/example_time_delta_sensor_async.py
[2026-10-01T00:12:31.859+0000] {processor.py:743} INFO - Processing file /home/airflow/.local/lib/python3.7/site-packages/airflow/example_dags/example_time_delta_sensor_async.py for tasks to queue
[2026-10-01T00:12:31.860+0000] {logging_mixin.py:137} INFO - [2026-10-01T00:12:31.860+0000] {dagbag.py:538} INFO - Filling up the DagBag from /home/airflow/.local/lib/python3.7/site-packages/airflow/example_dags/example_time_delta_sensor_async.py
[2026-10-01T00:12:31.876+0000] {processor.py:753} INFO - DAG(s) dict_keys(['example_time_delta_sensor_async']) retrieved from /home/airflow/.local/lib/python3.7/site-packages/airflow/example_dags/example_time_delta_sensor_async.py
[2026-10-01T00:12:31.926+0000] {logging_mixin.py:137} INFO - [2026-10-01T00:12:31.926+0000] {dag.py:2676} INFO - Sync 1 DAGs
[2026-10-01T00:12:31.966+0000] {logging_mixin.py:137} INFO - [2026-10-01T00:12:31.966+0000] {dag.py:3427} INFO - Setting next_dagrun for example_time_delta_sensor_async to None, run_after=None
[2026-10-01T00:12:31.996+0000] {processor.py:175} INFO - Processing /home/airflow/.local/lib/python3.7/site-packages/airflow/example_dags/example_time_delta_sensor_async.py took 0.143 seconds
[2026-10-01T00:13:02.577+0000] {processor.py:153} INFO - Started process (PID=17066) to work on /home/airflow/.local/lib/python3.7/site-packages/airflow/example_dags/example_time_delta_sensor_async.py
[2026-10-01T00:13:02.579+0000] {processor.py:743} INFO - Processing file /home/airflow/.local/lib/python3.7/site-packages/airflow/example_dags/example_time_delta_sensor_async.py for tasks to queue
[2026-10-01T00:13:02.580+0000] {logging_mixin.py:137} INFO - [2026-10-01T00:13:02.580+0000] {dagbag.py:538} INFO - Filling up the DagBag from /home/airflow/.local/lib/python3.7/site-packages/airflow/example_dags/example_time_delta_sensor_async.py
[2026-10-01T00:13:02.605+0000] {processor.py:753} INFO - DAG(s) dict_keys(['example_time_delta_sensor_async']) retrieved from /home/airflow/.local/lib/python3.7/site-packages/airflow/example_dags/example_time_delta_sensor_async.py
[2026-10-01T00:13:02.673+0000] {logging_mixin.py:137} INFO - [2026-10-01T00:13:02.673+0000] {dag.py:2676} INFO - Sync 1 DAGs
[2026-10-01T00:13:02.721+0000] {logging_mixin.py:137} INFO - [2026-10-01T00:13:02.720+0000] {dag.py:3427} INFO - Setting next_dagrun for example_time_delta_sensor_async to None, run_after=None
[2026-10-01T00:13:02.746+0000] {processor.py:175} INFO - Processing /home/airflow/.local/lib/python3.7/site-packages/airflow/example_dags/example_time_delta_sensor_async.py took 0.175 seconds
[2026-10-01T00:13:33.158+0000] {processor.py:153} INFO - Started process (PID=17166) to work on /home/airflow/.local/lib/python3.7/site-packages/airflow/example_dags/example_time_delta_sensor_async.py
[2026-10-01T00:13:33.160+0000] {processor.py:743} INFO - Processing file /home/airflow/.local/lib/python3.7/site-packages/airflow/example_dags/example_time_delta_sensor_async.py for tasks to queue
[2026-10-01T00:13:33.161+0000] {logging_mixin.py:137} INFO - [2026-10-01T00:13:33.161+0000] {dagbag.py:538} INFO - Filling up the DagBag from /home/airflow/.local/lib/python3.7/site-packages/airflow/example_dags/example_time_delta_sensor_async.py
[2026-10-01T00:13:33.181+0000] {processor.py:753} INFO - DAG(s) dict_keys(['example_time_delta_sensor_async']) retrieved from /home/airflow/.local/lib/python3.7/site-packages/airflow/example_dags/example_time_delta_sensor_async.py
[2026-10-01T00:13:33.228+0000] {logging_mixin.py:137} INFO - [2026-10-01T00:13:33.228+0000] {dag.py:2676} INFO - Sync 1 DAGs
[2026-10-01T00:13:33.260+0000] {logging_mixin.py:137} INFO - [2026-10-01T00:13:33.259+0000] {dag.py:3427} INFO - Setting next_dagrun for example_time_delta_sensor_async to None, run_after=None
[2026-10-01T00:13:33.282+0000] {processor.py:175} INFO - Processing /home/airflow/.local/lib/python3.7/site-packages/airflow/example_dags/example_time_delta_sensor_async.py took 0.128 seconds
[2026-10-01T00:14:03.822+0000] {processor.py:153} INFO - Started process (PID=17245) to work on /home/airflow/.local/lib/python3.7/site-packages/airflow/example_dags/example_time_delta_sensor_async.py
[2026-10-01T00:14:03.822+0000] {processor.py:743} INFO - Processing file /home/airflow/.local/lib/python3.7/site-packages/airflow/example_dags/example_time_delta_sensor_async.py for tasks to queue
[2026-10-01T00:14:03.823+0000] {logging_mixin.py:137} INFO - [2026-10-01T00:14:03.823+0000] {dagbag.py:538} INFO - Filling up the DagBag from /home/airflow/.local/lib/python3.7/site-packages/airflow/example_dags/example_time_delta_sensor_async.py
[2026-10-01T00:14:03.841+0000] {processor.py:753} INFO - DAG(s) dict_keys(['example_time_delta_sensor_async']) retrieved from /home/airflow/.local/lib/python3.7/site-packages/airflow/example_dags/example_time_delta_sensor_async.py
[2026-10-01T00:14:03.890+0000] {logging_mixin.py:137} INFO - [2026-10-01T00:14:03.890+0000] {dag.py:2676} INFO - Sync 1 DAGs
[2026-10-01T00:14:03.930+0000] {logging_mixin.py:137} INFO - [2026-10-01T00:14:03.929+0000] {dag.py:3427} INFO - Setting next_dagrun for example_time_delta_sensor_async to None, run_after=None
[2026-10-01T00:14:03.950+0000] {processor.py:175} INFO - Processing /home/airflow/.local/lib/python3.7/site-packages/airflow/example_dags/example_time_delta_sensor_async.py took 0.133 seconds
[2026-10-01T00:14:35.094+0000] {processor.py:153} INFO - Started process (PID=17324) to work on /home/airflow/.local/lib/python3.7/site-packages/airflow/example_dags/example_time_delta_sensor_async.py
[2026-10-01T00:14:35.096+0000] {processor.py:743} INFO - Processing file /home/airflow/.local/lib/python3.7/site-packages/airflow/example_dags/example_time_delta_sensor_async.py for tasks to queue
[2026-10-01T00:14:35.097+0000] {logging_mixin.py:137} INFO - [2026-10-01T00:14:35.097+0000] {dagbag.py:538} INFO - Filling up the DagBag from /home/airflow/.local/lib/python3.7/site-packages/airflow/example_dags/example_time_delta_sensor_async.py
[2026-10-01T00:14:35.116+0000] {processor.py:753} INFO - DAG(s) dict_keys(['example_time_delta_sensor_async']) retrieved from /home/airflow/.local/lib/python3.7/site-packages/airflow/example_dags/example_time_delta_sensor_async.py
[2026-10-01T00:14:35.168+0000] {logging_mixin.py:137} INFO - [2026-10-01T00:14:35.168+0000] {dag.py:2676} INFO - Sync 1 DAGs
[2026-10-01T00:14:35.210+0000] {logging_mixin.py:137} INFO - [2026-10-01T00:14:35.210+0000] {dag.py:3427} INFO - Setting next_dagrun for example_time_delta_sensor_async to None, run_after=None
[2026-10-01T00:14:35.231+0000] {processor.py:175} INFO - Processing /home/airflow/.local/lib/python3.7/site-packages/airflow/example_dags/example_time_delta_sensor_async.py took 0.143 seconds
[2026-10-01T00:15:05.409+0000] {processor.py:153} INFO - Started process (PID=17403) to work on /home/airflow/.local/lib/python3.7/site-packages/airflow/example_dags/example_time_delta_sensor_async.py
[2026-10-01T00:15:05.410+0000] {processor.py:743} INFO - Processing file /home/airflow/.local/lib/python3.7/site-packages/airflow/example_dags/example_time_delta_sensor_async.py for tasks to queue
[2026-10-01T00:15:05.411+0000] {logging_mixin.py:137} INFO - [2026-10-01T00:15:05.411+0000] {dagbag.py:538} INFO - Filling up the DagBag from /home/airflow/.local/lib/python3.7/site-packages/airflow/example_dags/example_time_delta_sensor_async.py
[2026-10-01T00:15:05.430+0000] {processor.py:753} INFO - DAG(s) dict_keys(['example_time_delta_sensor_async']) retrieved from /home/airflow/.local/lib/python3.7/site-packages/airflow/example_dags/example_time_delta_sensor_async.py
[2026-10-01T00:15:05.498+0000] {logging_mixin.py:137} INFO - [2026-10-01T00:15:05.498+0000] {dag.py:2676} INFO - Sync 1 DAGs
[2026-10-01T00:15:05.547+0000] {logging_mixin.py:137} INFO - [2026-10-01T00:15:05.546+0000] {dag.py:3427} INFO - Setting next_dagrun for example_time_delta_sensor_async to None, run_after=None
[2026-10-01T00:15:05.575+0000] {processor.py:175} INFO - Processing /home/airflow/.local/lib/python3.7/site-packages/airflow/example_dags/example_time_delta_sensor_async.py took 0.170 seconds
[2026-10-01T00:15:35.856+0000] {processor.py:153} INFO - Started process (PID=17502) to work on /home/airflow/.local/lib/python3.7/site-packages/airflow/example_dags/example_time_delta_sensor_async.py
[2026-10-01T00:15:35.858+0000] {processor.py:743} INFO - Processing file /home/airflow/.local/lib/python3.7/site-packages/airflow/example_dags/example_time_delta_sensor_async.py for tasks to queue
[2026-10-01T00:15:35.859+0000] {logging_mixin.py:137} INFO - [2026-10-01T00:15:35.859+0000] {dagbag.py:538} INFO - Filling up the DagBag from /home/airflow/.local/lib/python3.7/site-packages/airflow/example_dags/example_time_delta_sensor_async.py
[2026-10-01T00:15:35.886+0000] {processor.py:753} INFO - DAG(s) dict_keys(['example_time_delta_sensor_async']) retrieved from /home/airflow/.local/lib/python3.7/site-packages/airflow/example_dags/example_time_delta_sensor_async.py
[2026-10-01T00:15:35.959+0000] {logging_mixin.py:137} INFO - [2026-10-01T00:15:35.959+0000] {dag.py:2676} INFO - Sync 1 DAGs
[2026-10-01T00:15:35.999+0000] {logging_mixin.py:137} INFO - [2026-10-01T00:15:35.998+0000] {dag.py:3427} INFO - Setting next_dagrun for example_time_delta_sensor_async to None, run_after=None
[2026-10-01T00:15:36.028+0000] {processor.py:175} INFO - Processing /home/airflow/.local/lib/python3.7/site-packages/airflow/example_dags/example_time_delta_sensor_async.py took 0.179 seconds
[2026-10-01T00:16:06.222+0000] {processor.py:153} INFO - Started process (PID=17581) to work on /home/airflow/.local/lib/python3.7/site-packages/airflow/example_dags/example_time_delta_sensor_async.py
[2026-10-01T00:16:06.223+0000] {processor.py:743} INFO - Processing file /home/airflow/.local/lib/python3.7/site-packages/airflow/example_dags/example_time_delta_sensor_async.py for tasks to queue
[2026-10-01T00:16:06.224+0000] {logging_mixin.py:137} INFO - [2026-10-01T00:16:06.224+0000] {dagbag.py:538} INFO - Filling up the DagBag from /home/airflow/.local/lib/python3.7/site-packages/airflow/example_dags/example_time_delta_sensor_async.py
[2026-10-01T00:16:06.241+0000] {processor.py:753} INFO - DAG(s) dict_keys(['example_time_delta_sensor_async']) retrieved from /home/airflow/.local/lib/python3.7/site-packages/airflow/example_dags/example_time_delta_sensor_async.py
[2026-10-01T00:16:06.289+0000] {logging_mixin.py:137} INFO - [2026-10-01T00:16:06.288+0000] {dag.py:2676} INFO - Sync 1 DAGs
[2026-10-01T00:16:06.322+0000] {logging_mixin.py:137} INFO - [2026-10-01T00:16:06.322+0000] {dag.py:3427} INFO - Setting next_dagrun for example_time_delta_sensor_async to None, run_after=None
[2026-10-01T00:16:06.344+0000] {processor.py:175} INFO - Processing /home/airflow/.local/lib/python3.7/site-packages/airflow/example_dags/example_time_delta_sensor_async.py took 0.125 seconds
[2026-10-01T00:16:37.095+0000] {processor.py:153} INFO - Started process (PID=17660) to work on /home/airflow/.local/lib/python3.7/site-packages/airflow/example_dags/example_time_delta_sensor_async.py
[2026-10-01T00:16:37.096+0000] {processor.py:743} INFO - Processing file /home/airflow/.local/lib/python3.7/site-packages/airflow/example_dags/example_time_delta_sensor_async.py for tasks to queue
[2026-10-01T00:16:37.097+0000] {logging_mixin.py:137} INFO - [2026-10-01T00:16:37.097+0000] {dagbag.py:538} INFO - Filling up the DagBag from /home/airflow/.local/lib/python3.7/site-packages/airflow/example_dags/example_time_delta_sensor_async.py
[2026-10-01T00:16:37.114+0000] {processor.py:753} INFO - DAG(s) dict_keys(['example_time_delta_sensor_async']) retrieved from /home/airflow/.local/lib/python3.7/site-packages/airflow/example_dags/example_time_delta_sensor_async.py
[2026-10-01T00:16:37.173+0000] {logging_mixin.py:137} INFO - [2026-10-01T00:16:37.173+0000] {dag.py:2676} INFO - Sync 1 DAGs
[2026-10-01T00:16:37.208+0000] {logging_mixin.py:137} INFO - [2026-10-01T00:16:37.207+0000] {dag.py:3427} INFO - Setting next_dagrun for example_time_delta_sensor_async to None, run_after=None
[2026-10-01T00:16:37.234+0000] {processor.py:175} INFO - Processing /home/airflow/.local/lib/python3.7/site-packages/airflow/example_dags/example_time_delta_sensor_async.py took 0.143 seconds
[2026-10-01T00:17:08.237+0000] {processor.py:153} INFO - Started process (PID=17739) to work on /home/airflow/.local/lib/python3.7/site-packages/airflow/example_dags/example_time_delta_sensor_async.py
[2026-10-01T00:17:08.238+0000] {processor.py:743} INFO - Processing file /home/airflow/.local/lib/python3.7/site-packages/airflow/example_dags/example_time_delta_sensor_async.py for tasks to queue
[2026-10-01T00:17:08.239+0000] {logging_mixin.py:137} INFO - [2026-10-01T00:17:08.238+0000] {dagbag.py:538} INFO - Filling up the DagBag from /home/airflow/.local/lib/python3.7/site-packages/airflow/example_dags/example_time_delta_sensor_async.py
[2026-10-01T00:17:08.256+0000] {processor.py:753} INFO - DAG(s) dict_keys(['example_time_delta_sensor_async']) retrieved from /home/airflow/.local/lib/python3.7/site-packages/airflow/example_dags/example_time_delta_sensor_async.py
[2026-10-01T00:17:08.313+0000] {logging_mixin.py:137} INFO - [2026-10-01T00:17:08.313+0000] {dag.py:2676} INFO - Sync 1 DAGs
[2026-10-01T00:17:08.365+0000] {logging_mixin.py:137} INFO - [2026-10-01T00:17:08.364+0000] {dag.py:3427} INFO - Setting next_dagrun for example_time_delta_sensor_async to None, run_after=None
[2026-10-01T00:17:08.404+0000] {processor.py:175} INFO - Processing /home/airflow/.local/lib/python3.7/site-packages/airflow/example_dags/example_time_delta_sensor_async.py took 0.171 seconds
[2026-10-01T00:17:38.647+0000] {processor.py:153} INFO - Started process (PID=17838) to work on /home/airflow/.local/lib/python3.7/site-packages/airflow/example_dags/example_time_delta_sensor_async.py
[2026-10-01T00:17:38.648+0000] {processor.py:743} INFO - Processing file /home/airflow/.local/lib/python3.7/site-packages/airflow/example_dags/example_time_delta_sensor_async.py for tasks to queue
[2026-10-01T00:17:38.649+0000] {logging_mixin.py:137} INFO - [2026-10-01T00:17:38.649+0000] {dagbag.py:538} INFO - Filling up the DagBag from /home/airflow/.local/lib/python3.7/site-packages/airflow/example_dags/example_time_delta_sensor_async.py
[2026-10-01T00:17:38.668+0000] {processor.py:753} INFO - DAG(s) dict_keys(['example_time_delta_sensor_async']) retrieved from /home/airflow/.local/lib/python3.7/site-packages/airflow/example_dags/example_time_delta_sensor_async.py
[2026-10-01T00:17:38.720+0000] {logging_mixin.py:137} INFO - [2026-10-01T00:17:38.720+0000] {dag.py:2676} INFO - Sync 1 DAGs
[2026-10-01T00:17:38.755+0000] {logging_mixin.py:137} INFO - [2026-10-01T00:17:38.755+0000] {dag.py:3427} INFO - Setting next_dagrun for example_time_delta_sensor_async to None, run_after=None
[2026-10-01T00:17:38.776+0000] {processor.py:175} INFO - Processing /home/airflow/.local/lib/python3.7/site-packages/airflow/example_dags/example_time_delta_sensor_async.py took 0.132 seconds
[2026-10-01T00:18:09.034+0000] {processor.py:153} INFO - Started process (PID=17917) to work on /home/airflow/.local/lib/python3.7/site-packages/airflow/example_dags/example_time_delta_sensor_async.py
[2026-10-01T00:18:09.035+0000] {processor.py:743} INFO - Processing file /home/airflow/.local/lib/python3.7/site-packages/airflow/example_dags/example_time_delta_sensor_async.py for tasks to queue
[2026-10-01T00:18:09.036+0000] {logging_mixin.py:137} INFO - [2026-10-01T00:18:09.036+0000] {dagbag.py:538} INFO - Filling up the DagBag from /home/airflow/.local/lib/python3.7/site-packages/airflow/example_dags/example_time_delta_sensor_async.py
[2026-10-01T00:18:09.053+0000] {processor.py:753} INFO - DAG(s) dict_keys(['example_time_delta_sensor_async']) retrieved from /home/airflow/.local/lib/python3.7/site-packages/airflow/example_dags/example_time_delta_sensor_async.py
[2026-10-01T00:18:09.101+0000] {logging_mixin.py:137} INFO - [2026-10-01T00:18:09.101+0000] {dag.py:2676} INFO - Sync 1 DAGs
[2026-10-01T00:18:09.134+0000] {logging_mixin.py:137} INFO - [2026-10-01T00:18:09.134+0000] {dag.py:3427} INFO - Setting next_dagrun for example_time_delta_sensor_async to None, run_after=None
[2026-10-01T00:18:09.155+0000] {processor.py:175} INFO - Processing /home/airflow/.local/lib/python3.7/site-packages/airflow/example_dags/example_time_delta_sensor_async.py took 0.125 seconds
[2026-10-01T00:18:39.285+0000] {processor.py:153} INFO - Started process (PID=17996) to work on /home/airflow/.local/lib/python3.7/site-packages/airflow/example_dags/example_time_delta_sensor_async.py
[2026-10-01T00:18:39.286+0000] {processor.py:743} INFO - Processing file /home/airflow/.local/lib/python3.7/site-packages/airflow/example_dags/example_time_delta_sensor_async.py for tasks to queue
[2026-10-01T00:18:39.287+0000] {logging_mixin.py:137} INFO - [2026-10-01T00:18:39.287+0000] {dagbag.py:538} INFO - Filling up the DagBag from /home/airflow/.local/lib/python3.7/site-packages/airflow/example_dags/example_time_delta_sensor_async.py
[2026-10-01T00:18:39.313+0000] {processor.py:753} INFO - DAG(s) dict_keys(['example_time_delta_sensor_async']) retrieved from /home/airflow/.local/lib/python3.7/site-packages/airflow/example_dags/example_time_delta_sensor_async.py
[2026-10-01T00:18:39.370+0000] {logging_mixin.py:137} INFO - [2026-10-01T00:18:39.369+0000] {dag.py:2676} INFO - Sync 1 DAGs
[2026-10-01T00:18:39.418+0000] {logging_mixin.py:137} INFO - [2026-10-01T00:18:39.418+0000] {dag.py:3427} INFO - Setting next_dagrun for example_time_delta_sensor_async to None, run_after=None
[2026-10-01T00:18:39.455+0000] {processor.py:175} INFO - Processing /home/airflow/.local/lib/python3.7/site-packages/airflow/example_dags/example_time_delta_sensor_async.py took 0.177 seconds
[2026-10-01T00:19:10.503+0000] {processor.py:153} INFO - Started process (PID=18082) to work on /home/airflow/.local/lib/python3.7/site-packages/airflow/example_dags/example_time_delta_sensor_async.py
[2026-10-01T00:19:10.504+0000] {processor.py:743} INFO - Processing file /home/airflow/.local/lib/python3.7/site-packages/airflow/example_dags/example_time_delta_sensor_async.py for tasks to queue
[2026-10-01T00:19:10.504+0000] {logging_mixin.py:137} INFO - [2026-10-01T00:19:10.504+0000] {dagbag.py:538} INFO - Filling up the DagBag from /home/airflow/.local/lib/python3.7/site-packages/airflow/example_dags/example_time_delta_sensor_async.py
[2026-10-01T00:19:10.521+0000] {processor.py:753} INFO - DAG(s) dict_keys(['example_time_delta_sensor_async']) retrieved from /home/airflow/.local/lib/python3.7/site-packages/airflow/example_dags/example_time_delta_sensor_async.py
[2026-10-01T00:19:10.577+0000] {logging_mixin.py:137} INFO - [2026-10-01T00:19:10.577+0000] {dag.py:2676} INFO - Sync 1 DAGs
[2026-10-01T00:19:10.613+0000] {logging_mixin.py:137} INFO - [2026-10-01T00:19:10.613+0000] {dag.py:3427} INFO - Setting next_dagrun for example_time_delta_sensor_async to None, run_after=None
[2026-10-01T00:19:10.640+0000] {processor.py:175} INFO - Processing /home/airflow/.local/lib/python3.7/site-packages/airflow/example_dags/example_time_delta_sensor_async.py took 0.141 seconds
[2026-10-01T00:19:40.962+0000] {processor.py:153} INFO - Started process (PID=18174) to work on /home/airflow/.local/lib/python3.7/site-packages/airflow/example_dags/example_time_delta_sensor_async.py
[2026-10-01T00:19:40.964+0000] {processor.py:743} INFO - Processing file /home/airflow/.local/lib/python3.7/site-packages/airflow/example_dags/example_time_delta_sensor_async.py for tasks to queue
[2026-10-01T00:19:40.964+0000] {logging_mixin.py:137} INFO - [2026-10-01T00:19:40.964+0000] {dagbag.py:538} INFO - Filling up the DagBag from /home/airflow/.local/lib/python3.7/site-packages/airflow/example_dags/example_time_delta_sensor_async.py
[2026-10-01T00:19:40.982+0000] {processor.py:753} INFO - DAG(s) dict_keys(['example_time_delta_sensor_async']) retrieved from /home/airflow/.local/lib/python3.7/site-packages/airflow/example_dags/example_time_delta_sensor_async.py
[2026-10-01T00:19:41.033+0000] {logging_mixin.py:137} INFO - [2026-10-01T00:19:41.033+0000] {dag.py:2676} INFO - Sync 1 DAGs
[2026-10-01T00:19:41.066+0000] {logging_mixin.py:137} INFO - [2026-10-01T00:19:41.066+0000] {dag.py:3427} INFO - Setting next_dagrun for example_time_delta_sensor_async to None, run_after=None
[2026-10-01T00:19:41.091+0000] {processor.py:175} INFO - Processing /home/airflow/.local/lib/python3.7/site-packages/airflow/example_dags/example_time_delta_sensor_async.py took 0.132 seconds
[2026-10-01T00:20:11.291+0000] {processor.py:153} INFO - Started process (PID=18253) to work on /home/airflow/.local/lib/python3.7/site-packages/airflow/example_dags/example_time_delta_sensor_async.py
[2026-10-01T00:20:11.292+0000] {processor.py:743} INFO - Processing file /home/airflow/.local/lib/python3.7/site-packages/airflow/example_dags/example_time_delta_sensor_async.py for tasks to queue
[2026-10-01T00:20:11.293+0000] {logging_mixin.py:137} INFO - [2026-10-01T00:20:11.293+0000] {dagbag.py:538} INFO - Filling up the DagBag from /home/airflow/.local/lib/python3.7/site-packages/airflow/example_dags/example_time_delta_sensor_async.py
[2026-10-01T00:20:11.314+0000] {processor.py:753} INFO - DAG(s) dict_keys(['example_time_delta_sensor_async']) retrieved from /home/airflow/.local/lib/python3.7/site-packages/airflow/example_dags/example_time_delta_sensor_async.py
[2026-10-01T00:20:11.370+0000] {logging_mixin.py:137} INFO - [2026-10-01T00:20:11.370+0000] {dag.py:2676} INFO - Sync 1 DAGs
[2026-10-01T00:20:11.405+0000] {logging_mixin.py:137} INFO - [2026-10-01T00:20:11.405+0000] {dag.py:3427} INFO - Setting next_dagrun for example_time_delta_sensor_async to None, run_after=None
[2026-10-01T00:20:11.433+0000] {processor.py:175} INFO - Processing /home/airflow/.local/lib/python3.7/site-packages/airflow/example_dags/example_time_delta_sensor_async.py took 0.146 seconds
[2026-10-01T00:20:41.874+0000] {processor.py:153} INFO - Started process (PID=18332) to work on /home/airflow/.local/lib/python3.7/site-packages/airflow/example_dags/example_time_delta_sensor_async.py
[2026-10-01T00:20:41.875+0000] {processor.py:743} INFO - Processing file /home/airflow/.local/lib/python3.7/site-packages/airflow/example_dags/example_time_delta_sensor_async.py for tasks to queue
[2026-10-01T00:20:41.876+0000] {logging_mixin.py:137} INFO - [2026-10-01T00:20:41.876+0000] {dagbag.py:538} INFO - Filling up the DagBag from /home/airflow/.local/lib/python3.7/site-packages/airflow/example_dags/example_time_delta_sensor_async.py
[2026-10-01T00:20:41.897+0000] {processor.py:753} INFO - DAG(s) dict_keys(['example_time_delta_sensor_async']) retrieved from /home/airflow/.local/lib/python3.7/site-packages/airflow/example_dags/example_time_delta_sensor_async.py
[2026-10-01T00:20:41.954+0000] {logging_mixin.py:137} INFO - [2026-10-01T00:20:41.954+0000] {dag.py:2676} INFO - Sync 1 DAGs
[2026-10-01T00:20:41.990+0000] {logging_mixin.py:137} INFO - [2026-10-01T00:20:41.990+0000] {dag.py:3427} INFO - Setting next_dagrun for example_time_delta_sensor_async to None, run_after=None
[2026-10-01T00:20:42.014+0000] {processor.py:175} INFO - Processing /home/airflow/.local/lib/python3.7/site-packages/airflow/example_dags/example_time_delta_sensor_async.py took 0.144 seconds
