[2026-10-01T00:00:19.294+0000] {processor.py:153} INFO - Started process (PID=14971) to work on /home/airflow/.local/lib/python3.7/site-packages/airflow/example_dags/example_kubernetes_executor.py
[2026-10-01T00:00:19.296+0000] {processor.py:743} INFO - Processing file /home/airflow/.local/lib/python3.7/site-packages/airflow/example_dags/example_kubernetes_executor.py for tasks to queue
[2026-10-01T00:00:19.297+0000] {logging_mixin.py:137} INFO - [2026-10-01T00:00:19.297+0000] {dagbag.py:538} INFO - Filling up the DagBag from /home/airflow/.local/lib/python3.7/site-packages/airflow/example_dags/example_kubernetes_executor.py
[2026-10-01T00:00:19.339+0000] {processor.py:753} INFO - DAG(s) dict_keys(['example_kubernetes_executor']) retrieved from /home/airflow/.local/lib/python3.7/site-packages/airflow/example_dags/example_kubernetes_executor.py
[2026-10-01T00:00:19.395+0000] {logging_mixin.py:137} INFO - [2026-10-01T00:00:19.394+0000] {dag.py:2676} INFO - Sync 1 DAGs
[2026-10-01T00:00:19.432+0000] {logging_mixin.py:137} INFO - [2026-10-01T00:00:19.431+0000] {dag.py:3427} INFO - Setting next_dagrun for example_kubernetes_executor to None, run_after=None
[2026-10-01T00:00:19.452+0000] {processor.py:175} INFO - Processing /home/airflow/.local/lib/python3.7/site-packages/airflow/example_dags/example_kubernetes_executor.py took 0.164 seconds
[2026-10-01T00:00:49.529+0000] {processor.py:153} INFO - Started process (PID=15050) to work on /home/airflow/.local/lib/python3.7/site-packages/airflow/example_dags/example_kubernetes_executor.py
[2026-10-01T00:00:49.530+0000] {processor.py:743} INFO - Processing file /home/airflow/.local/lib/python3.7/site-packages/airflow/example_dags/example_kubernetes_executor.py for tasks to queue
[2026-10-01T00:00:49.531+0000] {logging_mixin.py:137} INFO - [2026-10-01T00:00:49.531+0000] {dagbag.py:538} INFO - Filling up the DagBag from /home/airflow/.local/lib/python3.7/site-packages/airflow/example_dags/example_kubernetes_executor.py
[2026-10-01T00:00:49.577+0000] {processor.py:753} INFO - DAG(s) dict_keys(['example_kubernetes_executor']) retrieved from /home/airflow/.local/lib/python3.7/site-packages/airflow/example_dags/example_kubernetes_executor.py
[2026-10-01T00:00:49.637+0000] {logging_mixin.py:137} INFO - [2026-10-01T00:00:49.636+0000] {dag.py:2676} INFO - Sync 1 DAGs
[2026-10-01T00:00:49.668+0000] {logging_mixin.py:137} INFO - [2026-10-01T00:00:49.668+0000] {dag.py:3427} INFO - Setting next_dagrun for example_kubernetes_executor to None, run_after=None
[2026-10-01T00:00:49.692+0000] {processor.py:175} INFO - Processing /home/airflow/.local/lib/python3.7/site-packages/airflow/example_dags/example_kubernetes_executor.py took 0.168 seconds
[2026-10-01T00:01:20.270+0000] {processor.py:153} INFO - Started process (PID=15129) to work on /home/airflow/.local/lib/python3.7/site-packages/airflow/example_dags/example_kubernetes_executor.py
[2026-10-01T00:01:20.271+0000] {processor.py:743} INFO - Processing file /home/airflow/.local/lib/python3.7/site-packages/airflow/example_dags/example_kubernetes_executor.py for tasks to queue
[2026-10-01T00:01:20.272+0000] {logging_mixin.py:137} INFO - [2026-10-01T00:01:20.272+0000] {dagbag.py:538} INFO - Filling up the DagBag from /home/airflow/.local/lib/python3.7/site-packages/airflow/example_dags/example_kubernetes_executor.py
[2026-10-01T00:01:20.306+0000] {processor.py:753} INFO - DAG(s) dict_keys(['example_kubernetes_executor']) retrieved from /home/airflow/.local/lib/python3.7/site-packages/airflow/example_dags/example_kubernetes_executor.py
[2026-10-01T00:01:20.354+0000] {logging_mixin.py:137} INFO - [2026-10-01T00:01:20.354+0000] {dag.py:2676} INFO - Sync 1 DAGs
[2026-10-01T00:01:20.385+0000] {logging_mixin.py:137} INFO - [2026-10-01T00:01:20.385+0000] {dag.py:3427} INFO - Setting next_dagrun for example_kubernetes_executor to None, run_after=None
[2026-10-01T00:01:20.405+0000] {processor.py:175} INFO - Processing /home/airflow/.local/lib/python3.7/site-packages/airflow/example_dags/example_kubernetes_executor.py took 0.139 seconds
[2026-10-01T00:01:51.258+0000] {processor.py:153} INFO - Started process (PID=15228) to work on /home/airflow/.local/lib/python3.7/site-packages/airflow/example_dags/example_kubernetes_executor.py
[2026-10-01T00:01:51.259+0000] {processor.py:743} INFO - Processing file /home/airflow/.local/lib/python3.7/site-packages/airflow/example_dags/example_kubernetes_executor.py for tasks to queue
[2026-10-01T00:01:51.260+0000] {logging_mixin.py:137} INFO - [2026-10-01T00:01:51.260+0000] {dagbag.py:538} INFO - Filling up the DagBag from /home/airflow/.local/lib/python3.7/site-packages/airflow/example_dags/example_kubernetes_executor.py
[2026-10-01T00:01:51.309+0000] {processor.py:753} INFO - DAG(s) dict_keys(['example_kubernetes_executor']) retrieved from /home/airflow/.local/lib/python3.7/site-packages/airflow/example_dags/example_kubernetes_executor.py
[2026-10-01T00:01:51.379+0000] {logging_mixin.py:137} INFO - [2026-10-01T00:01:51.378+0000] {dag.py:2676} INFO - Sync 1 DAGs
[2026-10-01T00:01:51.417+0000] {logging_mixin.py:137} INFO - [2026-10-01T00:01:51.417+0000] {dag.py:3427} INFO - Setting next_dagrun for example_kubernetes_executor to None, run_after=None
[2026-10-01T00:01:51.441+0000] {processor.py:175} INFO - Processing /home/airflow/.local/lib/python3.7/site-packages/airflow/example_dags/example_kubernetes_executor.py took 0.189 seconds
[2026-10-01T00:02:22.057+0000] {processor.py:153} INFO - Started process (PID=15307) to work on /home/airflow/.local/lib/python3.7/site-packages/airflow/example_dags/example_kubernetes_executor.py
[2026-10-01T00:02:22.060+0000] {processor.py:743} INFO - Processing file /home/airflow/.local/lib/python3.7/site-packages/airflow/example_dags/example_kubernetes_executor.py for tasks to queue
[2026-10-01T00:02:22.060+0000] {logging_mixin.py:137} INFO - [2026-10-01T00:02:22.060+0000] {dagbag.py:538} INFO - Filling up the DagBag from /home/airflow/.local/lib/python3.7/site-packages/airflow/example_dags/example_kubernetes_executor.py
[2026-10-01T00:02:22.089+0000] {processor.py:753} INFO - DAG(s) dict_keys(['example_kubernetes_executor']) retrieved from /home/airflow/.local/lib/python3.7/site-packages/airflow/example_dags/example_kubernetes_executor.py
[2026-10-01T00:02:22.134+0000] {logging_mixin.py:137} INFO - [2026-10-01T00:02:22.133+0000] {dag.py:2676} INFO - Sync 1 DAGs
[2026-10-01T00:02:22.157+0000] {logging_mixin.py:137} INFO - [2026-10-01T00:02:22.157+0000] {dag.py:3427} INFO - Setting next_dagrun for example_kubernetes_executor to None, run_after=None
[2026-10-01T00:02:22.173+0000] {processor.py:175} INFO - Processing /home/airflow/.local/lib/python3.7/site-packages/airflow/example_dags/example_kubernetes_executor.py took 0.118 seconds
[2026-10-01T00:02:52.352+0000] {processor.py:153} INFO - Started process (PID=15386) to work on /home/airflow/.local/lib/python3.7/site-packages/airflow/example_dags/example_kubernetes_executor.py
[2026-10-01T00:02:52.353+0000] {processor.py:743} INFO - Processing file /home/airflow/.local/lib/python3.7/site-packages/airflow/example_dags/example_kubernetes_executor.py for tasks to queue
[2026-10-01T00:02:52.354+0000] {logging_mixin.py:137} INFO - [2026-10-01T00:02:52.354+0000] {dagbag.py:538} INFO - Filling up the DagBag from /home/airflow/.local/lib/python3.7/site-packages/airflow/example_dags/example_kubernetes_executor.py
[2026-10-01T00:02:52.393+0000] {processor.py:753} INFO - DAG(s) dict_keys(['example_kubernetes_executor']) retrieved from /home/airflow/.local/lib/python3.7/site-packages/airflow/example_dags/example_kubernetes_executor.py
[2026-10-01T00:02:52.445+0000] {logging_mixin.py:137} INFO - [2026-10-01T00:02:52.444+0000] {dag.py:2676} INFO - Sync 1 DAGs
[2026-10-01T00:02:52.475+0000] {logging_mixin.py:137} INFO - [2026-10-01T00:02:52.475+0000] {dag.py:3427} INFO - Setting next_dagrun for example_kubernetes_executor to None, run_after=None
[2026-10-01T00:02:52.497+0000] {processor.py:175} INFO - Processing /home/airflow/.local/lib/python3.7/site-packages/airflow/example_dags/example_kubernetes_executor.py took 0.149 seconds
[2026-10-01T00:03:22.568+0000] {processor.py:153} INFO - Started process (PID=15465) to work on /home/airflow/.local/lib/python3.7/site-packages/airflow/example_dags/example_kubernetes_executor.py
[2026-10-01T00:03:22.570+0000] {processor.py:743} INFO - Processing file /home/airflow/.local/lib/python3.7/site-packages/airflow/example_dags/example_kubernetes_executor.py for tasks to queue
[2026-10-01T00:03:22.571+0000] {logging_mixin.py:137} INFO - [2026-10-01T00:03:22.571+0000] {dagbag.py:538} INFO - Filling up the DagBag from /home/airflow/.local/lib/python3.7/site-packages/airflow/example_dags/example_kubernetes_executor.py
[2026-10-01T00:03:22.617+0000] {processor.py:753} INFO - DAG(s) dict_keys(['example_kubernetes_executor']) retrieved from /home/airflow/.local/lib/python3.7/site-packages/airflow/example_dags/example_kubernetes_executor.py
[2026-10-01T00:03:22.674+0000] {logging_mixin.py:137} INFO - [2026-10-01T00:03:22.673+0000] {dag.py:2676} INFO - Sync 1 DAGs
[2026-10-01T00:03:22.715+0000] {logging_mixin.py:137} INFO - [2026-10-01T00:03:22.715+0000] {dag.py:3427} INFO - Setting next_dagrun for example_kubernetes_executor to None, run_after=None
[2026-10-01T00:03:22.737+0000] {processor.py:175} INFO - Processing /home/airflow/.local/lib/python3.7/site-packages/airflow/example_dags/example_kubernetes_executor.py took 0.175 seconds
[2026-10-01T00:03:52.983+0000] {processor.py:153} INFO - Started process (PID=15564) to work on /home/airflow/.local/lib/python3.7/site-packages/airflow/example_dags/example_kubernetes_executor.py
[2026-10-01T00:03:52.985+0000] {processor.py:743} INFO - Processing file /home/airflow/.local/lib/python3.7/site-packages/airflow/example_dags/example_kubernetes_executor.py for tasks to queue
[2026-10-01T00:03:52.986+0000] {logging_mixin.py:137} INFO - [2026-10-01T00:03:52.986+0000] {dagbag.py:538} INFO - Filling up the DagBag from /home/airflow/.local/lib/python3.7/site-packages/airflow/example_dags/example_kubernetes_executor.py
[2026-10-01T00:03:53.042+0000] {processor.py:753} INFO - DAG(s) dict_keys(['example_kubernetes_executor']) retrieved from /home/airflow/.local/lib/python3.7/site-packages/airflow/example_dags/example_kubernetes_executor.py
[2026-10-01T00:03:53.125+0000] {logging_mixin.py:137} INFO - [2026-10-01T00:03:53.125+0000] {dag.py:2676} INFO - Sync 1 DAGs
[2026-10-01T00:03:53.196+0000] {logging_mixin.py:137} INFO - [2026-10-01T00:03:53.196+0000] {dag.py:3427} INFO - Setting next_dagrun for example_kubernetes_executor to None, run_after=None
[2026-10-01T00:03:53.216+0000] {processor.py:175} INFO - Processing /home/airflow/.local/lib/python3.7/site-packages/airflow/example_dags/example_kubernetes_executor.py took 0.239 seconds
[2026-10-01T00:04:23.318+0000] {processor.py:153} INFO - Started process (PID=15643) to work on /home/airflow/.local/lib/python3.7/site-packages/airflow/example_dags/example_kubernetes_executor.py
[2026-10-01T00:04:23.320+0000] {processor.py:743} INFO - Processing file /home/airflow/.local/lib/python3.7/site-packages/airflow/example_dags/example_kubernetes_executor.py for tasks to queue
[2026-10-01T00:04:23.320+0000] {logging_mixin.py:137} INFO - [2026-10-01T00:04:23.320+0000] {dagbag.py:538} INFO - Filling up the DagBag from /home/airflow/.local/lib/python3.7/site-packages/airflow/example_dags/example_kubernetes_executor.py
[2026-10-01T00:04:23.358+0000] {processor.py:753} INFO - DAG(s) dict_keys(['example_kubernetes_executor']) retrieved from /home/airflow/.local/lib/python3.7/site-packages/airflow/example_dags/example_kubernetes_executor.py
[2026-10-01T00:04:23.414+0000] {logging_mixin.py:137} INFO - [2026-10-01T00:04:23.414+0000] {dag.py:2676} INFO - Sync 1 DAGs
[2026-10-01T00:04:23.446+0000] {logging_mixin.py:137} INFO - [2026-10-01T00:04:23.445+0000] {dag.py:3427} INFO - Setting next_dagrun for example_kubernetes_executor to None, run_after=None
[2026-10-01T00:04:23.473+0000] {processor.py:175} INFO - Processing /home/airflow/.local/lib/python3.7/site-packages/airflow/example_dags/example_kubernetes_executor.py took 0.161 seconds
[2026-10-01T00:04:54.329+0000] {processor.py:153} INFO - Started process (PID=15722) to work on /home/airflow/.local/lib/python3.7/site-packages/airflow/example_dags/example_kubernetes_executor.py
[2026-10-01T00:04:54.330+0000] {processor.py:743} INFO - Processing file /home/airflow/.local/lib/python3.7/site-packages/airflow/example_dags/example_kubernetes_executor.py for tasks to queue
[2026-10-01T00:04:54.331+0000] {logging_mixin.py:137} INFO - [2026-10-01T00:04:54.331+0000] {dagbag.py:538} INFO - Filling up the DagBag from /home/airflow/.local/lib/python3.7/site-packages/airflow/example_dags/example_kubernetes_executor.py
[2026-10-01T00:04:54.390+0000] {processor.py:753} INFO - DAG(s) dict_keys(['example_kubernetes_executor']) retrieved from /home/airflow/.local/lib/python3.7/site-packages/airflow/example_dags/example_kubernetes_executor.py
[2026-10-01T00:04:54.464+0000] {logging_mixin.py:137} INFO - [2026-10-01T00:04:54.464+0000] {dag.py:2676} INFO - Sync 1 DAGs
[2026-10-01T00:04:54.505+0000] {logging_mixin.py:137} INFO - [2026-10-01T00:04:54.504+0000] {dag.py:3427} INFO - Setting next_dagrun for example_kubernetes_executor to None, run_after=None
[2026-10-01T00:04:54.539+0000] {processor.py:175} INFO - Processing /home/airflow/.local/lib/python3.7/site-packages/airflow/example_dags/example_kubernetes_executor.py took 0.217 seconds
[2026-10-01T00:05:25.501+0000] {processor.py:153} INFO - Started process (PID=15808) to work on /home/airflow/.local/lib/python3.7/site-packages/airflow/example_dags/example_kubernetes_executor.py
[2026-10-01T00:05:25.504+0000] {processor.py:743} INFO - Processing file /home/airflow/.local/lib/python3.7/site-packages/airflow/example_dags/example_kubernetes_executor.py for tasks to queue
[2026-10-01T00:05:25.505+0000] {logging_mixin.py:137} INFO - [2026-10-01T00:05:25.505+0000] {dagbag.py:538} INFO - Filling up the DagBag from /home/airflow/.local/lib/python3.7/site-packages/airflow/example_dags/example_kubernetes_executor.py
[2026-10-01T00:05:25.542+0000] {processor.py:753} INFO - DAG(s) dict_keys(['example_kubernetes_executor']) retrieved from /home/airflow/.local/lib/python3.7/site-packages/airflow/example_dags/example_kubernetes_executor.py
[2026-10-01T00:05:25.603+0000] {logging_mixin.py:137} INFO - [2026-10-01T00:05:25.602+0000] {dag.py:2676} INFO - Sync 1 DAGs
[2026-10-01T00:05:25.643+0000] {logging_mixin.py:137} INFO - [2026-10-01T00:05:25.643+0000] {dag.py:3427} INFO - Setting next_dagrun for example_kubernetes_executor to None, run_after=None
[2026-10-01T00:05:25.671+0000] {processor.py:175} INFO - Processing /home/airflow/.local/lib/python3.7/site-packages/airflow/example_dags/example_kubernetes_executor.py took 0.176 seconds
[2026-10-01T00:05:55.935+0000] {processor.py:153} INFO - Started process (PID=15900) to work on /home/airflow/.local/lib/python3.7/site-packages/airflow/example_dags/example_kubernetes_executor.py
[2026-10-01T00:05:55.936+0000] {processor.py:743} INFO - Processing file /home/airflow/.local/lib/python3.7/site-packages/airflow/example_dags/example_kubernetes_executor.py for tasks to queue
[2026-10-01T00:05:55.937+0000] {logging_mixin.py:137} INFO - [2026-10-01T00:05:55.937+0000] {dagbag.py:538} INFO - Filling up the DagBag from /home/airflow/.local/lib/python3.7/site-packages/airflow/example_dags/example_kubernetes_executor.py
[2026-10-01T00:05:55.975+0000] {processor.py:753} INFO - DAG(s) dict_keys(['example_kubernetes_executor']) retrieved from /home/airflow/.local/lib/python3.7/site-packages/airflow/example_dags/example_kubernetes_executor.py
[2026-10-01T00:05:56.029+0000] {logging_mixin.py:137} INFO - [2026-10-01T00:05:56.029+0000] {dag.py:2676} INFO - Sync 1 DAGs
[2026-10-01T00:05:56.062+0000] {logging_mixin.py:137} INFO - [2026-10-01T00:05:56.062+0000] {dag.py:3427} INFO - Setting next_dagrun for example_kubernetes_executor to None, run_after=None
[2026-10-01T00:05:56.083+0000] {processor.py:175} INFO - Processing /home/airflow/.local/lib/python3.7/site-packages/airflow/example_dags/example_kubernetes_executor.py took 0.153 seconds
[2026-10-01T00:06:26.956+0000] {processor.py:153} INFO - Started process (PID=15979) to work on /home/airflow/.local/lib/python3.7/site-packages/airflow/example_dags/example_kubernetes_executor.py
[2026-10-01T00:06:26.959+0000] {processor.py:743} INFO - Processing file /home/airflow/.local/lib/python3.7/site-packages/airflow/example_dags/example_kubernetes_executor.py for tasks to queue
[2026-10-01T00:06:26.960+0000] {logging_mixin.py:137} INFO - [2026-10-01T00:06:26.960+0000] {dagbag.py:538} INFO - Filling up the DagBag from /home/airflow/.local/lib/python3.7/site-packages/airflow/example_dags/example_kubernetes_executor.py
[2026-10-01T00:06:27.014+0000] {processor.py:753} INFO - DAG(s) dict_keys(['example_kubernetes_executor']) retrieved from /home/airflow/.local/lib/python3.7/site-packages/airflow/example_dags/example_kubernetes_executor.py
[2026-10-01T00:06:27.077+0000] {logging_mixin.py:137} INFO - [2026-10-01T00:06:27.077+0000] {dag.py:2676} INFO - Sync 1 DAGs
[2026-10-01T00:06:27.113+0000] {logging_mixin.py:137} INFO - [2026-10-01T00:06:27.113+0000] {dag.py:3427} INFO - Setting next_dagrun for example_kubernetes_executor to None, run_after=None
[2026-10-01T00:06:27.134+0000] {processor.py:175} INFO - Processing /home/airflow/.local/lib/python3.7/site-packages/airflow/example_dags/example_kubernetes_executor.py took 0.184 seconds
[2026-10-01T00:06:57.504+0000] {processor.py:153} INFO - Started process (PID=16058) to work on /home/airflow/.local/lib/python3.7/site-packages/airflow/example_dags/example_kubernetes_executor.py
[2026-10-01T00:06:57.505+0000] {processor.py:743} INFO - Processing file /home/airflow/.local/lib/python3.7/site-packages/airflow/example_dags/example_kubernetes_executor.py for tasks to queue
[2026-10-01T00:06:57.506+0000] {logging_mixin.py:137} INFO - [2026-10-01T00:06:57.505+0000] {dagbag.py:538} INFO - Filling up the DagBag from /home/airflow/.local/lib/python3.7/site-packages/airflow/example_dags/example_kubernetes_executor.py
[2026-10-01T00:06:57.544+0000] {processor.py:753} INFO - DAG(s) dict_keys(['example_kubernetes_executor']) retrieved from /home/airflow/.local/lib/python3.7/site-packages/airflow/example_dags/example_kubernetes_executor.py
[2026-10-01T00:06:57.598+0000] {logging_mixin.py:137} INFO - [2026-10-01T00:06:57.597+0000] {dag.py:2676} INFO - Sync 1 DAGs
[2026-10-01T00:06:57.645+0000] {logging_mixin.py:137} INFO - [2026-10-01T00:06:57.644+0000] {dag.py:3427} INFO - Setting next_dagrun for example_kubernetes_executor to None, run_after=None
[2026-10-01T00:06:57.676+0000] {processor.py:175} INFO - Processing /home/airflow/.local/lib/python3.7/site-packages/airflow/example_dags/example_kubernetes_executor.py took 0.176 seconds
[2026-10-01T00:07:27.785+0000] {processor.py:153} INFO - Started process (PID=16157) to work on /home/airflow/.local/lib/python3.7/site-packages/airflow/example_dags/example_kubernetes_executor.py
[2026-10-01T00:07:27.786+0000] {processor.py:743} INFO - Processing file /home/airflow/.local/lib/python3.7/site-packages/airflow/example_dags/example_kubernetes_executor.py for tasks to queue
[2026-10-01T00:07:27.787+0000] {logging_mixin.py:137} INFO - [2026-10-01T00:07:27.787+0000] {dagbag.py:538} INFO - Filling up the DagBag from /home/airflow/.local/lib/python3.7/site-packages/airflow/example_dags/example_kubernetes_executor.py
[2026-10-01T00:07:27.831+0000] {processor.py:753} INFO - DAG(s) dict_keys(['example_kubernetes_executor']) retrieved from /home/airflow/.local/lib/python3.7/site-packages/airflow/example_dags/example_kubernetes_executor.py
[2026-10-01T00:07:27.893+0000] {logging_mixin.py:137} INFO - [2026-10-01T00:07:27.893+0000] {dag.py:2676} INFO - Sync 1 DAGs
[2026-10-01T00:07:27.936+0000] {logging_mixin.py:137} INFO - [2026-10-01T00:07:27.936+0000] {dag.py:3427} INFO - Setting next_dagrun for example_kubernetes_executor to None, run_after=None
[2026-10-01T00:07:27.963+0000] {processor.py:175} INFO - Processing /home/airflow/.local/lib/python3.7/site-packages/airflow/example_dags/example_kubernetes_executor.py took 0.182 seconds
[2026-10-01T00:07:58.228+0000] {processor.py:153} INFO - Started process (PID=16236) to work on /home/airflow/.local/lib/python3.7/site-packages/airflow/example_dags/example_kubernetes_executor.py
[2026-10-01T00:07:58.230+0000] {processor.py:743} INFO - Processing file /home/airflow/.local/lib/python3.7/site-packages/airflow/example_dags/example_kubernetes_executor.py for tasks to queue
[2026-10-01T00:07:58.231+0000] {logging_mixin.py:137} INFO - [2026-10-01T00:07:58.231+0000] {dagbag.py:538} INFO - Filling up the DagBag from /home/airflow/.local/lib/python3.7/site-packages/airflow/example_dags/example_kubernetes_executor.py
[2026-10-01T00:07:58.275+0000] {processor.py:753} INFO - DAG(s) dict_keys(['example_kubernetes_executor']) retrieved from /home/airflow/.local/lib/python3.7/site-packages/airflow/example_dags/example_kubernetes_executor.py
[2026-10-01T00:07:58.328+0000] {logging_mixin.py:137} INFO - [2026-10-01T00:07:58.328+0000] {dag.py:2676} INFO - Sync 1 DAGs
[2026-10-01T00:07:58.363+0000] {logging_mixin.py:137} INFO - [2026-10-01T00:07:58.362+0000] {dag.py:3427} INFO - Setting next_dagrun for example_kubernetes_executor to None, run_after=None
[2026-10-01T00:07:58.392+0000] {processor.py:175} INFO - Processing /home/airflow/.local/lib/python3.7/site-packages/airflow/example_dags/example_kubernetes_executor.py took 0.170 seconds
[2026-10-01T00:08:28.747+0000] {processor.py:153} INFO - Started process (PID=16315) to work on /home/airflow/.local/lib/python3.7/site-packages/airflow/example_dags/example_kubernetes_executor.py
[2026-10-01T00:08:28.749+0000] {processor.py:743} INFO - Processing file /home/airflow/.local/lib/python3.7/site-packages/airflow/example_dags/example_kubernetes_executor.py for tasks to queue
[2026-10-01T00:08:28.751+0000] {logging_mixin.py:137} INFO - [2026-10-01T00:08:28.750+0000] {dagbag.py:538} INFO - Filling up the DagBag from /home/airflow/.local/lib/python3.7/site-packages/airflow/example_dags/example_kubernetes_executor.py
[2026-10-01T00:08:28.809+0000] {processor.py:753} INFO - DAG(s) dict_keys(['example_kubernetes_executor']) retrieved from /home/airflow/.local/lib/python3.7/site-packages/airflow/example_dags/example_kubernetes_executor.py
[2026-10-01T00:08:28.886+0000] {logging_mixin.py:137} INFO - [2026-10-01T00:08:28.886+0000] {dag.py:2676} INFO - Sync 1 DAGs
[2026-10-01T00:08:28.925+0000] {logging_mixin.py:137} INFO - [2026-10-01T00:08:28.925+0000] {dag.py:3427} INFO - Setting next_dagrun for example_kubernetes_executor to None, run_after=None
[2026-10-01T00:08:28.956+0000] {processor.py:175} INFO - Processing /home/airflow/.local/lib/python3.7/site-packages/airflow/example_dags/example_kubernetes_executor.py took 0.215 seconds
[2026-10-01T00:08:59.154+0000] {processor.py:153} INFO - Started process (PID=16394) to work on /home/airflow/.local/lib/python3.7/site-packages/airflow/example_dags/example_kubernetes_executor.py
[2026-10-01T00:08:59.155+0000] {processor.py:743} INFO - Processing file /home/airflow/.local/lib/python3.7/site-packages/airflow/example_dags/example_kubernetes_executor.py for tasks to queue
[2026-10-01T00:08:59.155+0000] {logging_mixin.py:137} INFO - [2026-10-01T00:08:59.155+0000] {dagbag.py:538} INFO - Filling up the DagBag from /home/airflow/.local/lib/python3.7/site-packages/airflow/example_dags/example_kubernetes_executor.py
[2026-10-01T00:08:59.198+0000] {processor.py:753} INFO - DAG(s) dict_keys(['example_kubernetes_executor']) retrieved from /home/airflow/.local/lib/python3.7/site-packages/airflow/example_dags/example_kubernetes_executor.py
[2026-10-01T00:08:59.250+0000] {logging_mixin.py:137} INFO - [2026-10-01T00:08:59.250+0000] {dag.py:2676} INFO - Sync 1 DAGs
[2026-10-01T00:08:59.283+0000] {logging_mixin.py:137} INFO - [2026-10-01T00:08:59.283+0000] {dag.py:3427} INFO - Setting next_dagrun for example_kubernetes_executor to None, run_after=None
[2026-10-01T00:08:59.309+0000] {processor.py:175} INFO - Processing /home/airflow/.local/lib/python3.7/site-packages/airflow/example_dags/example_kubernetes_executor.py took 0.160 seconds
[2026-10-01T00:09:29.360+0000] {processor.py:153} INFO - Started process (PID=16493) to work on /home/airflow/.local/lib/python3.7/site-packages/airflow/example_dags/example_kubernetes_executor.py
[2026-10-01T00:09:29.361+0000] {processor.py:743} INFO - Processing file /home/airflow/.local/lib/python3.7/site-packages/airflow/example_dags/example_kubernetes_executor.py for tasks to queue
[2026-10-01T00:09:29.362+0000] {logging_mixin.py:137} INFO - [2026-10-01T00:09:29.362+0000] {dagbag.py:538} INFO - Filling up the DagBag from /home/airflow/.local/lib/python3.7/site-packages/airflow/example_dags/example_kubernetes_executor.py
[2026-10-01T00:09:29.420+0000] {processor.py:753} INFO - DAG(s) dict_keys(['example_kubernetes_executor']) retrieved from /home/airflow/.local/lib/python3.7/site-packages/airflow/example_dags/example_kubernetes_executor.py
[2026-10-01T00:09:29.485+0000] {logging_mixin.py:137} INFO - [2026-10-01T00:09:29.485+0000] {dag.py:2676} INFO - Sync 1 DAGs
[2026-10-01T00:09:29.514+0000] {logging_mixin.py:137} INFO - [2026-10-01T00:09:29.514+0000] {dag.py:3427} INFO - Setting next_dagrun for example_kubernetes_executor to None, run_after=None
[2026-10-01T00:09:29.538+0000] {processor.py:175} INFO - Processing /home/airflow/.local/lib/python3.7/site-packages/airflow/example_dags/example_kubernetes_executor.py took 0.186 seconds
[2026-10-01T00:09:59.686+0000] {processor.py:153} INFO - Started process (PID=16572) to work on /home/airflow/.local/lib/python3.7/site-packages/airflow/example_dags/example_kubernetes_executor.py
[2026-10-01T00:09:59.687+0000] {processor.py:743} INFO - Processing file /home/airflow/.local/lib/python3.7/site-packages/airflow/example_dags/example_kubernetes_executor.py for tasks to queue
[2026-10-01T00:09:59.687+0000] {logging_mixin.py:137} INFO - [2026-10-01T00:09:59.687+0000] {dagbag.py:538} INFO - Filling up the DagBag from /home/airflow/.local/lib/python3.7/site-packages/airflow/example_dags/example_kubernetes_executor.py
[2026-10-01T00:09:59.726+0000] {processor.py:753} INFO - DAG(s) dict_keys(['example_kubernetes_executor']) retrieved from /home/airflow/.local/lib/python3.7/site-packages/airflow/example_dags/example_kubernetes_executor.py
[2026-10-01T00:09:59.793+0000] {logging_mixin.py:137} INFO - [2026-10-01T00:09:59.793+0000] {dag.py:2676} INFO - Sync 1 DAGs
[2026-10-01T00:09:59.823+0000] {logging_mixin.py:137} INFO - [2026-10-01T00:09:59.823+0000] {dag.py:3427} INFO - Setting next_dagrun for example_kubernetes_executor to None, run_after=None
[2026-10-01T00:09:59.848+0000] {processor.py:175} INFO - Processing /home/airflow/.local/lib/python3.7/site-packages/airflow/example_dags/example_kubernetes_executor.py took 0.168 seconds
[2026-10-01T00:10:29.907+0000] {processor.py:153} INFO - Started process (PID=16651) to work on /home/airflow/.local/lib/python3.7/site-packages/airflow/example_dags/example_kubernetes_executor.py
[2026-10-01T00:10:29.910+0000] {processor.py:743} INFO - Processing file /home/airflow/.local/lib/python3.7/site-packages/airflow/example_dags/example_kubernetes_executor.py for tasks to queue
[2026-10-01T00:10:29.911+0000] {logging_mixin.py:137} INFO - [2026-10-01T00:10:29.911+0000] {dagbag.py:538} INFO - Filling up the DagBag from /home/airflow/.local/lib/python3.7/site-packages/airflow/example_dags/example_kubernetes_executor.py
[2026-10-01T00:10:29.971+0000] {processor.py:753} INFO - DAG(s) dict_keys(['example_kubernetes_executor']) retrieved from /home/airflow/.local/lib/python3.7/site-packages/airflow/example_dags/example_kubernetes_executor.py
[2026-10-01T00:10:30.046+0000] {logging_mixin.py:137} INFO - [2026-10-01T00:10:30.046+0000] {dag.py:2676} INFO - Sync 1 DAGs
[2026-10-01T00:10:30.093+0000] {logging_mixin.py:137} INFO - [2026-10-01T00:10:30.093+0000] {dag.py:3427} INFO - Setting next_dagrun for example_kubernetes_executor to None, run_after=None
[2026-10-01T00:10:30.116+0000] {processor.py:175} INFO - Processing /home/airflow/.local/lib/python3.7/site-packages/airflow/example_dags/example_kubernetes_executor.py took 0.215 seconds
[2026-10-01T00:11:00.315+0000] {processor.py:153} INFO - Started process (PID=16730) to work on /home/airflow/.local/lib/python3.7/site-packages/airflow/example_dags/example_kubernetes_executor.py
[2026-10-01T00:11:00.316+0000] {processor.py:743} INFO - Processing file /home/airflow/.local/lib/python3.7/site-packages/airflow/example_dags/example_kubernetes_executor.py for tasks to queue
[2026-10-01T00:11:00.317+0000] {logging_mixin.py:137} INFO - [2026-10-01T00:11:00.317+0000] {dagbag.py:538} INFO - Filling up the DagBag from /home/airflow/.local/lib/python3.7/site-packages/airflow/example_dags/example_kubernetes_executor.py
[2026-10-01T00:11:00.355+0000] {processor.py:753} INFO - DAG(s) dict_keys(['example_kubernetes_executor']) retrieved from /home/airflow/.local/lib/python3.7/site-packages/airflow/example_dags/example_kubernetes_executor.py
[2026-10-01T00:11:00.419+0000] {logging_mixin.py:137} INFO - [2026-10-01T00:11:00.418+0000] {dag.py:2676} INFO - Sync 1 DAGs
[2026-10-01T00:11:00.465+0000] {logging_mixin.py:137} INFO - [2026-10-01T00:11:00.465+0000] {dag.py:3427} INFO - Setting next_dagrun for example_kubernetes_executor to None, run_after=None
[2026-10-01T00:11:00.495+0000] {processor.py:175} INFO - Processing /home/airflow/.local/lib/python3.7/site-packages/airflow/example_dags/example_kubernetes_executor.py took 0.184 seconds
[2026-10-01T00:11:30.600+0000] {processor.py:153} INFO - Started process (PID=16818) to work on /home/airflow/.local/lib/python3.7/site-packages/airflow/example_dags/example_kubernetes_executor.py
[2026-10-01T00:11:30.601+0000] {processor.py:743} INFO - Processing file /home/airflow/.local/lib/python3.7/site-packages/airflow/example_dags/example_kubernetes_executor.py for tasks to queue
[2026-10-01T00:11:30.602+0000] {logging_mixin.py:137} INFO - [2026-10-01T00:11:30.602+0000] {dagbag.py:538} INFO - Filling up the DagBag from /home/airflow/.local/lib/python3.7/site-packages/airflow/example_dags/example_kubernetes_executor.py
[2026-10-01T00:11:30.639+0000] {processor.py:753} INFO - DAG(s) dict_keys(['example_kubernetes_executor']) retrieved from /home/airflow/.local/lib/python3.7/site-packages/airflow/example_dags/example_kubernetes_executor.py
[2026-10-01T00:11:30.696+0000] {logging_mixin.py:137} INFO - [2026-10-01T00:11:30.695+0000] {dag.py:2676} INFO - Sync 1 DAGs
[2026-10-01T00:11:30.732+0000] {logging_mixin.py:137} INFO - [2026-10-01T00:11:30.732+0000] {dag.py:3427} INFO - Setting next_dagrun for example_kubernetes_executor to None, run_after=None
[2026-10-01T00:11:30.758+0000] {processor.py:175} INFO - Processing /home/airflow/.local/lib/python3.7/site-packages/airflow/example_dags/example_kubernetes_executor.py took 0.161 seconds
[2026-10-01T00:12:01.527+0000] {processor.py:153} INFO - Started process (PID=16908) to work on /home/airflow/.local/lib/python3.7/site-packages/airflow/example_dags/example_kubernetes_executor.py
[2026-10-01T00:12:01.528+0000] {processor.py:743} INFO - Processing file /home/airflow/.local/lib/python3.7/site-packages/airflow/example_dags/example_kubernetes_executor.py for tasks to queue
[2026-10-01T00:12:01.529+0000] {logging_mixin.py:137} INFO - [2026-10-01T00:12:01.528+0000] {dagbag.py:538} INFO - Filling up the DagBag from /home/airflow/.local/lib/python3.7/site-packages/airflow/example_dags/example_kubernetes_executor.py
[2026-10-01T00:12:01.563+0000] {processor.py:753} INFO - DAG(s) dict_keys(['example_kubernetes_executor']) retrieved from /home/airflow/.local/lib/python3.7/site-packages/airflow/example_dags/example_kubernetes_executor.py
[2026-10-01T00:12:01.613+0000] {logging_mixin.py:137} INFO - [2026-10-01T00:12:01.613+0000] {dag.py:2676} INFO - Sync 1 DAGs
[2026-10-01T00:12:01.640+0000] {logging_mixin.py:137} INFO - [2026-10-01T00:12:01.640+0000] {dag.py:3427} INFO - Setting next_dagrun for example_kubernetes_executor to None, run_after=None
[2026-10-01T00:12:01.660+0000] {processor.py:175} INFO - Processing /home/airflow/.local/lib/python3.7/site-packages/airflow/example_dags/example_kubernetes_executor.py took 0.137 seconds
[2026-10-01T00:12:31.846+0000] {processor.py:153} INFO - Started process (PID=16987) to work on /home/airflow/.local/lib/python3.7/site-packages/airflow/example_dags/example_kubernetes_executor.py
[2026-10-01T00:12:31.847+0000] {processor.py:743} INFO - Processing file /home/airflow/.local/lib/python3.7/site-packages/airflow/example_dags/example_kubernetes_executor.py for tasks to queue
[2026-10-01T00:12:31.848+0000] {logging_mixin.py:137} INFO - [2026-10-01T00:12:31.848+0000] {dagbag.py:538} INFO - Filling up the DagBag from /home/airflow/.local/lib/python3.7/site-packages/airflow/example_dags/example_kubernetes_executor.py
[2026-10-01T00:12:31.885+0000] {processor.py:753} INFO - DAG(s) dict_keys(['example_kubernetes_executor']) retrieved from /home/airflow/.local/lib/python3.7/site-packages/airflow/example_dags/example_kubernetes_executor.py
[2026-10-01T00:12:31.969+0000] {logging_mixin.py:137} INFO - [2026-10-01T00:12:31.969+0000] {dag.py:2676} INFO - Sync 1 DAGs
[2026-10-01T00:12:32.018+0000] {logging_mixin.py:137} INFO - [2026-10-01T00:12:32.018+0000] {dag.py:3427} INFO - Setting next_dagrun for example_kubernetes_executor to None, run_after=None
[2026-10-01T00:12:32.044+0000] {processor.py:175} INFO - Processing /home/airflow/.local/lib/python3.7/site-packages/airflow/example_dags/example_kubernetes_executor.py took 0.204 seconds
[2026-10-01T00:13:02.616+0000] {processor.py:153} INFO - Started process (PID=17067) to work on /home/airflow/.local/lib/python3.7/site-packages/airflow/example_dags/example_kubernetes_executor.py
[2026-10-01T00:13:02.617+0000] {processor.py:743} INFO - Processing file /home/airflow/.local/lib/python3.7/site-packages/airflow/example_dags/example_kubernetes_executor.py for tasks to queue
[2026-10-01T00:13:02.618+0000] {logging_mixin.py:137} INFO - [2026-10-01T00:13:02.617+0000] {dagbag.py:538} INFO - Filling up the DagBag from /home/airflow/.local/lib/python3.7/site-packages/airflow/example_dags/example_kubernetes_executor.py
[2026-10-01T00:13:02.669+0000] {processor.py:753} INFO - DAG(s) dict_keys(['example_kubernetes_executor']) retrieved from /home/airflow/.local/lib/python3.7/site-packages/airflow/example_dags/example_kubernetes_executor.py
[2026-10-01T00:13:02.746+0000] {logging_mixin.py:137} INFO - [2026-10-01T00:13:02.745+0000] {dag.py:2676} INFO - Sync 1 DAGs
[2026-10-01T00:13:02.778+0000] {logging_mixin.py:137} INFO - [2026-10-01T00:13:02.777+0000] {dag.py:3427} INFO - Setting next_dagrun for example_kubernetes_executor to None, run_after=None
[2026-10-01T00:13:02.799+0000] {processor.py:175} INFO - Processing /home/airflow/.local/lib/python3.7/site-packages/airflow/example_dags/example_kubernetes_executor.py took 0.188 seconds
[2026-10-01T00:13:32.972+0000] {processor.py:153} INFO - Started process (PID=17165) to work on /home/airflow/.local/lib/python3.7/site-packages/airflow/example_dags/example_kubernetes_executor.py
[2026-10-01T00:13:32.974+0000] {processor.py:743} INFO - Processing file /home/airflow/.local/lib/python3.7/site-packages/airflow/example_dags/example_kubernetes_executor.py for tasks to queue
[2026-10-01T00:13:32.974+0000] {logging_mixin.py:137} INFO - [2026-10-01T00:13:32.974+0000] {dagbag.py:538} INFO - Filling up the DagBag from /home/airflow/.local/lib/python3.7/site-packages/airflow/example_dags/example_kubernetes_executor.py
[2026-10-01T00:13:33.010+0000] {processor.py:753} INFO - DAG(s) dict_keys(['example_kubernetes_executor']) retrieved from /home/airflow/.local/lib/python3.7/site-packages/airflow/example_dags/example_kubernetes_executor.py
[2026-10-01T00:13:33.063+0000] {logging_mixin.py:137} INFO - [2026-10-01T00:13:33.063+0000] {dag.py:2676} INFO - Sync 1 DAGs
[2026-10-01T00:13:33.100+0000] {logging_mixin.py:137} INFO - [2026-10-01T00:13:33.100+0000] {dag.py:3427} INFO - Setting next_dagrun for example_kubernetes_executor to None, run_after=None
[2026-10-01T00:13:33.121+0000] {processor.py:175} INFO - Processing /home/airflow/.local/lib/python3.7/site-packages/airflow/example_dags/example_kubernetes_executor.py took 0.154 seconds
[2026-10-01T00:14:03.787+0000] {processor.py:153} INFO - Started process (PID=17244) to work on /home/airflow/.local/lib/python3.7/site-packages/airflow/example_dags/example_kubernetes_executor.py
[2026-10-01T00:14:03.788+0000] {processor.py:743} INFO - Processing file /home/airflow/.local/lib/python3.7/site-packages/airflow/example_dags/example_kubernetes_executor.py for tasks to queue
[2026-10-01T00:14:03.789+0000] {logging_mixin.py:137} INFO - [2026-10-01T00:14:03.789+0000] {dagbag.py:538} INFO - Filling up the DagBag from /home/airflow/.local/lib/python3.7/site-packages/airflow/example_dags/example_kubernetes_executor.py
[2026-10-01T00:14:03.826+0000] {processor.py:753} INFO - DAG(s) dict_keys(['example_kubernetes_executor']) retrieved from /home/airflow/.local/lib/python3.7/site-packages/airflow/example_dags/example_kubernetes_executor.py
[2026-10-01T00:14:03.884+0000] {logging_mixin.py:137} INFO - [2026-10-01T00:14:03.884+0000] {dag.py:2676} INFO - Sync 1 DAGs
[2026-10-01T00:14:03.923+0000] {logging_mixin.py:137} INFO - [2026-10-01T00:14:03.923+0000] {dag.py:3427} INFO - Setting next_dagrun for example_kubernetes_executor to None, run_after=None
[2026-10-01T00:14:03.945+0000] {processor.py:175} INFO - Processing /home/airflow/.local/lib/python3.7/site-packages/airflow/example_dags/example_kubernetes_executor.py took 0.162 seconds
[2026-10-01T00:14:35.075+0000] {processor.py:153} INFO - Started process (PID=17323) to work on /home/airflow/.local/lib/python3.7/site-packages/airflow/example_dags/example_kubernetes_executor.py
[2026-10-01T00:14:35.076+0000] {processor.py:743} INFO - Processing file /home/airflow/.local/lib/python3.7/site-packages/airflow/example_dags/example_kubernetes_executor.py for tasks to queue
[2026-10-01T00:14:35.077+0000] {logging_mixin.py:137} INFO - [2026-10-01T00:14:35.077+0000] {dagbag.py:538} INFO - Filling up the DagBag from /home/airflow/.local/lib/python3.7/site-packages/airflow/example_dags/example_kubernetes_executor.py
[2026-10-01T00:14:35.116+0000] {processor.py:753} INFO - DAG(s) dict_keys(['example_kubernetes_executor']) retrieved from /home/airflow/.local/lib/python3.7/site-packages/airflow/example_dags/example_kubernetes_executor.py
[2026-10-01T00:14:35.176+0000] {logging_mixin.py:137} INFO - [2026-10-01T00:14:35.176+0000] {dag.py:2676} INFO - Sync 1 DAGs
[2026-10-01T00:14:35.216+0000] {logging_mixin.py:137} INFO - [2026-10-01T00:14:35.215+0000] {dag.py:3427} INFO - Setting next_dagrun for example_kubernetes_executor to None, run_after=None
[2026-10-01T00:14:35.241+0000] {processor.py:175} INFO - Processing /home/airflow/.local/lib/python3.7/site-packages/airflow/example_dags/example_kubernetes_executor.py took 0.170 seconds
[2026-10-01T00:15:05.397+0000] {processor.py:153} INFO - Started process (PID=17402) to work on /home/airflow/.local/lib/python3.7/site-packages/airflow/example_dags/example_kubernetes_executor.py
[2026-10-01T00:15:05.398+0000] {processor.py:743} INFO - Processing file /home/airflow/.local/lib/python3.7/site-packages/airflow/example_dags/example_kubernetes_executor.py for tasks to queue
[2026-10-01T00:15:05.399+0000] {logging_mixin.py:137} INFO - [2026-10-01T00:15:05.399+0000] {dagbag.py:538} INFO - Filling up the DagBag from /home/airflow/.local/lib/python3.7/site-packages/airflow/example_dags/example_kubernetes_executor.py
[2026-10-01T00:15:05.460+0000] {processor.py:753} INFO - DAG(s) dict_keys(['example_kubernetes_executor']) retrieved from /home/airflow/.local/lib/python3.7/site-packages/airflow/example_dags/example_kubernetes_executor.py
[2026-10-01T00:15:05.531+0000] {logging_mixin.py:137} INFO - [2026-10-01T00:15:05.530+0000] {dag.py:2676} INFO - Sync 1 DAGs
[2026-10-01T00:15:05.578+0000] {logging_mixin.py:137} INFO - [2026-10-01T00:15:05.578+0000] {dag.py:3427} INFO - Setting next_dagrun for example_kubernetes_executor to None, run_after=None
[2026-10-01T00:15:05.610+0000] {processor.py:175} INFO - Processing /home/airflow/.local/lib/python3.7/site-packages/airflow/example_dags/example_kubernetes_executor.py took 0.220 seconds
[2026-10-01T00:15:35.836+0000] {processor.py:153} INFO - Started process (PID=17501) to work on /home/airflow/.local/lib/python3.7/site-packages/airflow/example_dags/example_kubernetes_executor.py
[2026-10-01T00:15:35.838+0000] {processor.py:743} INFO - Processing file /home/airflow/.local/lib/python3.7/site-packages/airflow/example_dags/example_kubernetes_executor.py for tasks to queue
[2026-10-01T00:15:35.838+0000] {logging_mixin.py:137} INFO - [2026-10-01T00:15:35.838+0000] {dagbag.py:538} INFO - Filling up the DagBag from /home/airflow/.local/lib/python3.7/site-packages/airflow/example_dags/example_kubernetes_executor.py
[2026-10-01T00:15:35.881+0000] {processor.py:753} INFO - DAG(s) dict_keys(['example_kubernetes_executor']) retrieved from /home/airflow/.local/lib/python3.7/site-packages/airflow/example_dags/example_kubernetes_executor.py
[2026-10-01T00:15:35.953+0000] {logging_mixin.py:137} INFO - [2026-10-01T00:15:35.952+0000] {dag.py:2676} INFO - Sync 1 DAGs
[2026-10-01T00:15:35.990+0000] {logging_mixin.py:137} INFO - [2026-10-01T00:15:35.989+0000] {dag.py:3427} INFO - Setting next_dagrun for example_kubernetes_executor to None, run_after=None
[2026-10-01T00:15:36.017+0000] {processor.py:175} INFO - Processing /home/airflow/.local/lib/python3.7/site-packages/airflow/example_dags/example_kubernetes_executor.py took 0.184 seconds
[2026-10-01T00:16:06.206+0000] {processor.py:153} INFO - Started process (PID=17580) to work on /home/airflow/.local/lib/python3.7/site-packages/airflow/example_dags/example_kubernetes_executor.py
[2026-10-01T00:16:06.207+0000] {processor.py:743} INFO - Processing file /home/airflow/.local/lib/python3.7/site-packages/airflow/example_dags/example_kubernetes_executor.py for tasks to queue
[2026-10-01T00:16:06.209+0000] {logging_mixin.py:137} INFO - [2026-10-01T00:16:06.208+0000] {dagbag.py:538} INFO - Filling up the DagBag from /home/airflow/.local/lib/python3.7/site-packages/airflow/example_dags/example_kubernetes_executor.py
[2026-10-01T00:16:06.268+0000] {processor.py:753} INFO - DAG(s) dict_keys(['example_kubernetes_executor']) retrieved from /home/airflow/.local/lib/python3.7/site-packages/airflow/example_dags/example_kubernetes_executor.py
[2026-10-01T00:16:06.349+0000] {logging_mixin.py:137} INFO - [2026-10-01T00:16:06.348+0000] {dag.py:2676} INFO - Sync 1 DAGs
[2026-10-01T00:16:06.391+0000] {logging_mixin.py:137} INFO - [2026-10-01T00:16:06.391+0000] {dag.py:3427} INFO - Setting next_dagrun for example_kubernetes_executor to None, run_after=None
[2026-10-01T00:16:06.416+0000] {processor.py:175} INFO - Processing /home/airflow/.local/lib/python3.7/site-packages/airflow/example_dags/example_kubernetes_executor.py took 0.215 seconds
[2026-10-01T00:16:37.054+0000] {processor.py:153} INFO - Started process (PID=17659) to work on /home/airflow/.local/lib/python3.7/site-packages/airflow/example_dags/example_kubernetes_executor.py
[2026-10-01T00:16:37.055+0000] {processor.py:743} INFO - Processing file /home/airflow/.local/lib/python3.7/site-packages/airflow/example_dags/example_kubernetes_executor.py for tasks to queue
[2026-10-01T00:16:37.056+0000] {logging_mixin.py:137} INFO - [2026-10-01T00:16:37.056+0000] {dagbag.py:538} INFO - Filling up the DagBag from /home/airflow/.local/lib/python3.7/site-packages/airflow/example_dags/example_kubernetes_executor.py
[2026-10-01T00:16:37.098+0000] {processor.py:753} INFO - DAG(s) dict_keys(['example_kubernetes_executor']) retrieved from /home/airflow/.local/lib/python3.7/site-packages/airflow/example_dags/example_kubernetes_executor.py
[2026-10-01T00:16:37.151+0000] {logging_mixin.py:137} INFO - [2026-10-01T00:16:37.151+0000] {dag.py:2676} INFO - Sync 1 DAGs
[2026-10-01T00:16:37.182+0000] {logging_mixin.py:137} INFO - [2026-10-01T00:16:37.182+0000] {dag.py:3427} INFO - Setting next_dagrun for example_kubernetes_executor to None, run_after=None
[2026-10-01T00:16:37.204+0000] {processor.py:175} INFO - Processing /home/airflow/.local/lib/python3.7/site-packages/airflow/example_dags/example_kubernetes_executor.py took 0.154 seconds
[2026-10-01T00:17:08.226+0000] {processor.py:153} INFO - Started process (PID=17738) to work on /home/airflow/.local/lib/python3.7/site-packages/airflow/example_dags/example_kubernetes_executor.py
[2026-10-01T00:17:08.227+0000] {processor.py:743} INFO - Processing file /home/airflow/.local/lib/python3.7/site-packages/airflow/example_dags/example_kubernetes_executor.py for tasks to queue
[2026-10-01T00:17:08.228+0000] {logging_mixin.py:137} INFO - [2026-10-01T00:17:08.227+0000] {dagbag.py:538} INFO - Filling up the DagBag from /home/airflow/.local/lib/python3.7/site-packages/airflow/example_dags/example_kubernetes_executor.py
[2026-10-01T00:17:08.268+0000] {processor.py:753} INFO - DAG(s) dict_keys(['example_kubernetes_executor']) retrieved from /home/airflow/.local/lib/python3.7/site-packages/airflow/example_dags/example_kubernetes_executor.py
[2026-10-01T00:17:08.341+0000] {logging_mixin.py:137} INFO - [2026-10-01T00:17:08.340+0000] {dag.py:2676} INFO - Sync 1 DAGs
[2026-10-01T00:17:08.390+0000] {logging_mixin.py:137} INFO - [2026-10-01T00:17:08.390+0000] {dag.py:3427} INFO - Setting next_dagrun for example_kubernetes_executor to None, run_after=None
[2026-10-01T00:17:08.418+0000] {processor.py:175} INFO - Processing /home/airflow/.local/lib/python3.7/site-packages/airflow/example_dags/example_kubernetes_executor.py took 0.197 seconds
[2026-10-01T00:17:38.478+0000] {processor.py:153} INFO - Started process (PID=17837) to work on /home/airflow/.local/lib/python3.7/site-packages/airflow/example_dags/example_kubernetes_executor.py
[2026-10-01T00:17:38.479+0000] {processor.py:743} INFO - Processing file /home/airflow/.local/lib/python3.7/site-packages/airflow/example_dags/example_kubernetes_executor.py for tasks to queue
[2026-10-01T00:17:38.480+0000] {logging_mixin.py:137} INFO - [2026-10-01T00:17:38.480+0000] {dagbag.py:538} INFO - Filling up the DagBag from /home/airflow/.local/lib/python3.7/site-packages/airflow/example_dags/example_kubernetes_executor.py
[2026-10-01T00:17:38.527+0000] {processor.py:753} INFO - DAG(s) dict_keys(['example_kubernetes_executor']) retrieved from /home/airflow/.local/lib/python3.7/site-packages/airflow/example_dags/example_kubernetes_executor.py
[2026-10-01T00:17:38.581+0000] {logging_mixin.py:137} INFO - [2026-10-01T00:17:38.581+0000] {dag.py:2676} INFO - Sync 1 DAGs
[2026-10-01T00:17:38.616+0000] {logging_mixin.py:137} INFO - [2026-10-01T00:17:38.616+0000] {dag.py:3427} INFO - Setting next_dagrun for example_kubernetes_executor to None, run_after=None
[2026-10-01T00:17:38.639+0000] {processor.py:175} INFO - Processing /home/airflow/.local/lib/python3.7/site-packages/airflow/example_dags/example_kubernetes_executor.py took 0.164 seconds
[2026-10-01T00:18:08.841+0000] {processor.py:153} INFO - Started process (PID=17916) to work on /home/airflow/.local/lib/python3.7/site-packages/airflow/example_dags/example_kubernetes_executor.py
[2026-10-01T00:18:08.843+0000] {processor.py:743} INFO - Processing file /home/airflow/.local/lib/python3.7/site-packages/airflow/example_dags/example_kubernetes_executor.py for tasks to queue
[2026-10-01T00:18:08.843+0000] {logging_mixin.py:137} INFO - [2026-10-01T00:18:08.843+0000] {dagbag.py:538} INFO - Filling up the DagBag from /home/airflow/.local/lib/python3.7/site-packages/airflow/example_dags/example_kubernetes_executor.py
[2026-10-01T00:18:08.881+0000] {processor.py:753} INFO - DAG(s) dict_keys(['example_kubernetes_executor']) retrieved from /home/airflow/.local/lib/python3.7/site-packages/airflow/example_dags/example_kubernetes_executor.py
[2026-10-01T00:18:08.940+0000] {logging_mixin.py:137} INFO - [2026-10-01T00:18:08.939+0000] {dag.py:2676} INFO - Sync 1 DAGs
[2026-10-01T00:18:08.976+0000] {logging_mixin.py:137} INFO - [2026-10-01T00:18:08.976+0000] {dag.py:3427} INFO - Setting next_dagrun for example_kubernetes_executor to None, run_after=None
[2026-10-01T00:18:08.996+0000] {processor.py:175} INFO - Processing /home/airflow/.local/lib/python3.7/site-packages/airflow/example_dags/example_kubernetes_executor.py took 0.159 seconds
[2026-10-01T00:18:39.100+0000] {processor.py:153} INFO - Started process (PID=17995) to work on /home/airflow/.local/lib/python3.7/site-packages/airflow/example_dags/example_kubernetes_executor.py
[2026-10-01T00:18:39.101+0000] {processor.py:743} INFO - Processing file /home/airflow/.local/lib/python3.7/site-packages/airflow/example_dags/example_kubernetes_executor.py for tasks to queue
[2026-10-01T00:18:39.102+0000] {logging_mixin.py:137} INFO - [2026-10-01T00:18:39.102+0000] {dagbag.py:538} INFO - Filling up the DagBag from /home/airflow/.local/lib/python3.7/site-packages/airflow/example_dags/example_kubernetes_executor.py
[2026-10-01T00:18:39.144+0000] {processor.py:753} INFO - DAG(s) dict_keys(['example_kubernetes_executor']) retrieved from /home/airflow/.local/lib/python3.7/site-packages/airflow/example_dags/example_kubernetes_executor.py
[2026-10-01T00:18:39.210+0000] {logging_mixin.py:137} INFO - [2026-10-01T00:18:39.210+0000] {dag.py:2676} INFO - Sync 1 DAGs
[2026-10-01T00:18:39.247+0000] {logging_mixin.py:137} INFO - [2026-10-01T00:18:39.246+0000] {dag.py:3427} INFO - Setting next_dagrun for example_kubernetes_executor to None, run_after=None
[2026-10-01T00:18:39.268+0000] {processor.py:175} INFO - Processing /home/airflow/.local/lib/python3.7/site-packages/airflow/example_dags/example_kubernetes_executor.py took 0.172 seconds
[2026-10-01T00:19:10.489+0000] {processor.py:153} INFO - Started process (PID=18081) to work on /home/airflow/.local/lib/python3.7/site-packages/airflow/example_dags/example_kubernetes_executor.py
[2026-10-01T00:19:10.491+0000] {processor.py:743} INFO - Processing file /home/airflow/.local/lib/python3.7/site-packages/airflow/example_dags/example_kubernetes_executor.py for tasks to queue
[2026-10-01T00:19:10.491+0000] {logging_mixin.py:137} INFO - [2026-10-01T00:19:10.491+0000] {dagbag.py:538} INFO - Filling up the DagBag from /home/airflow/.local/lib/python3.7/site-packages/airflow/example_dags/example_kubernetes_executor.py
[2026-10-01T00:19:10.537+0000] {processor.py:753} INFO - DAG(s) dict_keys(['example_kubernetes_executor']) retrieved from /home/airflow/.local/lib/python3.7/site-packages/airflow/example_dags/example_kubernetes_executor.py
[2026-10-01T00:19:10.593+0000] {logging_mixin.py:137} INFO - [2026-10-01T00:19:10.593+0000] {dag.py:2676} INFO - Sync 1 DAGs
[2026-10-01T00:19:10.627+0000] {logging_mixin.py:137} INFO - [2026-10-01T00:19:10.626+0000] {dag.py:3427} INFO - Setting next_dagrun for example_kubernetes_executor to None, run_after=None
[2026-10-01T00:19:10.652+0000] {processor.py:175} INFO - Processing /home/airflow/.local/lib/python3.7/site-packages/airflow/example_dags/example_kubernetes_executor.py took 0.166 seconds
[2026-10-01T00:19:40.885+0000] {processor.py:153} INFO - Started process (PID=18173) to work on /home/airflow/.local/lib/python3.7/site-packages/airflow/example_dags/example_kubernetes_executor.py
[2026-10-01T00:19:40.886+0000] {processor.py:743} INFO - Processing file /home/airflow/.local/lib/python3.7/site-packages/airflow/example_dags/example_kubernetes_executor.py for tasks to queue
[2026-10-01T00:19:40.887+0000] {logging_mixin.py:137} INFO - [2026-10-01T00:19:40.887+0000] {dagbag.py:538} INFO - Filling up the DagBag from /home/airflow/.local/lib/python3.7/site-packages/airflow/example_dags/example_kubernetes_executor.py
[2026-10-01T00:19:40.925+0000] {processor.py:753} INFO - DAG(s) dict_keys(['example_kubernetes_executor']) retrieved from /home/airflow/.local/lib/python3.7/site-packages/airflow/example_dags/example_kubernetes_executor.py
[2026-10-01T00:19:40.981+0000] {logging_mixin.py:137} INFO - [2026-10-01T00:19:40.981+0000] {dag.py:2676} INFO - Sync 1 DAGs
[2026-10-01T00:19:41.017+0000] {logging_mixin.py:137} INFO - [2026-10-01T00:19:41.017+0000] {dag.py:3427} INFO - Setting next_dagrun for example_kubernetes_executor to None, run_after=None
[2026-10-01T00:19:41.038+0000] {processor.py:175} INFO - Processing /home/airflow/.local/lib/python3.7/site-packages/airflow/example_dags/example_kubernetes_executor.py took 0.157 seconds
[2026-10-01T00:20:11.178+0000] {processor.py:153} INFO - Started process (PID=18252) to work on /home/airflow/.local/lib/python3.7/site-packages/airflow/example_dags/example_kubernetes_executor.py
[2026-10-01T00:20:11.179+0000] {processor.py:743} INFO - Processing file /home/airflow/.local/lib/python3.7/site-packages/airflow/example_dags/example_kubernetes_executor.py for tasks to queue
[2026-10-01T00:20:11.180+0000] {logging_mixin.py:137} INFO - [2026-10-01T00:20:11.180+0000] {dagbag.py:538} INFO - Filling up the DagBag from /home/airflow/.local/lib/python3.7/site-packages/airflow/example_dags/example_kubernetes_executor.py
[2026-10-01T00:20:11.223+0000] {processor.py:753} INFO - DAG(s) dict_keys(['example_kubernetes_executor']) retrieved from /home/airflow/.local/lib/python3.7/site-packages/airflow/example_dags/example_kubernetes_executor.py
[2026-10-01T00:20:11.284+0000] {logging_mixin.py:137} INFO - [2026-10-01T00:20:11.284+0000] {dag.py:2676} INFO - Sync 1 DAGs
[2026-10-01T00:20:11.320+0000] {logging_mixin.py:137} INFO - [2026-10-01T00:20:11.320+0000] {dag.py:3427} INFO - Setting next_dagrun for example_kubernetes_executor to None, run_after=None
[2026-10-01T00:20:11.343+0000] {processor.py:175} INFO - Processing /home/airflow/.local/lib/python3.7/site-packages/airflow/example_dags/example_kubernetes_executor.py took 0.170 seconds
[2026-10-01T00:20:41.748+0000] {processor.py:153} INFO - Started process (PID=18331) to work on /home/airflow/.local/lib/python3.7/site-packages/airflow/example_dags/example_kubernetes_executor.py
[2026-10-01T00:20:41.750+0000] {processor.py:743} INFO - Processing file /home/airflow/.local/lib/python3.7/site-packages/airflow/example_dags/example_kubernetes_executor.py for tasks to queue
[2026-10-01T00:20:41.751+0000] {logging_mixin.py:137} INFO - [2026-10-01T00:20:41.751+0000] {dagbag.py:538} INFO - Filling up the DagBag from /home/airflow/.local/lib/python3.7/site-packages/airflow/example_dags/example_kubernetes_executor.py
[2026-10-01T00:20:41.792+0000] {processor.py:753} INFO - DAG(s) dict_keys(['example_kubernetes_executor']) retrieved from /home/airflow/.local/lib/python3.7/site-packages/airflow/example_dags/example_kubernetes_executor.py
[2026-10-01T00:20:41.851+0000] {logging_mixin.py:137} INFO - [2026-10-01T00:20:41.851+0000] {dag.py:2676} INFO - Sync 1 DAGs
[2026-10-01T00:20:41.886+0000] {logging_mixin.py:137} INFO - [2026-10-01T00:20:41.886+0000] {dag.py:3427} INFO - Setting next_dagrun for example_kubernetes_executor to None, run_after=None
[2026-10-01T00:20:41.911+0000] {processor.py:175} INFO - Processing /home/airflow/.local/lib/python3.7/site-packages/airflow/example_dags/example_kubernetes_executor.py took 0.168 seconds
