[2026-10-01T00:00:14.341+0000] {processor.py:153} INFO - Started process (PID=14948) to work on /home/airflow/.local/lib/python3.7/site-packages/airflow/example_dags/example_complex.py
[2026-10-01T00:00:14.342+0000] {processor.py:743} INFO - Processing file /home/airflow/.local/lib/python3.7/site-packages/airflow/example_dags/example_complex.py for tasks to queue
[2026-10-01T00:00:14.342+0000] {logging_mixin.py:137} INFO - [2026-10-01T00:00:14.342+0000] {dagbag.py:538} INFO - Filling up the DagBag from /home/airflow/.local/lib/python3.7/site-packages/airflow/example_dags/example_complex.py
[2026-10-01T00:00:14.354+0000] {logging_mixin.py:137} INFO - [2026-10-01T00:00:14.354+0000] {taskmixin.py:205} WARNING - Dependency <Task(BashOperator): create_entry_group>, delete_entry_group already registered for DAG: example_complex
[2026-10-01T00:00:14.354+0000] {logging_mixin.py:137} INFO - [2026-10-01T00:00:14.354+0000] {taskmixin.py:205} WARNING - Dependency <Task(BashOperator): delete_entry_group>, create_entry_group already registered for DAG: example_complex
[2026-10-01T00:00:14.354+0000] {logging_mixin.py:137} INFO - [2026-10-01T00:00:14.354+0000] {taskmixin.py:205} WARNING - Dependency <Task(BashOperator): create_entry_gcs>, delete_entry already registered for DAG: example_complex
[2026-10-01T00:00:14.354+0000] {logging_mixin.py:137} INFO - [2026-10-01T00:00:14.354+0000] {taskmixin.py:205} WARNING - Dependency <Task(BashOperator): delete_entry>, create_entry_gcs already registered for DAG: example_complex
[2026-10-01T00:00:14.355+0000] {logging_mixin.py:137} INFO - [2026-10-01T00:00:14.354+0000] {taskmixin.py:205} WARNING - Dependency <Task(BashOperator): create_tag>, delete_tag already registered for DAG: example_complex
[2026-10-01T00:00:14.355+0000] {logging_mixin.py:137} INFO - [2026-10-01T00:00:14.355+0000] {taskmixin.py:205} WARNING - Dependency <Task(BashOperator): delete_tag>, create_tag already registered for DAG: example_complex
[2026-10-01T00:00:14.362+0000] {processor.py:753} INFO - DAG(s) dict_keys(['example_complex']) retrieved from /home/airflow/.local/lib/python3.7/site-packages/airflow/example_dags/example_complex.py
[2026-10-01T00:00:14.405+0000] {logging_mixin.py:137} INFO - [2026-10-01T00:00:14.405+0000] {dag.py:2676} INFO - Sync 1 DAGs
[2026-10-01T00:00:14.429+0000] {logging_mixin.py:137} INFO - [2026-10-01T00:00:14.429+0000] {dag.py:3427} INFO - Setting next_dagrun for example_complex to None, run_after=None
[2026-10-01T00:00:14.447+0000] {processor.py:175} INFO - Processing /home/airflow/.local/lib/python3.7/site-packages/airflow/example_dags/example_complex.py took 0.108 seconds
[2026-10-01T00:00:45.106+0000] {processor.py:153} INFO - Started process (PID=15027) to work on /home/airflow/.local/lib/python3.7/site-packages/airflow/example_dags/example_complex.py
[2026-10-01T00:00:45.107+0000] {processor.py:743} INFO - Processing file /home/airflow/.local/lib/python3.7/site-packages/airflow/example_dags/example_complex.py for tasks to queue
[2026-10-01T00:00:45.108+0000] {logging_mixin.py:137} INFO - [2026-10-01T00:00:45.108+0000] {dagbag.py:538} INFO - Filling up the DagBag from /home/airflow/.local/lib/python3.7/site-packages/airflow/example_dags/example_complex.py
[2026-10-01T00:00:45.128+0000] {logging_mixin.py:137} INFO - [2026-10-01T00:00:45.127+0000] {taskmixin.py:205} WARNING - Dependency <Task(BashOperator): create_entry_group>, delete_entry_group already registered for DAG: example_complex
[2026-10-01T00:00:45.128+0000] {logging_mixin.py:137} INFO - [2026-10-01T00:00:45.128+0000] {taskmixin.py:205} WARNING - Dependency <Task(BashOperator): delete_entry_group>, create_entry_group already registered for DAG: example_complex
[2026-10-01T00:00:45.129+0000] {logging_mixin.py:137} INFO - [2026-10-01T00:00:45.128+0000] {taskmixin.py:205} WARNING - Dependency <Task(BashOperator): create_entry_gcs>, delete_entry already registered for DAG: example_complex
[2026-10-01T00:00:45.129+0000] {logging_mixin.py:137} INFO - [2026-10-01T00:00:45.129+0000] {taskmixin.py:205} WARNING - Dependency <Task(BashOperator): delete_entry>, create_entry_gcs already registered for DAG: example_complex
[2026-10-01T00:00:45.129+0000] {logging_mixin.py:137} INFO - [2026-10-01T00:00:45.129+0000] {taskmixin.py:205} WARNING - Dependency <Task(BashOperator): create_tag>, delete_tag already registered for DAG: example_complex
[2026-10-01T00:00:45.130+0000] {logging_mixin.py:137} INFO - [2026-10-01T00:00:45.130+0000] {taskmixin.py:205} WARNING - Dependency <Task(BashOperator): delete_tag>, create_tag already registered for DAG: example_complex
[2026-10-01T00:00:45.139+0000] {processor.py:753} INFO - DAG(s) dict_keys(['example_complex']) retrieved from /home/airflow/.local/lib/python3.7/site-packages/airflow/example_dags/example_complex.py
[2026-10-01T00:00:45.200+0000] {logging_mixin.py:137} INFO - [2026-10-01T00:00:45.200+0000] {dag.py:2676} INFO - Sync 1 DAGs
[2026-10-01T00:00:45.238+0000] {logging_mixin.py:137} INFO - [2026-10-01T00:00:45.237+0000] {dag.py:3427} INFO - Setting next_dagrun for example_complex to None, run_after=None
[2026-10-01T00:00:45.270+0000] {processor.py:175} INFO - Processing /home/airflow/.local/lib/python3.7/site-packages/airflow/example_dags/example_complex.py took 0.168 seconds
[2026-10-01T00:01:15.931+0000] {processor.py:153} INFO - Started process (PID=15106) to work on /home/airflow/.local/lib/python3.7/site-packages/airflow/example_dags/example_complex.py
[2026-10-01T00:01:15.934+0000] {processor.py:743} INFO - Processing file /home/airflow/.local/lib/python3.7/site-packages/airflow/example_dags/example_complex.py for tasks to queue
[2026-10-01T00:01:15.935+0000] {logging_mixin.py:137} INFO - [2026-10-01T00:01:15.935+0000] {dagbag.py:538} INFO - Filling up the DagBag from /home/airflow/.local/lib/python3.7/site-packages/airflow/example_dags/example_complex.py
[2026-10-01T00:01:15.958+0000] {logging_mixin.py:137} INFO - [2026-10-01T00:01:15.958+0000] {taskmixin.py:205} WARNING - Dependency <Task(BashOperator): create_entry_group>, delete_entry_group already registered for DAG: example_complex
[2026-10-01T00:01:15.959+0000] {logging_mixin.py:137} INFO - [2026-10-01T00:01:15.959+0000] {taskmixin.py:205} WARNING - Dependency <Task(BashOperator): delete_entry_group>, create_entry_group already registered for DAG: example_complex
[2026-10-01T00:01:15.960+0000] {logging_mixin.py:137} INFO - [2026-10-01T00:01:15.959+0000] {taskmixin.py:205} WARNING - Dependency <Task(BashOperator): create_entry_gcs>, delete_entry already registered for DAG: example_complex
[2026-10-01T00:01:15.960+0000] {logging_mixin.py:137} INFO - [2026-10-01T00:01:15.960+0000] {taskmixin.py:205} WARNING - Dependency <Task(BashOperator): delete_entry>, create_entry_gcs already registered for DAG: example_complex
[2026-10-01T00:01:15.961+0000] {logging_mixin.py:137} INFO - [2026-10-01T00:01:15.961+0000] {taskmixin.py:205} WARNING - Dependency <Task(BashOperator): create_tag>, delete_tag already registered for DAG: example_complex
[2026-10-01T00:01:15.962+0000] {logging_mixin.py:137} INFO - [2026-10-01T00:01:15.962+0000] {taskmixin.py:205} WARNING - Dependency <Task(BashOperator): delete_tag>, create_tag already registered for DAG: example_complex
[2026-10-01T00:01:15.975+0000] {processor.py:753} INFO - DAG(s) dict_keys(['example_complex']) retrieved from /home/airflow/.local/lib/python3.7/site-packages/airflow/example_dags/example_complex.py
[2026-10-01T00:01:16.043+0000] {logging_mixin.py:137} INFO - [2026-10-01T00:01:16.043+0000] {dag.py:2676} INFO - Sync 1 DAGs
[2026-10-01T00:01:16.074+0000] {logging_mixin.py:137} INFO - [2026-10-01T00:01:16.074+0000] {dag.py:3427} INFO - Setting next_dagrun for example_complex to None, run_after=None
[2026-10-01T00:01:16.098+0000] {processor.py:175} INFO - Processing /home/airflow/.local/lib/python3.7/site-packages/airflow/example_dags/example_complex.py took 0.173 seconds
[2026-10-01T00:01:46.834+0000] {processor.py:153} INFO - Started process (PID=15185) to work on /home/airflow/.local/lib/python3.7/site-packages/airflow/example_dags/example_complex.py
[2026-10-01T00:01:46.835+0000] {processor.py:743} INFO - Processing file /home/airflow/.local/lib/python3.7/site-packages/airflow/example_dags/example_complex.py for tasks to queue
[2026-10-01T00:01:46.836+0000] {logging_mixin.py:137} INFO - [2026-10-01T00:01:46.835+0000] {dagbag.py:538} INFO - Filling up the DagBag from /home/airflow/.local/lib/python3.7/site-packages/airflow/example_dags/example_complex.py
[2026-10-01T00:01:46.851+0000] {logging_mixin.py:137} INFO - [2026-10-01T00:01:46.851+0000] {taskmixin.py:205} WARNING - Dependency <Task(BashOperator): create_entry_group>, delete_entry_group already registered for DAG: example_complex
[2026-10-01T00:01:46.851+0000] {logging_mixin.py:137} INFO - [2026-10-01T00:01:46.851+0000] {taskmixin.py:205} WARNING - Dependency <Task(BashOperator): delete_entry_group>, create_entry_group already registered for DAG: example_complex
[2026-10-01T00:01:46.851+0000] {logging_mixin.py:137} INFO - [2026-10-01T00:01:46.851+0000] {taskmixin.py:205} WARNING - Dependency <Task(BashOperator): create_entry_gcs>, delete_entry already registered for DAG: example_complex
[2026-10-01T00:01:46.852+0000] {logging_mixin.py:137} INFO - [2026-10-01T00:01:46.852+0000] {taskmixin.py:205} WARNING - Dependency <Task(BashOperator): delete_entry>, create_entry_gcs already registered for DAG: example_complex
[2026-10-01T00:01:46.852+0000] {logging_mixin.py:137} INFO - [2026-10-01T00:01:46.852+0000] {taskmixin.py:205} WARNING - Dependency <Task(BashOperator): create_tag>, delete_tag already registered for DAG: example_complex
[2026-10-01T00:01:46.852+0000] {logging_mixin.py:137} INFO - [2026-10-01T00:01:46.852+0000] {taskmixin.py:205} WARNING - Dependency <Task(BashOperator): delete_tag>, create_tag already registered for DAG: example_complex
[2026-10-01T00:01:46.862+0000] {processor.py:753} INFO - DAG(s) dict_keys(['example_complex']) retrieved from /home/airflow/.local/lib/python3.7/site-packages/airflow/example_dags/example_complex.py
[2026-10-01T00:01:46.922+0000] {logging_mixin.py:137} INFO - [2026-10-01T00:01:46.922+0000] {dag.py:2676} INFO - Sync 1 DAGs
[2026-10-01T00:01:46.961+0000] {logging_mixin.py:137} INFO - [2026-10-01T00:01:46.961+0000] {dag.py:3427} INFO - Setting next_dagrun for example_complex to None, run_after=None
[2026-10-01T00:01:46.991+0000] {processor.py:175} INFO - Processing /home/airflow/.local/lib/python3.7/site-packages/airflow/example_dags/example_complex.py took 0.162 seconds
[2026-10-01T00:02:17.610+0000] {processor.py:153} INFO - Started process (PID=15284) to work on /home/airflow/.local/lib/python3.7/site-packages/airflow/example_dags/example_complex.py
[2026-10-01T00:02:17.612+0000] {processor.py:743} INFO - Processing file /home/airflow/.local/lib/python3.7/site-packages/airflow/example_dags/example_complex.py for tasks to queue
[2026-10-01T00:02:17.613+0000] {logging_mixin.py:137} INFO - [2026-10-01T00:02:17.613+0000] {dagbag.py:538} INFO - Filling up the DagBag from /home/airflow/.local/lib/python3.7/site-packages/airflow/example_dags/example_complex.py
[2026-10-01T00:02:17.632+0000] {logging_mixin.py:137} INFO - [2026-10-01T00:02:17.632+0000] {taskmixin.py:205} WARNING - Dependency <Task(BashOperator): create_entry_group>, delete_entry_group already registered for DAG: example_complex
[2026-10-01T00:02:17.632+0000] {logging_mixin.py:137} INFO - [2026-10-01T00:02:17.632+0000] {taskmixin.py:205} WARNING - Dependency <Task(BashOperator): delete_entry_group>, create_entry_group already registered for DAG: example_complex
[2026-10-01T00:02:17.633+0000] {logging_mixin.py:137} INFO - [2026-10-01T00:02:17.633+0000] {taskmixin.py:205} WARNING - Dependency <Task(BashOperator): create_entry_gcs>, delete_entry already registered for DAG: example_complex
[2026-10-01T00:02:17.633+0000] {logging_mixin.py:137} INFO - [2026-10-01T00:02:17.633+0000] {taskmixin.py:205} WARNING - Dependency <Task(BashOperator): delete_entry>, create_entry_gcs already registered for DAG: example_complex
[2026-10-01T00:02:17.634+0000] {logging_mixin.py:137} INFO - [2026-10-01T00:02:17.634+0000] {taskmixin.py:205} WARNING - Dependency <Task(BashOperator): create_tag>, delete_tag already registered for DAG: example_complex
[2026-10-01T00:02:17.634+0000] {logging_mixin.py:137} INFO - [2026-10-01T00:02:17.634+0000] {taskmixin.py:205} WARNING - Dependency <Task(BashOperator): delete_tag>, create_tag already registered for DAG: example_complex
[2026-10-01T00:02:17.648+0000] {processor.py:753} INFO - DAG(s) dict_keys(['example_complex']) retrieved from /home/airflow/.local/lib/python3.7/site-packages/airflow/example_dags/example_complex.py
[2026-10-01T00:02:17.721+0000] {logging_mixin.py:137} INFO - [2026-10-01T00:02:17.721+0000] {dag.py:2676} INFO - Sync 1 DAGs
[2026-10-01T00:02:17.761+0000] {logging_mixin.py:137} INFO - [2026-10-01T00:02:17.760+0000] {dag.py:3427} INFO - Setting next_dagrun for example_complex to None, run_after=None
[2026-10-01T00:02:17.795+0000] {processor.py:175} INFO - Processing /home/airflow/.local/lib/python3.7/site-packages/airflow/example_dags/example_complex.py took 0.191 seconds
[2026-10-01T00:02:48.510+0000] {processor.py:153} INFO - Started process (PID=15363) to work on /home/airflow/.local/lib/python3.7/site-packages/airflow/example_dags/example_complex.py
[2026-10-01T00:02:48.511+0000] {processor.py:743} INFO - Processing file /home/airflow/.local/lib/python3.7/site-packages/airflow/example_dags/example_complex.py for tasks to queue
[2026-10-01T00:02:48.512+0000] {logging_mixin.py:137} INFO - [2026-10-01T00:02:48.512+0000] {dagbag.py:538} INFO - Filling up the DagBag from /home/airflow/.local/lib/python3.7/site-packages/airflow/example_dags/example_complex.py
[2026-10-01T00:02:48.527+0000] {logging_mixin.py:137} INFO - [2026-10-01T00:02:48.527+0000] {taskmixin.py:205} WARNING - Dependency <Task(BashOperator): create_entry_group>, delete_entry_group already registered for DAG: example_complex
[2026-10-01T00:02:48.527+0000] {logging_mixin.py:137} INFO - [2026-10-01T00:02:48.527+0000] {taskmixin.py:205} WARNING - Dependency <Task(BashOperator): delete_entry_group>, create_entry_group already registered for DAG: example_complex
[2026-10-01T00:02:48.528+0000] {logging_mixin.py:137} INFO - [2026-10-01T00:02:48.528+0000] {taskmixin.py:205} WARNING - Dependency <Task(BashOperator): create_entry_gcs>, delete_entry already registered for DAG: example_complex
[2026-10-01T00:02:48.528+0000] {logging_mixin.py:137} INFO - [2026-10-01T00:02:48.528+0000] {taskmixin.py:205} WARNING - Dependency <Task(BashOperator): delete_entry>, create_entry_gcs already registered for DAG: example_complex
[2026-10-01T00:02:48.529+0000] {logging_mixin.py:137} INFO - [2026-10-01T00:02:48.529+0000] {taskmixin.py:205} WARNING - Dependency <Task(BashOperator): create_tag>, delete_tag already registered for DAG: example_complex
[2026-10-01T00:02:48.529+0000] {logging_mixin.py:137} INFO - [2026-10-01T00:02:48.529+0000] {taskmixin.py:205} WARNING - Dependency <Task(BashOperator): delete_tag>, create_tag already registered for DAG: example_complex
[2026-10-01T00:02:48.545+0000] {processor.py:753} INFO - DAG(s) dict_keys(['example_complex']) retrieved from /home/airflow/.local/lib/python3.7/site-packages/airflow/example_dags/example_complex.py
[2026-10-01T00:02:48.614+0000] {logging_mixin.py:137} INFO - [2026-10-01T00:02:48.614+0000] {dag.py:2676} INFO - Sync 1 DAGs
[2026-10-01T00:02:48.658+0000] {logging_mixin.py:137} INFO - [2026-10-01T00:02:48.658+0000] {dag.py:3427} INFO - Setting next_dagrun for example_complex to None, run_after=None
[2026-10-01T00:02:48.683+0000] {processor.py:175} INFO - Processing /home/airflow/.local/lib/python3.7/site-packages/airflow/example_dags/example_complex.py took 0.176 seconds
[2026-10-01T00:03:19.104+0000] {processor.py:153} INFO - Started process (PID=15442) to work on /home/airflow/.local/lib/python3.7/site-packages/airflow/example_dags/example_complex.py
[2026-10-01T00:03:19.107+0000] {processor.py:743} INFO - Processing file /home/airflow/.local/lib/python3.7/site-packages/airflow/example_dags/example_complex.py for tasks to queue
[2026-10-01T00:03:19.108+0000] {logging_mixin.py:137} INFO - [2026-10-01T00:03:19.107+0000] {dagbag.py:538} INFO - Filling up the DagBag from /home/airflow/.local/lib/python3.7/site-packages/airflow/example_dags/example_complex.py
[2026-10-01T00:03:19.122+0000] {logging_mixin.py:137} INFO - [2026-10-01T00:03:19.122+0000] {taskmixin.py:205} WARNING - Dependency <Task(BashOperator): create_entry_group>, delete_entry_group already registered for DAG: example_complex
[2026-10-01T00:03:19.122+0000] {logging_mixin.py:137} INFO - [2026-10-01T00:03:19.122+0000] {taskmixin.py:205} WARNING - Dependency <Task(BashOperator): delete_entry_group>, create_entry_group already registered for DAG: example_complex
[2026-10-01T00:03:19.122+0000] {logging_mixin.py:137} INFO - [2026-10-01T00:03:19.122+0000] {taskmixin.py:205} WARNING - Dependency <Task(BashOperator): create_entry_gcs>, delete_entry already registered for DAG: example_complex
[2026-10-01T00:03:19.123+0000] {logging_mixin.py:137} INFO - [2026-10-01T00:03:19.123+0000] {taskmixin.py:205} WARNING - Dependency <Task(BashOperator): delete_entry>, create_entry_gcs already registered for DAG: example_complex
[2026-10-01T00:03:19.123+0000] {logging_mixin.py:137} INFO - [2026-10-01T00:03:19.123+0000] {taskmixin.py:205} WARNING - Dependency <Task(BashOperator): create_tag>, delete_tag already registered for DAG: example_complex
[2026-10-01T00:03:19.123+0000] {logging_mixin.py:137} INFO - [2026-10-01T00:03:19.123+0000] {taskmixin.py:205} WARNING - Dependency <Task(BashOperator): delete_tag>, create_tag already registered for DAG: example_complex
[2026-10-01T00:03:19.139+0000] {processor.py:753} INFO - DAG(s) dict_keys(['example_complex']) retrieved from /home/airflow/.local/lib/python3.7/site-packages/airflow/example_dags/example_complex.py
[2026-10-01T00:03:19.214+0000] {logging_mixin.py:137} INFO - [2026-10-01T00:03:19.214+0000] {dag.py:2676} INFO - Sync 1 DAGs
[2026-10-01T00:03:19.254+0000] {logging_mixin.py:137} INFO - [2026-10-01T00:03:19.254+0000] {dag.py:3427} INFO - Setting next_dagrun for example_complex to None, run_after=None
[2026-10-01T00:03:19.284+0000] {processor.py:175} INFO - Processing /home/airflow/.local/lib/python3.7/site-packages/airflow/example_dags/example_complex.py took 0.184 seconds
[2026-10-01T00:03:49.380+0000] {processor.py:153} INFO - Started process (PID=15521) to work on /home/airflow/.local/lib/python3.7/site-packages/airflow/example_dags/example_complex.py
[2026-10-01T00:03:49.381+0000] {processor.py:743} INFO - Processing file /home/airflow/.local/lib/python3.7/site-packages/airflow/example_dags/example_complex.py for tasks to queue
[2026-10-01T00:03:49.381+0000] {logging_mixin.py:137} INFO - [2026-10-01T00:03:49.381+0000] {dagbag.py:538} INFO - Filling up the DagBag from /home/airflow/.local/lib/python3.7/site-packages/airflow/example_dags/example_complex.py
[2026-10-01T00:03:49.396+0000] {logging_mixin.py:137} INFO - [2026-10-01T00:03:49.396+0000] {taskmixin.py:205} WARNING - Dependency <Task(BashOperator): create_entry_group>, delete_entry_group already registered for DAG: example_complex
[2026-10-01T00:03:49.396+0000] {logging_mixin.py:137} INFO - [2026-10-01T00:03:49.396+0000] {taskmixin.py:205} WARNING - Dependency <Task(BashOperator): delete_entry_group>, create_entry_group already registered for DAG: example_complex
[2026-10-01T00:03:49.397+0000] {logging_mixin.py:137} INFO - [2026-10-01T00:03:49.397+0000] {taskmixin.py:205} WARNING - Dependency <Task(BashOperator): create_entry_gcs>, delete_entry already registered for DAG: example_complex
[2026-10-01T00:03:49.397+0000] {logging_mixin.py:137} INFO - [2026-10-01T00:03:49.397+0000] {taskmixin.py:205} WARNING - Dependency <Task(BashOperator): delete_entry>, create_entry_gcs already registered for DAG: example_complex
[2026-10-01T00:03:49.397+0000] {logging_mixin.py:137} INFO - [2026-10-01T00:03:49.397+0000] {taskmixin.py:205} WARNING - Dependency <Task(BashOperator): create_tag>, delete_tag already registered for DAG: example_complex
[2026-10-01T00:03:49.397+0000] {logging_mixin.py:137} INFO - [2026-10-01T00:03:49.397+0000] {taskmixin.py:205} WARNING - Dependency <Task(BashOperator): delete_tag>, create_tag already registered for DAG: example_complex
[2026-10-01T00:03:49.407+0000] {processor.py:753} INFO - DAG(s) dict_keys(['example_complex']) retrieved from /home/airflow/.local/lib/python3.7/site-packages/airflow/example_dags/example_complex.py
[2026-10-01T00:03:49.460+0000] {logging_mixin.py:137} INFO - [2026-10-01T00:03:49.460+0000] {dag.py:2676} INFO - Sync 1 DAGs
[2026-10-01T00:03:49.492+0000] {logging_mixin.py:137} INFO - [2026-10-01T00:03:49.492+0000] {dag.py:3427} INFO - Setting next_dagrun for example_complex to None, run_after=None
[2026-10-01T00:03:49.515+0000] {processor.py:175} INFO - Processing /home/airflow/.local/lib/python3.7/site-packages/airflow/example_dags/example_complex.py took 0.139 seconds
[2026-10-01T00:04:19.772+0000] {processor.py:153} INFO - Started process (PID=15620) to work on /home/airflow/.local/lib/python3.7/site-packages/airflow/example_dags/example_complex.py
[2026-10-01T00:04:19.774+0000] {processor.py:743} INFO - Processing file /home/airflow/.local/lib/python3.7/site-packages/airflow/example_dags/example_complex.py for tasks to queue
[2026-10-01T00:04:19.775+0000] {logging_mixin.py:137} INFO - [2026-10-01T00:04:19.775+0000] {dagbag.py:538} INFO - Filling up the DagBag from /home/airflow/.local/lib/python3.7/site-packages/airflow/example_dags/example_complex.py
[2026-10-01T00:04:19.791+0000] {logging_mixin.py:137} INFO - [2026-10-01T00:04:19.791+0000] {taskmixin.py:205} WARNING - Dependency <Task(BashOperator): create_entry_group>, delete_entry_group already registered for DAG: example_complex
[2026-10-01T00:04:19.791+0000] {logging_mixin.py:137} INFO - [2026-10-01T00:04:19.791+0000] {taskmixin.py:205} WARNING - Dependency <Task(BashOperator): delete_entry_group>, create_entry_group already registered for DAG: example_complex
[2026-10-01T00:04:19.792+0000] {logging_mixin.py:137} INFO - [2026-10-01T00:04:19.791+0000] {taskmixin.py:205} WARNING - Dependency <Task(BashOperator): create_entry_gcs>, delete_entry already registered for DAG: example_complex
[2026-10-01T00:04:19.792+0000] {logging_mixin.py:137} INFO - [2026-10-01T00:04:19.792+0000] {taskmixin.py:205} WARNING - Dependency <Task(BashOperator): delete_entry>, create_entry_gcs already registered for DAG: example_complex
[2026-10-01T00:04:19.792+0000] {logging_mixin.py:137} INFO - [2026-10-01T00:04:19.792+0000] {taskmixin.py:205} WARNING - Dependency <Task(BashOperator): create_tag>, delete_tag already registered for DAG: example_complex
[2026-10-01T00:04:19.792+0000] {logging_mixin.py:137} INFO - [2026-10-01T00:04:19.792+0000] {taskmixin.py:205} WARNING - Dependency <Task(BashOperator): delete_tag>, create_tag already registered for DAG: example_complex
[2026-10-01T00:04:19.802+0000] {processor.py:753} INFO - DAG(s) dict_keys(['example_complex']) retrieved from /home/airflow/.local/lib/python3.7/site-packages/airflow/example_dags/example_complex.py
[2026-10-01T00:04:19.861+0000] {logging_mixin.py:137} INFO - [2026-10-01T00:04:19.861+0000] {dag.py:2676} INFO - Sync 1 DAGs
[2026-10-01T00:04:19.891+0000] {logging_mixin.py:137} INFO - [2026-10-01T00:04:19.891+0000] {dag.py:3427} INFO - Setting next_dagrun for example_complex to None, run_after=None
[2026-10-01T00:04:19.911+0000] {processor.py:175} INFO - Processing /home/airflow/.local/lib/python3.7/site-packages/airflow/example_dags/example_complex.py took 0.145 seconds
[2026-10-01T00:04:49.993+0000] {processor.py:153} INFO - Started process (PID=15699) to work on /home/airflow/.local/lib/python3.7/site-packages/airflow/example_dags/example_complex.py
[2026-10-01T00:04:49.994+0000] {processor.py:743} INFO - Processing file /home/airflow/.local/lib/python3.7/site-packages/airflow/example_dags/example_complex.py for tasks to queue
[2026-10-01T00:04:49.994+0000] {logging_mixin.py:137} INFO - [2026-10-01T00:04:49.994+0000] {dagbag.py:538} INFO - Filling up the DagBag from /home/airflow/.local/lib/python3.7/site-packages/airflow/example_dags/example_complex.py
[2026-10-01T00:04:50.008+0000] {logging_mixin.py:137} INFO - [2026-10-01T00:04:50.008+0000] {taskmixin.py:205} WARNING - Dependency <Task(BashOperator): create_entry_group>, delete_entry_group already registered for DAG: example_complex
[2026-10-01T00:04:50.008+0000] {logging_mixin.py:137} INFO - [2026-10-01T00:04:50.008+0000] {taskmixin.py:205} WARNING - Dependency <Task(BashOperator): delete_entry_group>, create_entry_group already registered for DAG: example_complex
[2026-10-01T00:04:50.009+0000] {logging_mixin.py:137} INFO - [2026-10-01T00:04:50.009+0000] {taskmixin.py:205} WARNING - Dependency <Task(BashOperator): create_entry_gcs>, delete_entry already registered for DAG: example_complex
[2026-10-01T00:04:50.009+0000] {logging_mixin.py:137} INFO - [2026-10-01T00:04:50.009+0000] {taskmixin.py:205} WARNING - Dependency <Task(BashOperator): delete_entry>, create_entry_gcs already registered for DAG: example_complex
[2026-10-01T00:04:50.009+0000] {logging_mixin.py:137} INFO - [2026-10-01T00:04:50.009+0000] {taskmixin.py:205} WARNING - Dependency <Task(BashOperator): create_tag>, delete_tag already registered for DAG: example_complex
[2026-10-01T00:04:50.010+0000] {logging_mixin.py:137} INFO - [2026-10-01T00:04:50.009+0000] {taskmixin.py:205} WARNING - Dependency <Task(BashOperator): delete_tag>, create_tag already registered for DAG: example_complex
[2026-10-01T00:04:50.021+0000] {processor.py:753} INFO - DAG(s) dict_keys(['example_complex']) retrieved from /home/airflow/.local/lib/python3.7/site-packages/airflow/example_dags/example_complex.py
[2026-10-01T00:04:50.076+0000] {logging_mixin.py:137} INFO - [2026-10-01T00:04:50.076+0000] {dag.py:2676} INFO - Sync 1 DAGs
[2026-10-01T00:04:50.108+0000] {logging_mixin.py:137} INFO - [2026-10-01T00:04:50.108+0000] {dag.py:3427} INFO - Setting next_dagrun for example_complex to None, run_after=None
[2026-10-01T00:04:50.130+0000] {processor.py:175} INFO - Processing /home/airflow/.local/lib/python3.7/site-packages/airflow/example_dags/example_complex.py took 0.140 seconds
[2026-10-01T00:05:20.709+0000] {processor.py:153} INFO - Started process (PID=15778) to work on /home/airflow/.local/lib/python3.7/site-packages/airflow/example_dags/example_complex.py
[2026-10-01T00:05:20.711+0000] {processor.py:743} INFO - Processing file /home/airflow/.local/lib/python3.7/site-packages/airflow/example_dags/example_complex.py for tasks to queue
[2026-10-01T00:05:20.712+0000] {logging_mixin.py:137} INFO - [2026-10-01T00:05:20.712+0000] {dagbag.py:538} INFO - Filling up the DagBag from /home/airflow/.local/lib/python3.7/site-packages/airflow/example_dags/example_complex.py
[2026-10-01T00:05:20.735+0000] {logging_mixin.py:137} INFO - [2026-10-01T00:05:20.735+0000] {taskmixin.py:205} WARNING - Dependency <Task(BashOperator): create_entry_group>, delete_entry_group already registered for DAG: example_complex
[2026-10-01T00:05:20.736+0000] {logging_mixin.py:137} INFO - [2026-10-01T00:05:20.736+0000] {taskmixin.py:205} WARNING - Dependency <Task(BashOperator): delete_entry_group>, create_entry_group already registered for DAG: example_complex
[2026-10-01T00:05:20.736+0000] {logging_mixin.py:137} INFO - [2026-10-01T00:05:20.736+0000] {taskmixin.py:205} WARNING - Dependency <Task(BashOperator): create_entry_gcs>, delete_entry already registered for DAG: example_complex
[2026-10-01T00:05:20.737+0000] {logging_mixin.py:137} INFO - [2026-10-01T00:05:20.737+0000] {taskmixin.py:205} WARNING - Dependency <Task(BashOperator): delete_entry>, create_entry_gcs already registered for DAG: example_complex
[2026-10-01T00:05:20.738+0000] {logging_mixin.py:137} INFO - [2026-10-01T00:05:20.738+0000] {taskmixin.py:205} WARNING - Dependency <Task(BashOperator): create_tag>, delete_tag already registered for DAG: example_complex
[2026-10-01T00:05:20.738+0000] {logging_mixin.py:137} INFO - [2026-10-01T00:05:20.738+0000] {taskmixin.py:205} WARNING - Dependency <Task(BashOperator): delete_tag>, create_tag already registered for DAG: example_complex
[2026-10-01T00:05:20.755+0000] {processor.py:753} INFO - DAG(s) dict_keys(['example_complex']) retrieved from /home/airflow/.local/lib/python3.7/site-packages/airflow/example_dags/example_complex.py
[2026-10-01T00:05:20.824+0000] {logging_mixin.py:137} INFO - [2026-10-01T00:05:20.824+0000] {dag.py:2676} INFO - Sync 1 DAGs
[2026-10-01T00:05:20.855+0000] {logging_mixin.py:137} INFO - [2026-10-01T00:05:20.855+0000] {dag.py:3427} INFO - Setting next_dagrun for example_complex to None, run_after=None
[2026-10-01T00:05:20.880+0000] {processor.py:175} INFO - Processing /home/airflow/.local/lib/python3.7/site-packages/airflow/example_dags/example_complex.py took 0.176 seconds
[2026-10-01T00:05:51.175+0000] {processor.py:153} INFO - Started process (PID=15857) to work on /home/airflow/.local/lib/python3.7/site-packages/airflow/example_dags/example_complex.py
[2026-10-01T00:05:51.176+0000] {processor.py:743} INFO - Processing file /home/airflow/.local/lib/python3.7/site-packages/airflow/example_dags/example_complex.py for tasks to queue
[2026-10-01T00:05:51.177+0000] {logging_mixin.py:137} INFO - [2026-10-01T00:05:51.177+0000] {dagbag.py:538} INFO - Filling up the DagBag from /home/airflow/.local/lib/python3.7/site-packages/airflow/example_dags/example_complex.py
[2026-10-01T00:05:51.192+0000] {logging_mixin.py:137} INFO - [2026-10-01T00:05:51.192+0000] {taskmixin.py:205} WARNING - Dependency <Task(BashOperator): create_entry_group>, delete_entry_group already registered for DAG: example_complex
[2026-10-01T00:05:51.193+0000] {logging_mixin.py:137} INFO - [2026-10-01T00:05:51.192+0000] {taskmixin.py:205} WARNING - Dependency <Task(BashOperator): delete_entry_group>, create_entry_group already registered for DAG: example_complex
[2026-10-01T00:05:51.193+0000] {logging_mixin.py:137} INFO - [2026-10-01T00:05:51.193+0000] {taskmixin.py:205} WARNING - Dependency <Task(BashOperator): create_entry_gcs>, delete_entry already registered for DAG: example_complex
[2026-10-01T00:05:51.193+0000] {logging_mixin.py:137} INFO - [2026-10-01T00:05:51.193+0000] {taskmixin.py:205} WARNING - Dependency <Task(BashOperator): delete_entry>, create_entry_gcs already registered for DAG: example_complex
[2026-10-01T00:05:51.194+0000] {logging_mixin.py:137} INFO - [2026-10-01T00:05:51.194+0000] {taskmixin.py:205} WARNING - Dependency <Task(BashOperator): create_tag>, delete_tag already registered for DAG: example_complex
[2026-10-01T00:05:51.194+0000] {logging_mixin.py:137} INFO - [2026-10-01T00:05:51.194+0000] {taskmixin.py:205} WARNING - Dependency <Task(BashOperator): delete_tag>, create_tag already registered for DAG: example_complex
[2026-10-01T00:05:51.208+0000] {processor.py:753} INFO - DAG(s) dict_keys(['example_complex']) retrieved from /home/airflow/.local/lib/python3.7/site-packages/airflow/example_dags/example_complex.py
[2026-10-01T00:05:51.263+0000] {logging_mixin.py:137} INFO - [2026-10-01T00:05:51.263+0000] {dag.py:2676} INFO - Sync 1 DAGs
[2026-10-01T00:05:51.313+0000] {logging_mixin.py:137} INFO - [2026-10-01T00:05:51.313+0000] {dag.py:3427} INFO - Setting next_dagrun for example_complex to None, run_after=None
[2026-10-01T00:05:51.345+0000] {processor.py:175} INFO - Processing /home/airflow/.local/lib/python3.7/site-packages/airflow/example_dags/example_complex.py took 0.174 seconds
[2026-10-01T00:06:21.680+0000] {processor.py:153} INFO - Started process (PID=15956) to work on /home/airflow/.local/lib/python3.7/site-packages/airflow/example_dags/example_complex.py
[2026-10-01T00:06:21.682+0000] {processor.py:743} INFO - Processing file /home/airflow/.local/lib/python3.7/site-packages/airflow/example_dags/example_complex.py for tasks to queue
[2026-10-01T00:06:21.683+0000] {logging_mixin.py:137} INFO - [2026-10-01T00:06:21.683+0000] {dagbag.py:538} INFO - Filling up the DagBag from /home/airflow/.local/lib/python3.7/site-packages/airflow/example_dags/example_complex.py
[2026-10-01T00:06:21.698+0000] {logging_mixin.py:137} INFO - [2026-10-01T00:06:21.698+0000] {taskmixin.py:205} WARNING - Dependency <Task(BashOperator): create_entry_group>, delete_entry_group already registered for DAG: example_complex
[2026-10-01T00:06:21.698+0000] {logging_mixin.py:137} INFO - [2026-10-01T00:06:21.698+0000] {taskmixin.py:205} WARNING - Dependency <Task(BashOperator): delete_entry_group>, create_entry_group already registered for DAG: example_complex
[2026-10-01T00:06:21.699+0000] {logging_mixin.py:137} INFO - [2026-10-01T00:06:21.698+0000] {taskmixin.py:205} WARNING - Dependency <Task(BashOperator): create_entry_gcs>, delete_entry already registered for DAG: example_complex
[2026-10-01T00:06:21.699+0000] {logging_mixin.py:137} INFO - [2026-10-01T00:06:21.699+0000] {taskmixin.py:205} WARNING - Dependency <Task(BashOperator): delete_entry>, create_entry_gcs already registered for DAG: example_complex
[2026-10-01T00:06:21.699+0000] {logging_mixin.py:137} INFO - [2026-10-01T00:06:21.699+0000] {taskmixin.py:205} WARNING - Dependency <Task(BashOperator): create_tag>, delete_tag already registered for DAG: example_complex
[2026-10-01T00:06:21.699+0000] {logging_mixin.py:137} INFO - [2026-10-01T00:06:21.699+0000] {taskmixin.py:205} WARNING - Dependency <Task(BashOperator): delete_tag>, create_tag already registered for DAG: example_complex
[2026-10-01T00:06:21.709+0000] {processor.py:753} INFO - DAG(s) dict_keys(['example_complex']) retrieved from /home/airflow/.local/lib/python3.7/site-packages/airflow/example_dags/example_complex.py
[2026-10-01T00:06:21.767+0000] {logging_mixin.py:137} INFO - [2026-10-01T00:06:21.767+0000] {dag.py:2676} INFO - Sync 1 DAGs
[2026-10-01T00:06:21.802+0000] {logging_mixin.py:137} INFO - [2026-10-01T00:06:21.802+0000] {dag.py:3427} INFO - Setting next_dagrun for example_complex to None, run_after=None
[2026-10-01T00:06:21.827+0000] {processor.py:175} INFO - Processing /home/airflow/.local/lib/python3.7/site-packages/airflow/example_dags/example_complex.py took 0.153 seconds
[2026-10-01T00:06:51.915+0000] {processor.py:153} INFO - Started process (PID=16035) to work on /home/airflow/.local/lib/python3.7/site-packages/airflow/example_dags/example_complex.py
[2026-10-01T00:06:51.917+0000] {processor.py:743} INFO - Processing file /home/airflow/.local/lib/python3.7/site-packages/airflow/example_dags/example_complex.py for tasks to queue
[2026-10-01T00:06:51.919+0000] {logging_mixin.py:137} INFO - [2026-10-01T00:06:51.918+0000] {dagbag.py:538} INFO - Filling up the DagBag from /home/airflow/.local/lib/python3.7/site-packages/airflow/example_dags/example_complex.py
[2026-10-01T00:06:51.945+0000] {logging_mixin.py:137} INFO - [2026-10-01T00:06:51.945+0000] {taskmixin.py:205} WARNING - Dependency <Task(BashOperator): create_entry_group>, delete_entry_group already registered for DAG: example_complex
[2026-10-01T00:06:51.946+0000] {logging_mixin.py:137} INFO - [2026-10-01T00:06:51.945+0000] {taskmixin.py:205} WARNING - Dependency <Task(BashOperator): delete_entry_group>, create_entry_group already registered for DAG: example_complex
[2026-10-01T00:06:51.946+0000] {logging_mixin.py:137} INFO - [2026-10-01T00:06:51.946+0000] {taskmixin.py:205} WARNING - Dependency <Task(BashOperator): create_entry_gcs>, delete_entry already registered for DAG: example_complex
[2026-10-01T00:06:51.947+0000] {logging_mixin.py:137} INFO - [2026-10-01T00:06:51.946+0000] {taskmixin.py:205} WARNING - Dependency <Task(BashOperator): delete_entry>, create_entry_gcs already registered for DAG: example_complex
[2026-10-01T00:06:51.947+0000] {logging_mixin.py:137} INFO - [2026-10-01T00:06:51.947+0000] {taskmixin.py:205} WARNING - Dependency <Task(BashOperator): create_tag>, delete_tag already registered for DAG: example_complex
[2026-10-01T00:06:51.947+0000] {logging_mixin.py:137} INFO - [2026-10-01T00:06:51.947+0000] {taskmixin.py:205} WARNING - Dependency <Task(BashOperator): delete_tag>, create_tag already registered for DAG: example_complex
[2026-10-01T00:06:51.962+0000] {processor.py:753} INFO - DAG(s) dict_keys(['example_complex']) retrieved from /home/airflow/.local/lib/python3.7/site-packages/airflow/example_dags/example_complex.py
[2026-10-01T00:06:52.040+0000] {logging_mixin.py:137} INFO - [2026-10-01T00:06:52.039+0000] {dag.py:2676} INFO - Sync 1 DAGs
[2026-10-01T00:06:52.089+0000] {logging_mixin.py:137} INFO - [2026-10-01T00:06:52.088+0000] {dag.py:3427} INFO - Setting next_dagrun for example_complex to None, run_after=None
[2026-10-01T00:06:52.117+0000] {processor.py:175} INFO - Processing /home/airflow/.local/lib/python3.7/site-packages/airflow/example_dags/example_complex.py took 0.208 seconds
[2026-10-01T00:07:22.330+0000] {processor.py:153} INFO - Started process (PID=16114) to work on /home/airflow/.local/lib/python3.7/site-packages/airflow/example_dags/example_complex.py
[2026-10-01T00:07:22.332+0000] {processor.py:743} INFO - Processing file /home/airflow/.local/lib/python3.7/site-packages/airflow/example_dags/example_complex.py for tasks to queue
[2026-10-01T00:07:22.333+0000] {logging_mixin.py:137} INFO - [2026-10-01T00:07:22.332+0000] {dagbag.py:538} INFO - Filling up the DagBag from /home/airflow/.local/lib/python3.7/site-packages/airflow/example_dags/example_complex.py
[2026-10-01T00:07:22.349+0000] {logging_mixin.py:137} INFO - [2026-10-01T00:07:22.348+0000] {taskmixin.py:205} WARNING - Dependency <Task(BashOperator): create_entry_group>, delete_entry_group already registered for DAG: example_complex
[2026-10-01T00:07:22.349+0000] {logging_mixin.py:137} INFO - [2026-10-01T00:07:22.349+0000] {taskmixin.py:205} WARNING - Dependency <Task(BashOperator): delete_entry_group>, create_entry_group already registered for DAG: example_complex
[2026-10-01T00:07:22.349+0000] {logging_mixin.py:137} INFO - [2026-10-01T00:07:22.349+0000] {taskmixin.py:205} WARNING - Dependency <Task(BashOperator): create_entry_gcs>, delete_entry already registered for DAG: example_complex
[2026-10-01T00:07:22.349+0000] {logging_mixin.py:137} INFO - [2026-10-01T00:07:22.349+0000] {taskmixin.py:205} WARNING - Dependency <Task(BashOperator): delete_entry>, create_entry_gcs already registered for DAG: example_complex
[2026-10-01T00:07:22.350+0000] {logging_mixin.py:137} INFO - [2026-10-01T00:07:22.350+0000] {taskmixin.py:205} WARNING - Dependency <Task(BashOperator): create_tag>, delete_tag already registered for DAG: example_complex
[2026-10-01T00:07:22.350+0000] {logging_mixin.py:137} INFO - [2026-10-01T00:07:22.350+0000] {taskmixin.py:205} WARNING - Dependency <Task(BashOperator): delete_tag>, create_tag already registered for DAG: example_complex
[2026-10-01T00:07:22.361+0000] {processor.py:753} INFO - DAG(s) dict_keys(['example_complex']) retrieved from /home/airflow/.local/lib/python3.7/site-packages/airflow/example_dags/example_complex.py
[2026-10-01T00:07:22.420+0000] {logging_mixin.py:137} INFO - [2026-10-01T00:07:22.420+0000] {dag.py:2676} INFO - Sync 1 DAGs
[2026-10-01T00:07:22.454+0000] {logging_mixin.py:137} INFO - [2026-10-01T00:07:22.454+0000] {dag.py:3427} INFO - Setting next_dagrun for example_complex to None, run_after=None
[2026-10-01T00:07:22.480+0000] {processor.py:175} INFO - Processing /home/airflow/.local/lib/python3.7/site-packages/airflow/example_dags/example_complex.py took 0.154 seconds
[2026-10-01T00:07:52.687+0000] {processor.py:153} INFO - Started process (PID=16193) to work on /home/airflow/.local/lib/python3.7/site-packages/airflow/example_dags/example_complex.py
[2026-10-01T00:07:52.688+0000] {processor.py:743} INFO - Processing file /home/airflow/.local/lib/python3.7/site-packages/airflow/example_dags/example_complex.py for tasks to queue
[2026-10-01T00:07:52.689+0000] {logging_mixin.py:137} INFO - [2026-10-01T00:07:52.688+0000] {dagbag.py:538} INFO - Filling up the DagBag from /home/airflow/.local/lib/python3.7/site-packages/airflow/example_dags/example_complex.py
[2026-10-01T00:07:52.704+0000] {logging_mixin.py:137} INFO - [2026-10-01T00:07:52.703+0000] {taskmixin.py:205} WARNING - Dependency <Task(BashOperator): create_entry_group>, delete_entry_group already registered for DAG: example_complex
[2026-10-01T00:07:52.704+0000] {logging_mixin.py:137} INFO - [2026-10-01T00:07:52.704+0000] {taskmixin.py:205} WARNING - Dependency <Task(BashOperator): delete_entry_group>, create_entry_group already registered for DAG: example_complex
[2026-10-01T00:07:52.705+0000] {logging_mixin.py:137} INFO - [2026-10-01T00:07:52.705+0000] {taskmixin.py:205} WARNING - Dependency <Task(BashOperator): create_entry_gcs>, delete_entry already registered for DAG: example_complex
[2026-10-01T00:07:52.705+0000] {logging_mixin.py:137} INFO - [2026-10-01T00:07:52.705+0000] {taskmixin.py:205} WARNING - Dependency <Task(BashOperator): delete_entry>, create_entry_gcs already registered for DAG: example_complex
[2026-10-01T00:07:52.706+0000] {logging_mixin.py:137} INFO - [2026-10-01T00:07:52.705+0000] {taskmixin.py:205} WARNING - Dependency <Task(BashOperator): create_tag>, delete_tag already registered for DAG: example_complex
[2026-10-01T00:07:52.706+0000] {logging_mixin.py:137} INFO - [2026-10-01T00:07:52.706+0000] {taskmixin.py:205} WARNING - Dependency <Task(BashOperator): delete_tag>, create_tag already registered for DAG: example_complex
[2026-10-01T00:07:52.718+0000] {processor.py:753} INFO - DAG(s) dict_keys(['example_complex']) retrieved from /home/airflow/.local/lib/python3.7/site-packages/airflow/example_dags/example_complex.py
[2026-10-01T00:07:52.773+0000] {logging_mixin.py:137} INFO - [2026-10-01T00:07:52.773+0000] {dag.py:2676} INFO - Sync 1 DAGs
[2026-10-01T00:07:52.811+0000] {logging_mixin.py:137} INFO - [2026-10-01T00:07:52.811+0000] {dag.py:3427} INFO - Setting next_dagrun for example_complex to None, run_after=None
[2026-10-01T00:07:52.831+0000] {processor.py:175} INFO - Processing /home/airflow/.local/lib/python3.7/site-packages/airflow/example_dags/example_complex.py took 0.148 seconds
[2026-10-01T00:08:22.926+0000] {processor.py:153} INFO - Started process (PID=16292) to work on /home/airflow/.local/lib/python3.7/site-packages/airflow/example_dags/example_complex.py
[2026-10-01T00:08:22.928+0000] {processor.py:743} INFO - Processing file /home/airflow/.local/lib/python3.7/site-packages/airflow/example_dags/example_complex.py for tasks to queue
[2026-10-01T00:08:22.929+0000] {logging_mixin.py:137} INFO - [2026-10-01T00:08:22.929+0000] {dagbag.py:538} INFO - Filling up the DagBag from /home/airflow/.local/lib/python3.7/site-packages/airflow/example_dags/example_complex.py
[2026-10-01T00:08:22.952+0000] {logging_mixin.py:137} INFO - [2026-10-01T00:08:22.951+0000] {taskmixin.py:205} WARNING - Dependency <Task(BashOperator): create_entry_group>, delete_entry_group already registered for DAG: example_complex
[2026-10-01T00:08:22.952+0000] {logging_mixin.py:137} INFO - [2026-10-01T00:08:22.952+0000] {taskmixin.py:205} WARNING - Dependency <Task(BashOperator): delete_entry_group>, create_entry_group already registered for DAG: example_complex
[2026-10-01T00:08:22.953+0000] {logging_mixin.py:137} INFO - [2026-10-01T00:08:22.952+0000] {taskmixin.py:205} WARNING - Dependency <Task(BashOperator): create_entry_gcs>, delete_entry already registered for DAG: example_complex
[2026-10-01T00:08:22.953+0000] {logging_mixin.py:137} INFO - [2026-10-01T00:08:22.953+0000] {taskmixin.py:205} WARNING - Dependency <Task(BashOperator): delete_entry>, create_entry_gcs already registered for DAG: example_complex
[2026-10-01T00:08:22.954+0000] {logging_mixin.py:137} INFO - [2026-10-01T00:08:22.953+0000] {taskmixin.py:205} WARNING - Dependency <Task(BashOperator): create_tag>, delete_tag already registered for DAG: example_complex
[2026-10-01T00:08:22.954+0000] {logging_mixin.py:137} INFO - [2026-10-01T00:08:22.954+0000] {taskmixin.py:205} WARNING - Dependency <Task(BashOperator): delete_tag>, create_tag already registered for DAG: example_complex
[2026-10-01T00:08:22.970+0000] {processor.py:753} INFO - DAG(s) dict_keys(['example_complex']) retrieved from /home/airflow/.local/lib/python3.7/site-packages/airflow/example_dags/example_complex.py
[2026-10-01T00:08:23.042+0000] {logging_mixin.py:137} INFO - [2026-10-01T00:08:23.042+0000] {dag.py:2676} INFO - Sync 1 DAGs
[2026-10-01T00:08:23.074+0000] {logging_mixin.py:137} INFO - [2026-10-01T00:08:23.073+0000] {dag.py:3427} INFO - Setting next_dagrun for example_complex to None, run_after=None
[2026-10-01T00:08:23.103+0000] {processor.py:175} INFO - Processing /home/airflow/.local/lib/python3.7/site-packages/airflow/example_dags/example_complex.py took 0.184 seconds
[2026-10-01T00:08:53.587+0000] {processor.py:153} INFO - Started process (PID=16371) to work on /home/airflow/.local/lib/python3.7/site-packages/airflow/example_dags/example_complex.py
[2026-10-01T00:08:53.588+0000] {processor.py:743} INFO - Processing file /home/airflow/.local/lib/python3.7/site-packages/airflow/example_dags/example_complex.py for tasks to queue
[2026-10-01T00:08:53.588+0000] {logging_mixin.py:137} INFO - [2026-10-01T00:08:53.588+0000] {dagbag.py:538} INFO - Filling up the DagBag from /home/airflow/.local/lib/python3.7/site-packages/airflow/example_dags/example_complex.py
[2026-10-01T00:08:53.602+0000] {logging_mixin.py:137} INFO - [2026-10-01T00:08:53.602+0000] {taskmixin.py:205} WARNING - Dependency <Task(BashOperator): create_entry_group>, delete_entry_group already registered for DAG: example_complex
[2026-10-01T00:08:53.602+0000] {logging_mixin.py:137} INFO - [2026-10-01T00:08:53.602+0000] {taskmixin.py:205} WARNING - Dependency <Task(BashOperator): delete_entry_group>, create_entry_group already registered for DAG: example_complex
[2026-10-01T00:08:53.603+0000] {logging_mixin.py:137} INFO - [2026-10-01T00:08:53.603+0000] {taskmixin.py:205} WARNING - Dependency <Task(BashOperator): create_entry_gcs>, delete_entry already registered for DAG: example_complex
[2026-10-01T00:08:53.603+0000] {logging_mixin.py:137} INFO - [2026-10-01T00:08:53.603+0000] {taskmixin.py:205} WARNING - Dependency <Task(BashOperator): delete_entry>, create_entry_gcs already registered for DAG: example_complex
[2026-10-01T00:08:53.603+0000] {logging_mixin.py:137} INFO - [2026-10-01T00:08:53.603+0000] {taskmixin.py:205} WARNING - Dependency <Task(BashOperator): create_tag>, delete_tag already registered for DAG: example_complex
[2026-10-01T00:08:53.603+0000] {logging_mixin.py:137} INFO - [2026-10-01T00:08:53.603+0000] {taskmixin.py:205} WARNING - Dependency <Task(BashOperator): delete_tag>, create_tag already registered for DAG: example_complex
[2026-10-01T00:08:53.617+0000] {processor.py:753} INFO - DAG(s) dict_keys(['example_complex']) retrieved from /home/airflow/.local/lib/python3.7/site-packages/airflow/example_dags/example_complex.py
[2026-10-01T00:08:53.676+0000] {logging_mixin.py:137} INFO - [2026-10-01T00:08:53.676+0000] {dag.py:2676} INFO - Sync 1 DAGs
[2026-10-01T00:08:53.707+0000] {logging_mixin.py:137} INFO - [2026-10-01T00:08:53.707+0000] {dag.py:3427} INFO - Setting next_dagrun for example_complex to None, run_after=None
[2026-10-01T00:08:53.728+0000] {processor.py:175} INFO - Processing /home/airflow/.local/lib/python3.7/site-packages/airflow/example_dags/example_complex.py took 0.146 seconds
[2026-10-01T00:09:24.005+0000] {processor.py:153} INFO - Started process (PID=16450) to work on /home/airflow/.local/lib/python3.7/site-packages/airflow/example_dags/example_complex.py
[2026-10-01T00:09:24.006+0000] {processor.py:743} INFO - Processing file /home/airflow/.local/lib/python3.7/site-packages/airflow/example_dags/example_complex.py for tasks to queue
[2026-10-01T00:09:24.008+0000] {logging_mixin.py:137} INFO - [2026-10-01T00:09:24.008+0000] {dagbag.py:538} INFO - Filling up the DagBag from /home/airflow/.local/lib/python3.7/site-packages/airflow/example_dags/example_complex.py
[2026-10-01T00:09:24.021+0000] {logging_mixin.py:137} INFO - [2026-10-01T00:09:24.021+0000] {taskmixin.py:205} WARNING - Dependency <Task(BashOperator): create_entry_group>, delete_entry_group already registered for DAG: example_complex
[2026-10-01T00:09:24.022+0000] {logging_mixin.py:137} INFO - [2026-10-01T00:09:24.021+0000] {taskmixin.py:205} WARNING - Dependency <Task(BashOperator): delete_entry_group>, create_entry_group already registered for DAG: example_complex
[2026-10-01T00:09:24.022+0000] {logging_mixin.py:137} INFO - [2026-10-01T00:09:24.022+0000] {taskmixin.py:205} WARNING - Dependency <Task(BashOperator): create_entry_gcs>, delete_entry already registered for DAG: example_complex
[2026-10-01T00:09:24.022+0000] {logging_mixin.py:137} INFO - [2026-10-01T00:09:24.022+0000] {taskmixin.py:205} WARNING - Dependency <Task(BashOperator): delete_entry>, create_entry_gcs already registered for DAG: example_complex
[2026-10-01T00:09:24.023+0000] {logging_mixin.py:137} INFO - [2026-10-01T00:09:24.023+0000] {taskmixin.py:205} WARNING - Dependency <Task(BashOperator): create_tag>, delete_tag already registered for DAG: example_complex
[2026-10-01T00:09:24.023+0000] {logging_mixin.py:137} INFO - [2026-10-01T00:09:24.023+0000] {taskmixin.py:205} WARNING - Dependency <Task(BashOperator): delete_tag>, create_tag already registered for DAG: example_complex
[2026-10-01T00:09:24.033+0000] {processor.py:753} INFO - DAG(s) dict_keys(['example_complex']) retrieved from /home/airflow/.local/lib/python3.7/site-packages/airflow/example_dags/example_complex.py
[2026-10-01T00:09:24.096+0000] {logging_mixin.py:137} INFO - [2026-10-01T00:09:24.096+0000] {dag.py:2676} INFO - Sync 1 DAGs
[2026-10-01T00:09:24.135+0000] {logging_mixin.py:137} INFO - [2026-10-01T00:09:24.135+0000] {dag.py:3427} INFO - Setting next_dagrun for example_complex to None, run_after=None
[2026-10-01T00:09:24.166+0000] {processor.py:175} INFO - Processing /home/airflow/.local/lib/python3.7/site-packages/airflow/example_dags/example_complex.py took 0.166 seconds
[2026-10-01T00:09:55.034+0000] {processor.py:153} INFO - Started process (PID=16538) to work on /home/airflow/.local/lib/python3.7/site-packages/airflow/example_dags/example_complex.py
[2026-10-01T00:09:55.035+0000] {processor.py:743} INFO - Processing file /home/airflow/.local/lib/python3.7/site-packages/airflow/example_dags/example_complex.py for tasks to queue
[2026-10-01T00:09:55.036+0000] {logging_mixin.py:137} INFO - [2026-10-01T00:09:55.036+0000] {dagbag.py:538} INFO - Filling up the DagBag from /home/airflow/.local/lib/python3.7/site-packages/airflow/example_dags/example_complex.py
[2026-10-01T00:09:55.050+0000] {logging_mixin.py:137} INFO - [2026-10-01T00:09:55.050+0000] {taskmixin.py:205} WARNING - Dependency <Task(BashOperator): create_entry_group>, delete_entry_group already registered for DAG: example_complex
[2026-10-01T00:09:55.050+0000] {logging_mixin.py:137} INFO - [2026-10-01T00:09:55.050+0000] {taskmixin.py:205} WARNING - Dependency <Task(BashOperator): delete_entry_group>, create_entry_group already registered for DAG: example_complex
[2026-10-01T00:09:55.050+0000] {logging_mixin.py:137} INFO - [2026-10-01T00:09:55.050+0000] {taskmixin.py:205} WARNING - Dependency <Task(BashOperator): create_entry_gcs>, delete_entry already registered for DAG: example_complex
[2026-10-01T00:09:55.051+0000] {logging_mixin.py:137} INFO - [2026-10-01T00:09:55.050+0000] {taskmixin.py:205} WARNING - Dependency <Task(BashOperator): delete_entry>, create_entry_gcs already registered for DAG: example_complex
[2026-10-01T00:09:55.051+0000] {logging_mixin.py:137} INFO - [2026-10-01T00:09:55.051+0000] {taskmixin.py:205} WARNING - Dependency <Task(BashOperator): create_tag>, delete_tag already registered for DAG: example_complex
[2026-10-01T00:09:55.051+0000] {logging_mixin.py:137} INFO - [2026-10-01T00:09:55.051+0000] {taskmixin.py:205} WARNING - Dependency <Task(BashOperator): delete_tag>, create_tag already registered for DAG: example_complex
[2026-10-01T00:09:55.062+0000] {processor.py:753} INFO - DAG(s) dict_keys(['example_complex']) retrieved from /home/airflow/.local/lib/python3.7/site-packages/airflow/example_dags/example_complex.py
[2026-10-01T00:09:55.116+0000] {logging_mixin.py:137} INFO - [2026-10-01T00:09:55.116+0000] {dag.py:2676} INFO - Sync 1 DAGs
[2026-10-01T00:09:55.149+0000] {logging_mixin.py:137} INFO - [2026-10-01T00:09:55.149+0000] {dag.py:3427} INFO - Setting next_dagrun for example_complex to None, run_after=None
[2026-10-01T00:09:55.174+0000] {processor.py:175} INFO - Processing /home/airflow/.local/lib/python3.7/site-packages/airflow/example_dags/example_complex.py took 0.145 seconds
[2026-10-01T00:10:25.359+0000] {processor.py:153} INFO - Started process (PID=16628) to work on /home/airflow/.local/lib/python3.7/site-packages/airflow/example_dags/example_complex.py
[2026-10-01T00:10:25.362+0000] {processor.py:743} INFO - Processing file /home/airflow/.local/lib/python3.7/site-packages/airflow/example_dags/example_complex.py for tasks to queue
[2026-10-01T00:10:25.362+0000] {logging_mixin.py:137} INFO - [2026-10-01T00:10:25.362+0000] {dagbag.py:538} INFO - Filling up the DagBag from /home/airflow/.local/lib/python3.7/site-packages/airflow/example_dags/example_complex.py
[2026-10-01T00:10:25.379+0000] {logging_mixin.py:137} INFO - [2026-10-01T00:10:25.378+0000] {taskmixin.py:205} WARNING - Dependency <Task(BashOperator): create_entry_group>, delete_entry_group already registered for DAG: example_complex
[2026-10-01T00:10:25.379+0000] {logging_mixin.py:137} INFO - [2026-10-01T00:10:25.379+0000] {taskmixin.py:205} WARNING - Dependency <Task(BashOperator): delete_entry_group>, create_entry_group already registered for DAG: example_complex
[2026-10-01T00:10:25.379+0000] {logging_mixin.py:137} INFO - [2026-10-01T00:10:25.379+0000] {taskmixin.py:205} WARNING - Dependency <Task(BashOperator): create_entry_gcs>, delete_entry already registered for DAG: example_complex
[2026-10-01T00:10:25.380+0000] {logging_mixin.py:137} INFO - [2026-10-01T00:10:25.380+0000] {taskmixin.py:205} WARNING - Dependency <Task(BashOperator): delete_entry>, create_entry_gcs already registered for DAG: example_complex
[2026-10-01T00:10:25.380+0000] {logging_mixin.py:137} INFO - [2026-10-01T00:10:25.380+0000] {taskmixin.py:205} WARNING - Dependency <Task(BashOperator): create_tag>, delete_tag already registered for DAG: example_complex
[2026-10-01T00:10:25.380+0000] {logging_mixin.py:137} INFO - [2026-10-01T00:10:25.380+0000] {taskmixin.py:205} WARNING - Dependency <Task(BashOperator): delete_tag>, create_tag already registered for DAG: example_complex
[2026-10-01T00:10:25.390+0000] {processor.py:753} INFO - DAG(s) dict_keys(['example_complex']) retrieved from /home/airflow/.local/lib/python3.7/site-packages/airflow/example_dags/example_complex.py
[2026-10-01T00:10:25.448+0000] {logging_mixin.py:137} INFO - [2026-10-01T00:10:25.448+0000] {dag.py:2676} INFO - Sync 1 DAGs
[2026-10-01T00:10:25.482+0000] {logging_mixin.py:137} INFO - [2026-10-01T00:10:25.482+0000] {dag.py:3427} INFO - Setting next_dagrun for example_complex to None, run_after=None
[2026-10-01T00:10:25.506+0000] {processor.py:175} INFO - Processing /home/airflow/.local/lib/python3.7/site-packages/airflow/example_dags/example_complex.py took 0.150 seconds
[2026-10-01T00:10:56.382+0000] {processor.py:153} INFO - Started process (PID=16707) to work on /home/airflow/.local/lib/python3.7/site-packages/airflow/example_dags/example_complex.py
[2026-10-01T00:10:56.383+0000] {processor.py:743} INFO - Processing file /home/airflow/.local/lib/python3.7/site-packages/airflow/example_dags/example_complex.py for tasks to queue
[2026-10-01T00:10:56.384+0000] {logging_mixin.py:137} INFO - [2026-10-01T00:10:56.384+0000] {dagbag.py:538} INFO - Filling up the DagBag from /home/airflow/.local/lib/python3.7/site-packages/airflow/example_dags/example_complex.py
[2026-10-01T00:10:56.399+0000] {logging_mixin.py:137} INFO - [2026-10-01T00:10:56.399+0000] {taskmixin.py:205} WARNING - Dependency <Task(BashOperator): create_entry_group>, delete_entry_group already registered for DAG: example_complex
[2026-10-01T00:10:56.399+0000] {logging_mixin.py:137} INFO - [2026-10-01T00:10:56.399+0000] {taskmixin.py:205} WARNING - Dependency <Task(BashOperator): delete_entry_group>, create_entry_group already registered for DAG: example_complex
[2026-10-01T00:10:56.399+0000] {logging_mixin.py:137} INFO - [2026-10-01T00:10:56.399+0000] {taskmixin.py:205} WARNING - Dependency <Task(BashOperator): create_entry_gcs>, delete_entry already registered for DAG: example_complex
[2026-10-01T00:10:56.400+0000] {logging_mixin.py:137} INFO - [2026-10-01T00:10:56.400+0000] {taskmixin.py:205} WARNING - Dependency <Task(BashOperator): delete_entry>, create_entry_gcs already registered for DAG: example_complex
[2026-10-01T00:10:56.400+0000] {logging_mixin.py:137} INFO - [2026-10-01T00:10:56.400+0000] {taskmixin.py:205} WARNING - Dependency <Task(BashOperator): create_tag>, delete_tag already registered for DAG: example_complex
[2026-10-01T00:10:56.400+0000] {logging_mixin.py:137} INFO - [2026-10-01T00:10:56.400+0000] {taskmixin.py:205} WARNING - Dependency <Task(BashOperator): delete_tag>, create_tag already registered for DAG: example_complex
[2026-10-01T00:10:56.411+0000] {processor.py:753} INFO - DAG(s) dict_keys(['example_complex']) retrieved from /home/airflow/.local/lib/python3.7/site-packages/airflow/example_dags/example_complex.py
[2026-10-01T00:10:56.470+0000] {logging_mixin.py:137} INFO - [2026-10-01T00:10:56.470+0000] {dag.py:2676} INFO - Sync 1 DAGs
[2026-10-01T00:10:56.501+0000] {logging_mixin.py:137} INFO - [2026-10-01T00:10:56.501+0000] {dag.py:3427} INFO - Setting next_dagrun for example_complex to None, run_after=None
[2026-10-01T00:10:56.521+0000] {processor.py:175} INFO - Processing /home/airflow/.local/lib/python3.7/site-packages/airflow/example_dags/example_complex.py took 0.143 seconds
[2026-10-01T00:11:26.866+0000] {processor.py:153} INFO - Started process (PID=16786) to work on /home/airflow/.local/lib/python3.7/site-packages/airflow/example_dags/example_complex.py
[2026-10-01T00:11:26.867+0000] {processor.py:743} INFO - Processing file /home/airflow/.local/lib/python3.7/site-packages/airflow/example_dags/example_complex.py for tasks to queue
[2026-10-01T00:11:26.868+0000] {logging_mixin.py:137} INFO - [2026-10-01T00:11:26.868+0000] {dagbag.py:538} INFO - Filling up the DagBag from /home/airflow/.local/lib/python3.7/site-packages/airflow/example_dags/example_complex.py
[2026-10-01T00:11:26.882+0000] {logging_mixin.py:137} INFO - [2026-10-01T00:11:26.882+0000] {taskmixin.py:205} WARNING - Dependency <Task(BashOperator): create_entry_group>, delete_entry_group already registered for DAG: example_complex
[2026-10-01T00:11:26.883+0000] {logging_mixin.py:137} INFO - [2026-10-01T00:11:26.883+0000] {taskmixin.py:205} WARNING - Dependency <Task(BashOperator): delete_entry_group>, create_entry_group already registered for DAG: example_complex
[2026-10-01T00:11:26.883+0000] {logging_mixin.py:137} INFO - [2026-10-01T00:11:26.883+0000] {taskmixin.py:205} WARNING - Dependency <Task(BashOperator): create_entry_gcs>, delete_entry already registered for DAG: example_complex
[2026-10-01T00:11:26.883+0000] {logging_mixin.py:137} INFO - [2026-10-01T00:11:26.883+0000] {taskmixin.py:205} WARNING - Dependency <Task(BashOperator): delete_entry>, create_entry_gcs already registered for DAG: example_complex
[2026-10-01T00:11:26.883+0000] {logging_mixin.py:137} INFO - [2026-10-01T00:11:26.883+0000] {taskmixin.py:205} WARNING - Dependency <Task(BashOperator): create_tag>, delete_tag already registered for DAG: example_complex
[2026-10-01T00:11:26.884+0000] {logging_mixin.py:137} INFO - [2026-10-01T00:11:26.884+0000] {taskmixin.py:205} WARNING - Dependency <Task(BashOperator): delete_tag>, create_tag already registered for DAG: example_complex
[2026-10-01T00:11:26.894+0000] {processor.py:753} INFO - DAG(s) dict_keys(['example_complex']) retrieved from /home/airflow/.local/lib/python3.7/site-packages/airflow/example_dags/example_complex.py
[2026-10-01T00:11:26.949+0000] {logging_mixin.py:137} INFO - [2026-10-01T00:11:26.949+0000] {dag.py:2676} INFO - Sync 1 DAGs
[2026-10-01T00:11:26.981+0000] {logging_mixin.py:137} INFO - [2026-10-01T00:11:26.980+0000] {dag.py:3427} INFO - Setting next_dagrun for example_complex to None, run_after=None
[2026-10-01T00:11:27.006+0000] {processor.py:175} INFO - Processing /home/airflow/.local/lib/python3.7/site-packages/airflow/example_dags/example_complex.py took 0.144 seconds
[2026-10-01T00:11:57.129+0000] {processor.py:153} INFO - Started process (PID=16872) to work on /home/airflow/.local/lib/python3.7/site-packages/airflow/example_dags/example_complex.py
[2026-10-01T00:11:57.130+0000] {processor.py:743} INFO - Processing file /home/airflow/.local/lib/python3.7/site-packages/airflow/example_dags/example_complex.py for tasks to queue
[2026-10-01T00:11:57.130+0000] {logging_mixin.py:137} INFO - [2026-10-01T00:11:57.130+0000] {dagbag.py:538} INFO - Filling up the DagBag from /home/airflow/.local/lib/python3.7/site-packages/airflow/example_dags/example_complex.py
[2026-10-01T00:11:57.145+0000] {logging_mixin.py:137} INFO - [2026-10-01T00:11:57.145+0000] {taskmixin.py:205} WARNING - Dependency <Task(BashOperator): create_entry_group>, delete_entry_group already registered for DAG: example_complex
[2026-10-01T00:11:57.145+0000] {logging_mixin.py:137} INFO - [2026-10-01T00:11:57.145+0000] {taskmixin.py:205} WARNING - Dependency <Task(BashOperator): delete_entry_group>, create_entry_group already registered for DAG: example_complex
[2026-10-01T00:11:57.145+0000] {logging_mixin.py:137} INFO - [2026-10-01T00:11:57.145+0000] {taskmixin.py:205} WARNING - Dependency <Task(BashOperator): create_entry_gcs>, delete_entry already registered for DAG: example_complex
[2026-10-01T00:11:57.145+0000] {logging_mixin.py:137} INFO - [2026-10-01T00:11:57.145+0000] {taskmixin.py:205} WARNING - Dependency <Task(BashOperator): delete_entry>, create_entry_gcs already registered for DAG: example_complex
[2026-10-01T00:11:57.146+0000] {logging_mixin.py:137} INFO - [2026-10-01T00:11:57.146+0000] {taskmixin.py:205} WARNING - Dependency <Task(BashOperator): create_tag>, delete_tag already registered for DAG: example_complex
[2026-10-01T00:11:57.146+0000] {logging_mixin.py:137} INFO - [2026-10-01T00:11:57.146+0000] {taskmixin.py:205} WARNING - Dependency <Task(BashOperator): delete_tag>, create_tag already registered for DAG: example_complex
[2026-10-01T00:11:57.156+0000] {processor.py:753} INFO - DAG(s) dict_keys(['example_complex']) retrieved from /home/airflow/.local/lib/python3.7/site-packages/airflow/example_dags/example_complex.py
[2026-10-01T00:11:57.237+0000] {logging_mixin.py:137} INFO - [2026-10-01T00:11:57.237+0000] {dag.py:2676} INFO - Sync 1 DAGs
[2026-10-01T00:11:57.291+0000] {logging_mixin.py:137} INFO - [2026-10-01T00:11:57.290+0000] {dag.py:3427} INFO - Setting next_dagrun for example_complex to None, run_after=None
[2026-10-01T00:11:57.319+0000] {processor.py:175} INFO - Processing /home/airflow/.local/lib/python3.7/site-packages/airflow/example_dags/example_complex.py took 0.195 seconds
