[2026-10-01T00:00:17.138+0000] {processor.py:153} INFO - Started process (PID=14968) to work on /home/airflow/.local/lib/python3.7/site-packages/airflow/example_dags/example_local_kubernetes_executor.py
[2026-10-01T00:00:17.139+0000] {processor.py:743} INFO - Processing file /home/airflow/.local/lib/python3.7/site-packages/airflow/example_dags/example_local_kubernetes_executor.py for tasks to queue
[2026-10-01T00:00:17.140+0000] {logging_mixin.py:137} INFO - [2026-10-01T00:00:17.139+0000] {dagbag.py:538} INFO - Filling up the DagBag from /home/airflow/.local/lib/python3.7/site-packages/airflow/example_dags/example_local_kubernetes_executor.py
[2026-10-01T00:00:17.162+0000] {processor.py:753} INFO - DAG(s) dict_keys(['example_local_kubernetes_executor']) retrieved from /home/airflow/.local/lib/python3.7/site-packages/airflow/example_dags/example_local_kubernetes_executor.py
[2026-10-01T00:00:17.202+0000] {logging_mixin.py:137} INFO - [2026-10-01T00:00:17.201+0000] {dag.py:2676} INFO - Sync 1 DAGs
[2026-10-01T00:00:17.226+0000] {logging_mixin.py:137} INFO - [2026-10-01T00:00:17.226+0000] {dag.py:3427} INFO - Setting next_dagrun for example_local_kubernetes_executor to None, run_after=None
[2026-10-01T00:00:17.242+0000] {processor.py:175} INFO - Processing /home/airflow/.local/lib/python3.7/site-packages/airflow/example_dags/example_local_kubernetes_executor.py took 0.107 seconds
[2026-10-01T00:00:48.146+0000] {processor.py:153} INFO - Started process (PID=15047) to work on /home/airflow/.local/lib/python3.7/site-packages/airflow/example_dags/example_local_kubernetes_executor.py
[2026-10-01T00:00:48.147+0000] {processor.py:743} INFO - Processing file /home/airflow/.local/lib/python3.7/site-packages/airflow/example_dags/example_local_kubernetes_executor.py for tasks to queue
[2026-10-01T00:00:48.147+0000] {logging_mixin.py:137} INFO - [2026-10-01T00:00:48.147+0000] {dagbag.py:538} INFO - Filling up the DagBag from /home/airflow/.local/lib/python3.7/site-packages/airflow/example_dags/example_local_kubernetes_executor.py
[2026-10-01T00:00:48.178+0000] {processor.py:753} INFO - DAG(s) dict_keys(['example_local_kubernetes_executor']) retrieved from /home/airflow/.local/lib/python3.7/site-packages/airflow/example_dags/example_local_kubernetes_executor.py
[2026-10-01T00:00:48.227+0000] {logging_mixin.py:137} INFO - [2026-10-01T00:00:48.227+0000] {dag.py:2676} INFO - Sync 1 DAGs
[2026-10-01T00:00:48.265+0000] {logging_mixin.py:137} INFO - [2026-10-01T00:00:48.264+0000] {dag.py:3427} INFO - Setting next_dagrun for example_local_kubernetes_executor to None, run_after=None
[2026-10-01T00:00:48.293+0000] {processor.py:175} INFO - Processing /home/airflow/.local/lib/python3.7/site-packages/airflow/example_dags/example_local_kubernetes_executor.py took 0.152 seconds
[2026-10-01T00:01:18.977+0000] {processor.py:153} INFO - Started process (PID=15126) to work on /home/airflow/.local/lib/python3.7/site-packages/airflow/example_dags/example_local_kubernetes_executor.py
[2026-10-01T00:01:18.979+0000] {processor.py:743} INFO - Processing file /home/airflow/.local/lib/python3.7/site-packages/airflow/example_dags/example_local_kubernetes_executor.py for tasks to queue
[2026-10-01T00:01:18.980+0000] {logging_mixin.py:137} INFO - [2026-10-01T00:01:18.980+0000] {dagbag.py:538} INFO - Filling up the DagBag from /home/airflow/.local/lib/python3.7/site-packages/airflow/example_dags/example_local_kubernetes_executor.py
[2026-10-01T00:01:19.012+0000] {processor.py:753} INFO - DAG(s) dict_keys(['example_local_kubernetes_executor']) retrieved from /home/airflow/.local/lib/python3.7/site-packages/airflow/example_dags/example_local_kubernetes_executor.py
[2026-10-01T00:01:19.063+0000] {logging_mixin.py:137} INFO - [2026-10-01T00:01:19.063+0000] {dag.py:2676} INFO - Sync 1 DAGs
[2026-10-01T00:01:19.099+0000] {logging_mixin.py:137} INFO - [2026-10-01T00:01:19.099+0000] {dag.py:3427} INFO - Setting next_dagrun for example_local_kubernetes_executor to None, run_after=None
[2026-10-01T00:01:19.125+0000] {processor.py:175} INFO - Processing /home/airflow/.local/lib/python3.7/site-packages/airflow/example_dags/example_local_kubernetes_executor.py took 0.153 seconds
[2026-10-01T00:01:49.884+0000] {processor.py:153} INFO - Started process (PID=15225) to work on /home/airflow/.local/lib/python3.7/site-packages/airflow/example_dags/example_local_kubernetes_executor.py
[2026-10-01T00:01:49.887+0000] {processor.py:743} INFO - Processing file /home/airflow/.local/lib/python3.7/site-packages/airflow/example_dags/example_local_kubernetes_executor.py for tasks to queue
[2026-10-01T00:01:49.891+0000] {logging_mixin.py:137} INFO - [2026-10-01T00:01:49.891+0000] {dagbag.py:538} INFO - Filling up the DagBag from /home/airflow/.local/lib/python3.7/site-packages/airflow/example_dags/example_local_kubernetes_executor.py
[2026-10-01T00:01:49.943+0000] {processor.py:753} INFO - DAG(s) dict_keys(['example_local_kubernetes_executor']) retrieved from /home/airflow/.local/lib/python3.7/site-packages/airflow/example_dags/example_local_kubernetes_executor.py
[2026-10-01T00:01:50.000+0000] {logging_mixin.py:137} INFO - [2026-10-01T00:01:50.000+0000] {dag.py:2676} INFO - Sync 1 DAGs
[2026-10-01T00:01:50.036+0000] {logging_mixin.py:137} INFO - [2026-10-01T00:01:50.036+0000] {dag.py:3427} INFO - Setting next_dagrun for example_local_kubernetes_executor to None, run_after=None
[2026-10-01T00:01:50.059+0000] {processor.py:175} INFO - Processing /home/airflow/.local/lib/python3.7/site-packages/airflow/example_dags/example_local_kubernetes_executor.py took 0.187 seconds
[2026-10-01T00:02:20.716+0000] {processor.py:153} INFO - Started process (PID=15304) to work on /home/airflow/.local/lib/python3.7/site-packages/airflow/example_dags/example_local_kubernetes_executor.py
[2026-10-01T00:02:20.717+0000] {processor.py:743} INFO - Processing file /home/airflow/.local/lib/python3.7/site-packages/airflow/example_dags/example_local_kubernetes_executor.py for tasks to queue
[2026-10-01T00:02:20.718+0000] {logging_mixin.py:137} INFO - [2026-10-01T00:02:20.718+0000] {dagbag.py:538} INFO - Filling up the DagBag from /home/airflow/.local/lib/python3.7/site-packages/airflow/example_dags/example_local_kubernetes_executor.py
[2026-10-01T00:02:20.758+0000] {processor.py:753} INFO - DAG(s) dict_keys(['example_local_kubernetes_executor']) retrieved from /home/airflow/.local/lib/python3.7/site-packages/airflow/example_dags/example_local_kubernetes_executor.py
[2026-10-01T00:02:20.820+0000] {logging_mixin.py:137} INFO - [2026-10-01T00:02:20.820+0000] {dag.py:2676} INFO - Sync 1 DAGs
[2026-10-01T00:02:20.855+0000] {logging_mixin.py:137} INFO - [2026-10-01T00:02:20.854+0000] {dag.py:3427} INFO - Setting next_dagrun for example_local_kubernetes_executor to None, run_after=None
[2026-10-01T00:02:20.876+0000] {processor.py:175} INFO - Processing /home/airflow/.local/lib/python3.7/site-packages/airflow/example_dags/example_local_kubernetes_executor.py took 0.166 seconds
[2026-10-01T00:02:51.045+0000] {processor.py:153} INFO - Started process (PID=15383) to work on /home/airflow/.local/lib/python3.7/site-packages/airflow/example_dags/example_local_kubernetes_executor.py
[2026-10-01T00:02:51.046+0000] {processor.py:743} INFO - Processing file /home/airflow/.local/lib/python3.7/site-packages/airflow/example_dags/example_local_kubernetes_executor.py for tasks to queue
[2026-10-01T00:02:51.046+0000] {logging_mixin.py:137} INFO - [2026-10-01T00:02:51.046+0000] {dagbag.py:538} INFO - Filling up the DagBag from /home/airflow/.local/lib/python3.7/site-packages/airflow/example_dags/example_local_kubernetes_executor.py
[2026-10-01T00:02:51.072+0000] {processor.py:753} INFO - DAG(s) dict_keys(['example_local_kubernetes_executor']) retrieved from /home/airflow/.local/lib/python3.7/site-packages/airflow/example_dags/example_local_kubernetes_executor.py
[2026-10-01T00:02:51.114+0000] {logging_mixin.py:137} INFO - [2026-10-01T00:02:51.114+0000] {dag.py:2676} INFO - Sync 1 DAGs
[2026-10-01T00:02:51.140+0000] {logging_mixin.py:137} INFO - [2026-10-01T00:02:51.140+0000] {dag.py:3427} INFO - Setting next_dagrun for example_local_kubernetes_executor to None, run_after=None
[2026-10-01T00:02:51.161+0000] {processor.py:175} INFO - Processing /home/airflow/.local/lib/python3.7/site-packages/airflow/example_dags/example_local_kubernetes_executor.py took 0.120 seconds
[2026-10-01T00:03:21.304+0000] {processor.py:153} INFO - Started process (PID=15462) to work on /home/airflow/.local/lib/python3.7/site-packages/airflow/example_dags/example_local_kubernetes_executor.py
[2026-10-01T00:03:21.305+0000] {processor.py:743} INFO - Processing file /home/airflow/.local/lib/python3.7/site-packages/airflow/example_dags/example_local_kubernetes_executor.py for tasks to queue
[2026-10-01T00:03:21.306+0000] {logging_mixin.py:137} INFO - [2026-10-01T00:03:21.305+0000] {dagbag.py:538} INFO - Filling up the DagBag from /home/airflow/.local/lib/python3.7/site-packages/airflow/example_dags/example_local_kubernetes_executor.py
[2026-10-01T00:03:21.335+0000] {processor.py:753} INFO - DAG(s) dict_keys(['example_local_kubernetes_executor']) retrieved from /home/airflow/.local/lib/python3.7/site-packages/airflow/example_dags/example_local_kubernetes_executor.py
[2026-10-01T00:03:21.393+0000] {logging_mixin.py:137} INFO - [2026-10-01T00:03:21.392+0000] {dag.py:2676} INFO - Sync 1 DAGs
[2026-10-01T00:03:21.426+0000] {logging_mixin.py:137} INFO - [2026-10-01T00:03:21.425+0000] {dag.py:3427} INFO - Setting next_dagrun for example_local_kubernetes_executor to None, run_after=None
[2026-10-01T00:03:21.444+0000] {processor.py:175} INFO - Processing /home/airflow/.local/lib/python3.7/site-packages/airflow/example_dags/example_local_kubernetes_executor.py took 0.145 seconds
[2026-10-01T00:03:51.713+0000] {processor.py:153} INFO - Started process (PID=15550) to work on /home/airflow/.local/lib/python3.7/site-packages/airflow/example_dags/example_local_kubernetes_executor.py
[2026-10-01T00:03:51.714+0000] {processor.py:743} INFO - Processing file /home/airflow/.local/lib/python3.7/site-packages/airflow/example_dags/example_local_kubernetes_executor.py for tasks to queue
[2026-10-01T00:03:51.715+0000] {logging_mixin.py:137} INFO - [2026-10-01T00:03:51.715+0000] {dagbag.py:538} INFO - Filling up the DagBag from /home/airflow/.local/lib/python3.7/site-packages/airflow/example_dags/example_local_kubernetes_executor.py
[2026-10-01T00:03:51.746+0000] {processor.py:753} INFO - DAG(s) dict_keys(['example_local_kubernetes_executor']) retrieved from /home/airflow/.local/lib/python3.7/site-packages/airflow/example_dags/example_local_kubernetes_executor.py
[2026-10-01T00:03:51.797+0000] {logging_mixin.py:137} INFO - [2026-10-01T00:03:51.797+0000] {dag.py:2676} INFO - Sync 1 DAGs
[2026-10-01T00:03:51.827+0000] {logging_mixin.py:137} INFO - [2026-10-01T00:03:51.827+0000] {dag.py:3427} INFO - Setting next_dagrun for example_local_kubernetes_executor to None, run_after=None
[2026-10-01T00:03:51.851+0000] {processor.py:175} INFO - Processing /home/airflow/.local/lib/python3.7/site-packages/airflow/example_dags/example_local_kubernetes_executor.py took 0.142 seconds
[2026-10-01T00:04:21.929+0000] {processor.py:153} INFO - Started process (PID=15640) to work on /home/airflow/.local/lib/python3.7/site-packages/airflow/example_dags/example_local_kubernetes_executor.py
[2026-10-01T00:04:21.931+0000] {processor.py:743} INFO - Processing file /home/airflow/.local/lib/python3.7/site-packages/airflow/example_dags/example_local_kubernetes_executor.py for tasks to queue
[2026-10-01T00:04:21.932+0000] {logging_mixin.py:137} INFO - [2026-10-01T00:04:21.932+0000] {dagbag.py:538} INFO - Filling up the DagBag from /home/airflow/.local/lib/python3.7/site-packages/airflow/example_dags/example_local_kubernetes_executor.py
[2026-10-01T00:04:21.961+0000] {processor.py:753} INFO - DAG(s) dict_keys(['example_local_kubernetes_executor']) retrieved from /home/airflow/.local/lib/python3.7/site-packages/airflow/example_dags/example_local_kubernetes_executor.py
[2026-10-01T00:04:22.027+0000] {logging_mixin.py:137} INFO - [2026-10-01T00:04:22.027+0000] {dag.py:2676} INFO - Sync 1 DAGs
[2026-10-01T00:04:22.074+0000] {logging_mixin.py:137} INFO - [2026-10-01T00:04:22.074+0000] {dag.py:3427} INFO - Setting next_dagrun for example_local_kubernetes_executor to None, run_after=None
[2026-10-01T00:04:22.100+0000] {processor.py:175} INFO - Processing /home/airflow/.local/lib/python3.7/site-packages/airflow/example_dags/example_local_kubernetes_executor.py took 0.175 seconds
[2026-10-01T00:04:53.006+0000] {processor.py:153} INFO - Started process (PID=15719) to work on /home/airflow/.local/lib/python3.7/site-packages/airflow/example_dags/example_local_kubernetes_executor.py
[2026-10-01T00:04:53.007+0000] {processor.py:743} INFO - Processing file /home/airflow/.local/lib/python3.7/site-packages/airflow/example_dags/example_local_kubernetes_executor.py for tasks to queue
[2026-10-01T00:04:53.008+0000] {logging_mixin.py:137} INFO - [2026-10-01T00:04:53.007+0000] {dagbag.py:538} INFO - Filling up the DagBag from /home/airflow/.local/lib/python3.7/site-packages/airflow/example_dags/example_local_kubernetes_executor.py
[2026-10-01T00:04:53.037+0000] {processor.py:753} INFO - DAG(s) dict_keys(['example_local_kubernetes_executor']) retrieved from /home/airflow/.local/lib/python3.7/site-packages/airflow/example_dags/example_local_kubernetes_executor.py
[2026-10-01T00:04:53.089+0000] {logging_mixin.py:137} INFO - [2026-10-01T00:04:53.088+0000] {dag.py:2676} INFO - Sync 1 DAGs
[2026-10-01T00:04:53.120+0000] {logging_mixin.py:137} INFO - [2026-10-01T00:04:53.120+0000] {dag.py:3427} INFO - Setting next_dagrun for example_local_kubernetes_executor to None, run_after=None
[2026-10-01T00:04:53.142+0000] {processor.py:175} INFO - Processing /home/airflow/.local/lib/python3.7/site-packages/airflow/example_dags/example_local_kubernetes_executor.py took 0.141 seconds
[2026-10-01T00:05:24.048+0000] {processor.py:153} INFO - Started process (PID=15798) to work on /home/airflow/.local/lib/python3.7/site-packages/airflow/example_dags/example_local_kubernetes_executor.py
[2026-10-01T00:05:24.050+0000] {processor.py:743} INFO - Processing file /home/airflow/.local/lib/python3.7/site-packages/airflow/example_dags/example_local_kubernetes_executor.py for tasks to queue
[2026-10-01T00:05:24.051+0000] {logging_mixin.py:137} INFO - [2026-10-01T00:05:24.051+0000] {dagbag.py:538} INFO - Filling up the DagBag from /home/airflow/.local/lib/python3.7/site-packages/airflow/example_dags/example_local_kubernetes_executor.py
[2026-10-01T00:05:24.098+0000] {processor.py:753} INFO - DAG(s) dict_keys(['example_local_kubernetes_executor']) retrieved from /home/airflow/.local/lib/python3.7/site-packages/airflow/example_dags/example_local_kubernetes_executor.py
[2026-10-01T00:05:24.171+0000] {logging_mixin.py:137} INFO - [2026-10-01T00:05:24.170+0000] {dag.py:2676} INFO - Sync 1 DAGs
[2026-10-01T00:05:24.221+0000] {logging_mixin.py:137} INFO - [2026-10-01T00:05:24.220+0000] {dag.py:3427} INFO - Setting next_dagrun for example_local_kubernetes_executor to None, run_after=None
[2026-10-01T00:05:24.252+0000] {processor.py:175} INFO - Processing /home/airflow/.local/lib/python3.7/site-packages/airflow/example_dags/example_local_kubernetes_executor.py took 0.210 seconds
[2026-10-01T00:05:54.608+0000] {processor.py:153} INFO - Started process (PID=15897) to work on /home/airflow/.local/lib/python3.7/site-packages/airflow/example_dags/example_local_kubernetes_executor.py
[2026-10-01T00:05:54.608+0000] {processor.py:743} INFO - Processing file /home/airflow/.local/lib/python3.7/site-packages/airflow/example_dags/example_local_kubernetes_executor.py for tasks to queue
[2026-10-01T00:05:54.609+0000] {logging_mixin.py:137} INFO - [2026-10-01T00:05:54.609+0000] {dagbag.py:538} INFO - Filling up the DagBag from /home/airflow/.local/lib/python3.7/site-packages/airflow/example_dags/example_local_kubernetes_executor.py
[2026-10-01T00:05:54.642+0000] {processor.py:753} INFO - DAG(s) dict_keys(['example_local_kubernetes_executor']) retrieved from /home/airflow/.local/lib/python3.7/site-packages/airflow/example_dags/example_local_kubernetes_executor.py
[2026-10-01T00:05:54.699+0000] {logging_mixin.py:137} INFO - [2026-10-01T00:05:54.698+0000] {dag.py:2676} INFO - Sync 1 DAGs
[2026-10-01T00:05:54.735+0000] {logging_mixin.py:137} INFO - [2026-10-01T00:05:54.735+0000] {dag.py:3427} INFO - Setting next_dagrun for example_local_kubernetes_executor to None, run_after=None
[2026-10-01T00:05:54.759+0000] {processor.py:175} INFO - Processing /home/airflow/.local/lib/python3.7/site-packages/airflow/example_dags/example_local_kubernetes_executor.py took 0.156 seconds
[2026-10-01T00:06:25.603+0000] {processor.py:153} INFO - Started process (PID=15976) to work on /home/airflow/.local/lib/python3.7/site-packages/airflow/example_dags/example_local_kubernetes_executor.py
[2026-10-01T00:06:25.605+0000] {processor.py:743} INFO - Processing file /home/airflow/.local/lib/python3.7/site-packages/airflow/example_dags/example_local_kubernetes_executor.py for tasks to queue
[2026-10-01T00:06:25.605+0000] {logging_mixin.py:137} INFO - [2026-10-01T00:06:25.605+0000] {dagbag.py:538} INFO - Filling up the DagBag from /home/airflow/.local/lib/python3.7/site-packages/airflow/example_dags/example_local_kubernetes_executor.py
[2026-10-01T00:06:25.643+0000] {processor.py:753} INFO - DAG(s) dict_keys(['example_local_kubernetes_executor']) retrieved from /home/airflow/.local/lib/python3.7/site-packages/airflow/example_dags/example_local_kubernetes_executor.py
[2026-10-01T00:06:25.707+0000] {logging_mixin.py:137} INFO - [2026-10-01T00:06:25.707+0000] {dag.py:2676} INFO - Sync 1 DAGs
[2026-10-01T00:06:25.735+0000] {logging_mixin.py:137} INFO - [2026-10-01T00:06:25.735+0000] {dag.py:3427} INFO - Setting next_dagrun for example_local_kubernetes_executor to None, run_after=None
[2026-10-01T00:06:25.755+0000] {processor.py:175} INFO - Processing /home/airflow/.local/lib/python3.7/site-packages/airflow/example_dags/example_local_kubernetes_executor.py took 0.155 seconds
[2026-10-01T00:06:56.081+0000] {processor.py:153} INFO - Started process (PID=16055) to work on /home/airflow/.local/lib/python3.7/site-packages/airflow/example_dags/example_local_kubernetes_executor.py
[2026-10-01T00:06:56.082+0000] {processor.py:743} INFO - Processing file /home/airflow/.local/lib/python3.7/site-packages/airflow/example_dags/example_local_kubernetes_executor.py for tasks to queue
[2026-10-01T00:06:56.083+0000] {logging_mixin.py:137} INFO - [2026-10-01T00:06:56.083+0000] {dagbag.py:538} INFO - Filling up the DagBag from /home/airflow/.local/lib/python3.7/site-packages/airflow/example_dags/example_local_kubernetes_executor.py
[2026-10-01T00:06:56.126+0000] {processor.py:753} INFO - DAG(s) dict_keys(['example_local_kubernetes_executor']) retrieved from /home/airflow/.local/lib/python3.7/site-packages/airflow/example_dags/example_local_kubernetes_executor.py
[2026-10-01T00:06:56.191+0000] {logging_mixin.py:137} INFO - [2026-10-01T00:06:56.190+0000] {dag.py:2676} INFO - Sync 1 DAGs
[2026-10-01T00:06:56.232+0000] {logging_mixin.py:137} INFO - [2026-10-01T00:06:56.231+0000] {dag.py:3427} INFO - Setting next_dagrun for example_local_kubernetes_executor to None, run_after=None
[2026-10-01T00:06:56.269+0000] {processor.py:175} INFO - Processing /home/airflow/.local/lib/python3.7/site-packages/airflow/example_dags/example_local_kubernetes_executor.py took 0.191 seconds
[2026-10-01T00:07:26.398+0000] {processor.py:153} INFO - Started process (PID=16143) to work on /home/airflow/.local/lib/python3.7/site-packages/airflow/example_dags/example_local_kubernetes_executor.py
[2026-10-01T00:07:26.399+0000] {processor.py:743} INFO - Processing file /home/airflow/.local/lib/python3.7/site-packages/airflow/example_dags/example_local_kubernetes_executor.py for tasks to queue
[2026-10-01T00:07:26.399+0000] {logging_mixin.py:137} INFO - [2026-10-01T00:07:26.399+0000] {dagbag.py:538} INFO - Filling up the DagBag from /home/airflow/.local/lib/python3.7/site-packages/airflow/example_dags/example_local_kubernetes_executor.py
[2026-10-01T00:07:26.436+0000] {processor.py:753} INFO - DAG(s) dict_keys(['example_local_kubernetes_executor']) retrieved from /home/airflow/.local/lib/python3.7/site-packages/airflow/example_dags/example_local_kubernetes_executor.py
[2026-10-01T00:07:26.495+0000] {logging_mixin.py:137} INFO - [2026-10-01T00:07:26.494+0000] {dag.py:2676} INFO - Sync 1 DAGs
[2026-10-01T00:07:26.525+0000] {logging_mixin.py:137} INFO - [2026-10-01T00:07:26.525+0000] {dag.py:3427} INFO - Setting next_dagrun for example_local_kubernetes_executor to None, run_after=None
[2026-10-01T00:07:26.544+0000] {processor.py:175} INFO - Processing /home/airflow/.local/lib/python3.7/site-packages/airflow/example_dags/example_local_kubernetes_executor.py took 0.150 seconds
[2026-10-01T00:07:56.853+0000] {processor.py:153} INFO - Started process (PID=16233) to work on /home/airflow/.local/lib/python3.7/site-packages/airflow/example_dags/example_local_kubernetes_executor.py
[2026-10-01T00:07:56.854+0000] {processor.py:743} INFO - Processing file /home/airflow/.local/lib/python3.7/site-packages/airflow/example_dags/example_local_kubernetes_executor.py for tasks to queue
[2026-10-01T00:07:56.855+0000] {logging_mixin.py:137} INFO - [2026-10-01T00:07:56.855+0000] {dagbag.py:538} INFO - Filling up the DagBag from /home/airflow/.local/lib/python3.7/site-packages/airflow/example_dags/example_local_kubernetes_executor.py
[2026-10-01T00:07:56.888+0000] {processor.py:753} INFO - DAG(s) dict_keys(['example_local_kubernetes_executor']) retrieved from /home/airflow/.local/lib/python3.7/site-packages/airflow/example_dags/example_local_kubernetes_executor.py
[2026-10-01T00:07:56.948+0000] {logging_mixin.py:137} INFO - [2026-10-01T00:07:56.948+0000] {dag.py:2676} INFO - Sync 1 DAGs
[2026-10-01T00:07:56.984+0000] {logging_mixin.py:137} INFO - [2026-10-01T00:07:56.984+0000] {dag.py:3427} INFO - Setting next_dagrun for example_local_kubernetes_executor to None, run_after=None
[2026-10-01T00:07:57.006+0000] {processor.py:175} INFO - Processing /home/airflow/.local/lib/python3.7/site-packages/airflow/example_dags/example_local_kubernetes_executor.py took 0.157 seconds
[2026-10-01T00:08:27.386+0000] {processor.py:153} INFO - Started process (PID=16312) to work on /home/airflow/.local/lib/python3.7/site-packages/airflow/example_dags/example_local_kubernetes_executor.py
[2026-10-01T00:08:27.387+0000] {processor.py:743} INFO - Processing file /home/airflow/.local/lib/python3.7/site-packages/airflow/example_dags/example_local_kubernetes_executor.py for tasks to queue
[2026-10-01T00:08:27.388+0000] {logging_mixin.py:137} INFO - [2026-10-01T00:08:27.388+0000] {dagbag.py:538} INFO - Filling up the DagBag from /home/airflow/.local/lib/python3.7/site-packages/airflow/example_dags/example_local_kubernetes_executor.py
[2026-10-01T00:08:27.420+0000] {processor.py:753} INFO - DAG(s) dict_keys(['example_local_kubernetes_executor']) retrieved from /home/airflow/.local/lib/python3.7/site-packages/airflow/example_dags/example_local_kubernetes_executor.py
[2026-10-01T00:08:27.473+0000] {logging_mixin.py:137} INFO - [2026-10-01T00:08:27.472+0000] {dag.py:2676} INFO - Sync 1 DAGs
[2026-10-01T00:08:27.503+0000] {logging_mixin.py:137} INFO - [2026-10-01T00:08:27.503+0000] {dag.py:3427} INFO - Setting next_dagrun for example_local_kubernetes_executor to None, run_after=None
[2026-10-01T00:08:27.523+0000] {processor.py:175} INFO - Processing /home/airflow/.local/lib/python3.7/site-packages/airflow/example_dags/example_local_kubernetes_executor.py took 0.143 seconds
[2026-10-01T00:08:57.682+0000] {processor.py:153} INFO - Started process (PID=16391) to work on /home/airflow/.local/lib/python3.7/site-packages/airflow/example_dags/example_local_kubernetes_executor.py
[2026-10-01T00:08:57.684+0000] {processor.py:743} INFO - Processing file /home/airflow/.local/lib/python3.7/site-packages/airflow/example_dags/example_local_kubernetes_executor.py for tasks to queue
[2026-10-01T00:08:57.685+0000] {logging_mixin.py:137} INFO - [2026-10-01T00:08:57.685+0000] {dagbag.py:538} INFO - Filling up the DagBag from /home/airflow/.local/lib/python3.7/site-packages/airflow/example_dags/example_local_kubernetes_executor.py
[2026-10-01T00:08:57.733+0000] {processor.py:753} INFO - DAG(s) dict_keys(['example_local_kubernetes_executor']) retrieved from /home/airflow/.local/lib/python3.7/site-packages/airflow/example_dags/example_local_kubernetes_executor.py
[2026-10-01T00:08:57.811+0000] {logging_mixin.py:137} INFO - [2026-10-01T00:08:57.811+0000] {dag.py:2676} INFO - Sync 1 DAGs
[2026-10-01T00:08:57.859+0000] {logging_mixin.py:137} INFO - [2026-10-01T00:08:57.859+0000] {dag.py:3427} INFO - Setting next_dagrun for example_local_kubernetes_executor to None, run_after=None
[2026-10-01T00:08:57.895+0000] {processor.py:175} INFO - Processing /home/airflow/.local/lib/python3.7/site-packages/airflow/example_dags/example_local_kubernetes_executor.py took 0.219 seconds
[2026-10-01T00:09:28.030+0000] {processor.py:153} INFO - Started process (PID=16479) to work on /home/airflow/.local/lib/python3.7/site-packages/airflow/example_dags/example_local_kubernetes_executor.py
[2026-10-01T00:09:28.031+0000] {processor.py:743} INFO - Processing file /home/airflow/.local/lib/python3.7/site-packages/airflow/example_dags/example_local_kubernetes_executor.py for tasks to queue
[2026-10-01T00:09:28.032+0000] {logging_mixin.py:137} INFO - [2026-10-01T00:09:28.032+0000] {dagbag.py:538} INFO - Filling up the DagBag from /home/airflow/.local/lib/python3.7/site-packages/airflow/example_dags/example_local_kubernetes_executor.py
[2026-10-01T00:09:28.062+0000] {processor.py:753} INFO - DAG(s) dict_keys(['example_local_kubernetes_executor']) retrieved from /home/airflow/.local/lib/python3.7/site-packages/airflow/example_dags/example_local_kubernetes_executor.py
[2026-10-01T00:09:28.112+0000] {logging_mixin.py:137} INFO - [2026-10-01T00:09:28.112+0000] {dag.py:2676} INFO - Sync 1 DAGs
[2026-10-01T00:09:28.145+0000] {logging_mixin.py:137} INFO - [2026-10-01T00:09:28.145+0000] {dag.py:3427} INFO - Setting next_dagrun for example_local_kubernetes_executor to None, run_after=None
[2026-10-01T00:09:28.166+0000] {processor.py:175} INFO - Processing /home/airflow/.local/lib/python3.7/site-packages/airflow/example_dags/example_local_kubernetes_executor.py took 0.140 seconds
[2026-10-01T00:09:58.362+0000] {processor.py:153} INFO - Started process (PID=16569) to work on /home/airflow/.local/lib/python3.7/site-packages/airflow/example_dags/example_local_kubernetes_executor.py
[2026-10-01T00:09:58.363+0000] {processor.py:743} INFO - Processing file /home/airflow/.local/lib/python3.7/site-packages/airflow/example_dags/example_local_kubernetes_executor.py for tasks to queue
[2026-10-01T00:09:58.364+0000] {logging_mixin.py:137} INFO - [2026-10-01T00:09:58.364+0000] {dagbag.py:538} INFO - Filling up the DagBag from /home/airflow/.local/lib/python3.7/site-packages/airflow/example_dags/example_local_kubernetes_executor.py
[2026-10-01T00:09:58.396+0000] {processor.py:753} INFO - DAG(s) dict_keys(['example_local_kubernetes_executor']) retrieved from /home/airflow/.local/lib/python3.7/site-packages/airflow/example_dags/example_local_kubernetes_executor.py
[2026-10-01T00:09:58.451+0000] {logging_mixin.py:137} INFO - [2026-10-01T00:09:58.450+0000] {dag.py:2676} INFO - Sync 1 DAGs
[2026-10-01T00:09:58.485+0000] {logging_mixin.py:137} INFO - [2026-10-01T00:09:58.485+0000] {dag.py:3427} INFO - Setting next_dagrun for example_local_kubernetes_executor to None, run_after=None
[2026-10-01T00:09:58.510+0000] {processor.py:175} INFO - Processing /home/airflow/.local/lib/python3.7/site-packages/airflow/example_dags/example_local_kubernetes_executor.py took 0.152 seconds
[2026-10-01T00:10:28.681+0000] {processor.py:153} INFO - Started process (PID=16648) to work on /home/airflow/.local/lib/python3.7/site-packages/airflow/example_dags/example_local_kubernetes_executor.py
[2026-10-01T00:10:28.682+0000] {processor.py:743} INFO - Processing file /home/airflow/.local/lib/python3.7/site-packages/airflow/example_dags/example_local_kubernetes_executor.py for tasks to queue
[2026-10-01T00:10:28.683+0000] {logging_mixin.py:137} INFO - [2026-10-01T00:10:28.683+0000] {dagbag.py:538} INFO - Filling up the DagBag from /home/airflow/.local/lib/python3.7/site-packages/airflow/example_dags/example_local_kubernetes_executor.py
[2026-10-01T00:10:28.713+0000] {processor.py:753} INFO - DAG(s) dict_keys(['example_local_kubernetes_executor']) retrieved from /home/airflow/.local/lib/python3.7/site-packages/airflow/example_dags/example_local_kubernetes_executor.py
[2026-10-01T00:10:28.762+0000] {logging_mixin.py:137} INFO - [2026-10-01T00:10:28.762+0000] {dag.py:2676} INFO - Sync 1 DAGs
[2026-10-01T00:10:28.792+0000] {logging_mixin.py:137} INFO - [2026-10-01T00:10:28.792+0000] {dag.py:3427} INFO - Setting next_dagrun for example_local_kubernetes_executor to None, run_after=None
[2026-10-01T00:10:28.813+0000] {processor.py:175} INFO - Processing /home/airflow/.local/lib/python3.7/site-packages/airflow/example_dags/example_local_kubernetes_executor.py took 0.136 seconds
[2026-10-01T00:10:59.932+0000] {processor.py:153} INFO - Started process (PID=16727) to work on /home/airflow/.local/lib/python3.7/site-packages/airflow/example_dags/example_local_kubernetes_executor.py
[2026-10-01T00:10:59.933+0000] {processor.py:743} INFO - Processing file /home/airflow/.local/lib/python3.7/site-packages/airflow/example_dags/example_local_kubernetes_executor.py for tasks to queue
[2026-10-01T00:10:59.934+0000] {logging_mixin.py:137} INFO - [2026-10-01T00:10:59.934+0000] {dagbag.py:538} INFO - Filling up the DagBag from /home/airflow/.local/lib/python3.7/site-packages/airflow/example_dags/example_local_kubernetes_executor.py
[2026-10-01T00:10:59.971+0000] {processor.py:753} INFO - DAG(s) dict_keys(['example_local_kubernetes_executor']) retrieved from /home/airflow/.local/lib/python3.7/site-packages/airflow/example_dags/example_local_kubernetes_executor.py
[2026-10-01T00:11:00.039+0000] {logging_mixin.py:137} INFO - [2026-10-01T00:11:00.039+0000] {dag.py:2676} INFO - Sync 1 DAGs
[2026-10-01T00:11:00.087+0000] {logging_mixin.py:137} INFO - [2026-10-01T00:11:00.087+0000] {dag.py:3427} INFO - Setting next_dagrun for example_local_kubernetes_executor to None, run_after=None
[2026-10-01T00:11:00.120+0000] {processor.py:175} INFO - Processing /home/airflow/.local/lib/python3.7/site-packages/airflow/example_dags/example_local_kubernetes_executor.py took 0.194 seconds
[2026-10-01T00:11:30.385+0000] {processor.py:153} INFO - Started process (PID=16816) to work on /home/airflow/.local/lib/python3.7/site-packages/airflow/example_dags/example_local_kubernetes_executor.py
[2026-10-01T00:11:30.386+0000] {processor.py:743} INFO - Processing file /home/airflow/.local/lib/python3.7/site-packages/airflow/example_dags/example_local_kubernetes_executor.py for tasks to queue
[2026-10-01T00:11:30.387+0000] {logging_mixin.py:137} INFO - [2026-10-01T00:11:30.387+0000] {dagbag.py:538} INFO - Filling up the DagBag from /home/airflow/.local/lib/python3.7/site-packages/airflow/example_dags/example_local_kubernetes_executor.py
[2026-10-01T00:11:30.421+0000] {processor.py:753} INFO - DAG(s) dict_keys(['example_local_kubernetes_executor']) retrieved from /home/airflow/.local/lib/python3.7/site-packages/airflow/example_dags/example_local_kubernetes_executor.py
[2026-10-01T00:11:30.472+0000] {logging_mixin.py:137} INFO - [2026-10-01T00:11:30.472+0000] {dag.py:2676} INFO - Sync 1 DAGs
[2026-10-01T00:11:30.522+0000] {logging_mixin.py:137} INFO - [2026-10-01T00:11:30.521+0000] {dag.py:3427} INFO - Setting next_dagrun for example_local_kubernetes_executor to None, run_after=None
[2026-10-01T00:11:30.558+0000] {processor.py:175} INFO - Processing /home/airflow/.local/lib/python3.7/site-packages/airflow/example_dags/example_local_kubernetes_executor.py took 0.178 seconds
[2026-10-01T00:12:01.219+0000] {processor.py:153} INFO - Started process (PID=16905) to work on /home/airflow/.local/lib/python3.7/site-packages/airflow/example_dags/example_local_kubernetes_executor.py
[2026-10-01T00:12:01.220+0000] {processor.py:743} INFO - Processing file /home/airflow/.local/lib/python3.7/site-packages/airflow/example_dags/example_local_kubernetes_executor.py for tasks to queue
[2026-10-01T00:12:01.220+0000] {logging_mixin.py:137} INFO - [2026-10-01T00:12:01.220+0000] {dagbag.py:538} INFO - Filling up the DagBag from /home/airflow/.local/lib/python3.7/site-packages/airflow/example_dags/example_local_kubernetes_executor.py
[2026-10-01T00:12:01.246+0000] {processor.py:753} INFO - DAG(s) dict_keys(['example_local_kubernetes_executor']) retrieved from /home/airflow/.local/lib/python3.7/site-packages/airflow/example_dags/example_local_kubernetes_executor.py
[2026-10-01T00:12:01.295+0000] {logging_mixin.py:137} INFO - [2026-10-01T00:12:01.295+0000] {dag.py:2676} INFO - Sync 1 DAGs
[2026-10-01T00:12:01.324+0000] {logging_mixin.py:137} INFO - [2026-10-01T00:12:01.324+0000] {dag.py:3427} INFO - Setting next_dagrun for example_local_kubernetes_executor to None, run_after=None
[2026-10-01T00:12:01.345+0000] {processor.py:175} INFO - Processing /home/airflow/.local/lib/python3.7/site-packages/airflow/example_dags/example_local_kubernetes_executor.py took 0.130 seconds
[2026-10-01T00:12:31.489+0000] {processor.py:153} INFO - Started process (PID=16984) to work on /home/airflow/.local/lib/python3.7/site-packages/airflow/example_dags/example_local_kubernetes_executor.py
[2026-10-01T00:12:31.490+0000] {processor.py:743} INFO - Processing file /home/airflow/.local/lib/python3.7/site-packages/airflow/example_dags/example_local_kubernetes_executor.py for tasks to queue
[2026-10-01T00:12:31.491+0000] {logging_mixin.py:137} INFO - [2026-10-01T00:12:31.491+0000] {dagbag.py:538} INFO - Filling up the DagBag from /home/airflow/.local/lib/python3.7/site-packages/airflow/example_dags/example_local_kubernetes_executor.py
[2026-10-01T00:12:31.520+0000] {processor.py:753} INFO - DAG(s) dict_keys(['example_local_kubernetes_executor']) retrieved from /home/airflow/.local/lib/python3.7/site-packages/airflow/example_dags/example_local_kubernetes_executor.py
[2026-10-01T00:12:31.571+0000] {logging_mixin.py:137} INFO - [2026-10-01T00:12:31.570+0000] {dag.py:2676} INFO - Sync 1 DAGs
[2026-10-01T00:12:31.601+0000] {logging_mixin.py:137} INFO - [2026-10-01T00:12:31.601+0000] {dag.py:3427} INFO - Setting next_dagrun for example_local_kubernetes_executor to None, run_after=None
[2026-10-01T00:12:31.635+0000] {processor.py:175} INFO - Processing /home/airflow/.local/lib/python3.7/site-packages/airflow/example_dags/example_local_kubernetes_executor.py took 0.152 seconds
[2026-10-01T00:13:02.129+0000] {processor.py:153} INFO - Started process (PID=17063) to work on /home/airflow/.local/lib/python3.7/site-packages/airflow/example_dags/example_local_kubernetes_executor.py
[2026-10-01T00:13:02.131+0000] {processor.py:743} INFO - Processing file /home/airflow/.local/lib/python3.7/site-packages/airflow/example_dags/example_local_kubernetes_executor.py for tasks to queue
[2026-10-01T00:13:02.132+0000] {logging_mixin.py:137} INFO - [2026-10-01T00:13:02.132+0000] {dagbag.py:538} INFO - Filling up the DagBag from /home/airflow/.local/lib/python3.7/site-packages/airflow/example_dags/example_local_kubernetes_executor.py
[2026-10-01T00:13:02.189+0000] {processor.py:753} INFO - DAG(s) dict_keys(['example_local_kubernetes_executor']) retrieved from /home/airflow/.local/lib/python3.7/site-packages/airflow/example_dags/example_local_kubernetes_executor.py
[2026-10-01T00:13:02.268+0000] {logging_mixin.py:137} INFO - [2026-10-01T00:13:02.267+0000] {dag.py:2676} INFO - Sync 1 DAGs
[2026-10-01T00:13:02.314+0000] {logging_mixin.py:137} INFO - [2026-10-01T00:13:02.314+0000] {dag.py:3427} INFO - Setting next_dagrun for example_local_kubernetes_executor to None, run_after=None
[2026-10-01T00:13:02.348+0000] {processor.py:175} INFO - Processing /home/airflow/.local/lib/python3.7/site-packages/airflow/example_dags/example_local_kubernetes_executor.py took 0.225 seconds
[2026-10-01T00:13:32.574+0000] {processor.py:153} INFO - Started process (PID=17151) to work on /home/airflow/.local/lib/python3.7/site-packages/airflow/example_dags/example_local_kubernetes_executor.py
[2026-10-01T00:13:32.575+0000] {processor.py:743} INFO - Processing file /home/airflow/.local/lib/python3.7/site-packages/airflow/example_dags/example_local_kubernetes_executor.py for tasks to queue
[2026-10-01T00:13:32.576+0000] {logging_mixin.py:137} INFO - [2026-10-01T00:13:32.576+0000] {dagbag.py:538} INFO - Filling up the DagBag from /home/airflow/.local/lib/python3.7/site-packages/airflow/example_dags/example_local_kubernetes_executor.py
[2026-10-01T00:13:32.613+0000] {processor.py:753} INFO - DAG(s) dict_keys(['example_local_kubernetes_executor']) retrieved from /home/airflow/.local/lib/python3.7/site-packages/airflow/example_dags/example_local_kubernetes_executor.py
[2026-10-01T00:13:32.678+0000] {logging_mixin.py:137} INFO - [2026-10-01T00:13:32.678+0000] {dag.py:2676} INFO - Sync 1 DAGs
[2026-10-01T00:13:32.713+0000] {logging_mixin.py:137} INFO - [2026-10-01T00:13:32.712+0000] {dag.py:3427} INFO - Setting next_dagrun for example_local_kubernetes_executor to None, run_after=None
[2026-10-01T00:13:32.735+0000] {processor.py:175} INFO - Processing /home/airflow/.local/lib/python3.7/site-packages/airflow/example_dags/example_local_kubernetes_executor.py took 0.165 seconds
[2026-10-01T00:14:03.455+0000] {processor.py:153} INFO - Started process (PID=17241) to work on /home/airflow/.local/lib/python3.7/site-packages/airflow/example_dags/example_local_kubernetes_executor.py
[2026-10-01T00:14:03.456+0000] {processor.py:743} INFO - Processing file /home/airflow/.local/lib/python3.7/site-packages/airflow/example_dags/example_local_kubernetes_executor.py for tasks to queue
[2026-10-01T00:14:03.457+0000] {logging_mixin.py:137} INFO - [2026-10-01T00:14:03.457+0000] {dagbag.py:538} INFO - Filling up the DagBag from /home/airflow/.local/lib/python3.7/site-packages/airflow/example_dags/example_local_kubernetes_executor.py
[2026-10-01T00:14:03.493+0000] {processor.py:753} INFO - DAG(s) dict_keys(['example_local_kubernetes_executor']) retrieved from /home/airflow/.local/lib/python3.7/site-packages/airflow/example_dags/example_local_kubernetes_executor.py
[2026-10-01T00:14:03.548+0000] {logging_mixin.py:137} INFO - [2026-10-01T00:14:03.548+0000] {dag.py:2676} INFO - Sync 1 DAGs
[2026-10-01T00:14:03.580+0000] {logging_mixin.py:137} INFO - [2026-10-01T00:14:03.580+0000] {dag.py:3427} INFO - Setting next_dagrun for example_local_kubernetes_executor to None, run_after=None
[2026-10-01T00:14:03.601+0000] {processor.py:175} INFO - Processing /home/airflow/.local/lib/python3.7/site-packages/airflow/example_dags/example_local_kubernetes_executor.py took 0.152 seconds
[2026-10-01T00:14:34.689+0000] {processor.py:153} INFO - Started process (PID=17320) to work on /home/airflow/.local/lib/python3.7/site-packages/airflow/example_dags/example_local_kubernetes_executor.py
[2026-10-01T00:14:34.690+0000] {processor.py:743} INFO - Processing file /home/airflow/.local/lib/python3.7/site-packages/airflow/example_dags/example_local_kubernetes_executor.py for tasks to queue
[2026-10-01T00:14:34.691+0000] {logging_mixin.py:137} INFO - [2026-10-01T00:14:34.691+0000] {dagbag.py:538} INFO - Filling up the DagBag from /home/airflow/.local/lib/python3.7/site-packages/airflow/example_dags/example_local_kubernetes_executor.py
[2026-10-01T00:14:34.725+0000] {processor.py:753} INFO - DAG(s) dict_keys(['example_local_kubernetes_executor']) retrieved from /home/airflow/.local/lib/python3.7/site-packages/airflow/example_dags/example_local_kubernetes_executor.py
[2026-10-01T00:14:34.796+0000] {logging_mixin.py:137} INFO - [2026-10-01T00:14:34.796+0000] {dag.py:2676} INFO - Sync 1 DAGs
[2026-10-01T00:14:34.829+0000] {logging_mixin.py:137} INFO - [2026-10-01T00:14:34.829+0000] {dag.py:3427} INFO - Setting next_dagrun for example_local_kubernetes_executor to None, run_after=None
[2026-10-01T00:14:34.847+0000] {processor.py:175} INFO - Processing /home/airflow/.local/lib/python3.7/site-packages/airflow/example_dags/example_local_kubernetes_executor.py took 0.163 seconds
[2026-10-01T00:15:04.995+0000] {processor.py:153} INFO - Started process (PID=17399) to work on /home/airflow/.local/lib/python3.7/site-packages/airflow/example_dags/example_local_kubernetes_executor.py
[2026-10-01T00:15:04.996+0000] {processor.py:743} INFO - Processing file /home/airflow/.local/lib/python3.7/site-packages/airflow/example_dags/example_local_kubernetes_executor.py for tasks to queue
[2026-10-01T00:15:04.997+0000] {logging_mixin.py:137} INFO - [2026-10-01T00:15:04.997+0000] {dagbag.py:538} INFO - Filling up the DagBag from /home/airflow/.local/lib/python3.7/site-packages/airflow/example_dags/example_local_kubernetes_executor.py
[2026-10-01T00:15:05.027+0000] {processor.py:753} INFO - DAG(s) dict_keys(['example_local_kubernetes_executor']) retrieved from /home/airflow/.local/lib/python3.7/site-packages/airflow/example_dags/example_local_kubernetes_executor.py
[2026-10-01T00:15:05.081+0000] {logging_mixin.py:137} INFO - [2026-10-01T00:15:05.081+0000] {dag.py:2676} INFO - Sync 1 DAGs
[2026-10-01T00:15:05.115+0000] {logging_mixin.py:137} INFO - [2026-10-01T00:15:05.115+0000] {dag.py:3427} INFO - Setting next_dagrun for example_local_kubernetes_executor to None, run_after=None
[2026-10-01T00:15:05.140+0000] {processor.py:175} INFO - Processing /home/airflow/.local/lib/python3.7/site-packages/airflow/example_dags/example_local_kubernetes_executor.py took 0.152 seconds
[2026-10-01T00:15:35.420+0000] {processor.py:153} INFO - Started process (PID=17498) to work on /home/airflow/.local/lib/python3.7/site-packages/airflow/example_dags/example_local_kubernetes_executor.py
[2026-10-01T00:15:35.421+0000] {processor.py:743} INFO - Processing file /home/airflow/.local/lib/python3.7/site-packages/airflow/example_dags/example_local_kubernetes_executor.py for tasks to queue
[2026-10-01T00:15:35.422+0000] {logging_mixin.py:137} INFO - [2026-10-01T00:15:35.422+0000] {dagbag.py:538} INFO - Filling up the DagBag from /home/airflow/.local/lib/python3.7/site-packages/airflow/example_dags/example_local_kubernetes_executor.py
[2026-10-01T00:15:35.456+0000] {processor.py:753} INFO - DAG(s) dict_keys(['example_local_kubernetes_executor']) retrieved from /home/airflow/.local/lib/python3.7/site-packages/airflow/example_dags/example_local_kubernetes_executor.py
[2026-10-01T00:15:35.522+0000] {logging_mixin.py:137} INFO - [2026-10-01T00:15:35.522+0000] {dag.py:2676} INFO - Sync 1 DAGs
[2026-10-01T00:15:35.562+0000] {logging_mixin.py:137} INFO - [2026-10-01T00:15:35.562+0000] {dag.py:3427} INFO - Setting next_dagrun for example_local_kubernetes_executor to None, run_after=None
[2026-10-01T00:15:35.589+0000] {processor.py:175} INFO - Processing /home/airflow/.local/lib/python3.7/site-packages/airflow/example_dags/example_local_kubernetes_executor.py took 0.174 seconds
[2026-10-01T00:16:05.850+0000] {processor.py:153} INFO - Started process (PID=17577) to work on /home/airflow/.local/lib/python3.7/site-packages/airflow/example_dags/example_local_kubernetes_executor.py
[2026-10-01T00:16:05.851+0000] {processor.py:743} INFO - Processing file /home/airflow/.local/lib/python3.7/site-packages/airflow/example_dags/example_local_kubernetes_executor.py for tasks to queue
[2026-10-01T00:16:05.852+0000] {logging_mixin.py:137} INFO - [2026-10-01T00:16:05.852+0000] {dagbag.py:538} INFO - Filling up the DagBag from /home/airflow/.local/lib/python3.7/site-packages/airflow/example_dags/example_local_kubernetes_executor.py
[2026-10-01T00:16:05.886+0000] {processor.py:753} INFO - DAG(s) dict_keys(['example_local_kubernetes_executor']) retrieved from /home/airflow/.local/lib/python3.7/site-packages/airflow/example_dags/example_local_kubernetes_executor.py
[2026-10-01T00:16:05.944+0000] {logging_mixin.py:137} INFO - [2026-10-01T00:16:05.943+0000] {dag.py:2676} INFO - Sync 1 DAGs
[2026-10-01T00:16:05.976+0000] {logging_mixin.py:137} INFO - [2026-10-01T00:16:05.976+0000] {dag.py:3427} INFO - Setting next_dagrun for example_local_kubernetes_executor to None, run_after=None
[2026-10-01T00:16:05.995+0000] {processor.py:175} INFO - Processing /home/airflow/.local/lib/python3.7/site-packages/airflow/example_dags/example_local_kubernetes_executor.py took 0.150 seconds
[2026-10-01T00:16:36.748+0000] {processor.py:153} INFO - Started process (PID=17656) to work on /home/airflow/.local/lib/python3.7/site-packages/airflow/example_dags/example_local_kubernetes_executor.py
[2026-10-01T00:16:36.749+0000] {processor.py:743} INFO - Processing file /home/airflow/.local/lib/python3.7/site-packages/airflow/example_dags/example_local_kubernetes_executor.py for tasks to queue
[2026-10-01T00:16:36.750+0000] {logging_mixin.py:137} INFO - [2026-10-01T00:16:36.750+0000] {dagbag.py:538} INFO - Filling up the DagBag from /home/airflow/.local/lib/python3.7/site-packages/airflow/example_dags/example_local_kubernetes_executor.py
[2026-10-01T00:16:36.786+0000] {processor.py:753} INFO - DAG(s) dict_keys(['example_local_kubernetes_executor']) retrieved from /home/airflow/.local/lib/python3.7/site-packages/airflow/example_dags/example_local_kubernetes_executor.py
[2026-10-01T00:16:36.841+0000] {logging_mixin.py:137} INFO - [2026-10-01T00:16:36.841+0000] {dag.py:2676} INFO - Sync 1 DAGs
[2026-10-01T00:16:36.873+0000] {logging_mixin.py:137} INFO - [2026-10-01T00:16:36.873+0000] {dag.py:3427} INFO - Setting next_dagrun for example_local_kubernetes_executor to None, run_after=None
[2026-10-01T00:16:36.895+0000] {processor.py:175} INFO - Processing /home/airflow/.local/lib/python3.7/site-packages/airflow/example_dags/example_local_kubernetes_executor.py took 0.150 seconds
[2026-10-01T00:17:07.855+0000] {processor.py:153} INFO - Started process (PID=17735) to work on /home/airflow/.local/lib/python3.7/site-packages/airflow/example_dags/example_local_kubernetes_executor.py
[2026-10-01T00:17:07.857+0000] {processor.py:743} INFO - Processing file /home/airflow/.local/lib/python3.7/site-packages/airflow/example_dags/example_local_kubernetes_executor.py for tasks to queue
[2026-10-01T00:17:07.858+0000] {logging_mixin.py:137} INFO - [2026-10-01T00:17:07.857+0000] {dagbag.py:538} INFO - Filling up the DagBag from /home/airflow/.local/lib/python3.7/site-packages/airflow/example_dags/example_local_kubernetes_executor.py
[2026-10-01T00:17:07.890+0000] {processor.py:753} INFO - DAG(s) dict_keys(['example_local_kubernetes_executor']) retrieved from /home/airflow/.local/lib/python3.7/site-packages/airflow/example_dags/example_local_kubernetes_executor.py
[2026-10-01T00:17:07.943+0000] {logging_mixin.py:137} INFO - [2026-10-01T00:17:07.943+0000] {dag.py:2676} INFO - Sync 1 DAGs
[2026-10-01T00:17:07.976+0000] {logging_mixin.py:137} INFO - [2026-10-01T00:17:07.976+0000] {dag.py:3427} INFO - Setting next_dagrun for example_local_kubernetes_executor to None, run_after=None
[2026-10-01T00:17:08.006+0000] {processor.py:175} INFO - Processing /home/airflow/.local/lib/python3.7/site-packages/airflow/example_dags/example_local_kubernetes_executor.py took 0.155 seconds
[2026-10-01T00:17:38.073+0000] {processor.py:153} INFO - Started process (PID=17834) to work on /home/airflow/.local/lib/python3.7/site-packages/airflow/example_dags/example_local_kubernetes_executor.py
[2026-10-01T00:17:38.074+0000] {processor.py:743} INFO - Processing file /home/airflow/.local/lib/python3.7/site-packages/airflow/example_dags/example_local_kubernetes_executor.py for tasks to queue
[2026-10-01T00:17:38.075+0000] {logging_mixin.py:137} INFO - [2026-10-01T00:17:38.075+0000] {dagbag.py:538} INFO - Filling up the DagBag from /home/airflow/.local/lib/python3.7/site-packages/airflow/example_dags/example_local_kubernetes_executor.py
[2026-10-01T00:17:38.111+0000] {processor.py:753} INFO - DAG(s) dict_keys(['example_local_kubernetes_executor']) retrieved from /home/airflow/.local/lib/python3.7/site-packages/airflow/example_dags/example_local_kubernetes_executor.py
[2026-10-01T00:17:38.173+0000] {logging_mixin.py:137} INFO - [2026-10-01T00:17:38.173+0000] {dag.py:2676} INFO - Sync 1 DAGs
[2026-10-01T00:17:38.210+0000] {logging_mixin.py:137} INFO - [2026-10-01T00:17:38.210+0000] {dag.py:3427} INFO - Setting next_dagrun for example_local_kubernetes_executor to None, run_after=None
[2026-10-01T00:17:38.236+0000] {processor.py:175} INFO - Processing /home/airflow/.local/lib/python3.7/site-packages/airflow/example_dags/example_local_kubernetes_executor.py took 0.167 seconds
[2026-10-01T00:18:08.454+0000] {processor.py:153} INFO - Started process (PID=17913) to work on /home/airflow/.local/lib/python3.7/site-packages/airflow/example_dags/example_local_kubernetes_executor.py
[2026-10-01T00:18:08.455+0000] {processor.py:743} INFO - Processing file /home/airflow/.local/lib/python3.7/site-packages/airflow/example_dags/example_local_kubernetes_executor.py for tasks to queue
[2026-10-01T00:18:08.455+0000] {logging_mixin.py:137} INFO - [2026-10-01T00:18:08.455+0000] {dagbag.py:538} INFO - Filling up the DagBag from /home/airflow/.local/lib/python3.7/site-packages/airflow/example_dags/example_local_kubernetes_executor.py
[2026-10-01T00:18:08.487+0000] {processor.py:753} INFO - DAG(s) dict_keys(['example_local_kubernetes_executor']) retrieved from /home/airflow/.local/lib/python3.7/site-packages/airflow/example_dags/example_local_kubernetes_executor.py
[2026-10-01T00:18:08.545+0000] {logging_mixin.py:137} INFO - [2026-10-01T00:18:08.545+0000] {dag.py:2676} INFO - Sync 1 DAGs
[2026-10-01T00:18:08.585+0000] {logging_mixin.py:137} INFO - [2026-10-01T00:18:08.584+0000] {dag.py:3427} INFO - Setting next_dagrun for example_local_kubernetes_executor to None, run_after=None
[2026-10-01T00:18:08.608+0000] {processor.py:175} INFO - Processing /home/airflow/.local/lib/python3.7/site-packages/airflow/example_dags/example_local_kubernetes_executor.py took 0.158 seconds
[2026-10-01T00:18:38.854+0000] {processor.py:153} INFO - Started process (PID=17992) to work on /home/airflow/.local/lib/python3.7/site-packages/airflow/example_dags/example_local_kubernetes_executor.py
[2026-10-01T00:18:38.855+0000] {processor.py:743} INFO - Processing file /home/airflow/.local/lib/python3.7/site-packages/airflow/example_dags/example_local_kubernetes_executor.py for tasks to queue
[2026-10-01T00:18:38.857+0000] {logging_mixin.py:137} INFO - [2026-10-01T00:18:38.856+0000] {dagbag.py:538} INFO - Filling up the DagBag from /home/airflow/.local/lib/python3.7/site-packages/airflow/example_dags/example_local_kubernetes_executor.py
[2026-10-01T00:18:38.903+0000] {processor.py:753} INFO - DAG(s) dict_keys(['example_local_kubernetes_executor']) retrieved from /home/airflow/.local/lib/python3.7/site-packages/airflow/example_dags/example_local_kubernetes_executor.py
[2026-10-01T00:18:38.961+0000] {logging_mixin.py:137} INFO - [2026-10-01T00:18:38.961+0000] {dag.py:2676} INFO - Sync 1 DAGs
[2026-10-01T00:18:39.001+0000] {logging_mixin.py:137} INFO - [2026-10-01T00:18:39.000+0000] {dag.py:3427} INFO - Setting next_dagrun for example_local_kubernetes_executor to None, run_after=None
[2026-10-01T00:18:39.031+0000] {processor.py:175} INFO - Processing /home/airflow/.local/lib/python3.7/site-packages/airflow/example_dags/example_local_kubernetes_executor.py took 0.183 seconds
[2026-10-01T00:19:10.083+0000] {processor.py:153} INFO - Started process (PID=18071) to work on /home/airflow/.local/lib/python3.7/site-packages/airflow/example_dags/example_local_kubernetes_executor.py
[2026-10-01T00:19:10.085+0000] {processor.py:743} INFO - Processing file /home/airflow/.local/lib/python3.7/site-packages/airflow/example_dags/example_local_kubernetes_executor.py for tasks to queue
[2026-10-01T00:19:10.085+0000] {logging_mixin.py:137} INFO - [2026-10-01T00:19:10.085+0000] {dagbag.py:538} INFO - Filling up the DagBag from /home/airflow/.local/lib/python3.7/site-packages/airflow/example_dags/example_local_kubernetes_executor.py
[2026-10-01T00:19:10.125+0000] {processor.py:753} INFO - DAG(s) dict_keys(['example_local_kubernetes_executor']) retrieved from /home/airflow/.local/lib/python3.7/site-packages/airflow/example_dags/example_local_kubernetes_executor.py
[2026-10-01T00:19:10.190+0000] {logging_mixin.py:137} INFO - [2026-10-01T00:19:10.190+0000] {dag.py:2676} INFO - Sync 1 DAGs
[2026-10-01T00:19:10.225+0000] {logging_mixin.py:137} INFO - [2026-10-01T00:19:10.225+0000] {dag.py:3427} INFO - Setting next_dagrun for example_local_kubernetes_executor to None, run_after=None
[2026-10-01T00:19:10.261+0000] {processor.py:175} INFO - Processing /home/airflow/.local/lib/python3.7/site-packages/airflow/example_dags/example_local_kubernetes_executor.py took 0.182 seconds
[2026-10-01T00:19:40.587+0000] {processor.py:153} INFO - Started process (PID=18170) to work on /home/airflow/.local/lib/python3.7/site-packages/airflow/example_dags/example_local_kubernetes_executor.py
[2026-10-01T00:19:40.588+0000] {processor.py:743} INFO - Processing file /home/airflow/.local/lib/python3.7/site-packages/airflow/example_dags/example_local_kubernetes_executor.py for tasks to queue
[2026-10-01T00:19:40.589+0000] {logging_mixin.py:137} INFO - [2026-10-01T00:19:40.589+0000] {dagbag.py:538} INFO - Filling up the DagBag from /home/airflow/.local/lib/python3.7/site-packages/airflow/example_dags/example_local_kubernetes_executor.py
[2026-10-01T00:19:40.620+0000] {processor.py:753} INFO - DAG(s) dict_keys(['example_local_kubernetes_executor']) retrieved from /home/airflow/.local/lib/python3.7/site-packages/airflow/example_dags/example_local_kubernetes_executor.py
[2026-10-01T00:19:40.673+0000] {logging_mixin.py:137} INFO - [2026-10-01T00:19:40.673+0000] {dag.py:2676} INFO - Sync 1 DAGs
[2026-10-01T00:19:40.710+0000] {logging_mixin.py:137} INFO - [2026-10-01T00:19:40.710+0000] {dag.py:3427} INFO - Setting next_dagrun for example_local_kubernetes_executor to None, run_after=None
[2026-10-01T00:19:40.733+0000] {processor.py:175} INFO - Processing /home/airflow/.local/lib/python3.7/site-packages/airflow/example_dags/example_local_kubernetes_executor.py took 0.150 seconds
[2026-10-01T00:20:10.880+0000] {processor.py:153} INFO - Started process (PID=18249) to work on /home/airflow/.local/lib/python3.7/site-packages/airflow/example_dags/example_local_kubernetes_executor.py
[2026-10-01T00:20:10.881+0000] {processor.py:743} INFO - Processing file /home/airflow/.local/lib/python3.7/site-packages/airflow/example_dags/example_local_kubernetes_executor.py for tasks to queue
[2026-10-01T00:20:10.882+0000] {logging_mixin.py:137} INFO - [2026-10-01T00:20:10.882+0000] {dagbag.py:538} INFO - Filling up the DagBag from /home/airflow/.local/lib/python3.7/site-packages/airflow/example_dags/example_local_kubernetes_executor.py
[2026-10-01T00:20:10.914+0000] {processor.py:753} INFO - DAG(s) dict_keys(['example_local_kubernetes_executor']) retrieved from /home/airflow/.local/lib/python3.7/site-packages/airflow/example_dags/example_local_kubernetes_executor.py
[2026-10-01T00:20:10.979+0000] {logging_mixin.py:137} INFO - [2026-10-01T00:20:10.978+0000] {dag.py:2676} INFO - Sync 1 DAGs
[2026-10-01T00:20:11.028+0000] {logging_mixin.py:137} INFO - [2026-10-01T00:20:11.027+0000] {dag.py:3427} INFO - Setting next_dagrun for example_local_kubernetes_executor to None, run_after=None
[2026-10-01T00:20:11.060+0000] {processor.py:175} INFO - Processing /home/airflow/.local/lib/python3.7/site-packages/airflow/example_dags/example_local_kubernetes_executor.py took 0.186 seconds
[2026-10-01T00:20:41.429+0000] {processor.py:153} INFO - Started process (PID=18328) to work on /home/airflow/.local/lib/python3.7/site-packages/airflow/example_dags/example_local_kubernetes_executor.py
[2026-10-01T00:20:41.430+0000] {processor.py:743} INFO - Processing file /home/airflow/.local/lib/python3.7/site-packages/airflow/example_dags/example_local_kubernetes_executor.py for tasks to queue
[2026-10-01T00:20:41.431+0000] {logging_mixin.py:137} INFO - [2026-10-01T00:20:41.431+0000] {dagbag.py:538} INFO - Filling up the DagBag from /home/airflow/.local/lib/python3.7/site-packages/airflow/example_dags/example_local_kubernetes_executor.py
[2026-10-01T00:20:41.467+0000] {processor.py:753} INFO - DAG(s) dict_keys(['example_local_kubernetes_executor']) retrieved from /home/airflow/.local/lib/python3.7/site-packages/airflow/example_dags/example_local_kubernetes_executor.py
[2026-10-01T00:20:41.553+0000] {logging_mixin.py:137} INFO - [2026-10-01T00:20:41.553+0000] {dag.py:2676} INFO - Sync 1 DAGs
[2026-10-01T00:20:41.609+0000] {logging_mixin.py:137} INFO - [2026-10-01T00:20:41.609+0000] {dag.py:3427} INFO - Setting next_dagrun for example_local_kubernetes_executor to None, run_after=None
[2026-10-01T00:20:41.640+0000] {processor.py:175} INFO - Processing /home/airflow/.local/lib/python3.7/site-packages/airflow/example_dags/example_local_kubernetes_executor.py took 0.215 seconds
