[2026-10-01T00:00:16.006+0000] {processor.py:153} INFO - Started process (PID=14957) to work on /home/airflow/.local/lib/python3.7/site-packages/airflow/example_dags/example_dag_decorator.py
[2026-10-01T00:00:16.007+0000] {processor.py:743} INFO - Processing file /home/airflow/.local/lib/python3.7/site-packages/airflow/example_dags/example_dag_decorator.py for tasks to queue
[2026-10-01T00:00:16.008+0000] {logging_mixin.py:137} INFO - [2026-10-01T00:00:16.007+0000] {dagbag.py:538} INFO - Filling up the DagBag from /home/airflow/.local/lib/python3.7/site-packages/airflow/example_dags/example_dag_decorator.py
[2026-10-01T00:00:16.024+0000] {logging_mixin.py:137} INFO - [2026-10-01T00:00:16.024+0000] {taskmixin.py:205} WARNING - Dependency <Task(_PythonDecoratedOperator): prepare_email>, send_email already registered for DAG: example_dag_decorator
[2026-10-01T00:00:16.025+0000] {logging_mixin.py:137} INFO - [2026-10-01T00:00:16.025+0000] {taskmixin.py:205} WARNING - Dependency <Task(EmailOperator): send_email>, prepare_email already registered for DAG: example_dag_decorator
[2026-10-01T00:00:16.040+0000] {processor.py:753} INFO - DAG(s) dict_keys(['example_dag_decorator']) retrieved from /home/airflow/.local/lib/python3.7/site-packages/airflow/example_dags/example_dag_decorator.py
[2026-10-01T00:00:16.122+0000] {logging_mixin.py:137} INFO - [2026-10-01T00:00:16.122+0000] {dag.py:2676} INFO - Sync 1 DAGs
[2026-10-01T00:00:16.149+0000] {logging_mixin.py:137} INFO - [2026-10-01T00:00:16.149+0000] {dag.py:3427} INFO - Setting next_dagrun for example_dag_decorator to None, run_after=None
[2026-10-01T00:00:16.172+0000] {processor.py:175} INFO - Processing /home/airflow/.local/lib/python3.7/site-packages/airflow/example_dags/example_dag_decorator.py took 0.169 seconds
[2026-10-01T00:00:46.960+0000] {processor.py:153} INFO - Started process (PID=15036) to work on /home/airflow/.local/lib/python3.7/site-packages/airflow/example_dags/example_dag_decorator.py
[2026-10-01T00:00:46.962+0000] {processor.py:743} INFO - Processing file /home/airflow/.local/lib/python3.7/site-packages/airflow/example_dags/example_dag_decorator.py for tasks to queue
[2026-10-01T00:00:46.963+0000] {logging_mixin.py:137} INFO - [2026-10-01T00:00:46.963+0000] {dagbag.py:538} INFO - Filling up the DagBag from /home/airflow/.local/lib/python3.7/site-packages/airflow/example_dags/example_dag_decorator.py
[2026-10-01T00:00:46.998+0000] {logging_mixin.py:137} INFO - [2026-10-01T00:00:46.998+0000] {taskmixin.py:205} WARNING - Dependency <Task(_PythonDecoratedOperator): prepare_email>, send_email already registered for DAG: example_dag_decorator
[2026-10-01T00:00:46.998+0000] {logging_mixin.py:137} INFO - [2026-10-01T00:00:46.998+0000] {taskmixin.py:205} WARNING - Dependency <Task(EmailOperator): send_email>, prepare_email already registered for DAG: example_dag_decorator
[2026-10-01T00:00:47.025+0000] {processor.py:753} INFO - DAG(s) dict_keys(['example_dag_decorator']) retrieved from /home/airflow/.local/lib/python3.7/site-packages/airflow/example_dags/example_dag_decorator.py
[2026-10-01T00:00:47.151+0000] {logging_mixin.py:137} INFO - [2026-10-01T00:00:47.151+0000] {dag.py:2676} INFO - Sync 1 DAGs
[2026-10-01T00:00:47.179+0000] {logging_mixin.py:137} INFO - [2026-10-01T00:00:47.179+0000] {dag.py:3427} INFO - Setting next_dagrun for example_dag_decorator to None, run_after=None
[2026-10-01T00:00:47.202+0000] {processor.py:175} INFO - Processing /home/airflow/.local/lib/python3.7/site-packages/airflow/example_dags/example_dag_decorator.py took 0.248 seconds
[2026-10-01T00:01:17.901+0000] {processor.py:153} INFO - Started process (PID=15115) to work on /home/airflow/.local/lib/python3.7/site-packages/airflow/example_dags/example_dag_decorator.py
[2026-10-01T00:01:17.904+0000] {processor.py:743} INFO - Processing file /home/airflow/.local/lib/python3.7/site-packages/airflow/example_dags/example_dag_decorator.py for tasks to queue
[2026-10-01T00:01:17.905+0000] {logging_mixin.py:137} INFO - [2026-10-01T00:01:17.905+0000] {dagbag.py:538} INFO - Filling up the DagBag from /home/airflow/.local/lib/python3.7/site-packages/airflow/example_dags/example_dag_decorator.py
[2026-10-01T00:01:17.936+0000] {logging_mixin.py:137} INFO - [2026-10-01T00:01:17.935+0000] {taskmixin.py:205} WARNING - Dependency <Task(_PythonDecoratedOperator): prepare_email>, send_email already registered for DAG: example_dag_decorator
[2026-10-01T00:01:17.936+0000] {logging_mixin.py:137} INFO - [2026-10-01T00:01:17.936+0000] {taskmixin.py:205} WARNING - Dependency <Task(EmailOperator): send_email>, prepare_email already registered for DAG: example_dag_decorator
[2026-10-01T00:01:17.960+0000] {processor.py:753} INFO - DAG(s) dict_keys(['example_dag_decorator']) retrieved from /home/airflow/.local/lib/python3.7/site-packages/airflow/example_dags/example_dag_decorator.py
[2026-10-01T00:01:18.075+0000] {logging_mixin.py:137} INFO - [2026-10-01T00:01:18.075+0000] {dag.py:2676} INFO - Sync 1 DAGs
[2026-10-01T00:01:18.106+0000] {logging_mixin.py:137} INFO - [2026-10-01T00:01:18.106+0000] {dag.py:3427} INFO - Setting next_dagrun for example_dag_decorator to None, run_after=None
[2026-10-01T00:01:18.133+0000] {processor.py:175} INFO - Processing /home/airflow/.local/lib/python3.7/site-packages/airflow/example_dags/example_dag_decorator.py took 0.237 seconds
[2026-10-01T00:01:48.747+0000] {processor.py:153} INFO - Started process (PID=15203) to work on /home/airflow/.local/lib/python3.7/site-packages/airflow/example_dags/example_dag_decorator.py
[2026-10-01T00:01:48.748+0000] {processor.py:743} INFO - Processing file /home/airflow/.local/lib/python3.7/site-packages/airflow/example_dags/example_dag_decorator.py for tasks to queue
[2026-10-01T00:01:48.749+0000] {logging_mixin.py:137} INFO - [2026-10-01T00:01:48.749+0000] {dagbag.py:538} INFO - Filling up the DagBag from /home/airflow/.local/lib/python3.7/site-packages/airflow/example_dags/example_dag_decorator.py
[2026-10-01T00:01:48.784+0000] {logging_mixin.py:137} INFO - [2026-10-01T00:01:48.784+0000] {taskmixin.py:205} WARNING - Dependency <Task(_PythonDecoratedOperator): prepare_email>, send_email already registered for DAG: example_dag_decorator
[2026-10-01T00:01:48.785+0000] {logging_mixin.py:137} INFO - [2026-10-01T00:01:48.785+0000] {taskmixin.py:205} WARNING - Dependency <Task(EmailOperator): send_email>, prepare_email already registered for DAG: example_dag_decorator
[2026-10-01T00:01:48.810+0000] {processor.py:753} INFO - DAG(s) dict_keys(['example_dag_decorator']) retrieved from /home/airflow/.local/lib/python3.7/site-packages/airflow/example_dags/example_dag_decorator.py
[2026-10-01T00:01:48.937+0000] {logging_mixin.py:137} INFO - [2026-10-01T00:01:48.937+0000] {dag.py:2676} INFO - Sync 1 DAGs
[2026-10-01T00:01:48.981+0000] {logging_mixin.py:137} INFO - [2026-10-01T00:01:48.981+0000] {dag.py:3427} INFO - Setting next_dagrun for example_dag_decorator to None, run_after=None
[2026-10-01T00:01:49.012+0000] {processor.py:175} INFO - Processing /home/airflow/.local/lib/python3.7/site-packages/airflow/example_dags/example_dag_decorator.py took 0.271 seconds
[2026-10-01T00:02:19.426+0000] {processor.py:153} INFO - Started process (PID=15293) to work on /home/airflow/.local/lib/python3.7/site-packages/airflow/example_dags/example_dag_decorator.py
[2026-10-01T00:02:19.429+0000] {processor.py:743} INFO - Processing file /home/airflow/.local/lib/python3.7/site-packages/airflow/example_dags/example_dag_decorator.py for tasks to queue
[2026-10-01T00:02:19.430+0000] {logging_mixin.py:137} INFO - [2026-10-01T00:02:19.430+0000] {dagbag.py:538} INFO - Filling up the DagBag from /home/airflow/.local/lib/python3.7/site-packages/airflow/example_dags/example_dag_decorator.py
[2026-10-01T00:02:19.466+0000] {logging_mixin.py:137} INFO - [2026-10-01T00:02:19.466+0000] {taskmixin.py:205} WARNING - Dependency <Task(_PythonDecoratedOperator): prepare_email>, send_email already registered for DAG: example_dag_decorator
[2026-10-01T00:02:19.466+0000] {logging_mixin.py:137} INFO - [2026-10-01T00:02:19.466+0000] {taskmixin.py:205} WARNING - Dependency <Task(EmailOperator): send_email>, prepare_email already registered for DAG: example_dag_decorator
[2026-10-01T00:02:19.491+0000] {processor.py:753} INFO - DAG(s) dict_keys(['example_dag_decorator']) retrieved from /home/airflow/.local/lib/python3.7/site-packages/airflow/example_dags/example_dag_decorator.py
[2026-10-01T00:02:19.615+0000] {logging_mixin.py:137} INFO - [2026-10-01T00:02:19.615+0000] {dag.py:2676} INFO - Sync 1 DAGs
[2026-10-01T00:02:19.649+0000] {logging_mixin.py:137} INFO - [2026-10-01T00:02:19.649+0000] {dag.py:3427} INFO - Setting next_dagrun for example_dag_decorator to None, run_after=None
[2026-10-01T00:02:19.671+0000] {processor.py:175} INFO - Processing /home/airflow/.local/lib/python3.7/site-packages/airflow/example_dags/example_dag_decorator.py took 0.251 seconds
[2026-10-01T00:02:49.810+0000] {processor.py:153} INFO - Started process (PID=15373) to work on /home/airflow/.local/lib/python3.7/site-packages/airflow/example_dags/example_dag_decorator.py
[2026-10-01T00:02:49.811+0000] {processor.py:743} INFO - Processing file /home/airflow/.local/lib/python3.7/site-packages/airflow/example_dags/example_dag_decorator.py for tasks to queue
[2026-10-01T00:02:49.812+0000] {logging_mixin.py:137} INFO - [2026-10-01T00:02:49.812+0000] {dagbag.py:538} INFO - Filling up the DagBag from /home/airflow/.local/lib/python3.7/site-packages/airflow/example_dags/example_dag_decorator.py
[2026-10-01T00:02:49.840+0000] {logging_mixin.py:137} INFO - [2026-10-01T00:02:49.839+0000] {taskmixin.py:205} WARNING - Dependency <Task(_PythonDecoratedOperator): prepare_email>, send_email already registered for DAG: example_dag_decorator
[2026-10-01T00:02:49.840+0000] {logging_mixin.py:137} INFO - [2026-10-01T00:02:49.840+0000] {taskmixin.py:205} WARNING - Dependency <Task(EmailOperator): send_email>, prepare_email already registered for DAG: example_dag_decorator
[2026-10-01T00:02:49.859+0000] {processor.py:753} INFO - DAG(s) dict_keys(['example_dag_decorator']) retrieved from /home/airflow/.local/lib/python3.7/site-packages/airflow/example_dags/example_dag_decorator.py
[2026-10-01T00:02:49.966+0000] {logging_mixin.py:137} INFO - [2026-10-01T00:02:49.966+0000] {dag.py:2676} INFO - Sync 1 DAGs
[2026-10-01T00:02:49.998+0000] {logging_mixin.py:137} INFO - [2026-10-01T00:02:49.998+0000] {dag.py:3427} INFO - Setting next_dagrun for example_dag_decorator to None, run_after=None
[2026-10-01T00:02:50.023+0000] {processor.py:175} INFO - Processing /home/airflow/.local/lib/python3.7/site-packages/airflow/example_dags/example_dag_decorator.py took 0.217 seconds
[2026-10-01T00:03:20.061+0000] {processor.py:153} INFO - Started process (PID=15450) to work on /home/airflow/.local/lib/python3.7/site-packages/airflow/example_dags/example_dag_decorator.py
[2026-10-01T00:03:20.063+0000] {processor.py:743} INFO - Processing file /home/airflow/.local/lib/python3.7/site-packages/airflow/example_dags/example_dag_decorator.py for tasks to queue
[2026-10-01T00:03:20.063+0000] {logging_mixin.py:137} INFO - [2026-10-01T00:03:20.063+0000] {dagbag.py:538} INFO - Filling up the DagBag from /home/airflow/.local/lib/python3.7/site-packages/airflow/example_dags/example_dag_decorator.py
[2026-10-01T00:03:20.090+0000] {logging_mixin.py:137} INFO - [2026-10-01T00:03:20.089+0000] {taskmixin.py:205} WARNING - Dependency <Task(_PythonDecoratedOperator): prepare_email>, send_email already registered for DAG: example_dag_decorator
[2026-10-01T00:03:20.090+0000] {logging_mixin.py:137} INFO - [2026-10-01T00:03:20.090+0000] {taskmixin.py:205} WARNING - Dependency <Task(EmailOperator): send_email>, prepare_email already registered for DAG: example_dag_decorator
[2026-10-01T00:03:20.106+0000] {processor.py:753} INFO - DAG(s) dict_keys(['example_dag_decorator']) retrieved from /home/airflow/.local/lib/python3.7/site-packages/airflow/example_dags/example_dag_decorator.py
[2026-10-01T00:03:20.207+0000] {logging_mixin.py:137} INFO - [2026-10-01T00:03:20.206+0000] {dag.py:2676} INFO - Sync 1 DAGs
[2026-10-01T00:03:20.237+0000] {logging_mixin.py:137} INFO - [2026-10-01T00:03:20.236+0000] {dag.py:3427} INFO - Setting next_dagrun for example_dag_decorator to None, run_after=None
[2026-10-01T00:03:20.265+0000] {processor.py:175} INFO - Processing /home/airflow/.local/lib/python3.7/site-packages/airflow/example_dags/example_dag_decorator.py took 0.208 seconds
[2026-10-01T00:03:50.431+0000] {processor.py:153} INFO - Started process (PID=15537) to work on /home/airflow/.local/lib/python3.7/site-packages/airflow/example_dags/example_dag_decorator.py
[2026-10-01T00:03:50.432+0000] {processor.py:743} INFO - Processing file /home/airflow/.local/lib/python3.7/site-packages/airflow/example_dags/example_dag_decorator.py for tasks to queue
[2026-10-01T00:03:50.433+0000] {logging_mixin.py:137} INFO - [2026-10-01T00:03:50.433+0000] {dagbag.py:538} INFO - Filling up the DagBag from /home/airflow/.local/lib/python3.7/site-packages/airflow/example_dags/example_dag_decorator.py
[2026-10-01T00:03:50.457+0000] {logging_mixin.py:137} INFO - [2026-10-01T00:03:50.457+0000] {taskmixin.py:205} WARNING - Dependency <Task(_PythonDecoratedOperator): prepare_email>, send_email already registered for DAG: example_dag_decorator
[2026-10-01T00:03:50.457+0000] {logging_mixin.py:137} INFO - [2026-10-01T00:03:50.457+0000] {taskmixin.py:205} WARNING - Dependency <Task(EmailOperator): send_email>, prepare_email already registered for DAG: example_dag_decorator
[2026-10-01T00:03:50.473+0000] {processor.py:753} INFO - DAG(s) dict_keys(['example_dag_decorator']) retrieved from /home/airflow/.local/lib/python3.7/site-packages/airflow/example_dags/example_dag_decorator.py
[2026-10-01T00:03:50.599+0000] {logging_mixin.py:137} INFO - [2026-10-01T00:03:50.598+0000] {dag.py:2676} INFO - Sync 1 DAGs
[2026-10-01T00:03:50.632+0000] {logging_mixin.py:137} INFO - [2026-10-01T00:03:50.632+0000] {dag.py:3427} INFO - Setting next_dagrun for example_dag_decorator to None, run_after=None
[2026-10-01T00:03:50.668+0000] {processor.py:175} INFO - Processing /home/airflow/.local/lib/python3.7/site-packages/airflow/example_dags/example_dag_decorator.py took 0.241 seconds
[2026-10-01T00:04:20.739+0000] {processor.py:153} INFO - Started process (PID=15629) to work on /home/airflow/.local/lib/python3.7/site-packages/airflow/example_dags/example_dag_decorator.py
[2026-10-01T00:04:20.740+0000] {processor.py:743} INFO - Processing file /home/airflow/.local/lib/python3.7/site-packages/airflow/example_dags/example_dag_decorator.py for tasks to queue
[2026-10-01T00:04:20.741+0000] {logging_mixin.py:137} INFO - [2026-10-01T00:04:20.741+0000] {dagbag.py:538} INFO - Filling up the DagBag from /home/airflow/.local/lib/python3.7/site-packages/airflow/example_dags/example_dag_decorator.py
[2026-10-01T00:04:20.763+0000] {logging_mixin.py:137} INFO - [2026-10-01T00:04:20.763+0000] {taskmixin.py:205} WARNING - Dependency <Task(_PythonDecoratedOperator): prepare_email>, send_email already registered for DAG: example_dag_decorator
[2026-10-01T00:04:20.763+0000] {logging_mixin.py:137} INFO - [2026-10-01T00:04:20.763+0000] {taskmixin.py:205} WARNING - Dependency <Task(EmailOperator): send_email>, prepare_email already registered for DAG: example_dag_decorator
[2026-10-01T00:04:20.782+0000] {processor.py:753} INFO - DAG(s) dict_keys(['example_dag_decorator']) retrieved from /home/airflow/.local/lib/python3.7/site-packages/airflow/example_dags/example_dag_decorator.py
[2026-10-01T00:04:20.922+0000] {logging_mixin.py:137} INFO - [2026-10-01T00:04:20.921+0000] {dag.py:2676} INFO - Sync 1 DAGs
[2026-10-01T00:04:20.963+0000] {logging_mixin.py:137} INFO - [2026-10-01T00:04:20.963+0000] {dag.py:3427} INFO - Setting next_dagrun for example_dag_decorator to None, run_after=None
[2026-10-01T00:04:20.989+0000] {processor.py:175} INFO - Processing /home/airflow/.local/lib/python3.7/site-packages/airflow/example_dags/example_dag_decorator.py took 0.256 seconds
[2026-10-01T00:04:51.627+0000] {processor.py:153} INFO - Started process (PID=15706) to work on /home/airflow/.local/lib/python3.7/site-packages/airflow/example_dags/example_dag_decorator.py
[2026-10-01T00:04:51.629+0000] {processor.py:743} INFO - Processing file /home/airflow/.local/lib/python3.7/site-packages/airflow/example_dags/example_dag_decorator.py for tasks to queue
[2026-10-01T00:04:51.629+0000] {logging_mixin.py:137} INFO - [2026-10-01T00:04:51.629+0000] {dagbag.py:538} INFO - Filling up the DagBag from /home/airflow/.local/lib/python3.7/site-packages/airflow/example_dags/example_dag_decorator.py
[2026-10-01T00:04:51.651+0000] {logging_mixin.py:137} INFO - [2026-10-01T00:04:51.651+0000] {taskmixin.py:205} WARNING - Dependency <Task(_PythonDecoratedOperator): prepare_email>, send_email already registered for DAG: example_dag_decorator
[2026-10-01T00:04:51.651+0000] {logging_mixin.py:137} INFO - [2026-10-01T00:04:51.651+0000] {taskmixin.py:205} WARNING - Dependency <Task(EmailOperator): send_email>, prepare_email already registered for DAG: example_dag_decorator
[2026-10-01T00:04:51.667+0000] {processor.py:753} INFO - DAG(s) dict_keys(['example_dag_decorator']) retrieved from /home/airflow/.local/lib/python3.7/site-packages/airflow/example_dags/example_dag_decorator.py
[2026-10-01T00:04:51.762+0000] {logging_mixin.py:137} INFO - [2026-10-01T00:04:51.762+0000] {dag.py:2676} INFO - Sync 1 DAGs
[2026-10-01T00:04:51.792+0000] {logging_mixin.py:137} INFO - [2026-10-01T00:04:51.792+0000] {dag.py:3427} INFO - Setting next_dagrun for example_dag_decorator to None, run_after=None
[2026-10-01T00:04:51.812+0000] {processor.py:175} INFO - Processing /home/airflow/.local/lib/python3.7/site-packages/airflow/example_dags/example_dag_decorator.py took 0.189 seconds
[2026-10-01T00:05:22.433+0000] {processor.py:153} INFO - Started process (PID=15785) to work on /home/airflow/.local/lib/python3.7/site-packages/airflow/example_dags/example_dag_decorator.py
[2026-10-01T00:05:22.434+0000] {processor.py:743} INFO - Processing file /home/airflow/.local/lib/python3.7/site-packages/airflow/example_dags/example_dag_decorator.py for tasks to queue
[2026-10-01T00:05:22.434+0000] {logging_mixin.py:137} INFO - [2026-10-01T00:05:22.434+0000] {dagbag.py:538} INFO - Filling up the DagBag from /home/airflow/.local/lib/python3.7/site-packages/airflow/example_dags/example_dag_decorator.py
[2026-10-01T00:05:22.456+0000] {logging_mixin.py:137} INFO - [2026-10-01T00:05:22.456+0000] {taskmixin.py:205} WARNING - Dependency <Task(_PythonDecoratedOperator): prepare_email>, send_email already registered for DAG: example_dag_decorator
[2026-10-01T00:05:22.456+0000] {logging_mixin.py:137} INFO - [2026-10-01T00:05:22.456+0000] {taskmixin.py:205} WARNING - Dependency <Task(EmailOperator): send_email>, prepare_email already registered for DAG: example_dag_decorator
[2026-10-01T00:05:22.472+0000] {processor.py:753} INFO - DAG(s) dict_keys(['example_dag_decorator']) retrieved from /home/airflow/.local/lib/python3.7/site-packages/airflow/example_dags/example_dag_decorator.py
[2026-10-01T00:05:22.569+0000] {logging_mixin.py:137} INFO - [2026-10-01T00:05:22.568+0000] {dag.py:2676} INFO - Sync 1 DAGs
[2026-10-01T00:05:22.597+0000] {logging_mixin.py:137} INFO - [2026-10-01T00:05:22.597+0000] {dag.py:3427} INFO - Setting next_dagrun for example_dag_decorator to None, run_after=None
[2026-10-01T00:05:22.626+0000] {processor.py:175} INFO - Processing /home/airflow/.local/lib/python3.7/site-packages/airflow/example_dags/example_dag_decorator.py took 0.196 seconds
[2026-10-01T00:05:52.912+0000] {processor.py:153} INFO - Started process (PID=15873) to work on /home/airflow/.local/lib/python3.7/site-packages/airflow/example_dags/example_dag_decorator.py
[2026-10-01T00:05:52.913+0000] {processor.py:743} INFO - Processing file /home/airflow/.local/lib/python3.7/site-packages/airflow/example_dags/example_dag_decorator.py for tasks to queue
[2026-10-01T00:05:52.914+0000] {logging_mixin.py:137} INFO - [2026-10-01T00:05:52.914+0000] {dagbag.py:538} INFO - Filling up the DagBag from /home/airflow/.local/lib/python3.7/site-packages/airflow/example_dags/example_dag_decorator.py
[2026-10-01T00:05:52.937+0000] {logging_mixin.py:137} INFO - [2026-10-01T00:05:52.937+0000] {taskmixin.py:205} WARNING - Dependency <Task(_PythonDecoratedOperator): prepare_email>, send_email already registered for DAG: example_dag_decorator
[2026-10-01T00:05:52.938+0000] {logging_mixin.py:137} INFO - [2026-10-01T00:05:52.937+0000] {taskmixin.py:205} WARNING - Dependency <Task(EmailOperator): send_email>, prepare_email already registered for DAG: example_dag_decorator
[2026-10-01T00:05:52.962+0000] {processor.py:753} INFO - DAG(s) dict_keys(['example_dag_decorator']) retrieved from /home/airflow/.local/lib/python3.7/site-packages/airflow/example_dags/example_dag_decorator.py
[2026-10-01T00:05:53.086+0000] {logging_mixin.py:137} INFO - [2026-10-01T00:05:53.085+0000] {dag.py:2676} INFO - Sync 1 DAGs
[2026-10-01T00:05:53.113+0000] {logging_mixin.py:137} INFO - [2026-10-01T00:05:53.113+0000] {dag.py:3427} INFO - Setting next_dagrun for example_dag_decorator to None, run_after=None
[2026-10-01T00:05:53.137+0000] {processor.py:175} INFO - Processing /home/airflow/.local/lib/python3.7/site-packages/airflow/example_dags/example_dag_decorator.py took 0.229 seconds
[2026-10-01T00:06:23.401+0000] {processor.py:153} INFO - Started process (PID=15963) to work on /home/airflow/.local/lib/python3.7/site-packages/airflow/example_dags/example_dag_decorator.py
[2026-10-01T00:06:23.402+0000] {processor.py:743} INFO - Processing file /home/airflow/.local/lib/python3.7/site-packages/airflow/example_dags/example_dag_decorator.py for tasks to queue
[2026-10-01T00:06:23.403+0000] {logging_mixin.py:137} INFO - [2026-10-01T00:06:23.403+0000] {dagbag.py:538} INFO - Filling up the DagBag from /home/airflow/.local/lib/python3.7/site-packages/airflow/example_dags/example_dag_decorator.py
[2026-10-01T00:06:23.424+0000] {logging_mixin.py:137} INFO - [2026-10-01T00:06:23.424+0000] {taskmixin.py:205} WARNING - Dependency <Task(_PythonDecoratedOperator): prepare_email>, send_email already registered for DAG: example_dag_decorator
[2026-10-01T00:06:23.424+0000] {logging_mixin.py:137} INFO - [2026-10-01T00:06:23.424+0000] {taskmixin.py:205} WARNING - Dependency <Task(EmailOperator): send_email>, prepare_email already registered for DAG: example_dag_decorator
[2026-10-01T00:06:23.440+0000] {processor.py:753} INFO - DAG(s) dict_keys(['example_dag_decorator']) retrieved from /home/airflow/.local/lib/python3.7/site-packages/airflow/example_dags/example_dag_decorator.py
[2026-10-01T00:06:23.548+0000] {logging_mixin.py:137} INFO - [2026-10-01T00:06:23.548+0000] {dag.py:2676} INFO - Sync 1 DAGs
[2026-10-01T00:06:23.585+0000] {logging_mixin.py:137} INFO - [2026-10-01T00:06:23.585+0000] {dag.py:3427} INFO - Setting next_dagrun for example_dag_decorator to None, run_after=None
[2026-10-01T00:06:23.608+0000] {processor.py:175} INFO - Processing /home/airflow/.local/lib/python3.7/site-packages/airflow/example_dags/example_dag_decorator.py took 0.210 seconds
[2026-10-01T00:06:53.713+0000] {processor.py:153} INFO - Started process (PID=16042) to work on /home/airflow/.local/lib/python3.7/site-packages/airflow/example_dags/example_dag_decorator.py
[2026-10-01T00:06:53.714+0000] {processor.py:743} INFO - Processing file /home/airflow/.local/lib/python3.7/site-packages/airflow/example_dags/example_dag_decorator.py for tasks to queue
[2026-10-01T00:06:53.715+0000] {logging_mixin.py:137} INFO - [2026-10-01T00:06:53.714+0000] {dagbag.py:538} INFO - Filling up the DagBag from /home/airflow/.local/lib/python3.7/site-packages/airflow/example_dags/example_dag_decorator.py
[2026-10-01T00:06:53.739+0000] {logging_mixin.py:137} INFO - [2026-10-01T00:06:53.739+0000] {taskmixin.py:205} WARNING - Dependency <Task(_PythonDecoratedOperator): prepare_email>, send_email already registered for DAG: example_dag_decorator
[2026-10-01T00:06:53.739+0000] {logging_mixin.py:137} INFO - [2026-10-01T00:06:53.739+0000] {taskmixin.py:205} WARNING - Dependency <Task(EmailOperator): send_email>, prepare_email already registered for DAG: example_dag_decorator
[2026-10-01T00:06:53.757+0000] {processor.py:753} INFO - DAG(s) dict_keys(['example_dag_decorator']) retrieved from /home/airflow/.local/lib/python3.7/site-packages/airflow/example_dags/example_dag_decorator.py
[2026-10-01T00:06:53.873+0000] {logging_mixin.py:137} INFO - [2026-10-01T00:06:53.873+0000] {dag.py:2676} INFO - Sync 1 DAGs
[2026-10-01T00:06:53.903+0000] {logging_mixin.py:137} INFO - [2026-10-01T00:06:53.903+0000] {dag.py:3427} INFO - Setting next_dagrun for example_dag_decorator to None, run_after=None
[2026-10-01T00:06:53.926+0000] {processor.py:175} INFO - Processing /home/airflow/.local/lib/python3.7/site-packages/airflow/example_dags/example_dag_decorator.py took 0.217 seconds
[2026-10-01T00:07:23.961+0000] {processor.py:153} INFO - Started process (PID=16121) to work on /home/airflow/.local/lib/python3.7/site-packages/airflow/example_dags/example_dag_decorator.py
[2026-10-01T00:07:23.963+0000] {processor.py:743} INFO - Processing file /home/airflow/.local/lib/python3.7/site-packages/airflow/example_dags/example_dag_decorator.py for tasks to queue
[2026-10-01T00:07:23.963+0000] {logging_mixin.py:137} INFO - [2026-10-01T00:07:23.963+0000] {dagbag.py:538} INFO - Filling up the DagBag from /home/airflow/.local/lib/python3.7/site-packages/airflow/example_dags/example_dag_decorator.py
[2026-10-01T00:07:23.987+0000] {logging_mixin.py:137} INFO - [2026-10-01T00:07:23.987+0000] {taskmixin.py:205} WARNING - Dependency <Task(_PythonDecoratedOperator): prepare_email>, send_email already registered for DAG: example_dag_decorator
[2026-10-01T00:07:23.988+0000] {logging_mixin.py:137} INFO - [2026-10-01T00:07:23.988+0000] {taskmixin.py:205} WARNING - Dependency <Task(EmailOperator): send_email>, prepare_email already registered for DAG: example_dag_decorator
[2026-10-01T00:07:24.010+0000] {processor.py:753} INFO - DAG(s) dict_keys(['example_dag_decorator']) retrieved from /home/airflow/.local/lib/python3.7/site-packages/airflow/example_dags/example_dag_decorator.py
[2026-10-01T00:07:24.132+0000] {logging_mixin.py:137} INFO - [2026-10-01T00:07:24.132+0000] {dag.py:2676} INFO - Sync 1 DAGs
[2026-10-01T00:07:24.167+0000] {logging_mixin.py:137} INFO - [2026-10-01T00:07:24.166+0000] {dag.py:3427} INFO - Setting next_dagrun for example_dag_decorator to None, run_after=None
[2026-10-01T00:07:24.198+0000] {processor.py:175} INFO - Processing /home/airflow/.local/lib/python3.7/site-packages/airflow/example_dags/example_dag_decorator.py took 0.241 seconds
[2026-10-01T00:07:54.471+0000] {processor.py:153} INFO - Started process (PID=16220) to work on /home/airflow/.local/lib/python3.7/site-packages/airflow/example_dags/example_dag_decorator.py
[2026-10-01T00:07:54.473+0000] {processor.py:743} INFO - Processing file /home/airflow/.local/lib/python3.7/site-packages/airflow/example_dags/example_dag_decorator.py for tasks to queue
[2026-10-01T00:07:54.473+0000] {logging_mixin.py:137} INFO - [2026-10-01T00:07:54.473+0000] {dagbag.py:538} INFO - Filling up the DagBag from /home/airflow/.local/lib/python3.7/site-packages/airflow/example_dags/example_dag_decorator.py
[2026-10-01T00:07:54.496+0000] {logging_mixin.py:137} INFO - [2026-10-01T00:07:54.495+0000] {taskmixin.py:205} WARNING - Dependency <Task(_PythonDecoratedOperator): prepare_email>, send_email already registered for DAG: example_dag_decorator
[2026-10-01T00:07:54.496+0000] {logging_mixin.py:137} INFO - [2026-10-01T00:07:54.496+0000] {taskmixin.py:205} WARNING - Dependency <Task(EmailOperator): send_email>, prepare_email already registered for DAG: example_dag_decorator
[2026-10-01T00:07:54.512+0000] {processor.py:753} INFO - DAG(s) dict_keys(['example_dag_decorator']) retrieved from /home/airflow/.local/lib/python3.7/site-packages/airflow/example_dags/example_dag_decorator.py
[2026-10-01T00:07:54.611+0000] {logging_mixin.py:137} INFO - [2026-10-01T00:07:54.611+0000] {dag.py:2676} INFO - Sync 1 DAGs
[2026-10-01T00:07:54.640+0000] {logging_mixin.py:137} INFO - [2026-10-01T00:07:54.640+0000] {dag.py:3427} INFO - Setting next_dagrun for example_dag_decorator to None, run_after=None
[2026-10-01T00:07:54.663+0000] {processor.py:175} INFO - Processing /home/airflow/.local/lib/python3.7/site-packages/airflow/example_dags/example_dag_decorator.py took 0.195 seconds
[2026-10-01T00:08:24.699+0000] {processor.py:153} INFO - Started process (PID=16299) to work on /home/airflow/.local/lib/python3.7/site-packages/airflow/example_dags/example_dag_decorator.py
[2026-10-01T00:08:24.700+0000] {processor.py:743} INFO - Processing file /home/airflow/.local/lib/python3.7/site-packages/airflow/example_dags/example_dag_decorator.py for tasks to queue
[2026-10-01T00:08:24.701+0000] {logging_mixin.py:137} INFO - [2026-10-01T00:08:24.700+0000] {dagbag.py:538} INFO - Filling up the DagBag from /home/airflow/.local/lib/python3.7/site-packages/airflow/example_dags/example_dag_decorator.py
[2026-10-01T00:08:24.723+0000] {logging_mixin.py:137} INFO - [2026-10-01T00:08:24.723+0000] {taskmixin.py:205} WARNING - Dependency <Task(_PythonDecoratedOperator): prepare_email>, send_email already registered for DAG: example_dag_decorator
[2026-10-01T00:08:24.723+0000] {logging_mixin.py:137} INFO - [2026-10-01T00:08:24.723+0000] {taskmixin.py:205} WARNING - Dependency <Task(EmailOperator): send_email>, prepare_email already registered for DAG: example_dag_decorator
[2026-10-01T00:08:24.739+0000] {processor.py:753} INFO - DAG(s) dict_keys(['example_dag_decorator']) retrieved from /home/airflow/.local/lib/python3.7/site-packages/airflow/example_dags/example_dag_decorator.py
[2026-10-01T00:08:24.841+0000] {logging_mixin.py:137} INFO - [2026-10-01T00:08:24.841+0000] {dag.py:2676} INFO - Sync 1 DAGs
[2026-10-01T00:08:24.870+0000] {logging_mixin.py:137} INFO - [2026-10-01T00:08:24.870+0000] {dag.py:3427} INFO - Setting next_dagrun for example_dag_decorator to None, run_after=None
[2026-10-01T00:08:24.892+0000] {processor.py:175} INFO - Processing /home/airflow/.local/lib/python3.7/site-packages/airflow/example_dags/example_dag_decorator.py took 0.197 seconds
[2026-10-01T00:08:55.177+0000] {processor.py:153} INFO - Started process (PID=16378) to work on /home/airflow/.local/lib/python3.7/site-packages/airflow/example_dags/example_dag_decorator.py
[2026-10-01T00:08:55.179+0000] {processor.py:743} INFO - Processing file /home/airflow/.local/lib/python3.7/site-packages/airflow/example_dags/example_dag_decorator.py for tasks to queue
[2026-10-01T00:08:55.180+0000] {logging_mixin.py:137} INFO - [2026-10-01T00:08:55.180+0000] {dagbag.py:538} INFO - Filling up the DagBag from /home/airflow/.local/lib/python3.7/site-packages/airflow/example_dags/example_dag_decorator.py
[2026-10-01T00:08:55.216+0000] {logging_mixin.py:137} INFO - [2026-10-01T00:08:55.215+0000] {taskmixin.py:205} WARNING - Dependency <Task(_PythonDecoratedOperator): prepare_email>, send_email already registered for DAG: example_dag_decorator
[2026-10-01T00:08:55.216+0000] {logging_mixin.py:137} INFO - [2026-10-01T00:08:55.216+0000] {taskmixin.py:205} WARNING - Dependency <Task(EmailOperator): send_email>, prepare_email already registered for DAG: example_dag_decorator
[2026-10-01T00:08:55.241+0000] {processor.py:753} INFO - DAG(s) dict_keys(['example_dag_decorator']) retrieved from /home/airflow/.local/lib/python3.7/site-packages/airflow/example_dags/example_dag_decorator.py
[2026-10-01T00:08:55.335+0000] {logging_mixin.py:137} INFO - [2026-10-01T00:08:55.335+0000] {dag.py:2676} INFO - Sync 1 DAGs
[2026-10-01T00:08:55.364+0000] {logging_mixin.py:137} INFO - [2026-10-01T00:08:55.364+0000] {dag.py:3427} INFO - Setting next_dagrun for example_dag_decorator to None, run_after=None
[2026-10-01T00:08:55.387+0000] {processor.py:175} INFO - Processing /home/airflow/.local/lib/python3.7/site-packages/airflow/example_dags/example_dag_decorator.py took 0.217 seconds
[2026-10-01T00:09:25.781+0000] {processor.py:153} INFO - Started process (PID=16457) to work on /home/airflow/.local/lib/python3.7/site-packages/airflow/example_dags/example_dag_decorator.py
[2026-10-01T00:09:25.782+0000] {processor.py:743} INFO - Processing file /home/airflow/.local/lib/python3.7/site-packages/airflow/example_dags/example_dag_decorator.py for tasks to queue
[2026-10-01T00:09:25.783+0000] {logging_mixin.py:137} INFO - [2026-10-01T00:09:25.783+0000] {dagbag.py:538} INFO - Filling up the DagBag from /home/airflow/.local/lib/python3.7/site-packages/airflow/example_dags/example_dag_decorator.py
[2026-10-01T00:09:25.807+0000] {logging_mixin.py:137} INFO - [2026-10-01T00:09:25.807+0000] {taskmixin.py:205} WARNING - Dependency <Task(_PythonDecoratedOperator): prepare_email>, send_email already registered for DAG: example_dag_decorator
[2026-10-01T00:09:25.807+0000] {logging_mixin.py:137} INFO - [2026-10-01T00:09:25.807+0000] {taskmixin.py:205} WARNING - Dependency <Task(EmailOperator): send_email>, prepare_email already registered for DAG: example_dag_decorator
[2026-10-01T00:09:25.825+0000] {processor.py:753} INFO - DAG(s) dict_keys(['example_dag_decorator']) retrieved from /home/airflow/.local/lib/python3.7/site-packages/airflow/example_dags/example_dag_decorator.py
[2026-10-01T00:09:25.971+0000] {logging_mixin.py:137} INFO - [2026-10-01T00:09:25.971+0000] {dag.py:2676} INFO - Sync 1 DAGs
[2026-10-01T00:09:25.999+0000] {logging_mixin.py:137} INFO - [2026-10-01T00:09:25.999+0000] {dag.py:3427} INFO - Setting next_dagrun for example_dag_decorator to None, run_after=None
[2026-10-01T00:09:26.022+0000] {processor.py:175} INFO - Processing /home/airflow/.local/lib/python3.7/site-packages/airflow/example_dags/example_dag_decorator.py took 0.244 seconds
[2026-10-01T00:09:56.801+0000] {processor.py:153} INFO - Started process (PID=16556) to work on /home/airflow/.local/lib/python3.7/site-packages/airflow/example_dags/example_dag_decorator.py
[2026-10-01T00:09:56.803+0000] {processor.py:743} INFO - Processing file /home/airflow/.local/lib/python3.7/site-packages/airflow/example_dags/example_dag_decorator.py for tasks to queue
[2026-10-01T00:09:56.804+0000] {logging_mixin.py:137} INFO - [2026-10-01T00:09:56.804+0000] {dagbag.py:538} INFO - Filling up the DagBag from /home/airflow/.local/lib/python3.7/site-packages/airflow/example_dags/example_dag_decorator.py
[2026-10-01T00:09:56.839+0000] {logging_mixin.py:137} INFO - [2026-10-01T00:09:56.839+0000] {taskmixin.py:205} WARNING - Dependency <Task(_PythonDecoratedOperator): prepare_email>, send_email already registered for DAG: example_dag_decorator
[2026-10-01T00:09:56.840+0000] {logging_mixin.py:137} INFO - [2026-10-01T00:09:56.840+0000] {taskmixin.py:205} WARNING - Dependency <Task(EmailOperator): send_email>, prepare_email already registered for DAG: example_dag_decorator
[2026-10-01T00:09:56.865+0000] {processor.py:753} INFO - DAG(s) dict_keys(['example_dag_decorator']) retrieved from /home/airflow/.local/lib/python3.7/site-packages/airflow/example_dags/example_dag_decorator.py
[2026-10-01T00:09:57.020+0000] {logging_mixin.py:137} INFO - [2026-10-01T00:09:57.020+0000] {dag.py:2676} INFO - Sync 1 DAGs
[2026-10-01T00:09:57.063+0000] {logging_mixin.py:137} INFO - [2026-10-01T00:09:57.063+0000] {dag.py:3427} INFO - Setting next_dagrun for example_dag_decorator to None, run_after=None
[2026-10-01T00:09:57.092+0000] {processor.py:175} INFO - Processing /home/airflow/.local/lib/python3.7/site-packages/airflow/example_dags/example_dag_decorator.py took 0.296 seconds
[2026-10-01T00:10:27.138+0000] {processor.py:153} INFO - Started process (PID=16635) to work on /home/airflow/.local/lib/python3.7/site-packages/airflow/example_dags/example_dag_decorator.py
[2026-10-01T00:10:27.139+0000] {processor.py:743} INFO - Processing file /home/airflow/.local/lib/python3.7/site-packages/airflow/example_dags/example_dag_decorator.py for tasks to queue
[2026-10-01T00:10:27.139+0000] {logging_mixin.py:137} INFO - [2026-10-01T00:10:27.139+0000] {dagbag.py:538} INFO - Filling up the DagBag from /home/airflow/.local/lib/python3.7/site-packages/airflow/example_dags/example_dag_decorator.py
[2026-10-01T00:10:27.162+0000] {logging_mixin.py:137} INFO - [2026-10-01T00:10:27.161+0000] {taskmixin.py:205} WARNING - Dependency <Task(_PythonDecoratedOperator): prepare_email>, send_email already registered for DAG: example_dag_decorator
[2026-10-01T00:10:27.162+0000] {logging_mixin.py:137} INFO - [2026-10-01T00:10:27.162+0000] {taskmixin.py:205} WARNING - Dependency <Task(EmailOperator): send_email>, prepare_email already registered for DAG: example_dag_decorator
[2026-10-01T00:10:27.179+0000] {processor.py:753} INFO - DAG(s) dict_keys(['example_dag_decorator']) retrieved from /home/airflow/.local/lib/python3.7/site-packages/airflow/example_dags/example_dag_decorator.py
[2026-10-01T00:10:27.291+0000] {logging_mixin.py:137} INFO - [2026-10-01T00:10:27.290+0000] {dag.py:2676} INFO - Sync 1 DAGs
[2026-10-01T00:10:27.320+0000] {logging_mixin.py:137} INFO - [2026-10-01T00:10:27.320+0000] {dag.py:3427} INFO - Setting next_dagrun for example_dag_decorator to None, run_after=None
[2026-10-01T00:10:27.344+0000] {processor.py:175} INFO - Processing /home/airflow/.local/lib/python3.7/site-packages/airflow/example_dags/example_dag_decorator.py took 0.210 seconds
[2026-10-01T00:10:58.148+0000] {processor.py:153} INFO - Started process (PID=16714) to work on /home/airflow/.local/lib/python3.7/site-packages/airflow/example_dags/example_dag_decorator.py
[2026-10-01T00:10:58.149+0000] {processor.py:743} INFO - Processing file /home/airflow/.local/lib/python3.7/site-packages/airflow/example_dags/example_dag_decorator.py for tasks to queue
[2026-10-01T00:10:58.149+0000] {logging_mixin.py:137} INFO - [2026-10-01T00:10:58.149+0000] {dagbag.py:538} INFO - Filling up the DagBag from /home/airflow/.local/lib/python3.7/site-packages/airflow/example_dags/example_dag_decorator.py
[2026-10-01T00:10:58.172+0000] {logging_mixin.py:137} INFO - [2026-10-01T00:10:58.171+0000] {taskmixin.py:205} WARNING - Dependency <Task(_PythonDecoratedOperator): prepare_email>, send_email already registered for DAG: example_dag_decorator
[2026-10-01T00:10:58.172+0000] {logging_mixin.py:137} INFO - [2026-10-01T00:10:58.172+0000] {taskmixin.py:205} WARNING - Dependency <Task(EmailOperator): send_email>, prepare_email already registered for DAG: example_dag_decorator
[2026-10-01T00:10:58.189+0000] {processor.py:753} INFO - DAG(s) dict_keys(['example_dag_decorator']) retrieved from /home/airflow/.local/lib/python3.7/site-packages/airflow/example_dags/example_dag_decorator.py
[2026-10-01T00:10:58.288+0000] {logging_mixin.py:137} INFO - [2026-10-01T00:10:58.288+0000] {dag.py:2676} INFO - Sync 1 DAGs
[2026-10-01T00:10:58.318+0000] {logging_mixin.py:137} INFO - [2026-10-01T00:10:58.318+0000] {dag.py:3427} INFO - Setting next_dagrun for example_dag_decorator to None, run_after=None
[2026-10-01T00:10:58.341+0000] {processor.py:175} INFO - Processing /home/airflow/.local/lib/python3.7/site-packages/airflow/example_dags/example_dag_decorator.py took 0.197 seconds
[2026-10-01T00:11:28.470+0000] {processor.py:153} INFO - Started process (PID=16793) to work on /home/airflow/.local/lib/python3.7/site-packages/airflow/example_dags/example_dag_decorator.py
[2026-10-01T00:11:28.471+0000] {processor.py:743} INFO - Processing file /home/airflow/.local/lib/python3.7/site-packages/airflow/example_dags/example_dag_decorator.py for tasks to queue
[2026-10-01T00:11:28.471+0000] {logging_mixin.py:137} INFO - [2026-10-01T00:11:28.471+0000] {dagbag.py:538} INFO - Filling up the DagBag from /home/airflow/.local/lib/python3.7/site-packages/airflow/example_dags/example_dag_decorator.py
[2026-10-01T00:11:28.494+0000] {logging_mixin.py:137} INFO - [2026-10-01T00:11:28.494+0000] {taskmixin.py:205} WARNING - Dependency <Task(_PythonDecoratedOperator): prepare_email>, send_email already registered for DAG: example_dag_decorator
[2026-10-01T00:11:28.495+0000] {logging_mixin.py:137} INFO - [2026-10-01T00:11:28.494+0000] {taskmixin.py:205} WARNING - Dependency <Task(EmailOperator): send_email>, prepare_email already registered for DAG: example_dag_decorator
[2026-10-01T00:11:28.511+0000] {processor.py:753} INFO - DAG(s) dict_keys(['example_dag_decorator']) retrieved from /home/airflow/.local/lib/python3.7/site-packages/airflow/example_dags/example_dag_decorator.py
[2026-10-01T00:11:28.619+0000] {logging_mixin.py:137} INFO - [2026-10-01T00:11:28.619+0000] {dag.py:2676} INFO - Sync 1 DAGs
[2026-10-01T00:11:28.647+0000] {logging_mixin.py:137} INFO - [2026-10-01T00:11:28.647+0000] {dag.py:3427} INFO - Setting next_dagrun for example_dag_decorator to None, run_after=None
[2026-10-01T00:11:28.670+0000] {processor.py:175} INFO - Processing /home/airflow/.local/lib/python3.7/site-packages/airflow/example_dags/example_dag_decorator.py took 0.205 seconds
[2026-10-01T00:11:58.814+0000] {processor.py:153} INFO - Started process (PID=16892) to work on /home/airflow/.local/lib/python3.7/site-packages/airflow/example_dags/example_dag_decorator.py
[2026-10-01T00:11:58.815+0000] {processor.py:743} INFO - Processing file /home/airflow/.local/lib/python3.7/site-packages/airflow/example_dags/example_dag_decorator.py for tasks to queue
[2026-10-01T00:11:58.816+0000] {logging_mixin.py:137} INFO - [2026-10-01T00:11:58.816+0000] {dagbag.py:538} INFO - Filling up the DagBag from /home/airflow/.local/lib/python3.7/site-packages/airflow/example_dags/example_dag_decorator.py
[2026-10-01T00:11:58.847+0000] {logging_mixin.py:137} INFO - [2026-10-01T00:11:58.847+0000] {taskmixin.py:205} WARNING - Dependency <Task(_PythonDecoratedOperator): prepare_email>, send_email already registered for DAG: example_dag_decorator
[2026-10-01T00:11:58.847+0000] {logging_mixin.py:137} INFO - [2026-10-01T00:11:58.847+0000] {taskmixin.py:205} WARNING - Dependency <Task(EmailOperator): send_email>, prepare_email already registered for DAG: example_dag_decorator
[2026-10-01T00:11:58.864+0000] {processor.py:753} INFO - DAG(s) dict_keys(['example_dag_decorator']) retrieved from /home/airflow/.local/lib/python3.7/site-packages/airflow/example_dags/example_dag_decorator.py
[2026-10-01T00:11:58.969+0000] {logging_mixin.py:137} INFO - [2026-10-01T00:11:58.969+0000] {dag.py:2676} INFO - Sync 1 DAGs
[2026-10-01T00:11:58.996+0000] {logging_mixin.py:137} INFO - [2026-10-01T00:11:58.996+0000] {dag.py:3427} INFO - Setting next_dagrun for example_dag_decorator to None, run_after=None
[2026-10-01T00:11:59.017+0000] {processor.py:175} INFO - Processing /home/airflow/.local/lib/python3.7/site-packages/airflow/example_dags/example_dag_decorator.py took 0.207 seconds
