[2026-10-01T00:00:20.786+0000] {processor.py:153} INFO - Started process (PID=14976) to work on /home/airflow/.local/lib/python3.7/site-packages/airflow/example_dags/example_sensor_decorator.py
[2026-10-01T00:00:20.788+0000] {processor.py:743} INFO - Processing file /home/airflow/.local/lib/python3.7/site-packages/airflow/example_dags/example_sensor_decorator.py for tasks to queue
[2026-10-01T00:00:20.789+0000] {logging_mixin.py:137} INFO - [2026-10-01T00:00:20.788+0000] {dagbag.py:538} INFO - Filling up the DagBag from /home/airflow/.local/lib/python3.7/site-packages/airflow/example_dags/example_sensor_decorator.py
[2026-10-01T00:00:20.813+0000] {logging_mixin.py:137} WARNING - /home/airflow/.local/lib/python3.7/site-packages/airflow/models/dag.py:3524 RemovedInAirflow3Warning: Param `schedule_interval` is deprecated and will be removed in a future release. Please use `schedule` instead.
[2026-10-01T00:00:20.823+0000] {processor.py:753} INFO - DAG(s) dict_keys(['example_sensor_decorator']) retrieved from /home/airflow/.local/lib/python3.7/site-packages/airflow/example_dags/example_sensor_decorator.py
[2026-10-01T00:00:20.879+0000] {logging_mixin.py:137} INFO - [2026-10-01T00:00:20.879+0000] {dag.py:2676} INFO - Sync 1 DAGs
[2026-10-01T00:00:20.927+0000] {logging_mixin.py:137} INFO - [2026-10-01T00:00:20.927+0000] {dag.py:3427} INFO - Setting next_dagrun for example_sensor_decorator to None, run_after=None
[2026-10-01T00:00:20.946+0000] {processor.py:175} INFO - Processing /home/airflow/.local/lib/python3.7/site-packages/airflow/example_dags/example_sensor_decorator.py took 0.167 seconds
[2026-10-01T00:00:51.766+0000] {processor.py:153} INFO - Started process (PID=15055) to work on /home/airflow/.local/lib/python3.7/site-packages/airflow/example_dags/example_sensor_decorator.py
[2026-10-01T00:00:51.766+0000] {processor.py:743} INFO - Processing file /home/airflow/.local/lib/python3.7/site-packages/airflow/example_dags/example_sensor_decorator.py for tasks to queue
[2026-10-01T00:00:51.767+0000] {logging_mixin.py:137} INFO - [2026-10-01T00:00:51.767+0000] {dagbag.py:538} INFO - Filling up the DagBag from /home/airflow/.local/lib/python3.7/site-packages/airflow/example_dags/example_sensor_decorator.py
[2026-10-01T00:00:51.788+0000] {logging_mixin.py:137} WARNING - /home/airflow/.local/lib/python3.7/site-packages/airflow/models/dag.py:3524 RemovedInAirflow3Warning: Param `schedule_interval` is deprecated and will be removed in a future release. Please use `schedule` instead.
[2026-10-01T00:00:51.798+0000] {processor.py:753} INFO - DAG(s) dict_keys(['example_sensor_decorator']) retrieved from /home/airflow/.local/lib/python3.7/site-packages/airflow/example_dags/example_sensor_decorator.py
[2026-10-01T00:00:51.839+0000] {logging_mixin.py:137} INFO - [2026-10-01T00:00:51.838+0000] {dag.py:2676} INFO - Sync 1 DAGs
[2026-10-01T00:00:51.865+0000] {logging_mixin.py:137} INFO - [2026-10-01T00:00:51.865+0000] {dag.py:3427} INFO - Setting next_dagrun for example_sensor_decorator to None, run_after=None
[2026-10-01T00:00:51.900+0000] {processor.py:175} INFO - Processing /home/airflow/.local/lib/python3.7/site-packages/airflow/example_dags/example_sensor_decorator.py took 0.138 seconds
[2026-10-01T00:01:22.645+0000] {processor.py:153} INFO - Started process (PID=15154) to work on /home/airflow/.local/lib/python3.7/site-packages/airflow/example_dags/example_sensor_decorator.py
[2026-10-01T00:01:22.646+0000] {processor.py:743} INFO - Processing file /home/airflow/.local/lib/python3.7/site-packages/airflow/example_dags/example_sensor_decorator.py for tasks to queue
[2026-10-01T00:01:22.647+0000] {logging_mixin.py:137} INFO - [2026-10-01T00:01:22.647+0000] {dagbag.py:538} INFO - Filling up the DagBag from /home/airflow/.local/lib/python3.7/site-packages/airflow/example_dags/example_sensor_decorator.py
[2026-10-01T00:01:22.678+0000] {logging_mixin.py:137} WARNING - /home/airflow/.local/lib/python3.7/site-packages/airflow/models/dag.py:3524 RemovedInAirflow3Warning: Param `schedule_interval` is deprecated and will be removed in a future release. Please use `schedule` instead.
[2026-10-01T00:01:22.689+0000] {processor.py:753} INFO - DAG(s) dict_keys(['example_sensor_decorator']) retrieved from /home/airflow/.local/lib/python3.7/site-packages/airflow/example_dags/example_sensor_decorator.py
[2026-10-01T00:01:22.743+0000] {logging_mixin.py:137} INFO - [2026-10-01T00:01:22.743+0000] {dag.py:2676} INFO - Sync 1 DAGs
[2026-10-01T00:01:22.786+0000] {logging_mixin.py:137} INFO - [2026-10-01T00:01:22.786+0000] {dag.py:3427} INFO - Setting next_dagrun for example_sensor_decorator to None, run_after=None
[2026-10-01T00:01:22.817+0000] {processor.py:175} INFO - Processing /home/airflow/.local/lib/python3.7/site-packages/airflow/example_dags/example_sensor_decorator.py took 0.177 seconds
[2026-10-01T00:01:53.514+0000] {processor.py:153} INFO - Started process (PID=15233) to work on /home/airflow/.local/lib/python3.7/site-packages/airflow/example_dags/example_sensor_decorator.py
[2026-10-01T00:01:53.515+0000] {processor.py:743} INFO - Processing file /home/airflow/.local/lib/python3.7/site-packages/airflow/example_dags/example_sensor_decorator.py for tasks to queue
[2026-10-01T00:01:53.517+0000] {logging_mixin.py:137} INFO - [2026-10-01T00:01:53.516+0000] {dagbag.py:538} INFO - Filling up the DagBag from /home/airflow/.local/lib/python3.7/site-packages/airflow/example_dags/example_sensor_decorator.py
[2026-10-01T00:01:53.545+0000] {logging_mixin.py:137} WARNING - /home/airflow/.local/lib/python3.7/site-packages/airflow/models/dag.py:3524 RemovedInAirflow3Warning: Param `schedule_interval` is deprecated and will be removed in a future release. Please use `schedule` instead.
[2026-10-01T00:01:53.555+0000] {processor.py:753} INFO - DAG(s) dict_keys(['example_sensor_decorator']) retrieved from /home/airflow/.local/lib/python3.7/site-packages/airflow/example_dags/example_sensor_decorator.py
[2026-10-01T00:01:53.609+0000] {logging_mixin.py:137} INFO - [2026-10-01T00:01:53.609+0000] {dag.py:2676} INFO - Sync 1 DAGs
[2026-10-01T00:01:53.650+0000] {logging_mixin.py:137} INFO - [2026-10-01T00:01:53.650+0000] {dag.py:3427} INFO - Setting next_dagrun for example_sensor_decorator to None, run_after=None
[2026-10-01T00:01:53.682+0000] {processor.py:175} INFO - Processing /home/airflow/.local/lib/python3.7/site-packages/airflow/example_dags/example_sensor_decorator.py took 0.174 seconds
[2026-10-01T00:02:24.352+0000] {processor.py:153} INFO - Started process (PID=15312) to work on /home/airflow/.local/lib/python3.7/site-packages/airflow/example_dags/example_sensor_decorator.py
[2026-10-01T00:02:24.352+0000] {processor.py:743} INFO - Processing file /home/airflow/.local/lib/python3.7/site-packages/airflow/example_dags/example_sensor_decorator.py for tasks to queue
[2026-10-01T00:02:24.353+0000] {logging_mixin.py:137} INFO - [2026-10-01T00:02:24.353+0000] {dagbag.py:538} INFO - Filling up the DagBag from /home/airflow/.local/lib/python3.7/site-packages/airflow/example_dags/example_sensor_decorator.py
[2026-10-01T00:02:24.382+0000] {logging_mixin.py:137} WARNING - /home/airflow/.local/lib/python3.7/site-packages/airflow/models/dag.py:3524 RemovedInAirflow3Warning: Param `schedule_interval` is deprecated and will be removed in a future release. Please use `schedule` instead.
[2026-10-01T00:02:24.397+0000] {processor.py:753} INFO - DAG(s) dict_keys(['example_sensor_decorator']) retrieved from /home/airflow/.local/lib/python3.7/site-packages/airflow/example_dags/example_sensor_decorator.py
[2026-10-01T00:02:24.456+0000] {logging_mixin.py:137} INFO - [2026-10-01T00:02:24.456+0000] {dag.py:2676} INFO - Sync 1 DAGs
[2026-10-01T00:02:24.498+0000] {logging_mixin.py:137} INFO - [2026-10-01T00:02:24.497+0000] {dag.py:3427} INFO - Setting next_dagrun for example_sensor_decorator to None, run_after=None
[2026-10-01T00:02:24.525+0000] {processor.py:175} INFO - Processing /home/airflow/.local/lib/python3.7/site-packages/airflow/example_dags/example_sensor_decorator.py took 0.177 seconds
[2026-10-01T00:02:54.574+0000] {processor.py:153} INFO - Started process (PID=15390) to work on /home/airflow/.local/lib/python3.7/site-packages/airflow/example_dags/example_sensor_decorator.py
[2026-10-01T00:02:54.577+0000] {processor.py:743} INFO - Processing file /home/airflow/.local/lib/python3.7/site-packages/airflow/example_dags/example_sensor_decorator.py for tasks to queue
[2026-10-01T00:02:54.578+0000] {logging_mixin.py:137} INFO - [2026-10-01T00:02:54.578+0000] {dagbag.py:538} INFO - Filling up the DagBag from /home/airflow/.local/lib/python3.7/site-packages/airflow/example_dags/example_sensor_decorator.py
[2026-10-01T00:02:54.617+0000] {logging_mixin.py:137} WARNING - /home/airflow/.local/lib/python3.7/site-packages/airflow/models/dag.py:3524 RemovedInAirflow3Warning: Param `schedule_interval` is deprecated and will be removed in a future release. Please use `schedule` instead.
[2026-10-01T00:02:54.635+0000] {processor.py:753} INFO - DAG(s) dict_keys(['example_sensor_decorator']) retrieved from /home/airflow/.local/lib/python3.7/site-packages/airflow/example_dags/example_sensor_decorator.py
[2026-10-01T00:02:54.694+0000] {logging_mixin.py:137} INFO - [2026-10-01T00:02:54.694+0000] {dag.py:2676} INFO - Sync 1 DAGs
[2026-10-01T00:02:54.724+0000] {logging_mixin.py:137} INFO - [2026-10-01T00:02:54.723+0000] {dag.py:3427} INFO - Setting next_dagrun for example_sensor_decorator to None, run_after=None
[2026-10-01T00:02:54.748+0000] {processor.py:175} INFO - Processing /home/airflow/.local/lib/python3.7/site-packages/airflow/example_dags/example_sensor_decorator.py took 0.180 seconds
[2026-10-01T00:03:24.822+0000] {processor.py:153} INFO - Started process (PID=15478) to work on /home/airflow/.local/lib/python3.7/site-packages/airflow/example_dags/example_sensor_decorator.py
[2026-10-01T00:03:24.825+0000] {processor.py:743} INFO - Processing file /home/airflow/.local/lib/python3.7/site-packages/airflow/example_dags/example_sensor_decorator.py for tasks to queue
[2026-10-01T00:03:24.826+0000] {logging_mixin.py:137} INFO - [2026-10-01T00:03:24.826+0000] {dagbag.py:538} INFO - Filling up the DagBag from /home/airflow/.local/lib/python3.7/site-packages/airflow/example_dags/example_sensor_decorator.py
[2026-10-01T00:03:24.864+0000] {logging_mixin.py:137} WARNING - /home/airflow/.local/lib/python3.7/site-packages/airflow/models/dag.py:3524 RemovedInAirflow3Warning: Param `schedule_interval` is deprecated and will be removed in a future release. Please use `schedule` instead.
[2026-10-01T00:03:24.879+0000] {processor.py:753} INFO - DAG(s) dict_keys(['example_sensor_decorator']) retrieved from /home/airflow/.local/lib/python3.7/site-packages/airflow/example_dags/example_sensor_decorator.py
[2026-10-01T00:03:24.939+0000] {logging_mixin.py:137} INFO - [2026-10-01T00:03:24.939+0000] {dag.py:2676} INFO - Sync 1 DAGs
[2026-10-01T00:03:24.986+0000] {logging_mixin.py:137} INFO - [2026-10-01T00:03:24.986+0000] {dag.py:3427} INFO - Setting next_dagrun for example_sensor_decorator to None, run_after=None
[2026-10-01T00:03:25.017+0000] {processor.py:175} INFO - Processing /home/airflow/.local/lib/python3.7/site-packages/airflow/example_dags/example_sensor_decorator.py took 0.204 seconds
[2026-10-01T00:03:55.271+0000] {processor.py:153} INFO - Started process (PID=15568) to work on /home/airflow/.local/lib/python3.7/site-packages/airflow/example_dags/example_sensor_decorator.py
[2026-10-01T00:03:55.272+0000] {processor.py:743} INFO - Processing file /home/airflow/.local/lib/python3.7/site-packages/airflow/example_dags/example_sensor_decorator.py for tasks to queue
[2026-10-01T00:03:55.273+0000] {logging_mixin.py:137} INFO - [2026-10-01T00:03:55.272+0000] {dagbag.py:538} INFO - Filling up the DagBag from /home/airflow/.local/lib/python3.7/site-packages/airflow/example_dags/example_sensor_decorator.py
[2026-10-01T00:03:55.307+0000] {logging_mixin.py:137} WARNING - /home/airflow/.local/lib/python3.7/site-packages/airflow/models/dag.py:3524 RemovedInAirflow3Warning: Param `schedule_interval` is deprecated and will be removed in a future release. Please use `schedule` instead.
[2026-10-01T00:03:55.318+0000] {processor.py:753} INFO - DAG(s) dict_keys(['example_sensor_decorator']) retrieved from /home/airflow/.local/lib/python3.7/site-packages/airflow/example_dags/example_sensor_decorator.py
[2026-10-01T00:03:55.367+0000] {logging_mixin.py:137} INFO - [2026-10-01T00:03:55.367+0000] {dag.py:2676} INFO - Sync 1 DAGs
[2026-10-01T00:03:55.409+0000] {logging_mixin.py:137} INFO - [2026-10-01T00:03:55.409+0000] {dag.py:3427} INFO - Setting next_dagrun for example_sensor_decorator to None, run_after=None
[2026-10-01T00:03:55.431+0000] {processor.py:175} INFO - Processing /home/airflow/.local/lib/python3.7/site-packages/airflow/example_dags/example_sensor_decorator.py took 0.164 seconds
[2026-10-01T00:04:25.725+0000] {processor.py:153} INFO - Started process (PID=15648) to work on /home/airflow/.local/lib/python3.7/site-packages/airflow/example_dags/example_sensor_decorator.py
[2026-10-01T00:04:25.726+0000] {processor.py:743} INFO - Processing file /home/airflow/.local/lib/python3.7/site-packages/airflow/example_dags/example_sensor_decorator.py for tasks to queue
[2026-10-01T00:04:25.726+0000] {logging_mixin.py:137} INFO - [2026-10-01T00:04:25.726+0000] {dagbag.py:538} INFO - Filling up the DagBag from /home/airflow/.local/lib/python3.7/site-packages/airflow/example_dags/example_sensor_decorator.py
[2026-10-01T00:04:25.751+0000] {logging_mixin.py:137} WARNING - /home/airflow/.local/lib/python3.7/site-packages/airflow/models/dag.py:3524 RemovedInAirflow3Warning: Param `schedule_interval` is deprecated and will be removed in a future release. Please use `schedule` instead.
[2026-10-01T00:04:25.762+0000] {processor.py:753} INFO - DAG(s) dict_keys(['example_sensor_decorator']) retrieved from /home/airflow/.local/lib/python3.7/site-packages/airflow/example_dags/example_sensor_decorator.py
[2026-10-01T00:04:25.808+0000] {logging_mixin.py:137} INFO - [2026-10-01T00:04:25.808+0000] {dag.py:2676} INFO - Sync 1 DAGs
[2026-10-01T00:04:25.836+0000] {logging_mixin.py:137} INFO - [2026-10-01T00:04:25.836+0000] {dag.py:3427} INFO - Setting next_dagrun for example_sensor_decorator to None, run_after=None
[2026-10-01T00:04:25.858+0000] {processor.py:175} INFO - Processing /home/airflow/.local/lib/python3.7/site-packages/airflow/example_dags/example_sensor_decorator.py took 0.137 seconds
[2026-10-01T00:04:56.713+0000] {processor.py:153} INFO - Started process (PID=15727) to work on /home/airflow/.local/lib/python3.7/site-packages/airflow/example_dags/example_sensor_decorator.py
[2026-10-01T00:04:56.714+0000] {processor.py:743} INFO - Processing file /home/airflow/.local/lib/python3.7/site-packages/airflow/example_dags/example_sensor_decorator.py for tasks to queue
[2026-10-01T00:04:56.715+0000] {logging_mixin.py:137} INFO - [2026-10-01T00:04:56.715+0000] {dagbag.py:538} INFO - Filling up the DagBag from /home/airflow/.local/lib/python3.7/site-packages/airflow/example_dags/example_sensor_decorator.py
[2026-10-01T00:04:56.742+0000] {logging_mixin.py:137} WARNING - /home/airflow/.local/lib/python3.7/site-packages/airflow/models/dag.py:3524 RemovedInAirflow3Warning: Param `schedule_interval` is deprecated and will be removed in a future release. Please use `schedule` instead.
[2026-10-01T00:04:56.757+0000] {processor.py:753} INFO - DAG(s) dict_keys(['example_sensor_decorator']) retrieved from /home/airflow/.local/lib/python3.7/site-packages/airflow/example_dags/example_sensor_decorator.py
[2026-10-01T00:04:56.799+0000] {logging_mixin.py:137} INFO - [2026-10-01T00:04:56.799+0000] {dag.py:2676} INFO - Sync 1 DAGs
[2026-10-01T00:04:56.831+0000] {logging_mixin.py:137} INFO - [2026-10-01T00:04:56.830+0000] {dag.py:3427} INFO - Setting next_dagrun for example_sensor_decorator to None, run_after=None
[2026-10-01T00:04:56.852+0000] {processor.py:175} INFO - Processing /home/airflow/.local/lib/python3.7/site-packages/airflow/example_dags/example_sensor_decorator.py took 0.143 seconds
[2026-10-01T00:05:26.962+0000] {processor.py:153} INFO - Started process (PID=15826) to work on /home/airflow/.local/lib/python3.7/site-packages/airflow/example_dags/example_sensor_decorator.py
[2026-10-01T00:05:26.963+0000] {processor.py:743} INFO - Processing file /home/airflow/.local/lib/python3.7/site-packages/airflow/example_dags/example_sensor_decorator.py for tasks to queue
[2026-10-01T00:05:26.964+0000] {logging_mixin.py:137} INFO - [2026-10-01T00:05:26.964+0000] {dagbag.py:538} INFO - Filling up the DagBag from /home/airflow/.local/lib/python3.7/site-packages/airflow/example_dags/example_sensor_decorator.py
[2026-10-01T00:05:26.995+0000] {logging_mixin.py:137} WARNING - /home/airflow/.local/lib/python3.7/site-packages/airflow/models/dag.py:3524 RemovedInAirflow3Warning: Param `schedule_interval` is deprecated and will be removed in a future release. Please use `schedule` instead.
[2026-10-01T00:05:27.006+0000] {processor.py:753} INFO - DAG(s) dict_keys(['example_sensor_decorator']) retrieved from /home/airflow/.local/lib/python3.7/site-packages/airflow/example_dags/example_sensor_decorator.py
[2026-10-01T00:05:27.054+0000] {logging_mixin.py:137} INFO - [2026-10-01T00:05:27.054+0000] {dag.py:2676} INFO - Sync 1 DAGs
[2026-10-01T00:05:27.092+0000] {logging_mixin.py:137} INFO - [2026-10-01T00:05:27.092+0000] {dag.py:3427} INFO - Setting next_dagrun for example_sensor_decorator to None, run_after=None
[2026-10-01T00:05:27.115+0000] {processor.py:175} INFO - Processing /home/airflow/.local/lib/python3.7/site-packages/airflow/example_dags/example_sensor_decorator.py took 0.160 seconds
[2026-10-01T00:05:57.316+0000] {processor.py:153} INFO - Started process (PID=15905) to work on /home/airflow/.local/lib/python3.7/site-packages/airflow/example_dags/example_sensor_decorator.py
[2026-10-01T00:05:57.317+0000] {processor.py:743} INFO - Processing file /home/airflow/.local/lib/python3.7/site-packages/airflow/example_dags/example_sensor_decorator.py for tasks to queue
[2026-10-01T00:05:57.318+0000] {logging_mixin.py:137} INFO - [2026-10-01T00:05:57.318+0000] {dagbag.py:538} INFO - Filling up the DagBag from /home/airflow/.local/lib/python3.7/site-packages/airflow/example_dags/example_sensor_decorator.py
[2026-10-01T00:05:57.347+0000] {logging_mixin.py:137} WARNING - /home/airflow/.local/lib/python3.7/site-packages/airflow/models/dag.py:3524 RemovedInAirflow3Warning: Param `schedule_interval` is deprecated and will be removed in a future release. Please use `schedule` instead.
[2026-10-01T00:05:57.359+0000] {processor.py:753} INFO - DAG(s) dict_keys(['example_sensor_decorator']) retrieved from /home/airflow/.local/lib/python3.7/site-packages/airflow/example_dags/example_sensor_decorator.py
[2026-10-01T00:05:57.421+0000] {logging_mixin.py:137} INFO - [2026-10-01T00:05:57.420+0000] {dag.py:2676} INFO - Sync 1 DAGs
[2026-10-01T00:05:57.457+0000] {logging_mixin.py:137} INFO - [2026-10-01T00:05:57.457+0000] {dag.py:3427} INFO - Setting next_dagrun for example_sensor_decorator to None, run_after=None
[2026-10-01T00:05:57.477+0000] {processor.py:175} INFO - Processing /home/airflow/.local/lib/python3.7/site-packages/airflow/example_dags/example_sensor_decorator.py took 0.167 seconds
[2026-10-01T00:06:27.576+0000] {processor.py:153} INFO - Started process (PID=15984) to work on /home/airflow/.local/lib/python3.7/site-packages/airflow/example_dags/example_sensor_decorator.py
[2026-10-01T00:06:27.577+0000] {processor.py:743} INFO - Processing file /home/airflow/.local/lib/python3.7/site-packages/airflow/example_dags/example_sensor_decorator.py for tasks to queue
[2026-10-01T00:06:27.578+0000] {logging_mixin.py:137} INFO - [2026-10-01T00:06:27.578+0000] {dagbag.py:538} INFO - Filling up the DagBag from /home/airflow/.local/lib/python3.7/site-packages/airflow/example_dags/example_sensor_decorator.py
[2026-10-01T00:06:27.602+0000] {logging_mixin.py:137} WARNING - /home/airflow/.local/lib/python3.7/site-packages/airflow/models/dag.py:3524 RemovedInAirflow3Warning: Param `schedule_interval` is deprecated and will be removed in a future release. Please use `schedule` instead.
[2026-10-01T00:06:27.613+0000] {processor.py:753} INFO - DAG(s) dict_keys(['example_sensor_decorator']) retrieved from /home/airflow/.local/lib/python3.7/site-packages/airflow/example_dags/example_sensor_decorator.py
[2026-10-01T00:06:27.668+0000] {logging_mixin.py:137} INFO - [2026-10-01T00:06:27.668+0000] {dag.py:2676} INFO - Sync 1 DAGs
[2026-10-01T00:06:27.702+0000] {logging_mixin.py:137} INFO - [2026-10-01T00:06:27.702+0000] {dag.py:3427} INFO - Setting next_dagrun for example_sensor_decorator to None, run_after=None
[2026-10-01T00:06:27.722+0000] {processor.py:175} INFO - Processing /home/airflow/.local/lib/python3.7/site-packages/airflow/example_dags/example_sensor_decorator.py took 0.150 seconds
[2026-10-01T00:06:57.931+0000] {processor.py:153} INFO - Started process (PID=16063) to work on /home/airflow/.local/lib/python3.7/site-packages/airflow/example_dags/example_sensor_decorator.py
[2026-10-01T00:06:57.932+0000] {processor.py:743} INFO - Processing file /home/airflow/.local/lib/python3.7/site-packages/airflow/example_dags/example_sensor_decorator.py for tasks to queue
[2026-10-01T00:06:57.933+0000] {logging_mixin.py:137} INFO - [2026-10-01T00:06:57.932+0000] {dagbag.py:538} INFO - Filling up the DagBag from /home/airflow/.local/lib/python3.7/site-packages/airflow/example_dags/example_sensor_decorator.py
[2026-10-01T00:06:57.970+0000] {logging_mixin.py:137} WARNING - /home/airflow/.local/lib/python3.7/site-packages/airflow/models/dag.py:3524 RemovedInAirflow3Warning: Param `schedule_interval` is deprecated and will be removed in a future release. Please use `schedule` instead.
[2026-10-01T00:06:57.988+0000] {processor.py:753} INFO - DAG(s) dict_keys(['example_sensor_decorator']) retrieved from /home/airflow/.local/lib/python3.7/site-packages/airflow/example_dags/example_sensor_decorator.py
[2026-10-01T00:06:58.056+0000] {logging_mixin.py:137} INFO - [2026-10-01T00:06:58.056+0000] {dag.py:2676} INFO - Sync 1 DAGs
[2026-10-01T00:06:58.107+0000] {logging_mixin.py:137} INFO - [2026-10-01T00:06:58.107+0000] {dag.py:3427} INFO - Setting next_dagrun for example_sensor_decorator to None, run_after=None
[2026-10-01T00:06:58.140+0000] {processor.py:175} INFO - Processing /home/airflow/.local/lib/python3.7/site-packages/airflow/example_dags/example_sensor_decorator.py took 0.213 seconds
[2026-10-01T00:07:28.456+0000] {processor.py:153} INFO - Started process (PID=16162) to work on /home/airflow/.local/lib/python3.7/site-packages/airflow/example_dags/example_sensor_decorator.py
[2026-10-01T00:07:28.457+0000] {processor.py:743} INFO - Processing file /home/airflow/.local/lib/python3.7/site-packages/airflow/example_dags/example_sensor_decorator.py for tasks to queue
[2026-10-01T00:07:28.458+0000] {logging_mixin.py:137} INFO - [2026-10-01T00:07:28.458+0000] {dagbag.py:538} INFO - Filling up the DagBag from /home/airflow/.local/lib/python3.7/site-packages/airflow/example_dags/example_sensor_decorator.py
[2026-10-01T00:07:28.485+0000] {logging_mixin.py:137} WARNING - /home/airflow/.local/lib/python3.7/site-packages/airflow/models/dag.py:3524 RemovedInAirflow3Warning: Param `schedule_interval` is deprecated and will be removed in a future release. Please use `schedule` instead.
[2026-10-01T00:07:28.497+0000] {processor.py:753} INFO - DAG(s) dict_keys(['example_sensor_decorator']) retrieved from /home/airflow/.local/lib/python3.7/site-packages/airflow/example_dags/example_sensor_decorator.py
[2026-10-01T00:07:28.546+0000] {logging_mixin.py:137} INFO - [2026-10-01T00:07:28.545+0000] {dag.py:2676} INFO - Sync 1 DAGs
[2026-10-01T00:07:28.580+0000] {logging_mixin.py:137} INFO - [2026-10-01T00:07:28.580+0000] {dag.py:3427} INFO - Setting next_dagrun for example_sensor_decorator to None, run_after=None
[2026-10-01T00:07:28.604+0000] {processor.py:175} INFO - Processing /home/airflow/.local/lib/python3.7/site-packages/airflow/example_dags/example_sensor_decorator.py took 0.152 seconds
[2026-10-01T00:07:58.718+0000] {processor.py:153} INFO - Started process (PID=16241) to work on /home/airflow/.local/lib/python3.7/site-packages/airflow/example_dags/example_sensor_decorator.py
[2026-10-01T00:07:58.719+0000] {processor.py:743} INFO - Processing file /home/airflow/.local/lib/python3.7/site-packages/airflow/example_dags/example_sensor_decorator.py for tasks to queue
[2026-10-01T00:07:58.720+0000] {logging_mixin.py:137} INFO - [2026-10-01T00:07:58.720+0000] {dagbag.py:538} INFO - Filling up the DagBag from /home/airflow/.local/lib/python3.7/site-packages/airflow/example_dags/example_sensor_decorator.py
[2026-10-01T00:07:58.760+0000] {logging_mixin.py:137} WARNING - /home/airflow/.local/lib/python3.7/site-packages/airflow/models/dag.py:3524 RemovedInAirflow3Warning: Param `schedule_interval` is deprecated and will be removed in a future release. Please use `schedule` instead.
[2026-10-01T00:07:58.776+0000] {processor.py:753} INFO - DAG(s) dict_keys(['example_sensor_decorator']) retrieved from /home/airflow/.local/lib/python3.7/site-packages/airflow/example_dags/example_sensor_decorator.py
[2026-10-01T00:07:58.833+0000] {logging_mixin.py:137} INFO - [2026-10-01T00:07:58.833+0000] {dag.py:2676} INFO - Sync 1 DAGs
[2026-10-01T00:07:58.865+0000] {logging_mixin.py:137} INFO - [2026-10-01T00:07:58.864+0000] {dag.py:3427} INFO - Setting next_dagrun for example_sensor_decorator to None, run_after=None
[2026-10-01T00:07:58.884+0000] {processor.py:175} INFO - Processing /home/airflow/.local/lib/python3.7/site-packages/airflow/example_dags/example_sensor_decorator.py took 0.172 seconds
[2026-10-01T00:08:29.186+0000] {processor.py:153} INFO - Started process (PID=16320) to work on /home/airflow/.local/lib/python3.7/site-packages/airflow/example_dags/example_sensor_decorator.py
[2026-10-01T00:08:29.187+0000] {processor.py:743} INFO - Processing file /home/airflow/.local/lib/python3.7/site-packages/airflow/example_dags/example_sensor_decorator.py for tasks to queue
[2026-10-01T00:08:29.188+0000] {logging_mixin.py:137} INFO - [2026-10-01T00:08:29.188+0000] {dagbag.py:538} INFO - Filling up the DagBag from /home/airflow/.local/lib/python3.7/site-packages/airflow/example_dags/example_sensor_decorator.py
[2026-10-01T00:08:29.212+0000] {logging_mixin.py:137} WARNING - /home/airflow/.local/lib/python3.7/site-packages/airflow/models/dag.py:3524 RemovedInAirflow3Warning: Param `schedule_interval` is deprecated and will be removed in a future release. Please use `schedule` instead.
[2026-10-01T00:08:29.224+0000] {processor.py:753} INFO - DAG(s) dict_keys(['example_sensor_decorator']) retrieved from /home/airflow/.local/lib/python3.7/site-packages/airflow/example_dags/example_sensor_decorator.py
[2026-10-01T00:08:29.278+0000] {logging_mixin.py:137} INFO - [2026-10-01T00:08:29.278+0000] {dag.py:2676} INFO - Sync 1 DAGs
[2026-10-01T00:08:29.320+0000] {logging_mixin.py:137} INFO - [2026-10-01T00:08:29.319+0000] {dag.py:3427} INFO - Setting next_dagrun for example_sensor_decorator to None, run_after=None
[2026-10-01T00:08:29.347+0000] {processor.py:175} INFO - Processing /home/airflow/.local/lib/python3.7/site-packages/airflow/example_dags/example_sensor_decorator.py took 0.165 seconds
[2026-10-01T00:08:59.726+0000] {processor.py:153} INFO - Started process (PID=16406) to work on /home/airflow/.local/lib/python3.7/site-packages/airflow/example_dags/example_sensor_decorator.py
[2026-10-01T00:08:59.728+0000] {processor.py:743} INFO - Processing file /home/airflow/.local/lib/python3.7/site-packages/airflow/example_dags/example_sensor_decorator.py for tasks to queue
[2026-10-01T00:08:59.729+0000] {logging_mixin.py:137} INFO - [2026-10-01T00:08:59.729+0000] {dagbag.py:538} INFO - Filling up the DagBag from /home/airflow/.local/lib/python3.7/site-packages/airflow/example_dags/example_sensor_decorator.py
[2026-10-01T00:08:59.765+0000] {logging_mixin.py:137} WARNING - /home/airflow/.local/lib/python3.7/site-packages/airflow/models/dag.py:3524 RemovedInAirflow3Warning: Param `schedule_interval` is deprecated and will be removed in a future release. Please use `schedule` instead.
[2026-10-01T00:08:59.777+0000] {processor.py:753} INFO - DAG(s) dict_keys(['example_sensor_decorator']) retrieved from /home/airflow/.local/lib/python3.7/site-packages/airflow/example_dags/example_sensor_decorator.py
[2026-10-01T00:08:59.829+0000] {logging_mixin.py:137} INFO - [2026-10-01T00:08:59.829+0000] {dag.py:2676} INFO - Sync 1 DAGs
[2026-10-01T00:08:59.865+0000] {logging_mixin.py:137} INFO - [2026-10-01T00:08:59.864+0000] {dag.py:3427} INFO - Setting next_dagrun for example_sensor_decorator to None, run_after=None
[2026-10-01T00:08:59.888+0000] {processor.py:175} INFO - Processing /home/airflow/.local/lib/python3.7/site-packages/airflow/example_dags/example_sensor_decorator.py took 0.167 seconds
[2026-10-01T00:09:29.990+0000] {processor.py:153} INFO - Started process (PID=16498) to work on /home/airflow/.local/lib/python3.7/site-packages/airflow/example_dags/example_sensor_decorator.py
[2026-10-01T00:09:29.991+0000] {processor.py:743} INFO - Processing file /home/airflow/.local/lib/python3.7/site-packages/airflow/example_dags/example_sensor_decorator.py for tasks to queue
[2026-10-01T00:09:29.992+0000] {logging_mixin.py:137} INFO - [2026-10-01T00:09:29.992+0000] {dagbag.py:538} INFO - Filling up the DagBag from /home/airflow/.local/lib/python3.7/site-packages/airflow/example_dags/example_sensor_decorator.py
[2026-10-01T00:09:30.020+0000] {logging_mixin.py:137} WARNING - /home/airflow/.local/lib/python3.7/site-packages/airflow/models/dag.py:3524 RemovedInAirflow3Warning: Param `schedule_interval` is deprecated and will be removed in a future release. Please use `schedule` instead.
[2026-10-01T00:09:30.032+0000] {processor.py:753} INFO - DAG(s) dict_keys(['example_sensor_decorator']) retrieved from /home/airflow/.local/lib/python3.7/site-packages/airflow/example_dags/example_sensor_decorator.py
[2026-10-01T00:09:30.080+0000] {logging_mixin.py:137} INFO - [2026-10-01T00:09:30.079+0000] {dag.py:2676} INFO - Sync 1 DAGs
[2026-10-01T00:09:30.117+0000] {logging_mixin.py:137} INFO - [2026-10-01T00:09:30.117+0000] {dag.py:3427} INFO - Setting next_dagrun for example_sensor_decorator to None, run_after=None
[2026-10-01T00:09:30.138+0000] {processor.py:175} INFO - Processing /home/airflow/.local/lib/python3.7/site-packages/airflow/example_dags/example_sensor_decorator.py took 0.151 seconds
[2026-10-01T00:10:00.311+0000] {processor.py:153} INFO - Started process (PID=16577) to work on /home/airflow/.local/lib/python3.7/site-packages/airflow/example_dags/example_sensor_decorator.py
[2026-10-01T00:10:00.312+0000] {processor.py:743} INFO - Processing file /home/airflow/.local/lib/python3.7/site-packages/airflow/example_dags/example_sensor_decorator.py for tasks to queue
[2026-10-01T00:10:00.313+0000] {logging_mixin.py:137} INFO - [2026-10-01T00:10:00.313+0000] {dagbag.py:538} INFO - Filling up the DagBag from /home/airflow/.local/lib/python3.7/site-packages/airflow/example_dags/example_sensor_decorator.py
[2026-10-01T00:10:00.352+0000] {logging_mixin.py:137} WARNING - /home/airflow/.local/lib/python3.7/site-packages/airflow/models/dag.py:3524 RemovedInAirflow3Warning: Param `schedule_interval` is deprecated and will be removed in a future release. Please use `schedule` instead.
[2026-10-01T00:10:00.370+0000] {processor.py:753} INFO - DAG(s) dict_keys(['example_sensor_decorator']) retrieved from /home/airflow/.local/lib/python3.7/site-packages/airflow/example_dags/example_sensor_decorator.py
[2026-10-01T00:10:00.436+0000] {logging_mixin.py:137} INFO - [2026-10-01T00:10:00.435+0000] {dag.py:2676} INFO - Sync 1 DAGs
[2026-10-01T00:10:00.466+0000] {logging_mixin.py:137} INFO - [2026-10-01T00:10:00.466+0000] {dag.py:3427} INFO - Setting next_dagrun for example_sensor_decorator to None, run_after=None
[2026-10-01T00:10:00.487+0000] {processor.py:175} INFO - Processing /home/airflow/.local/lib/python3.7/site-packages/airflow/example_dags/example_sensor_decorator.py took 0.180 seconds
[2026-10-01T00:10:31.357+0000] {processor.py:153} INFO - Started process (PID=16656) to work on /home/airflow/.local/lib/python3.7/site-packages/airflow/example_dags/example_sensor_decorator.py
[2026-10-01T00:10:31.358+0000] {processor.py:743} INFO - Processing file /home/airflow/.local/lib/python3.7/site-packages/airflow/example_dags/example_sensor_decorator.py for tasks to queue
[2026-10-01T00:10:31.359+0000] {logging_mixin.py:137} INFO - [2026-10-01T00:10:31.359+0000] {dagbag.py:538} INFO - Filling up the DagBag from /home/airflow/.local/lib/python3.7/site-packages/airflow/example_dags/example_sensor_decorator.py
[2026-10-01T00:10:31.384+0000] {logging_mixin.py:137} WARNING - /home/airflow/.local/lib/python3.7/site-packages/airflow/models/dag.py:3524 RemovedInAirflow3Warning: Param `schedule_interval` is deprecated and will be removed in a future release. Please use `schedule` instead.
[2026-10-01T00:10:31.395+0000] {processor.py:753} INFO - DAG(s) dict_keys(['example_sensor_decorator']) retrieved from /home/airflow/.local/lib/python3.7/site-packages/airflow/example_dags/example_sensor_decorator.py
[2026-10-01T00:10:31.439+0000] {logging_mixin.py:137} INFO - [2026-10-01T00:10:31.438+0000] {dag.py:2676} INFO - Sync 1 DAGs
[2026-10-01T00:10:31.470+0000] {logging_mixin.py:137} INFO - [2026-10-01T00:10:31.470+0000] {dag.py:3427} INFO - Setting next_dagrun for example_sensor_decorator to None, run_after=None
[2026-10-01T00:10:31.490+0000] {processor.py:175} INFO - Processing /home/airflow/.local/lib/python3.7/site-packages/airflow/example_dags/example_sensor_decorator.py took 0.137 seconds
[2026-10-01T00:11:01.746+0000] {processor.py:153} INFO - Started process (PID=16735) to work on /home/airflow/.local/lib/python3.7/site-packages/airflow/example_dags/example_sensor_decorator.py
[2026-10-01T00:11:01.747+0000] {processor.py:743} INFO - Processing file /home/airflow/.local/lib/python3.7/site-packages/airflow/example_dags/example_sensor_decorator.py for tasks to queue
[2026-10-01T00:11:01.748+0000] {logging_mixin.py:137} INFO - [2026-10-01T00:11:01.748+0000] {dagbag.py:538} INFO - Filling up the DagBag from /home/airflow/.local/lib/python3.7/site-packages/airflow/example_dags/example_sensor_decorator.py
[2026-10-01T00:11:01.775+0000] {logging_mixin.py:137} WARNING - /home/airflow/.local/lib/python3.7/site-packages/airflow/models/dag.py:3524 RemovedInAirflow3Warning: Param `schedule_interval` is deprecated and will be removed in a future release. Please use `schedule` instead.
[2026-10-01T00:11:01.793+0000] {processor.py:753} INFO - DAG(s) dict_keys(['example_sensor_decorator']) retrieved from /home/airflow/.local/lib/python3.7/site-packages/airflow/example_dags/example_sensor_decorator.py
[2026-10-01T00:11:01.849+0000] {logging_mixin.py:137} INFO - [2026-10-01T00:11:01.848+0000] {dag.py:2676} INFO - Sync 1 DAGs
[2026-10-01T00:11:01.884+0000] {logging_mixin.py:137} INFO - [2026-10-01T00:11:01.884+0000] {dag.py:3427} INFO - Setting next_dagrun for example_sensor_decorator to None, run_after=None
[2026-10-01T00:11:01.914+0000] {processor.py:175} INFO - Processing /home/airflow/.local/lib/python3.7/site-packages/airflow/example_dags/example_sensor_decorator.py took 0.171 seconds
[2026-10-01T00:11:32.225+0000] {processor.py:153} INFO - Started process (PID=16834) to work on /home/airflow/.local/lib/python3.7/site-packages/airflow/example_dags/example_sensor_decorator.py
[2026-10-01T00:11:32.226+0000] {processor.py:743} INFO - Processing file /home/airflow/.local/lib/python3.7/site-packages/airflow/example_dags/example_sensor_decorator.py for tasks to queue
[2026-10-01T00:11:32.227+0000] {logging_mixin.py:137} INFO - [2026-10-01T00:11:32.227+0000] {dagbag.py:538} INFO - Filling up the DagBag from /home/airflow/.local/lib/python3.7/site-packages/airflow/example_dags/example_sensor_decorator.py
[2026-10-01T00:11:32.253+0000] {logging_mixin.py:137} WARNING - /home/airflow/.local/lib/python3.7/site-packages/airflow/models/dag.py:3524 RemovedInAirflow3Warning: Param `schedule_interval` is deprecated and will be removed in a future release. Please use `schedule` instead.
[2026-10-01T00:11:32.274+0000] {processor.py:753} INFO - DAG(s) dict_keys(['example_sensor_decorator']) retrieved from /home/airflow/.local/lib/python3.7/site-packages/airflow/example_dags/example_sensor_decorator.py
[2026-10-01T00:11:32.330+0000] {logging_mixin.py:137} INFO - [2026-10-01T00:11:32.330+0000] {dag.py:2676} INFO - Sync 1 DAGs
[2026-10-01T00:11:32.366+0000] {logging_mixin.py:137} INFO - [2026-10-01T00:11:32.365+0000] {dag.py:3427} INFO - Setting next_dagrun for example_sensor_decorator to None, run_after=None
[2026-10-01T00:11:32.390+0000] {processor.py:175} INFO - Processing /home/airflow/.local/lib/python3.7/site-packages/airflow/example_dags/example_sensor_decorator.py took 0.168 seconds
[2026-10-01T00:12:02.922+0000] {processor.py:153} INFO - Started process (PID=16913) to work on /home/airflow/.local/lib/python3.7/site-packages/airflow/example_dags/example_sensor_decorator.py
[2026-10-01T00:12:02.923+0000] {processor.py:743} INFO - Processing file /home/airflow/.local/lib/python3.7/site-packages/airflow/example_dags/example_sensor_decorator.py for tasks to queue
[2026-10-01T00:12:02.924+0000] {logging_mixin.py:137} INFO - [2026-10-01T00:12:02.924+0000] {dagbag.py:538} INFO - Filling up the DagBag from /home/airflow/.local/lib/python3.7/site-packages/airflow/example_dags/example_sensor_decorator.py
[2026-10-01T00:12:02.962+0000] {logging_mixin.py:137} WARNING - /home/airflow/.local/lib/python3.7/site-packages/airflow/models/dag.py:3524 RemovedInAirflow3Warning: Param `schedule_interval` is deprecated and will be removed in a future release. Please use `schedule` instead.
[2026-10-01T00:12:02.979+0000] {processor.py:753} INFO - DAG(s) dict_keys(['example_sensor_decorator']) retrieved from /home/airflow/.local/lib/python3.7/site-packages/airflow/example_dags/example_sensor_decorator.py
[2026-10-01T00:12:03.027+0000] {logging_mixin.py:137} INFO - [2026-10-01T00:12:03.027+0000] {dag.py:2676} INFO - Sync 1 DAGs
[2026-10-01T00:12:03.066+0000] {logging_mixin.py:137} INFO - [2026-10-01T00:12:03.066+0000] {dag.py:3427} INFO - Setting next_dagrun for example_sensor_decorator to None, run_after=None
[2026-10-01T00:12:03.098+0000] {processor.py:175} INFO - Processing /home/airflow/.local/lib/python3.7/site-packages/airflow/example_dags/example_sensor_decorator.py took 0.182 seconds
[2026-10-01T00:12:33.281+0000] {processor.py:153} INFO - Started process (PID=16992) to work on /home/airflow/.local/lib/python3.7/site-packages/airflow/example_dags/example_sensor_decorator.py
[2026-10-01T00:12:33.282+0000] {processor.py:743} INFO - Processing file /home/airflow/.local/lib/python3.7/site-packages/airflow/example_dags/example_sensor_decorator.py for tasks to queue
[2026-10-01T00:12:33.283+0000] {logging_mixin.py:137} INFO - [2026-10-01T00:12:33.283+0000] {dagbag.py:538} INFO - Filling up the DagBag from /home/airflow/.local/lib/python3.7/site-packages/airflow/example_dags/example_sensor_decorator.py
[2026-10-01T00:12:33.309+0000] {logging_mixin.py:137} WARNING - /home/airflow/.local/lib/python3.7/site-packages/airflow/models/dag.py:3524 RemovedInAirflow3Warning: Param `schedule_interval` is deprecated and will be removed in a future release. Please use `schedule` instead.
[2026-10-01T00:12:33.320+0000] {processor.py:753} INFO - DAG(s) dict_keys(['example_sensor_decorator']) retrieved from /home/airflow/.local/lib/python3.7/site-packages/airflow/example_dags/example_sensor_decorator.py
[2026-10-01T00:12:33.369+0000] {logging_mixin.py:137} INFO - [2026-10-01T00:12:33.369+0000] {dag.py:2676} INFO - Sync 1 DAGs
[2026-10-01T00:12:33.401+0000] {logging_mixin.py:137} INFO - [2026-10-01T00:12:33.401+0000] {dag.py:3427} INFO - Setting next_dagrun for example_sensor_decorator to None, run_after=None
[2026-10-01T00:12:33.423+0000] {processor.py:175} INFO - Processing /home/airflow/.local/lib/python3.7/site-packages/airflow/example_dags/example_sensor_decorator.py took 0.146 seconds
[2026-10-01T00:13:04.069+0000] {processor.py:153} INFO - Started process (PID=17071) to work on /home/airflow/.local/lib/python3.7/site-packages/airflow/example_dags/example_sensor_decorator.py
[2026-10-01T00:13:04.070+0000] {processor.py:743} INFO - Processing file /home/airflow/.local/lib/python3.7/site-packages/airflow/example_dags/example_sensor_decorator.py for tasks to queue
[2026-10-01T00:13:04.071+0000] {logging_mixin.py:137} INFO - [2026-10-01T00:13:04.071+0000] {dagbag.py:538} INFO - Filling up the DagBag from /home/airflow/.local/lib/python3.7/site-packages/airflow/example_dags/example_sensor_decorator.py
[2026-10-01T00:13:04.102+0000] {logging_mixin.py:137} WARNING - /home/airflow/.local/lib/python3.7/site-packages/airflow/models/dag.py:3524 RemovedInAirflow3Warning: Param `schedule_interval` is deprecated and will be removed in a future release. Please use `schedule` instead.
[2026-10-01T00:13:04.114+0000] {processor.py:753} INFO - DAG(s) dict_keys(['example_sensor_decorator']) retrieved from /home/airflow/.local/lib/python3.7/site-packages/airflow/example_dags/example_sensor_decorator.py
[2026-10-01T00:13:04.169+0000] {logging_mixin.py:137} INFO - [2026-10-01T00:13:04.169+0000] {dag.py:2676} INFO - Sync 1 DAGs
[2026-10-01T00:13:04.210+0000] {logging_mixin.py:137} INFO - [2026-10-01T00:13:04.210+0000] {dag.py:3427} INFO - Setting next_dagrun for example_sensor_decorator to None, run_after=None
[2026-10-01T00:13:04.232+0000] {processor.py:175} INFO - Processing /home/airflow/.local/lib/python3.7/site-packages/airflow/example_dags/example_sensor_decorator.py took 0.169 seconds
[2026-10-01T00:13:34.525+0000] {processor.py:153} INFO - Started process (PID=17170) to work on /home/airflow/.local/lib/python3.7/site-packages/airflow/example_dags/example_sensor_decorator.py
[2026-10-01T00:13:34.526+0000] {processor.py:743} INFO - Processing file /home/airflow/.local/lib/python3.7/site-packages/airflow/example_dags/example_sensor_decorator.py for tasks to queue
[2026-10-01T00:13:34.527+0000] {logging_mixin.py:137} INFO - [2026-10-01T00:13:34.527+0000] {dagbag.py:538} INFO - Filling up the DagBag from /home/airflow/.local/lib/python3.7/site-packages/airflow/example_dags/example_sensor_decorator.py
[2026-10-01T00:13:34.556+0000] {logging_mixin.py:137} WARNING - /home/airflow/.local/lib/python3.7/site-packages/airflow/models/dag.py:3524 RemovedInAirflow3Warning: Param `schedule_interval` is deprecated and will be removed in a future release. Please use `schedule` instead.
[2026-10-01T00:13:34.568+0000] {processor.py:753} INFO - DAG(s) dict_keys(['example_sensor_decorator']) retrieved from /home/airflow/.local/lib/python3.7/site-packages/airflow/example_dags/example_sensor_decorator.py
[2026-10-01T00:13:34.613+0000] {logging_mixin.py:137} INFO - [2026-10-01T00:13:34.613+0000] {dag.py:2676} INFO - Sync 1 DAGs
[2026-10-01T00:13:34.648+0000] {logging_mixin.py:137} INFO - [2026-10-01T00:13:34.648+0000] {dag.py:3427} INFO - Setting next_dagrun for example_sensor_decorator to None, run_after=None
[2026-10-01T00:13:34.672+0000] {processor.py:175} INFO - Processing /home/airflow/.local/lib/python3.7/site-packages/airflow/example_dags/example_sensor_decorator.py took 0.151 seconds
[2026-10-01T00:14:05.262+0000] {processor.py:153} INFO - Started process (PID=17249) to work on /home/airflow/.local/lib/python3.7/site-packages/airflow/example_dags/example_sensor_decorator.py
[2026-10-01T00:14:05.263+0000] {processor.py:743} INFO - Processing file /home/airflow/.local/lib/python3.7/site-packages/airflow/example_dags/example_sensor_decorator.py for tasks to queue
[2026-10-01T00:14:05.264+0000] {logging_mixin.py:137} INFO - [2026-10-01T00:14:05.263+0000] {dagbag.py:538} INFO - Filling up the DagBag from /home/airflow/.local/lib/python3.7/site-packages/airflow/example_dags/example_sensor_decorator.py
[2026-10-01T00:14:05.292+0000] {logging_mixin.py:137} WARNING - /home/airflow/.local/lib/python3.7/site-packages/airflow/models/dag.py:3524 RemovedInAirflow3Warning: Param `schedule_interval` is deprecated and will be removed in a future release. Please use `schedule` instead.
[2026-10-01T00:14:05.305+0000] {processor.py:753} INFO - DAG(s) dict_keys(['example_sensor_decorator']) retrieved from /home/airflow/.local/lib/python3.7/site-packages/airflow/example_dags/example_sensor_decorator.py
[2026-10-01T00:14:05.359+0000] {logging_mixin.py:137} INFO - [2026-10-01T00:14:05.358+0000] {dag.py:2676} INFO - Sync 1 DAGs
[2026-10-01T00:14:05.393+0000] {logging_mixin.py:137} INFO - [2026-10-01T00:14:05.393+0000] {dag.py:3427} INFO - Setting next_dagrun for example_sensor_decorator to None, run_after=None
[2026-10-01T00:14:05.420+0000] {processor.py:175} INFO - Processing /home/airflow/.local/lib/python3.7/site-packages/airflow/example_dags/example_sensor_decorator.py took 0.162 seconds
[2026-10-01T00:14:35.673+0000] {processor.py:153} INFO - Started process (PID=17328) to work on /home/airflow/.local/lib/python3.7/site-packages/airflow/example_dags/example_sensor_decorator.py
[2026-10-01T00:14:35.674+0000] {processor.py:743} INFO - Processing file /home/airflow/.local/lib/python3.7/site-packages/airflow/example_dags/example_sensor_decorator.py for tasks to queue
[2026-10-01T00:14:35.675+0000] {logging_mixin.py:137} INFO - [2026-10-01T00:14:35.675+0000] {dagbag.py:538} INFO - Filling up the DagBag from /home/airflow/.local/lib/python3.7/site-packages/airflow/example_dags/example_sensor_decorator.py
[2026-10-01T00:14:35.705+0000] {logging_mixin.py:137} WARNING - /home/airflow/.local/lib/python3.7/site-packages/airflow/models/dag.py:3524 RemovedInAirflow3Warning: Param `schedule_interval` is deprecated and will be removed in a future release. Please use `schedule` instead.
[2026-10-01T00:14:35.718+0000] {processor.py:753} INFO - DAG(s) dict_keys(['example_sensor_decorator']) retrieved from /home/airflow/.local/lib/python3.7/site-packages/airflow/example_dags/example_sensor_decorator.py
[2026-10-01T00:14:35.766+0000] {logging_mixin.py:137} INFO - [2026-10-01T00:14:35.766+0000] {dag.py:2676} INFO - Sync 1 DAGs
[2026-10-01T00:14:35.800+0000] {logging_mixin.py:137} INFO - [2026-10-01T00:14:35.800+0000] {dag.py:3427} INFO - Setting next_dagrun for example_sensor_decorator to None, run_after=None
[2026-10-01T00:14:35.823+0000] {processor.py:175} INFO - Processing /home/airflow/.local/lib/python3.7/site-packages/airflow/example_dags/example_sensor_decorator.py took 0.155 seconds
[2026-10-01T00:15:06.068+0000] {processor.py:153} INFO - Started process (PID=17414) to work on /home/airflow/.local/lib/python3.7/site-packages/airflow/example_dags/example_sensor_decorator.py
[2026-10-01T00:15:06.069+0000] {processor.py:743} INFO - Processing file /home/airflow/.local/lib/python3.7/site-packages/airflow/example_dags/example_sensor_decorator.py for tasks to queue
[2026-10-01T00:15:06.070+0000] {logging_mixin.py:137} INFO - [2026-10-01T00:15:06.070+0000] {dagbag.py:538} INFO - Filling up the DagBag from /home/airflow/.local/lib/python3.7/site-packages/airflow/example_dags/example_sensor_decorator.py
[2026-10-01T00:15:06.106+0000] {logging_mixin.py:137} WARNING - /home/airflow/.local/lib/python3.7/site-packages/airflow/models/dag.py:3524 RemovedInAirflow3Warning: Param `schedule_interval` is deprecated and will be removed in a future release. Please use `schedule` instead.
[2026-10-01T00:15:06.118+0000] {processor.py:753} INFO - DAG(s) dict_keys(['example_sensor_decorator']) retrieved from /home/airflow/.local/lib/python3.7/site-packages/airflow/example_dags/example_sensor_decorator.py
[2026-10-01T00:15:06.165+0000] {logging_mixin.py:137} INFO - [2026-10-01T00:15:06.165+0000] {dag.py:2676} INFO - Sync 1 DAGs
[2026-10-01T00:15:06.206+0000] {logging_mixin.py:137} INFO - [2026-10-01T00:15:06.206+0000] {dag.py:3427} INFO - Setting next_dagrun for example_sensor_decorator to None, run_after=None
[2026-10-01T00:15:06.231+0000] {processor.py:175} INFO - Processing /home/airflow/.local/lib/python3.7/site-packages/airflow/example_dags/example_sensor_decorator.py took 0.167 seconds
[2026-10-01T00:15:36.555+0000] {processor.py:153} INFO - Started process (PID=17506) to work on /home/airflow/.local/lib/python3.7/site-packages/airflow/example_dags/example_sensor_decorator.py
[2026-10-01T00:15:36.557+0000] {processor.py:743} INFO - Processing file /home/airflow/.local/lib/python3.7/site-packages/airflow/example_dags/example_sensor_decorator.py for tasks to queue
[2026-10-01T00:15:36.557+0000] {logging_mixin.py:137} INFO - [2026-10-01T00:15:36.557+0000] {dagbag.py:538} INFO - Filling up the DagBag from /home/airflow/.local/lib/python3.7/site-packages/airflow/example_dags/example_sensor_decorator.py
[2026-10-01T00:15:36.583+0000] {logging_mixin.py:137} WARNING - /home/airflow/.local/lib/python3.7/site-packages/airflow/models/dag.py:3524 RemovedInAirflow3Warning: Param `schedule_interval` is deprecated and will be removed in a future release. Please use `schedule` instead.
[2026-10-01T00:15:36.595+0000] {processor.py:753} INFO - DAG(s) dict_keys(['example_sensor_decorator']) retrieved from /home/airflow/.local/lib/python3.7/site-packages/airflow/example_dags/example_sensor_decorator.py
[2026-10-01T00:15:36.644+0000] {logging_mixin.py:137} INFO - [2026-10-01T00:15:36.643+0000] {dag.py:2676} INFO - Sync 1 DAGs
[2026-10-01T00:15:36.677+0000] {logging_mixin.py:137} INFO - [2026-10-01T00:15:36.677+0000] {dag.py:3427} INFO - Setting next_dagrun for example_sensor_decorator to None, run_after=None
[2026-10-01T00:15:36.698+0000] {processor.py:175} INFO - Processing /home/airflow/.local/lib/python3.7/site-packages/airflow/example_dags/example_sensor_decorator.py took 0.147 seconds
[2026-10-01T00:16:06.776+0000] {processor.py:153} INFO - Started process (PID=17584) to work on /home/airflow/.local/lib/python3.7/site-packages/airflow/example_dags/example_sensor_decorator.py
[2026-10-01T00:16:06.776+0000] {processor.py:743} INFO - Processing file /home/airflow/.local/lib/python3.7/site-packages/airflow/example_dags/example_sensor_decorator.py for tasks to queue
[2026-10-01T00:16:06.777+0000] {logging_mixin.py:137} INFO - [2026-10-01T00:16:06.777+0000] {dagbag.py:538} INFO - Filling up the DagBag from /home/airflow/.local/lib/python3.7/site-packages/airflow/example_dags/example_sensor_decorator.py
[2026-10-01T00:16:06.808+0000] {logging_mixin.py:137} WARNING - /home/airflow/.local/lib/python3.7/site-packages/airflow/models/dag.py:3524 RemovedInAirflow3Warning: Param `schedule_interval` is deprecated and will be removed in a future release. Please use `schedule` instead.
[2026-10-01T00:16:06.824+0000] {processor.py:753} INFO - DAG(s) dict_keys(['example_sensor_decorator']) retrieved from /home/airflow/.local/lib/python3.7/site-packages/airflow/example_dags/example_sensor_decorator.py
[2026-10-01T00:16:06.876+0000] {logging_mixin.py:137} INFO - [2026-10-01T00:16:06.875+0000] {dag.py:2676} INFO - Sync 1 DAGs
[2026-10-01T00:16:06.904+0000] {logging_mixin.py:137} INFO - [2026-10-01T00:16:06.904+0000] {dag.py:3427} INFO - Setting next_dagrun for example_sensor_decorator to None, run_after=None
[2026-10-01T00:16:06.924+0000] {processor.py:175} INFO - Processing /home/airflow/.local/lib/python3.7/site-packages/airflow/example_dags/example_sensor_decorator.py took 0.152 seconds
[2026-10-01T00:16:37.452+0000] {processor.py:153} INFO - Started process (PID=17663) to work on /home/airflow/.local/lib/python3.7/site-packages/airflow/example_dags/example_sensor_decorator.py
[2026-10-01T00:16:37.454+0000] {processor.py:743} INFO - Processing file /home/airflow/.local/lib/python3.7/site-packages/airflow/example_dags/example_sensor_decorator.py for tasks to queue
[2026-10-01T00:16:37.454+0000] {logging_mixin.py:137} INFO - [2026-10-01T00:16:37.454+0000] {dagbag.py:538} INFO - Filling up the DagBag from /home/airflow/.local/lib/python3.7/site-packages/airflow/example_dags/example_sensor_decorator.py
[2026-10-01T00:16:37.484+0000] {logging_mixin.py:137} WARNING - /home/airflow/.local/lib/python3.7/site-packages/airflow/models/dag.py:3524 RemovedInAirflow3Warning: Param `schedule_interval` is deprecated and will be removed in a future release. Please use `schedule` instead.
[2026-10-01T00:16:37.497+0000] {processor.py:753} INFO - DAG(s) dict_keys(['example_sensor_decorator']) retrieved from /home/airflow/.local/lib/python3.7/site-packages/airflow/example_dags/example_sensor_decorator.py
[2026-10-01T00:16:37.548+0000] {logging_mixin.py:137} INFO - [2026-10-01T00:16:37.547+0000] {dag.py:2676} INFO - Sync 1 DAGs
[2026-10-01T00:16:37.579+0000] {logging_mixin.py:137} INFO - [2026-10-01T00:16:37.578+0000] {dag.py:3427} INFO - Setting next_dagrun for example_sensor_decorator to None, run_after=None
[2026-10-01T00:16:37.599+0000] {processor.py:175} INFO - Processing /home/airflow/.local/lib/python3.7/site-packages/airflow/example_dags/example_sensor_decorator.py took 0.151 seconds
[2026-10-01T00:17:08.831+0000] {processor.py:153} INFO - Started process (PID=17743) to work on /home/airflow/.local/lib/python3.7/site-packages/airflow/example_dags/example_sensor_decorator.py
[2026-10-01T00:17:08.832+0000] {processor.py:743} INFO - Processing file /home/airflow/.local/lib/python3.7/site-packages/airflow/example_dags/example_sensor_decorator.py for tasks to queue
[2026-10-01T00:17:08.832+0000] {logging_mixin.py:137} INFO - [2026-10-01T00:17:08.832+0000] {dagbag.py:538} INFO - Filling up the DagBag from /home/airflow/.local/lib/python3.7/site-packages/airflow/example_dags/example_sensor_decorator.py
[2026-10-01T00:17:08.857+0000] {logging_mixin.py:137} WARNING - /home/airflow/.local/lib/python3.7/site-packages/airflow/models/dag.py:3524 RemovedInAirflow3Warning: Param `schedule_interval` is deprecated and will be removed in a future release. Please use `schedule` instead.
[2026-10-01T00:17:08.869+0000] {processor.py:753} INFO - DAG(s) dict_keys(['example_sensor_decorator']) retrieved from /home/airflow/.local/lib/python3.7/site-packages/airflow/example_dags/example_sensor_decorator.py
[2026-10-01T00:17:08.920+0000] {logging_mixin.py:137} INFO - [2026-10-01T00:17:08.920+0000] {dag.py:2676} INFO - Sync 1 DAGs
[2026-10-01T00:17:08.951+0000] {logging_mixin.py:137} INFO - [2026-10-01T00:17:08.951+0000] {dag.py:3427} INFO - Setting next_dagrun for example_sensor_decorator to None, run_after=None
[2026-10-01T00:17:08.975+0000] {processor.py:175} INFO - Processing /home/airflow/.local/lib/python3.7/site-packages/airflow/example_dags/example_sensor_decorator.py took 0.148 seconds
[2026-10-01T00:17:39.042+0000] {processor.py:153} INFO - Started process (PID=17842) to work on /home/airflow/.local/lib/python3.7/site-packages/airflow/example_dags/example_sensor_decorator.py
[2026-10-01T00:17:39.043+0000] {processor.py:743} INFO - Processing file /home/airflow/.local/lib/python3.7/site-packages/airflow/example_dags/example_sensor_decorator.py for tasks to queue
[2026-10-01T00:17:39.044+0000] {logging_mixin.py:137} INFO - [2026-10-01T00:17:39.044+0000] {dagbag.py:538} INFO - Filling up the DagBag from /home/airflow/.local/lib/python3.7/site-packages/airflow/example_dags/example_sensor_decorator.py
[2026-10-01T00:17:39.070+0000] {logging_mixin.py:137} WARNING - /home/airflow/.local/lib/python3.7/site-packages/airflow/models/dag.py:3524 RemovedInAirflow3Warning: Param `schedule_interval` is deprecated and will be removed in a future release. Please use `schedule` instead.
[2026-10-01T00:17:39.081+0000] {processor.py:753} INFO - DAG(s) dict_keys(['example_sensor_decorator']) retrieved from /home/airflow/.local/lib/python3.7/site-packages/airflow/example_dags/example_sensor_decorator.py
[2026-10-01T00:17:39.124+0000] {logging_mixin.py:137} INFO - [2026-10-01T00:17:39.124+0000] {dag.py:2676} INFO - Sync 1 DAGs
[2026-10-01T00:17:39.155+0000] {logging_mixin.py:137} INFO - [2026-10-01T00:17:39.155+0000] {dag.py:3427} INFO - Setting next_dagrun for example_sensor_decorator to None, run_after=None
[2026-10-01T00:17:39.179+0000] {processor.py:175} INFO - Processing /home/airflow/.local/lib/python3.7/site-packages/airflow/example_dags/example_sensor_decorator.py took 0.141 seconds
[2026-10-01T00:18:09.430+0000] {processor.py:153} INFO - Started process (PID=17921) to work on /home/airflow/.local/lib/python3.7/site-packages/airflow/example_dags/example_sensor_decorator.py
[2026-10-01T00:18:09.432+0000] {processor.py:743} INFO - Processing file /home/airflow/.local/lib/python3.7/site-packages/airflow/example_dags/example_sensor_decorator.py for tasks to queue
[2026-10-01T00:18:09.433+0000] {logging_mixin.py:137} INFO - [2026-10-01T00:18:09.433+0000] {dagbag.py:538} INFO - Filling up the DagBag from /home/airflow/.local/lib/python3.7/site-packages/airflow/example_dags/example_sensor_decorator.py
[2026-10-01T00:18:09.466+0000] {logging_mixin.py:137} WARNING - /home/airflow/.local/lib/python3.7/site-packages/airflow/models/dag.py:3524 RemovedInAirflow3Warning: Param `schedule_interval` is deprecated and will be removed in a future release. Please use `schedule` instead.
[2026-10-01T00:18:09.483+0000] {processor.py:753} INFO - DAG(s) dict_keys(['example_sensor_decorator']) retrieved from /home/airflow/.local/lib/python3.7/site-packages/airflow/example_dags/example_sensor_decorator.py
[2026-10-01T00:18:09.543+0000] {logging_mixin.py:137} INFO - [2026-10-01T00:18:09.543+0000] {dag.py:2676} INFO - Sync 1 DAGs
[2026-10-01T00:18:09.575+0000] {logging_mixin.py:137} INFO - [2026-10-01T00:18:09.574+0000] {dag.py:3427} INFO - Setting next_dagrun for example_sensor_decorator to None, run_after=None
[2026-10-01T00:18:09.595+0000] {processor.py:175} INFO - Processing /home/airflow/.local/lib/python3.7/site-packages/airflow/example_dags/example_sensor_decorator.py took 0.169 seconds
[2026-10-01T00:18:40.014+0000] {processor.py:153} INFO - Started process (PID=18000) to work on /home/airflow/.local/lib/python3.7/site-packages/airflow/example_dags/example_sensor_decorator.py
[2026-10-01T00:18:40.016+0000] {processor.py:743} INFO - Processing file /home/airflow/.local/lib/python3.7/site-packages/airflow/example_dags/example_sensor_decorator.py for tasks to queue
[2026-10-01T00:18:40.017+0000] {logging_mixin.py:137} INFO - [2026-10-01T00:18:40.017+0000] {dagbag.py:538} INFO - Filling up the DagBag from /home/airflow/.local/lib/python3.7/site-packages/airflow/example_dags/example_sensor_decorator.py
[2026-10-01T00:18:40.057+0000] {logging_mixin.py:137} WARNING - /home/airflow/.local/lib/python3.7/site-packages/airflow/models/dag.py:3524 RemovedInAirflow3Warning: Param `schedule_interval` is deprecated and will be removed in a future release. Please use `schedule` instead.
[2026-10-01T00:18:40.074+0000] {processor.py:753} INFO - DAG(s) dict_keys(['example_sensor_decorator']) retrieved from /home/airflow/.local/lib/python3.7/site-packages/airflow/example_dags/example_sensor_decorator.py
[2026-10-01T00:18:40.143+0000] {logging_mixin.py:137} INFO - [2026-10-01T00:18:40.143+0000] {dag.py:2676} INFO - Sync 1 DAGs
[2026-10-01T00:18:40.192+0000] {logging_mixin.py:137} INFO - [2026-10-01T00:18:40.192+0000] {dag.py:3427} INFO - Setting next_dagrun for example_sensor_decorator to None, run_after=None
[2026-10-01T00:18:40.225+0000] {processor.py:175} INFO - Processing /home/airflow/.local/lib/python3.7/site-packages/airflow/example_dags/example_sensor_decorator.py took 0.217 seconds
[2026-10-01T00:19:11.138+0000] {processor.py:153} INFO - Started process (PID=18088) to work on /home/airflow/.local/lib/python3.7/site-packages/airflow/example_dags/example_sensor_decorator.py
[2026-10-01T00:19:11.139+0000] {processor.py:743} INFO - Processing file /home/airflow/.local/lib/python3.7/site-packages/airflow/example_dags/example_sensor_decorator.py for tasks to queue
[2026-10-01T00:19:11.140+0000] {logging_mixin.py:137} INFO - [2026-10-01T00:19:11.140+0000] {dagbag.py:538} INFO - Filling up the DagBag from /home/airflow/.local/lib/python3.7/site-packages/airflow/example_dags/example_sensor_decorator.py
[2026-10-01T00:19:11.182+0000] {logging_mixin.py:137} WARNING - /home/airflow/.local/lib/python3.7/site-packages/airflow/models/dag.py:3524 RemovedInAirflow3Warning: Param `schedule_interval` is deprecated and will be removed in a future release. Please use `schedule` instead.
[2026-10-01T00:19:11.204+0000] {processor.py:753} INFO - DAG(s) dict_keys(['example_sensor_decorator']) retrieved from /home/airflow/.local/lib/python3.7/site-packages/airflow/example_dags/example_sensor_decorator.py
[2026-10-01T00:19:11.255+0000] {logging_mixin.py:137} INFO - [2026-10-01T00:19:11.255+0000] {dag.py:2676} INFO - Sync 1 DAGs
[2026-10-01T00:19:11.287+0000] {logging_mixin.py:137} INFO - [2026-10-01T00:19:11.287+0000] {dag.py:3427} INFO - Setting next_dagrun for example_sensor_decorator to None, run_after=None
[2026-10-01T00:19:11.308+0000] {processor.py:175} INFO - Processing /home/airflow/.local/lib/python3.7/site-packages/airflow/example_dags/example_sensor_decorator.py took 0.174 seconds
[2026-10-01T00:19:41.456+0000] {processor.py:153} INFO - Started process (PID=18178) to work on /home/airflow/.local/lib/python3.7/site-packages/airflow/example_dags/example_sensor_decorator.py
[2026-10-01T00:19:41.456+0000] {processor.py:743} INFO - Processing file /home/airflow/.local/lib/python3.7/site-packages/airflow/example_dags/example_sensor_decorator.py for tasks to queue
[2026-10-01T00:19:41.457+0000] {logging_mixin.py:137} INFO - [2026-10-01T00:19:41.457+0000] {dagbag.py:538} INFO - Filling up the DagBag from /home/airflow/.local/lib/python3.7/site-packages/airflow/example_dags/example_sensor_decorator.py
[2026-10-01T00:19:41.483+0000] {logging_mixin.py:137} WARNING - /home/airflow/.local/lib/python3.7/site-packages/airflow/models/dag.py:3524 RemovedInAirflow3Warning: Param `schedule_interval` is deprecated and will be removed in a future release. Please use `schedule` instead.
[2026-10-01T00:19:41.494+0000] {processor.py:753} INFO - DAG(s) dict_keys(['example_sensor_decorator']) retrieved from /home/airflow/.local/lib/python3.7/site-packages/airflow/example_dags/example_sensor_decorator.py
[2026-10-01T00:19:41.541+0000] {logging_mixin.py:137} INFO - [2026-10-01T00:19:41.541+0000] {dag.py:2676} INFO - Sync 1 DAGs
[2026-10-01T00:19:41.573+0000] {logging_mixin.py:137} INFO - [2026-10-01T00:19:41.573+0000] {dag.py:3427} INFO - Setting next_dagrun for example_sensor_decorator to None, run_after=None
[2026-10-01T00:19:41.592+0000] {processor.py:175} INFO - Processing /home/airflow/.local/lib/python3.7/site-packages/airflow/example_dags/example_sensor_decorator.py took 0.140 seconds
[2026-10-01T00:20:11.698+0000] {processor.py:153} INFO - Started process (PID=18257) to work on /home/airflow/.local/lib/python3.7/site-packages/airflow/example_dags/example_sensor_decorator.py
[2026-10-01T00:20:11.700+0000] {processor.py:743} INFO - Processing file /home/airflow/.local/lib/python3.7/site-packages/airflow/example_dags/example_sensor_decorator.py for tasks to queue
[2026-10-01T00:20:11.700+0000] {logging_mixin.py:137} INFO - [2026-10-01T00:20:11.700+0000] {dagbag.py:538} INFO - Filling up the DagBag from /home/airflow/.local/lib/python3.7/site-packages/airflow/example_dags/example_sensor_decorator.py
[2026-10-01T00:20:11.728+0000] {logging_mixin.py:137} WARNING - /home/airflow/.local/lib/python3.7/site-packages/airflow/models/dag.py:3524 RemovedInAirflow3Warning: Param `schedule_interval` is deprecated and will be removed in a future release. Please use `schedule` instead.
[2026-10-01T00:20:11.740+0000] {processor.py:753} INFO - DAG(s) dict_keys(['example_sensor_decorator']) retrieved from /home/airflow/.local/lib/python3.7/site-packages/airflow/example_dags/example_sensor_decorator.py
[2026-10-01T00:20:11.789+0000] {logging_mixin.py:137} INFO - [2026-10-01T00:20:11.789+0000] {dag.py:2676} INFO - Sync 1 DAGs
[2026-10-01T00:20:11.831+0000] {logging_mixin.py:137} INFO - [2026-10-01T00:20:11.830+0000] {dag.py:3427} INFO - Setting next_dagrun for example_sensor_decorator to None, run_after=None
[2026-10-01T00:20:11.853+0000] {processor.py:175} INFO - Processing /home/airflow/.local/lib/python3.7/site-packages/airflow/example_dags/example_sensor_decorator.py took 0.159 seconds
[2026-10-01T00:20:42.244+0000] {processor.py:153} INFO - Started process (PID=18336) to work on /home/airflow/.local/lib/python3.7/site-packages/airflow/example_dags/example_sensor_decorator.py
[2026-10-01T00:20:42.245+0000] {processor.py:743} INFO - Processing file /home/airflow/.local/lib/python3.7/site-packages/airflow/example_dags/example_sensor_decorator.py for tasks to queue
[2026-10-01T00:20:42.245+0000] {logging_mixin.py:137} INFO - [2026-10-01T00:20:42.245+0000] {dagbag.py:538} INFO - Filling up the DagBag from /home/airflow/.local/lib/python3.7/site-packages/airflow/example_dags/example_sensor_decorator.py
[2026-10-01T00:20:42.276+0000] {logging_mixin.py:137} WARNING - /home/airflow/.local/lib/python3.7/site-packages/airflow/models/dag.py:3524 RemovedInAirflow3Warning: Param `schedule_interval` is deprecated and will be removed in a future release. Please use `schedule` instead.
[2026-10-01T00:20:42.288+0000] {processor.py:753} INFO - DAG(s) dict_keys(['example_sensor_decorator']) retrieved from /home/airflow/.local/lib/python3.7/site-packages/airflow/example_dags/example_sensor_decorator.py
[2026-10-01T00:20:42.345+0000] {logging_mixin.py:137} INFO - [2026-10-01T00:20:42.345+0000] {dag.py:2676} INFO - Sync 1 DAGs
[2026-10-01T00:20:42.379+0000] {logging_mixin.py:137} INFO - [2026-10-01T00:20:42.379+0000] {dag.py:3427} INFO - Setting next_dagrun for example_sensor_decorator to None, run_after=None
[2026-10-01T00:20:42.404+0000] {processor.py:175} INFO - Processing /home/airflow/.local/lib/python3.7/site-packages/airflow/example_dags/example_sensor_decorator.py took 0.164 seconds
