[2026-10-01T00:00:14.490+0000] {processor.py:153} INFO - Started process (PID=14951) to work on /home/airflow/.local/lib/python3.7/site-packages/airflow/example_dags/example_branch_operator.py
[2026-10-01T00:00:14.490+0000] {processor.py:743} INFO - Processing file /home/airflow/.local/lib/python3.7/site-packages/airflow/example_dags/example_branch_operator.py for tasks to queue
[2026-10-01T00:00:14.491+0000] {logging_mixin.py:137} INFO - [2026-10-01T00:00:14.491+0000] {dagbag.py:538} INFO - Filling up the DagBag from /home/airflow/.local/lib/python3.7/site-packages/airflow/example_dags/example_branch_operator.py
[2026-10-01T00:00:14.507+0000] {processor.py:753} INFO - DAG(s) dict_keys(['example_branch_operator']) retrieved from /home/airflow/.local/lib/python3.7/site-packages/airflow/example_dags/example_branch_operator.py
[2026-10-01T00:00:14.546+0000] {logging_mixin.py:137} INFO - [2026-10-01T00:00:14.546+0000] {dag.py:2676} INFO - Sync 1 DAGs
[2026-10-01T00:00:14.570+0000] {logging_mixin.py:137} INFO - [2026-10-01T00:00:14.570+0000] {dag.py:3427} INFO - Setting next_dagrun for example_branch_operator to 2026-09-30T00:00:00+00:00, run_after=2026-10-01T00:00:00+00:00
[2026-10-01T00:00:14.585+0000] {processor.py:175} INFO - Processing /home/airflow/.local/lib/python3.7/site-packages/airflow/example_dags/example_branch_operator.py took 0.099 seconds
[2026-10-01T00:00:45.347+0000] {processor.py:153} INFO - Started process (PID=15030) to work on /home/airflow/.local/lib/python3.7/site-packages/airflow/example_dags/example_branch_operator.py
[2026-10-01T00:00:45.348+0000] {processor.py:743} INFO - Processing file /home/airflow/.local/lib/python3.7/site-packages/airflow/example_dags/example_branch_operator.py for tasks to queue
[2026-10-01T00:00:45.349+0000] {logging_mixin.py:137} INFO - [2026-10-01T00:00:45.349+0000] {dagbag.py:538} INFO - Filling up the DagBag from /home/airflow/.local/lib/python3.7/site-packages/airflow/example_dags/example_branch_operator.py
[2026-10-01T00:00:45.377+0000] {processor.py:753} INFO - DAG(s) dict_keys(['example_branch_operator']) retrieved from /home/airflow/.local/lib/python3.7/site-packages/airflow/example_dags/example_branch_operator.py
[2026-10-01T00:00:45.443+0000] {logging_mixin.py:137} INFO - [2026-10-01T00:00:45.443+0000] {dag.py:2676} INFO - Sync 1 DAGs
[2026-10-01T00:00:45.480+0000] {logging_mixin.py:137} INFO - [2026-10-01T00:00:45.480+0000] {dag.py:3427} INFO - Setting next_dagrun for example_branch_operator to 2026-09-30T00:00:00+00:00, run_after=2026-10-01T00:00:00+00:00
[2026-10-01T00:00:45.500+0000] {processor.py:175} INFO - Processing /home/airflow/.local/lib/python3.7/site-packages/airflow/example_dags/example_branch_operator.py took 0.157 seconds
[2026-10-01T00:01:16.325+0000] {processor.py:153} INFO - Started process (PID=15109) to work on /home/airflow/.local/lib/python3.7/site-packages/airflow/example_dags/example_branch_operator.py
[2026-10-01T00:01:16.326+0000] {processor.py:743} INFO - Processing file /home/airflow/.local/lib/python3.7/site-packages/airflow/example_dags/example_branch_operator.py for tasks to queue
[2026-10-01T00:01:16.326+0000] {logging_mixin.py:137} INFO - [2026-10-01T00:01:16.326+0000] {dagbag.py:538} INFO - Filling up the DagBag from /home/airflow/.local/lib/python3.7/site-packages/airflow/example_dags/example_branch_operator.py
[2026-10-01T00:01:16.351+0000] {processor.py:753} INFO - DAG(s) dict_keys(['example_branch_operator']) retrieved from /home/airflow/.local/lib/python3.7/site-packages/airflow/example_dags/example_branch_operator.py
[2026-10-01T00:01:16.417+0000] {logging_mixin.py:137} INFO - [2026-10-01T00:01:16.417+0000] {dag.py:2676} INFO - Sync 1 DAGs
[2026-10-01T00:01:16.467+0000] {logging_mixin.py:137} INFO - [2026-10-01T00:01:16.467+0000] {dag.py:3427} INFO - Setting next_dagrun for example_branch_operator to 2026-09-30T00:00:00+00:00, run_after=2026-10-01T00:00:00+00:00
[2026-10-01T00:01:16.491+0000] {processor.py:175} INFO - Processing /home/airflow/.local/lib/python3.7/site-packages/airflow/example_dags/example_branch_operator.py took 0.170 seconds
[2026-10-01T00:01:47.092+0000] {processor.py:153} INFO - Started process (PID=15188) to work on /home/airflow/.local/lib/python3.7/site-packages/airflow/example_dags/example_branch_operator.py
[2026-10-01T00:01:47.094+0000] {processor.py:743} INFO - Processing file /home/airflow/.local/lib/python3.7/site-packages/airflow/example_dags/example_branch_operator.py for tasks to queue
[2026-10-01T00:01:47.095+0000] {logging_mixin.py:137} INFO - [2026-10-01T00:01:47.094+0000] {dagbag.py:538} INFO - Filling up the DagBag from /home/airflow/.local/lib/python3.7/site-packages/airflow/example_dags/example_branch_operator.py
[2026-10-01T00:01:47.130+0000] {processor.py:753} INFO - DAG(s) dict_keys(['example_branch_operator']) retrieved from /home/airflow/.local/lib/python3.7/site-packages/airflow/example_dags/example_branch_operator.py
[2026-10-01T00:01:47.204+0000] {logging_mixin.py:137} INFO - [2026-10-01T00:01:47.204+0000] {dag.py:2676} INFO - Sync 1 DAGs
[2026-10-01T00:01:47.240+0000] {logging_mixin.py:137} INFO - [2026-10-01T00:01:47.239+0000] {dag.py:3427} INFO - Setting next_dagrun for example_branch_operator to 2026-09-30T00:00:00+00:00, run_after=2026-10-01T00:00:00+00:00
[2026-10-01T00:01:47.262+0000] {processor.py:175} INFO - Processing /home/airflow/.local/lib/python3.7/site-packages/airflow/example_dags/example_branch_operator.py took 0.175 seconds
[2026-10-01T00:02:17.865+0000] {processor.py:153} INFO - Started process (PID=15287) to work on /home/airflow/.local/lib/python3.7/site-packages/airflow/example_dags/example_branch_operator.py
[2026-10-01T00:02:17.866+0000] {processor.py:743} INFO - Processing file /home/airflow/.local/lib/python3.7/site-packages/airflow/example_dags/example_branch_operator.py for tasks to queue
[2026-10-01T00:02:17.866+0000] {logging_mixin.py:137} INFO - [2026-10-01T00:02:17.866+0000] {dagbag.py:538} INFO - Filling up the DagBag from /home/airflow/.local/lib/python3.7/site-packages/airflow/example_dags/example_branch_operator.py
[2026-10-01T00:02:17.894+0000] {processor.py:753} INFO - DAG(s) dict_keys(['example_branch_operator']) retrieved from /home/airflow/.local/lib/python3.7/site-packages/airflow/example_dags/example_branch_operator.py
[2026-10-01T00:02:17.954+0000] {logging_mixin.py:137} INFO - [2026-10-01T00:02:17.954+0000] {dag.py:2676} INFO - Sync 1 DAGs
[2026-10-01T00:02:17.989+0000] {logging_mixin.py:137} INFO - [2026-10-01T00:02:17.989+0000] {dag.py:3427} INFO - Setting next_dagrun for example_branch_operator to 2026-09-30T00:00:00+00:00, run_after=2026-10-01T00:00:00+00:00
[2026-10-01T00:02:18.012+0000] {processor.py:175} INFO - Processing /home/airflow/.local/lib/python3.7/site-packages/airflow/example_dags/example_branch_operator.py took 0.151 seconds
[2026-10-01T00:02:48.984+0000] {processor.py:153} INFO - Started process (PID=15366) to work on /home/airflow/.local/lib/python3.7/site-packages/airflow/example_dags/example_branch_operator.py
[2026-10-01T00:02:48.985+0000] {processor.py:743} INFO - Processing file /home/airflow/.local/lib/python3.7/site-packages/airflow/example_dags/example_branch_operator.py for tasks to queue
[2026-10-01T00:02:48.986+0000] {logging_mixin.py:137} INFO - [2026-10-01T00:02:48.986+0000] {dagbag.py:538} INFO - Filling up the DagBag from /home/airflow/.local/lib/python3.7/site-packages/airflow/example_dags/example_branch_operator.py
[2026-10-01T00:02:49.022+0000] {processor.py:753} INFO - DAG(s) dict_keys(['example_branch_operator']) retrieved from /home/airflow/.local/lib/python3.7/site-packages/airflow/example_dags/example_branch_operator.py
[2026-10-01T00:02:49.087+0000] {logging_mixin.py:137} INFO - [2026-10-01T00:02:49.087+0000] {dag.py:2676} INFO - Sync 1 DAGs
[2026-10-01T00:02:49.138+0000] {logging_mixin.py:137} INFO - [2026-10-01T00:02:49.137+0000] {dag.py:3427} INFO - Setting next_dagrun for example_branch_operator to 2026-09-30T00:00:00+00:00, run_after=2026-10-01T00:00:00+00:00
[2026-10-01T00:02:49.166+0000] {processor.py:175} INFO - Processing /home/airflow/.local/lib/python3.7/site-packages/airflow/example_dags/example_branch_operator.py took 0.188 seconds
[2026-10-01T00:03:19.325+0000] {processor.py:153} INFO - Started process (PID=15445) to work on /home/airflow/.local/lib/python3.7/site-packages/airflow/example_dags/example_branch_operator.py
[2026-10-01T00:03:19.326+0000] {processor.py:743} INFO - Processing file /home/airflow/.local/lib/python3.7/site-packages/airflow/example_dags/example_branch_operator.py for tasks to queue
[2026-10-01T00:03:19.327+0000] {logging_mixin.py:137} INFO - [2026-10-01T00:03:19.327+0000] {dagbag.py:538} INFO - Filling up the DagBag from /home/airflow/.local/lib/python3.7/site-packages/airflow/example_dags/example_branch_operator.py
[2026-10-01T00:03:19.363+0000] {processor.py:753} INFO - DAG(s) dict_keys(['example_branch_operator']) retrieved from /home/airflow/.local/lib/python3.7/site-packages/airflow/example_dags/example_branch_operator.py
[2026-10-01T00:03:19.440+0000] {logging_mixin.py:137} INFO - [2026-10-01T00:03:19.439+0000] {dag.py:2676} INFO - Sync 1 DAGs
[2026-10-01T00:03:19.487+0000] {logging_mixin.py:137} INFO - [2026-10-01T00:03:19.486+0000] {dag.py:3427} INFO - Setting next_dagrun for example_branch_operator to 2026-09-30T00:00:00+00:00, run_after=2026-10-01T00:00:00+00:00
[2026-10-01T00:03:19.507+0000] {processor.py:175} INFO - Processing /home/airflow/.local/lib/python3.7/site-packages/airflow/example_dags/example_branch_operator.py took 0.185 seconds
[2026-10-01T00:03:49.578+0000] {processor.py:153} INFO - Started process (PID=15524) to work on /home/airflow/.local/lib/python3.7/site-packages/airflow/example_dags/example_branch_operator.py
[2026-10-01T00:03:49.579+0000] {processor.py:743} INFO - Processing file /home/airflow/.local/lib/python3.7/site-packages/airflow/example_dags/example_branch_operator.py for tasks to queue
[2026-10-01T00:03:49.580+0000] {logging_mixin.py:137} INFO - [2026-10-01T00:03:49.580+0000] {dagbag.py:538} INFO - Filling up the DagBag from /home/airflow/.local/lib/python3.7/site-packages/airflow/example_dags/example_branch_operator.py
[2026-10-01T00:03:49.603+0000] {processor.py:753} INFO - DAG(s) dict_keys(['example_branch_operator']) retrieved from /home/airflow/.local/lib/python3.7/site-packages/airflow/example_dags/example_branch_operator.py
[2026-10-01T00:03:49.651+0000] {logging_mixin.py:137} INFO - [2026-10-01T00:03:49.651+0000] {dag.py:2676} INFO - Sync 1 DAGs
[2026-10-01T00:03:49.685+0000] {logging_mixin.py:137} INFO - [2026-10-01T00:03:49.684+0000] {dag.py:3427} INFO - Setting next_dagrun for example_branch_operator to 2026-09-30T00:00:00+00:00, run_after=2026-10-01T00:00:00+00:00
[2026-10-01T00:03:49.704+0000] {processor.py:175} INFO - Processing /home/airflow/.local/lib/python3.7/site-packages/airflow/example_dags/example_branch_operator.py took 0.132 seconds
[2026-10-01T00:04:20.021+0000] {processor.py:153} INFO - Started process (PID=15623) to work on /home/airflow/.local/lib/python3.7/site-packages/airflow/example_dags/example_branch_operator.py
[2026-10-01T00:04:20.022+0000] {processor.py:743} INFO - Processing file /home/airflow/.local/lib/python3.7/site-packages/airflow/example_dags/example_branch_operator.py for tasks to queue
[2026-10-01T00:04:20.023+0000] {logging_mixin.py:137} INFO - [2026-10-01T00:04:20.023+0000] {dagbag.py:538} INFO - Filling up the DagBag from /home/airflow/.local/lib/python3.7/site-packages/airflow/example_dags/example_branch_operator.py
[2026-10-01T00:04:20.046+0000] {processor.py:753} INFO - DAG(s) dict_keys(['example_branch_operator']) retrieved from /home/airflow/.local/lib/python3.7/site-packages/airflow/example_dags/example_branch_operator.py
[2026-10-01T00:04:20.099+0000] {logging_mixin.py:137} INFO - [2026-10-01T00:04:20.099+0000] {dag.py:2676} INFO - Sync 1 DAGs
[2026-10-01T00:04:20.132+0000] {logging_mixin.py:137} INFO - [2026-10-01T00:04:20.132+0000] {dag.py:3427} INFO - Setting next_dagrun for example_branch_operator to 2026-09-30T00:00:00+00:00, run_after=2026-10-01T00:00:00+00:00
[2026-10-01T00:04:20.166+0000] {processor.py:175} INFO - Processing /home/airflow/.local/lib/python3.7/site-packages/airflow/example_dags/example_branch_operator.py took 0.149 seconds
[2026-10-01T00:04:51.193+0000] {processor.py:153} INFO - Started process (PID=15702) to work on /home/airflow/.local/lib/python3.7/site-packages/airflow/example_dags/example_branch_operator.py
[2026-10-01T00:04:51.195+0000] {processor.py:743} INFO - Processing file /home/airflow/.local/lib/python3.7/site-packages/airflow/example_dags/example_branch_operator.py for tasks to queue
[2026-10-01T00:04:51.196+0000] {logging_mixin.py:137} INFO - [2026-10-01T00:04:51.196+0000] {dagbag.py:538} INFO - Filling up the DagBag from /home/airflow/.local/lib/python3.7/site-packages/airflow/example_dags/example_branch_operator.py
[2026-10-01T00:04:51.230+0000] {processor.py:753} INFO - DAG(s) dict_keys(['example_branch_operator']) retrieved from /home/airflow/.local/lib/python3.7/site-packages/airflow/example_dags/example_branch_operator.py
[2026-10-01T00:04:51.300+0000] {logging_mixin.py:137} INFO - [2026-10-01T00:04:51.300+0000] {dag.py:2676} INFO - Sync 1 DAGs
[2026-10-01T00:04:51.343+0000] {logging_mixin.py:137} INFO - [2026-10-01T00:04:51.342+0000] {dag.py:3427} INFO - Setting next_dagrun for example_branch_operator to 2026-09-30T00:00:00+00:00, run_after=2026-10-01T00:00:00+00:00
[2026-10-01T00:04:51.371+0000] {processor.py:175} INFO - Processing /home/airflow/.local/lib/python3.7/site-packages/airflow/example_dags/example_branch_operator.py took 0.182 seconds
[2026-10-01T00:05:21.914+0000] {processor.py:153} INFO - Started process (PID=15781) to work on /home/airflow/.local/lib/python3.7/site-packages/airflow/example_dags/example_branch_operator.py
[2026-10-01T00:05:21.915+0000] {processor.py:743} INFO - Processing file /home/airflow/.local/lib/python3.7/site-packages/airflow/example_dags/example_branch_operator.py for tasks to queue
[2026-10-01T00:05:21.916+0000] {logging_mixin.py:137} INFO - [2026-10-01T00:05:21.916+0000] {dagbag.py:538} INFO - Filling up the DagBag from /home/airflow/.local/lib/python3.7/site-packages/airflow/example_dags/example_branch_operator.py
[2026-10-01T00:05:21.938+0000] {processor.py:753} INFO - DAG(s) dict_keys(['example_branch_operator']) retrieved from /home/airflow/.local/lib/python3.7/site-packages/airflow/example_dags/example_branch_operator.py
[2026-10-01T00:05:21.985+0000] {logging_mixin.py:137} INFO - [2026-10-01T00:05:21.985+0000] {dag.py:2676} INFO - Sync 1 DAGs
[2026-10-01T00:05:22.021+0000] {logging_mixin.py:137} INFO - [2026-10-01T00:05:22.021+0000] {dag.py:3427} INFO - Setting next_dagrun for example_branch_operator to 2026-09-30T00:00:00+00:00, run_after=2026-10-01T00:00:00+00:00
[2026-10-01T00:05:22.046+0000] {processor.py:175} INFO - Processing /home/airflow/.local/lib/python3.7/site-packages/airflow/example_dags/example_branch_operator.py took 0.135 seconds
[2026-10-01T00:05:52.403+0000] {processor.py:153} INFO - Started process (PID=15867) to work on /home/airflow/.local/lib/python3.7/site-packages/airflow/example_dags/example_branch_operator.py
[2026-10-01T00:05:52.404+0000] {processor.py:743} INFO - Processing file /home/airflow/.local/lib/python3.7/site-packages/airflow/example_dags/example_branch_operator.py for tasks to queue
[2026-10-01T00:05:52.404+0000] {logging_mixin.py:137} INFO - [2026-10-01T00:05:52.404+0000] {dagbag.py:538} INFO - Filling up the DagBag from /home/airflow/.local/lib/python3.7/site-packages/airflow/example_dags/example_branch_operator.py
[2026-10-01T00:05:52.426+0000] {processor.py:753} INFO - DAG(s) dict_keys(['example_branch_operator']) retrieved from /home/airflow/.local/lib/python3.7/site-packages/airflow/example_dags/example_branch_operator.py
[2026-10-01T00:05:52.476+0000] {logging_mixin.py:137} INFO - [2026-10-01T00:05:52.476+0000] {dag.py:2676} INFO - Sync 1 DAGs
[2026-10-01T00:05:52.513+0000] {logging_mixin.py:137} INFO - [2026-10-01T00:05:52.513+0000] {dag.py:3427} INFO - Setting next_dagrun for example_branch_operator to 2026-09-30T00:00:00+00:00, run_after=2026-10-01T00:00:00+00:00
[2026-10-01T00:05:52.538+0000] {processor.py:175} INFO - Processing /home/airflow/.local/lib/python3.7/site-packages/airflow/example_dags/example_branch_operator.py took 0.139 seconds
[2026-10-01T00:06:22.891+0000] {processor.py:153} INFO - Started process (PID=15959) to work on /home/airflow/.local/lib/python3.7/site-packages/airflow/example_dags/example_branch_operator.py
[2026-10-01T00:06:22.892+0000] {processor.py:743} INFO - Processing file /home/airflow/.local/lib/python3.7/site-packages/airflow/example_dags/example_branch_operator.py for tasks to queue
[2026-10-01T00:06:22.893+0000] {logging_mixin.py:137} INFO - [2026-10-01T00:06:22.893+0000] {dagbag.py:538} INFO - Filling up the DagBag from /home/airflow/.local/lib/python3.7/site-packages/airflow/example_dags/example_branch_operator.py
[2026-10-01T00:06:22.929+0000] {processor.py:753} INFO - DAG(s) dict_keys(['example_branch_operator']) retrieved from /home/airflow/.local/lib/python3.7/site-packages/airflow/example_dags/example_branch_operator.py
[2026-10-01T00:06:22.992+0000] {logging_mixin.py:137} INFO - [2026-10-01T00:06:22.992+0000] {dag.py:2676} INFO - Sync 1 DAGs
[2026-10-01T00:06:23.026+0000] {logging_mixin.py:137} INFO - [2026-10-01T00:06:23.026+0000] {dag.py:3427} INFO - Setting next_dagrun for example_branch_operator to 2026-09-30T00:00:00+00:00, run_after=2026-10-01T00:00:00+00:00
[2026-10-01T00:06:23.046+0000] {processor.py:175} INFO - Processing /home/airflow/.local/lib/python3.7/site-packages/airflow/example_dags/example_branch_operator.py took 0.161 seconds
[2026-10-01T00:06:53.169+0000] {processor.py:153} INFO - Started process (PID=16038) to work on /home/airflow/.local/lib/python3.7/site-packages/airflow/example_dags/example_branch_operator.py
[2026-10-01T00:06:53.170+0000] {processor.py:743} INFO - Processing file /home/airflow/.local/lib/python3.7/site-packages/airflow/example_dags/example_branch_operator.py for tasks to queue
[2026-10-01T00:06:53.170+0000] {logging_mixin.py:137} INFO - [2026-10-01T00:06:53.170+0000] {dagbag.py:538} INFO - Filling up the DagBag from /home/airflow/.local/lib/python3.7/site-packages/airflow/example_dags/example_branch_operator.py
[2026-10-01T00:06:53.198+0000] {processor.py:753} INFO - DAG(s) dict_keys(['example_branch_operator']) retrieved from /home/airflow/.local/lib/python3.7/site-packages/airflow/example_dags/example_branch_operator.py
[2026-10-01T00:06:53.259+0000] {logging_mixin.py:137} INFO - [2026-10-01T00:06:53.259+0000] {dag.py:2676} INFO - Sync 1 DAGs
[2026-10-01T00:06:53.298+0000] {logging_mixin.py:137} INFO - [2026-10-01T00:06:53.298+0000] {dag.py:3427} INFO - Setting next_dagrun for example_branch_operator to 2026-09-30T00:00:00+00:00, run_after=2026-10-01T00:00:00+00:00
[2026-10-01T00:06:53.328+0000] {processor.py:175} INFO - Processing /home/airflow/.local/lib/python3.7/site-packages/airflow/example_dags/example_branch_operator.py took 0.163 seconds
[2026-10-01T00:07:23.535+0000] {processor.py:153} INFO - Started process (PID=16117) to work on /home/airflow/.local/lib/python3.7/site-packages/airflow/example_dags/example_branch_operator.py
[2026-10-01T00:07:23.536+0000] {processor.py:743} INFO - Processing file /home/airflow/.local/lib/python3.7/site-packages/airflow/example_dags/example_branch_operator.py for tasks to queue
[2026-10-01T00:07:23.537+0000] {logging_mixin.py:137} INFO - [2026-10-01T00:07:23.536+0000] {dagbag.py:538} INFO - Filling up the DagBag from /home/airflow/.local/lib/python3.7/site-packages/airflow/example_dags/example_branch_operator.py
[2026-10-01T00:07:23.563+0000] {processor.py:753} INFO - DAG(s) dict_keys(['example_branch_operator']) retrieved from /home/airflow/.local/lib/python3.7/site-packages/airflow/example_dags/example_branch_operator.py
[2026-10-01T00:07:23.617+0000] {logging_mixin.py:137} INFO - [2026-10-01T00:07:23.616+0000] {dag.py:2676} INFO - Sync 1 DAGs
[2026-10-01T00:07:23.650+0000] {logging_mixin.py:137} INFO - [2026-10-01T00:07:23.650+0000] {dag.py:3427} INFO - Setting next_dagrun for example_branch_operator to 2026-09-30T00:00:00+00:00, run_after=2026-10-01T00:00:00+00:00
[2026-10-01T00:07:23.678+0000] {processor.py:175} INFO - Processing /home/airflow/.local/lib/python3.7/site-packages/airflow/example_dags/example_branch_operator.py took 0.147 seconds
[2026-10-01T00:07:53.894+0000] {processor.py:153} INFO - Started process (PID=16205) to work on /home/airflow/.local/lib/python3.7/site-packages/airflow/example_dags/example_branch_operator.py
[2026-10-01T00:07:53.896+0000] {processor.py:743} INFO - Processing file /home/airflow/.local/lib/python3.7/site-packages/airflow/example_dags/example_branch_operator.py for tasks to queue
[2026-10-01T00:07:53.897+0000] {logging_mixin.py:137} INFO - [2026-10-01T00:07:53.896+0000] {dagbag.py:538} INFO - Filling up the DagBag from /home/airflow/.local/lib/python3.7/site-packages/airflow/example_dags/example_branch_operator.py
[2026-10-01T00:07:53.930+0000] {processor.py:753} INFO - DAG(s) dict_keys(['example_branch_operator']) retrieved from /home/airflow/.local/lib/python3.7/site-packages/airflow/example_dags/example_branch_operator.py
[2026-10-01T00:07:53.985+0000] {logging_mixin.py:137} INFO - [2026-10-01T00:07:53.985+0000] {dag.py:2676} INFO - Sync 1 DAGs
[2026-10-01T00:07:54.038+0000] {logging_mixin.py:137} INFO - [2026-10-01T00:07:54.038+0000] {dag.py:3427} INFO - Setting next_dagrun for example_branch_operator to 2026-09-30T00:00:00+00:00, run_after=2026-10-01T00:00:00+00:00
[2026-10-01T00:07:54.068+0000] {processor.py:175} INFO - Processing /home/airflow/.local/lib/python3.7/site-packages/airflow/example_dags/example_branch_operator.py took 0.180 seconds
[2026-10-01T00:08:24.169+0000] {processor.py:153} INFO - Started process (PID=16295) to work on /home/airflow/.local/lib/python3.7/site-packages/airflow/example_dags/example_branch_operator.py
[2026-10-01T00:08:24.170+0000] {processor.py:743} INFO - Processing file /home/airflow/.local/lib/python3.7/site-packages/airflow/example_dags/example_branch_operator.py for tasks to queue
[2026-10-01T00:08:24.170+0000] {logging_mixin.py:137} INFO - [2026-10-01T00:08:24.170+0000] {dagbag.py:538} INFO - Filling up the DagBag from /home/airflow/.local/lib/python3.7/site-packages/airflow/example_dags/example_branch_operator.py
[2026-10-01T00:08:24.195+0000] {processor.py:753} INFO - DAG(s) dict_keys(['example_branch_operator']) retrieved from /home/airflow/.local/lib/python3.7/site-packages/airflow/example_dags/example_branch_operator.py
[2026-10-01T00:08:24.245+0000] {logging_mixin.py:137} INFO - [2026-10-01T00:08:24.245+0000] {dag.py:2676} INFO - Sync 1 DAGs
[2026-10-01T00:08:24.277+0000] {logging_mixin.py:137} INFO - [2026-10-01T00:08:24.277+0000] {dag.py:3427} INFO - Setting next_dagrun for example_branch_operator to 2026-09-30T00:00:00+00:00, run_after=2026-10-01T00:00:00+00:00
[2026-10-01T00:08:24.299+0000] {processor.py:175} INFO - Processing /home/airflow/.local/lib/python3.7/site-packages/airflow/example_dags/example_branch_operator.py took 0.134 seconds
[2026-10-01T00:08:54.780+0000] {processor.py:153} INFO - Started process (PID=16374) to work on /home/airflow/.local/lib/python3.7/site-packages/airflow/example_dags/example_branch_operator.py
[2026-10-01T00:08:54.781+0000] {processor.py:743} INFO - Processing file /home/airflow/.local/lib/python3.7/site-packages/airflow/example_dags/example_branch_operator.py for tasks to queue
[2026-10-01T00:08:54.781+0000] {logging_mixin.py:137} INFO - [2026-10-01T00:08:54.781+0000] {dagbag.py:538} INFO - Filling up the DagBag from /home/airflow/.local/lib/python3.7/site-packages/airflow/example_dags/example_branch_operator.py
[2026-10-01T00:08:54.803+0000] {processor.py:753} INFO - DAG(s) dict_keys(['example_branch_operator']) retrieved from /home/airflow/.local/lib/python3.7/site-packages/airflow/example_dags/example_branch_operator.py
[2026-10-01T00:08:54.854+0000] {logging_mixin.py:137} INFO - [2026-10-01T00:08:54.854+0000] {dag.py:2676} INFO - Sync 1 DAGs
[2026-10-01T00:08:54.893+0000] {logging_mixin.py:137} INFO - [2026-10-01T00:08:54.893+0000] {dag.py:3427} INFO - Setting next_dagrun for example_branch_operator to 2026-09-30T00:00:00+00:00, run_after=2026-10-01T00:00:00+00:00
[2026-10-01T00:08:54.919+0000] {processor.py:175} INFO - Processing /home/airflow/.local/lib/python3.7/site-packages/airflow/example_dags/example_branch_operator.py took 0.144 seconds
[2026-10-01T00:09:25.219+0000] {processor.py:153} INFO - Started process (PID=16453) to work on /home/airflow/.local/lib/python3.7/site-packages/airflow/example_dags/example_branch_operator.py
[2026-10-01T00:09:25.220+0000] {processor.py:743} INFO - Processing file /home/airflow/.local/lib/python3.7/site-packages/airflow/example_dags/example_branch_operator.py for tasks to queue
[2026-10-01T00:09:25.221+0000] {logging_mixin.py:137} INFO - [2026-10-01T00:09:25.221+0000] {dagbag.py:538} INFO - Filling up the DagBag from /home/airflow/.local/lib/python3.7/site-packages/airflow/example_dags/example_branch_operator.py
[2026-10-01T00:09:25.257+0000] {processor.py:753} INFO - DAG(s) dict_keys(['example_branch_operator']) retrieved from /home/airflow/.local/lib/python3.7/site-packages/airflow/example_dags/example_branch_operator.py
[2026-10-01T00:09:25.322+0000] {logging_mixin.py:137} INFO - [2026-10-01T00:09:25.322+0000] {dag.py:2676} INFO - Sync 1 DAGs
[2026-10-01T00:09:25.357+0000] {logging_mixin.py:137} INFO - [2026-10-01T00:09:25.356+0000] {dag.py:3427} INFO - Setting next_dagrun for example_branch_operator to 2026-09-30T00:00:00+00:00, run_after=2026-10-01T00:00:00+00:00
[2026-10-01T00:09:25.378+0000] {processor.py:175} INFO - Processing /home/airflow/.local/lib/python3.7/site-packages/airflow/example_dags/example_branch_operator.py took 0.163 seconds
[2026-10-01T00:09:56.238+0000] {processor.py:153} INFO - Started process (PID=16552) to work on /home/airflow/.local/lib/python3.7/site-packages/airflow/example_dags/example_branch_operator.py
[2026-10-01T00:09:56.240+0000] {processor.py:743} INFO - Processing file /home/airflow/.local/lib/python3.7/site-packages/airflow/example_dags/example_branch_operator.py for tasks to queue
[2026-10-01T00:09:56.241+0000] {logging_mixin.py:137} INFO - [2026-10-01T00:09:56.240+0000] {dagbag.py:538} INFO - Filling up the DagBag from /home/airflow/.local/lib/python3.7/site-packages/airflow/example_dags/example_branch_operator.py
[2026-10-01T00:09:56.277+0000] {processor.py:753} INFO - DAG(s) dict_keys(['example_branch_operator']) retrieved from /home/airflow/.local/lib/python3.7/site-packages/airflow/example_dags/example_branch_operator.py
[2026-10-01T00:09:56.339+0000] {logging_mixin.py:137} INFO - [2026-10-01T00:09:56.338+0000] {dag.py:2676} INFO - Sync 1 DAGs
[2026-10-01T00:09:56.377+0000] {logging_mixin.py:137} INFO - [2026-10-01T00:09:56.377+0000] {dag.py:3427} INFO - Setting next_dagrun for example_branch_operator to 2026-09-30T00:00:00+00:00, run_after=2026-10-01T00:00:00+00:00
[2026-10-01T00:09:56.402+0000] {processor.py:175} INFO - Processing /home/airflow/.local/lib/python3.7/site-packages/airflow/example_dags/example_branch_operator.py took 0.170 seconds
[2026-10-01T00:10:26.571+0000] {processor.py:153} INFO - Started process (PID=16631) to work on /home/airflow/.local/lib/python3.7/site-packages/airflow/example_dags/example_branch_operator.py
[2026-10-01T00:10:26.573+0000] {processor.py:743} INFO - Processing file /home/airflow/.local/lib/python3.7/site-packages/airflow/example_dags/example_branch_operator.py for tasks to queue
[2026-10-01T00:10:26.574+0000] {logging_mixin.py:137} INFO - [2026-10-01T00:10:26.574+0000] {dagbag.py:538} INFO - Filling up the DagBag from /home/airflow/.local/lib/python3.7/site-packages/airflow/example_dags/example_branch_operator.py
[2026-10-01T00:10:26.605+0000] {processor.py:753} INFO - DAG(s) dict_keys(['example_branch_operator']) retrieved from /home/airflow/.local/lib/python3.7/site-packages/airflow/example_dags/example_branch_operator.py
[2026-10-01T00:10:26.667+0000] {logging_mixin.py:137} INFO - [2026-10-01T00:10:26.667+0000] {dag.py:2676} INFO - Sync 1 DAGs
[2026-10-01T00:10:26.703+0000] {logging_mixin.py:137} INFO - [2026-10-01T00:10:26.703+0000] {dag.py:3427} INFO - Setting next_dagrun for example_branch_operator to 2026-09-30T00:00:00+00:00, run_after=2026-10-01T00:00:00+00:00
[2026-10-01T00:10:26.730+0000] {processor.py:175} INFO - Processing /home/airflow/.local/lib/python3.7/site-packages/airflow/example_dags/example_branch_operator.py took 0.165 seconds
[2026-10-01T00:10:57.579+0000] {processor.py:153} INFO - Started process (PID=16710) to work on /home/airflow/.local/lib/python3.7/site-packages/airflow/example_dags/example_branch_operator.py
[2026-10-01T00:10:57.580+0000] {processor.py:743} INFO - Processing file /home/airflow/.local/lib/python3.7/site-packages/airflow/example_dags/example_branch_operator.py for tasks to queue
[2026-10-01T00:10:57.581+0000] {logging_mixin.py:137} INFO - [2026-10-01T00:10:57.581+0000] {dagbag.py:538} INFO - Filling up the DagBag from /home/airflow/.local/lib/python3.7/site-packages/airflow/example_dags/example_branch_operator.py
[2026-10-01T00:10:57.609+0000] {processor.py:753} INFO - DAG(s) dict_keys(['example_branch_operator']) retrieved from /home/airflow/.local/lib/python3.7/site-packages/airflow/example_dags/example_branch_operator.py
[2026-10-01T00:10:57.666+0000] {logging_mixin.py:137} INFO - [2026-10-01T00:10:57.666+0000] {dag.py:2676} INFO - Sync 1 DAGs
[2026-10-01T00:10:57.701+0000] {logging_mixin.py:137} INFO - [2026-10-01T00:10:57.701+0000] {dag.py:3427} INFO - Setting next_dagrun for example_branch_operator to 2026-09-30T00:00:00+00:00, run_after=2026-10-01T00:00:00+00:00
[2026-10-01T00:10:57.722+0000] {processor.py:175} INFO - Processing /home/airflow/.local/lib/python3.7/site-packages/airflow/example_dags/example_branch_operator.py took 0.148 seconds
[2026-10-01T00:11:28.064+0000] {processor.py:153} INFO - Started process (PID=16789) to work on /home/airflow/.local/lib/python3.7/site-packages/airflow/example_dags/example_branch_operator.py
[2026-10-01T00:11:28.065+0000] {processor.py:743} INFO - Processing file /home/airflow/.local/lib/python3.7/site-packages/airflow/example_dags/example_branch_operator.py for tasks to queue
[2026-10-01T00:11:28.066+0000] {logging_mixin.py:137} INFO - [2026-10-01T00:11:28.066+0000] {dagbag.py:538} INFO - Filling up the DagBag from /home/airflow/.local/lib/python3.7/site-packages/airflow/example_dags/example_branch_operator.py
[2026-10-01T00:11:28.091+0000] {processor.py:753} INFO - DAG(s) dict_keys(['example_branch_operator']) retrieved from /home/airflow/.local/lib/python3.7/site-packages/airflow/example_dags/example_branch_operator.py
[2026-10-01T00:11:28.148+0000] {logging_mixin.py:137} INFO - [2026-10-01T00:11:28.148+0000] {dag.py:2676} INFO - Sync 1 DAGs
[2026-10-01T00:11:28.192+0000] {logging_mixin.py:137} INFO - [2026-10-01T00:11:28.192+0000] {dag.py:3427} INFO - Setting next_dagrun for example_branch_operator to 2026-09-30T00:00:00+00:00, run_after=2026-10-01T00:00:00+00:00
[2026-10-01T00:11:28.220+0000] {processor.py:175} INFO - Processing /home/airflow/.local/lib/python3.7/site-packages/airflow/example_dags/example_branch_operator.py took 0.162 seconds
[2026-10-01T00:11:58.365+0000] {processor.py:153} INFO - Started process (PID=16877) to work on /home/airflow/.local/lib/python3.7/site-packages/airflow/example_dags/example_branch_operator.py
[2026-10-01T00:11:58.366+0000] {processor.py:743} INFO - Processing file /home/airflow/.local/lib/python3.7/site-packages/airflow/example_dags/example_branch_operator.py for tasks to queue
[2026-10-01T00:11:58.366+0000] {logging_mixin.py:137} INFO - [2026-10-01T00:11:58.366+0000] {dagbag.py:538} INFO - Filling up the DagBag from /home/airflow/.local/lib/python3.7/site-packages/airflow/example_dags/example_branch_operator.py
[2026-10-01T00:11:58.388+0000] {processor.py:753} INFO - DAG(s) dict_keys(['example_branch_operator']) retrieved from /home/airflow/.local/lib/python3.7/site-packages/airflow/example_dags/example_branch_operator.py
[2026-10-01T00:11:58.456+0000] {logging_mixin.py:137} INFO - [2026-10-01T00:11:58.456+0000] {dag.py:2676} INFO - Sync 1 DAGs
[2026-10-01T00:11:58.508+0000] {logging_mixin.py:137} INFO - [2026-10-01T00:11:58.507+0000] {dag.py:3427} INFO - Setting next_dagrun for example_branch_operator to 2026-09-30T00:00:00+00:00, run_after=2026-10-01T00:00:00+00:00
[2026-10-01T00:11:58.539+0000] {processor.py:175} INFO - Processing /home/airflow/.local/lib/python3.7/site-packages/airflow/example_dags/example_branch_operator.py took 0.177 seconds
