[2026-10-01T00:00:21.172+0000] {processor.py:153} INFO - Started process (PID=14979) to work on /home/airflow/.local/lib/python3.7/site-packages/airflow/example_dags/example_sensors.py
[2026-10-01T00:00:21.173+0000] {processor.py:743} INFO - Processing file /home/airflow/.local/lib/python3.7/site-packages/airflow/example_dags/example_sensors.py for tasks to queue
[2026-10-01T00:00:21.174+0000] {logging_mixin.py:137} INFO - [2026-10-01T00:00:21.174+0000] {dagbag.py:538} INFO - Filling up the DagBag from /home/airflow/.local/lib/python3.7/site-packages/airflow/example_dags/example_sensors.py
[2026-10-01T00:00:21.200+0000] {processor.py:753} INFO - DAG(s) dict_keys(['example_sensors']) retrieved from /home/airflow/.local/lib/python3.7/site-packages/airflow/example_dags/example_sensors.py
[2026-10-01T00:00:21.254+0000] {logging_mixin.py:137} INFO - [2026-10-01T00:00:21.254+0000] {dag.py:2676} INFO - Sync 1 DAGs
[2026-10-01T00:00:21.293+0000] {logging_mixin.py:137} INFO - [2026-10-01T00:00:21.293+0000] {dag.py:3427} INFO - Setting next_dagrun for example_sensors to None, run_after=None
[2026-10-01T00:00:21.316+0000] {processor.py:175} INFO - Processing /home/airflow/.local/lib/python3.7/site-packages/airflow/example_dags/example_sensors.py took 0.147 seconds
[2026-10-01T00:00:52.091+0000] {processor.py:153} INFO - Started process (PID=15058) to work on /home/airflow/.local/lib/python3.7/site-packages/airflow/example_dags/example_sensors.py
[2026-10-01T00:00:52.092+0000] {processor.py:743} INFO - Processing file /home/airflow/.local/lib/python3.7/site-packages/airflow/example_dags/example_sensors.py for tasks to queue
[2026-10-01T00:00:52.093+0000] {logging_mixin.py:137} INFO - [2026-10-01T00:00:52.093+0000] {dagbag.py:538} INFO - Filling up the DagBag from /home/airflow/.local/lib/python3.7/site-packages/airflow/example_dags/example_sensors.py
[2026-10-01T00:00:52.114+0000] {processor.py:753} INFO - DAG(s) dict_keys(['example_sensors']) retrieved from /home/airflow/.local/lib/python3.7/site-packages/airflow/example_dags/example_sensors.py
[2026-10-01T00:00:52.156+0000] {logging_mixin.py:137} INFO - [2026-10-01T00:00:52.155+0000] {dag.py:2676} INFO - Sync 1 DAGs
[2026-10-01T00:00:52.180+0000] {logging_mixin.py:137} INFO - [2026-10-01T00:00:52.180+0000] {dag.py:3427} INFO - Setting next_dagrun for example_sensors to None, run_after=None
[2026-10-01T00:00:52.197+0000] {processor.py:175} INFO - Processing /home/airflow/.local/lib/python3.7/site-packages/airflow/example_dags/example_sensors.py took 0.108 seconds
[2026-10-01T00:01:23.068+0000] {processor.py:153} INFO - Started process (PID=15157) to work on /home/airflow/.local/lib/python3.7/site-packages/airflow/example_dags/example_sensors.py
[2026-10-01T00:01:23.069+0000] {processor.py:743} INFO - Processing file /home/airflow/.local/lib/python3.7/site-packages/airflow/example_dags/example_sensors.py for tasks to queue
[2026-10-01T00:01:23.070+0000] {logging_mixin.py:137} INFO - [2026-10-01T00:01:23.070+0000] {dagbag.py:538} INFO - Filling up the DagBag from /home/airflow/.local/lib/python3.7/site-packages/airflow/example_dags/example_sensors.py
[2026-10-01T00:01:23.097+0000] {processor.py:753} INFO - DAG(s) dict_keys(['example_sensors']) retrieved from /home/airflow/.local/lib/python3.7/site-packages/airflow/example_dags/example_sensors.py
[2026-10-01T00:01:23.146+0000] {logging_mixin.py:137} INFO - [2026-10-01T00:01:23.146+0000] {dag.py:2676} INFO - Sync 1 DAGs
[2026-10-01T00:01:23.179+0000] {logging_mixin.py:137} INFO - [2026-10-01T00:01:23.178+0000] {dag.py:3427} INFO - Setting next_dagrun for example_sensors to None, run_after=None
[2026-10-01T00:01:23.201+0000] {processor.py:175} INFO - Processing /home/airflow/.local/lib/python3.7/site-packages/airflow/example_dags/example_sensors.py took 0.137 seconds
[2026-10-01T00:01:53.958+0000] {processor.py:153} INFO - Started process (PID=15236) to work on /home/airflow/.local/lib/python3.7/site-packages/airflow/example_dags/example_sensors.py
[2026-10-01T00:01:53.959+0000] {processor.py:743} INFO - Processing file /home/airflow/.local/lib/python3.7/site-packages/airflow/example_dags/example_sensors.py for tasks to queue
[2026-10-01T00:01:53.959+0000] {logging_mixin.py:137} INFO - [2026-10-01T00:01:53.959+0000] {dagbag.py:538} INFO - Filling up the DagBag from /home/airflow/.local/lib/python3.7/site-packages/airflow/example_dags/example_sensors.py
[2026-10-01T00:01:53.988+0000] {processor.py:753} INFO - DAG(s) dict_keys(['example_sensors']) retrieved from /home/airflow/.local/lib/python3.7/site-packages/airflow/example_dags/example_sensors.py
[2026-10-01T00:01:54.050+0000] {logging_mixin.py:137} INFO - [2026-10-01T00:01:54.049+0000] {dag.py:2676} INFO - Sync 1 DAGs
[2026-10-01T00:01:54.087+0000] {logging_mixin.py:137} INFO - [2026-10-01T00:01:54.086+0000] {dag.py:3427} INFO - Setting next_dagrun for example_sensors to None, run_after=None
[2026-10-01T00:01:54.115+0000] {processor.py:175} INFO - Processing /home/airflow/.local/lib/python3.7/site-packages/airflow/example_dags/example_sensors.py took 0.160 seconds
[2026-10-01T00:02:24.767+0000] {processor.py:153} INFO - Started process (PID=15315) to work on /home/airflow/.local/lib/python3.7/site-packages/airflow/example_dags/example_sensors.py
[2026-10-01T00:02:24.768+0000] {processor.py:743} INFO - Processing file /home/airflow/.local/lib/python3.7/site-packages/airflow/example_dags/example_sensors.py for tasks to queue
[2026-10-01T00:02:24.769+0000] {logging_mixin.py:137} INFO - [2026-10-01T00:02:24.769+0000] {dagbag.py:538} INFO - Filling up the DagBag from /home/airflow/.local/lib/python3.7/site-packages/airflow/example_dags/example_sensors.py
[2026-10-01T00:02:24.795+0000] {processor.py:753} INFO - DAG(s) dict_keys(['example_sensors']) retrieved from /home/airflow/.local/lib/python3.7/site-packages/airflow/example_dags/example_sensors.py
[2026-10-01T00:02:24.846+0000] {logging_mixin.py:137} INFO - [2026-10-01T00:02:24.846+0000] {dag.py:2676} INFO - Sync 1 DAGs
[2026-10-01T00:02:24.879+0000] {logging_mixin.py:137} INFO - [2026-10-01T00:02:24.879+0000] {dag.py:3427} INFO - Setting next_dagrun for example_sensors to None, run_after=None
[2026-10-01T00:02:24.903+0000] {processor.py:175} INFO - Processing /home/airflow/.local/lib/python3.7/site-packages/airflow/example_dags/example_sensors.py took 0.140 seconds
[2026-10-01T00:02:55.190+0000] {processor.py:153} INFO - Started process (PID=15394) to work on /home/airflow/.local/lib/python3.7/site-packages/airflow/example_dags/example_sensors.py
[2026-10-01T00:02:55.192+0000] {processor.py:743} INFO - Processing file /home/airflow/.local/lib/python3.7/site-packages/airflow/example_dags/example_sensors.py for tasks to queue
[2026-10-01T00:02:55.193+0000] {logging_mixin.py:137} INFO - [2026-10-01T00:02:55.193+0000] {dagbag.py:538} INFO - Filling up the DagBag from /home/airflow/.local/lib/python3.7/site-packages/airflow/example_dags/example_sensors.py
[2026-10-01T00:02:55.234+0000] {processor.py:753} INFO - DAG(s) dict_keys(['example_sensors']) retrieved from /home/airflow/.local/lib/python3.7/site-packages/airflow/example_dags/example_sensors.py
[2026-10-01T00:02:55.306+0000] {logging_mixin.py:137} INFO - [2026-10-01T00:02:55.306+0000] {dag.py:2676} INFO - Sync 1 DAGs
[2026-10-01T00:02:55.345+0000] {logging_mixin.py:137} INFO - [2026-10-01T00:02:55.345+0000] {dag.py:3427} INFO - Setting next_dagrun for example_sensors to None, run_after=None
[2026-10-01T00:02:55.368+0000] {processor.py:175} INFO - Processing /home/airflow/.local/lib/python3.7/site-packages/airflow/example_dags/example_sensors.py took 0.184 seconds
[2026-10-01T00:03:25.468+0000] {processor.py:153} INFO - Started process (PID=15493) to work on /home/airflow/.local/lib/python3.7/site-packages/airflow/example_dags/example_sensors.py
[2026-10-01T00:03:25.469+0000] {processor.py:743} INFO - Processing file /home/airflow/.local/lib/python3.7/site-packages/airflow/example_dags/example_sensors.py for tasks to queue
[2026-10-01T00:03:25.470+0000] {logging_mixin.py:137} INFO - [2026-10-01T00:03:25.470+0000] {dagbag.py:538} INFO - Filling up the DagBag from /home/airflow/.local/lib/python3.7/site-packages/airflow/example_dags/example_sensors.py
[2026-10-01T00:03:25.501+0000] {processor.py:753} INFO - DAG(s) dict_keys(['example_sensors']) retrieved from /home/airflow/.local/lib/python3.7/site-packages/airflow/example_dags/example_sensors.py
[2026-10-01T00:03:25.558+0000] {logging_mixin.py:137} INFO - [2026-10-01T00:03:25.558+0000] {dag.py:2676} INFO - Sync 1 DAGs
[2026-10-01T00:03:25.595+0000] {logging_mixin.py:137} INFO - [2026-10-01T00:03:25.595+0000] {dag.py:3427} INFO - Setting next_dagrun for example_sensors to None, run_after=None
[2026-10-01T00:03:25.623+0000] {processor.py:175} INFO - Processing /home/airflow/.local/lib/python3.7/site-packages/airflow/example_dags/example_sensors.py took 0.159 seconds
[2026-10-01T00:03:55.702+0000] {processor.py:153} INFO - Started process (PID=15572) to work on /home/airflow/.local/lib/python3.7/site-packages/airflow/example_dags/example_sensors.py
[2026-10-01T00:03:55.703+0000] {processor.py:743} INFO - Processing file /home/airflow/.local/lib/python3.7/site-packages/airflow/example_dags/example_sensors.py for tasks to queue
[2026-10-01T00:03:55.704+0000] {logging_mixin.py:137} INFO - [2026-10-01T00:03:55.704+0000] {dagbag.py:538} INFO - Filling up the DagBag from /home/airflow/.local/lib/python3.7/site-packages/airflow/example_dags/example_sensors.py
[2026-10-01T00:03:55.731+0000] {processor.py:753} INFO - DAG(s) dict_keys(['example_sensors']) retrieved from /home/airflow/.local/lib/python3.7/site-packages/airflow/example_dags/example_sensors.py
[2026-10-01T00:03:55.788+0000] {logging_mixin.py:137} INFO - [2026-10-01T00:03:55.788+0000] {dag.py:2676} INFO - Sync 1 DAGs
[2026-10-01T00:03:55.825+0000] {logging_mixin.py:137} INFO - [2026-10-01T00:03:55.825+0000] {dag.py:3427} INFO - Setting next_dagrun for example_sensors to None, run_after=None
[2026-10-01T00:03:55.867+0000] {processor.py:175} INFO - Processing /home/airflow/.local/lib/python3.7/site-packages/airflow/example_dags/example_sensors.py took 0.169 seconds
[2026-10-01T00:04:26.090+0000] {processor.py:153} INFO - Started process (PID=15651) to work on /home/airflow/.local/lib/python3.7/site-packages/airflow/example_dags/example_sensors.py
[2026-10-01T00:04:26.091+0000] {processor.py:743} INFO - Processing file /home/airflow/.local/lib/python3.7/site-packages/airflow/example_dags/example_sensors.py for tasks to queue
[2026-10-01T00:04:26.091+0000] {logging_mixin.py:137} INFO - [2026-10-01T00:04:26.091+0000] {dagbag.py:538} INFO - Filling up the DagBag from /home/airflow/.local/lib/python3.7/site-packages/airflow/example_dags/example_sensors.py
[2026-10-01T00:04:26.117+0000] {processor.py:753} INFO - DAG(s) dict_keys(['example_sensors']) retrieved from /home/airflow/.local/lib/python3.7/site-packages/airflow/example_dags/example_sensors.py
[2026-10-01T00:04:26.168+0000] {logging_mixin.py:137} INFO - [2026-10-01T00:04:26.168+0000] {dag.py:2676} INFO - Sync 1 DAGs
[2026-10-01T00:04:26.198+0000] {logging_mixin.py:137} INFO - [2026-10-01T00:04:26.198+0000] {dag.py:3427} INFO - Setting next_dagrun for example_sensors to None, run_after=None
[2026-10-01T00:04:26.217+0000] {processor.py:175} INFO - Processing /home/airflow/.local/lib/python3.7/site-packages/airflow/example_dags/example_sensors.py took 0.131 seconds
[2026-10-01T00:04:57.068+0000] {processor.py:153} INFO - Started process (PID=15730) to work on /home/airflow/.local/lib/python3.7/site-packages/airflow/example_dags/example_sensors.py
[2026-10-01T00:04:57.069+0000] {processor.py:743} INFO - Processing file /home/airflow/.local/lib/python3.7/site-packages/airflow/example_dags/example_sensors.py for tasks to queue
[2026-10-01T00:04:57.070+0000] {logging_mixin.py:137} INFO - [2026-10-01T00:04:57.070+0000] {dagbag.py:538} INFO - Filling up the DagBag from /home/airflow/.local/lib/python3.7/site-packages/airflow/example_dags/example_sensors.py
[2026-10-01T00:04:57.100+0000] {processor.py:753} INFO - DAG(s) dict_keys(['example_sensors']) retrieved from /home/airflow/.local/lib/python3.7/site-packages/airflow/example_dags/example_sensors.py
[2026-10-01T00:04:57.151+0000] {logging_mixin.py:137} INFO - [2026-10-01T00:04:57.151+0000] {dag.py:2676} INFO - Sync 1 DAGs
[2026-10-01T00:04:57.181+0000] {logging_mixin.py:137} INFO - [2026-10-01T00:04:57.180+0000] {dag.py:3427} INFO - Setting next_dagrun for example_sensors to None, run_after=None
[2026-10-01T00:04:57.201+0000] {processor.py:175} INFO - Processing /home/airflow/.local/lib/python3.7/site-packages/airflow/example_dags/example_sensors.py took 0.137 seconds
[2026-10-01T00:05:27.383+0000] {processor.py:153} INFO - Started process (PID=15829) to work on /home/airflow/.local/lib/python3.7/site-packages/airflow/example_dags/example_sensors.py
[2026-10-01T00:05:27.384+0000] {processor.py:743} INFO - Processing file /home/airflow/.local/lib/python3.7/site-packages/airflow/example_dags/example_sensors.py for tasks to queue
[2026-10-01T00:05:27.385+0000] {logging_mixin.py:137} INFO - [2026-10-01T00:05:27.385+0000] {dagbag.py:538} INFO - Filling up the DagBag from /home/airflow/.local/lib/python3.7/site-packages/airflow/example_dags/example_sensors.py
[2026-10-01T00:05:27.418+0000] {processor.py:753} INFO - DAG(s) dict_keys(['example_sensors']) retrieved from /home/airflow/.local/lib/python3.7/site-packages/airflow/example_dags/example_sensors.py
[2026-10-01T00:05:27.480+0000] {logging_mixin.py:137} INFO - [2026-10-01T00:05:27.479+0000] {dag.py:2676} INFO - Sync 1 DAGs
[2026-10-01T00:05:27.514+0000] {logging_mixin.py:137} INFO - [2026-10-01T00:05:27.514+0000] {dag.py:3427} INFO - Setting next_dagrun for example_sensors to None, run_after=None
[2026-10-01T00:05:27.535+0000] {processor.py:175} INFO - Processing /home/airflow/.local/lib/python3.7/site-packages/airflow/example_dags/example_sensors.py took 0.155 seconds
[2026-10-01T00:05:57.947+0000] {processor.py:153} INFO - Started process (PID=15908) to work on /home/airflow/.local/lib/python3.7/site-packages/airflow/example_dags/example_sensors.py
[2026-10-01T00:05:57.949+0000] {processor.py:743} INFO - Processing file /home/airflow/.local/lib/python3.7/site-packages/airflow/example_dags/example_sensors.py for tasks to queue
[2026-10-01T00:05:57.950+0000] {logging_mixin.py:137} INFO - [2026-10-01T00:05:57.950+0000] {dagbag.py:538} INFO - Filling up the DagBag from /home/airflow/.local/lib/python3.7/site-packages/airflow/example_dags/example_sensors.py
[2026-10-01T00:05:57.992+0000] {processor.py:753} INFO - DAG(s) dict_keys(['example_sensors']) retrieved from /home/airflow/.local/lib/python3.7/site-packages/airflow/example_dags/example_sensors.py
[2026-10-01T00:05:58.055+0000] {logging_mixin.py:137} INFO - [2026-10-01T00:05:58.055+0000] {dag.py:2676} INFO - Sync 1 DAGs
[2026-10-01T00:05:58.099+0000] {logging_mixin.py:137} INFO - [2026-10-01T00:05:58.099+0000] {dag.py:3427} INFO - Setting next_dagrun for example_sensors to None, run_after=None
[2026-10-01T00:05:58.123+0000] {processor.py:175} INFO - Processing /home/airflow/.local/lib/python3.7/site-packages/airflow/example_dags/example_sensors.py took 0.182 seconds
[2026-10-01T00:06:28.170+0000] {processor.py:153} INFO - Started process (PID=15987) to work on /home/airflow/.local/lib/python3.7/site-packages/airflow/example_dags/example_sensors.py
[2026-10-01T00:06:28.172+0000] {processor.py:743} INFO - Processing file /home/airflow/.local/lib/python3.7/site-packages/airflow/example_dags/example_sensors.py for tasks to queue
[2026-10-01T00:06:28.172+0000] {logging_mixin.py:137} INFO - [2026-10-01T00:06:28.172+0000] {dagbag.py:538} INFO - Filling up the DagBag from /home/airflow/.local/lib/python3.7/site-packages/airflow/example_dags/example_sensors.py
[2026-10-01T00:06:28.198+0000] {processor.py:753} INFO - DAG(s) dict_keys(['example_sensors']) retrieved from /home/airflow/.local/lib/python3.7/site-packages/airflow/example_dags/example_sensors.py
[2026-10-01T00:06:28.259+0000] {logging_mixin.py:137} INFO - [2026-10-01T00:06:28.259+0000] {dag.py:2676} INFO - Sync 1 DAGs
[2026-10-01T00:06:28.306+0000] {logging_mixin.py:137} INFO - [2026-10-01T00:06:28.306+0000] {dag.py:3427} INFO - Setting next_dagrun for example_sensors to None, run_after=None
[2026-10-01T00:06:28.341+0000] {processor.py:175} INFO - Processing /home/airflow/.local/lib/python3.7/site-packages/airflow/example_dags/example_sensors.py took 0.176 seconds
[2026-10-01T00:06:58.566+0000] {processor.py:153} INFO - Started process (PID=16066) to work on /home/airflow/.local/lib/python3.7/site-packages/airflow/example_dags/example_sensors.py
[2026-10-01T00:06:58.567+0000] {processor.py:743} INFO - Processing file /home/airflow/.local/lib/python3.7/site-packages/airflow/example_dags/example_sensors.py for tasks to queue
[2026-10-01T00:06:58.568+0000] {logging_mixin.py:137} INFO - [2026-10-01T00:06:58.568+0000] {dagbag.py:538} INFO - Filling up the DagBag from /home/airflow/.local/lib/python3.7/site-packages/airflow/example_dags/example_sensors.py
[2026-10-01T00:06:58.595+0000] {processor.py:753} INFO - DAG(s) dict_keys(['example_sensors']) retrieved from /home/airflow/.local/lib/python3.7/site-packages/airflow/example_dags/example_sensors.py
[2026-10-01T00:06:58.645+0000] {logging_mixin.py:137} INFO - [2026-10-01T00:06:58.645+0000] {dag.py:2676} INFO - Sync 1 DAGs
[2026-10-01T00:06:58.676+0000] {logging_mixin.py:137} INFO - [2026-10-01T00:06:58.676+0000] {dag.py:3427} INFO - Setting next_dagrun for example_sensors to None, run_after=None
[2026-10-01T00:06:58.698+0000] {processor.py:175} INFO - Processing /home/airflow/.local/lib/python3.7/site-packages/airflow/example_dags/example_sensors.py took 0.136 seconds
[2026-10-01T00:07:28.838+0000] {processor.py:153} INFO - Started process (PID=16165) to work on /home/airflow/.local/lib/python3.7/site-packages/airflow/example_dags/example_sensors.py
[2026-10-01T00:07:28.839+0000] {processor.py:743} INFO - Processing file /home/airflow/.local/lib/python3.7/site-packages/airflow/example_dags/example_sensors.py for tasks to queue
[2026-10-01T00:07:28.840+0000] {logging_mixin.py:137} INFO - [2026-10-01T00:07:28.840+0000] {dagbag.py:538} INFO - Filling up the DagBag from /home/airflow/.local/lib/python3.7/site-packages/airflow/example_dags/example_sensors.py
[2026-10-01T00:07:28.867+0000] {processor.py:753} INFO - DAG(s) dict_keys(['example_sensors']) retrieved from /home/airflow/.local/lib/python3.7/site-packages/airflow/example_dags/example_sensors.py
[2026-10-01T00:07:28.919+0000] {logging_mixin.py:137} INFO - [2026-10-01T00:07:28.919+0000] {dag.py:2676} INFO - Sync 1 DAGs
[2026-10-01T00:07:28.952+0000] {logging_mixin.py:137} INFO - [2026-10-01T00:07:28.952+0000] {dag.py:3427} INFO - Setting next_dagrun for example_sensors to None, run_after=None
[2026-10-01T00:07:28.973+0000] {processor.py:175} INFO - Processing /home/airflow/.local/lib/python3.7/site-packages/airflow/example_dags/example_sensors.py took 0.139 seconds
[2026-10-01T00:07:59.120+0000] {processor.py:153} INFO - Started process (PID=16244) to work on /home/airflow/.local/lib/python3.7/site-packages/airflow/example_dags/example_sensors.py
[2026-10-01T00:07:59.121+0000] {processor.py:743} INFO - Processing file /home/airflow/.local/lib/python3.7/site-packages/airflow/example_dags/example_sensors.py for tasks to queue
[2026-10-01T00:07:59.122+0000] {logging_mixin.py:137} INFO - [2026-10-01T00:07:59.122+0000] {dagbag.py:538} INFO - Filling up the DagBag from /home/airflow/.local/lib/python3.7/site-packages/airflow/example_dags/example_sensors.py
[2026-10-01T00:07:59.148+0000] {processor.py:753} INFO - DAG(s) dict_keys(['example_sensors']) retrieved from /home/airflow/.local/lib/python3.7/site-packages/airflow/example_dags/example_sensors.py
[2026-10-01T00:07:59.202+0000] {logging_mixin.py:137} INFO - [2026-10-01T00:07:59.202+0000] {dag.py:2676} INFO - Sync 1 DAGs
[2026-10-01T00:07:59.231+0000] {logging_mixin.py:137} INFO - [2026-10-01T00:07:59.231+0000] {dag.py:3427} INFO - Setting next_dagrun for example_sensors to None, run_after=None
[2026-10-01T00:07:59.251+0000] {processor.py:175} INFO - Processing /home/airflow/.local/lib/python3.7/site-packages/airflow/example_dags/example_sensors.py took 0.135 seconds
[2026-10-01T00:08:29.815+0000] {processor.py:153} INFO - Started process (PID=16323) to work on /home/airflow/.local/lib/python3.7/site-packages/airflow/example_dags/example_sensors.py
[2026-10-01T00:08:29.816+0000] {processor.py:743} INFO - Processing file /home/airflow/.local/lib/python3.7/site-packages/airflow/example_dags/example_sensors.py for tasks to queue
[2026-10-01T00:08:29.817+0000] {logging_mixin.py:137} INFO - [2026-10-01T00:08:29.817+0000] {dagbag.py:538} INFO - Filling up the DagBag from /home/airflow/.local/lib/python3.7/site-packages/airflow/example_dags/example_sensors.py
[2026-10-01T00:08:29.849+0000] {processor.py:753} INFO - DAG(s) dict_keys(['example_sensors']) retrieved from /home/airflow/.local/lib/python3.7/site-packages/airflow/example_dags/example_sensors.py
[2026-10-01T00:08:29.915+0000] {logging_mixin.py:137} INFO - [2026-10-01T00:08:29.915+0000] {dag.py:2676} INFO - Sync 1 DAGs
[2026-10-01T00:08:29.949+0000] {logging_mixin.py:137} INFO - [2026-10-01T00:08:29.949+0000] {dag.py:3427} INFO - Setting next_dagrun for example_sensors to None, run_after=None
[2026-10-01T00:08:29.971+0000] {processor.py:175} INFO - Processing /home/airflow/.local/lib/python3.7/site-packages/airflow/example_dags/example_sensors.py took 0.160 seconds
[2026-10-01T00:09:00.158+0000] {processor.py:153} INFO - Started process (PID=16411) to work on /home/airflow/.local/lib/python3.7/site-packages/airflow/example_dags/example_sensors.py
[2026-10-01T00:09:00.159+0000] {processor.py:743} INFO - Processing file /home/airflow/.local/lib/python3.7/site-packages/airflow/example_dags/example_sensors.py for tasks to queue
[2026-10-01T00:09:00.160+0000] {logging_mixin.py:137} INFO - [2026-10-01T00:09:00.159+0000] {dagbag.py:538} INFO - Filling up the DagBag from /home/airflow/.local/lib/python3.7/site-packages/airflow/example_dags/example_sensors.py
[2026-10-01T00:09:00.190+0000] {processor.py:753} INFO - DAG(s) dict_keys(['example_sensors']) retrieved from /home/airflow/.local/lib/python3.7/site-packages/airflow/example_dags/example_sensors.py
[2026-10-01T00:09:00.259+0000] {logging_mixin.py:137} INFO - [2026-10-01T00:09:00.259+0000] {dag.py:2676} INFO - Sync 1 DAGs
[2026-10-01T00:09:00.300+0000] {logging_mixin.py:137} INFO - [2026-10-01T00:09:00.299+0000] {dag.py:3427} INFO - Setting next_dagrun for example_sensors to None, run_after=None
[2026-10-01T00:09:00.325+0000] {processor.py:175} INFO - Processing /home/airflow/.local/lib/python3.7/site-packages/airflow/example_dags/example_sensors.py took 0.171 seconds
[2026-10-01T00:09:30.369+0000] {processor.py:153} INFO - Started process (PID=16501) to work on /home/airflow/.local/lib/python3.7/site-packages/airflow/example_dags/example_sensors.py
[2026-10-01T00:09:30.370+0000] {processor.py:743} INFO - Processing file /home/airflow/.local/lib/python3.7/site-packages/airflow/example_dags/example_sensors.py for tasks to queue
[2026-10-01T00:09:30.371+0000] {logging_mixin.py:137} INFO - [2026-10-01T00:09:30.371+0000] {dagbag.py:538} INFO - Filling up the DagBag from /home/airflow/.local/lib/python3.7/site-packages/airflow/example_dags/example_sensors.py
[2026-10-01T00:09:30.403+0000] {processor.py:753} INFO - DAG(s) dict_keys(['example_sensors']) retrieved from /home/airflow/.local/lib/python3.7/site-packages/airflow/example_dags/example_sensors.py
[2026-10-01T00:09:30.463+0000] {logging_mixin.py:137} INFO - [2026-10-01T00:09:30.463+0000] {dag.py:2676} INFO - Sync 1 DAGs
[2026-10-01T00:09:30.495+0000] {logging_mixin.py:137} INFO - [2026-10-01T00:09:30.495+0000] {dag.py:3427} INFO - Setting next_dagrun for example_sensors to None, run_after=None
[2026-10-01T00:09:30.517+0000] {processor.py:175} INFO - Processing /home/airflow/.local/lib/python3.7/site-packages/airflow/example_dags/example_sensors.py took 0.152 seconds
[2026-10-01T00:10:00.552+0000] {processor.py:153} INFO - Started process (PID=16579) to work on /home/airflow/.local/lib/python3.7/site-packages/airflow/example_dags/example_sensors.py
[2026-10-01T00:10:00.553+0000] {processor.py:743} INFO - Processing file /home/airflow/.local/lib/python3.7/site-packages/airflow/example_dags/example_sensors.py for tasks to queue
[2026-10-01T00:10:00.554+0000] {logging_mixin.py:137} INFO - [2026-10-01T00:10:00.554+0000] {dagbag.py:538} INFO - Filling up the DagBag from /home/airflow/.local/lib/python3.7/site-packages/airflow/example_dags/example_sensors.py
[2026-10-01T00:10:00.581+0000] {processor.py:753} INFO - DAG(s) dict_keys(['example_sensors']) retrieved from /home/airflow/.local/lib/python3.7/site-packages/airflow/example_dags/example_sensors.py
[2026-10-01T00:10:00.645+0000] {logging_mixin.py:137} INFO - [2026-10-01T00:10:00.645+0000] {dag.py:2676} INFO - Sync 1 DAGs
[2026-10-01T00:10:00.675+0000] {logging_mixin.py:137} INFO - [2026-10-01T00:10:00.675+0000] {dag.py:3427} INFO - Setting next_dagrun for example_sensors to None, run_after=None
[2026-10-01T00:10:00.694+0000] {processor.py:175} INFO - Processing /home/airflow/.local/lib/python3.7/site-packages/airflow/example_dags/example_sensors.py took 0.146 seconds
[2026-10-01T00:10:31.567+0000] {processor.py:153} INFO - Started process (PID=16659) to work on /home/airflow/.local/lib/python3.7/site-packages/airflow/example_dags/example_sensors.py
[2026-10-01T00:10:31.568+0000] {processor.py:743} INFO - Processing file /home/airflow/.local/lib/python3.7/site-packages/airflow/example_dags/example_sensors.py for tasks to queue
[2026-10-01T00:10:31.569+0000] {logging_mixin.py:137} INFO - [2026-10-01T00:10:31.569+0000] {dagbag.py:538} INFO - Filling up the DagBag from /home/airflow/.local/lib/python3.7/site-packages/airflow/example_dags/example_sensors.py
[2026-10-01T00:10:31.595+0000] {processor.py:753} INFO - DAG(s) dict_keys(['example_sensors']) retrieved from /home/airflow/.local/lib/python3.7/site-packages/airflow/example_dags/example_sensors.py
[2026-10-01T00:10:31.659+0000] {logging_mixin.py:137} INFO - [2026-10-01T00:10:31.658+0000] {dag.py:2676} INFO - Sync 1 DAGs
[2026-10-01T00:10:31.689+0000] {logging_mixin.py:137} INFO - [2026-10-01T00:10:31.689+0000] {dag.py:3427} INFO - Setting next_dagrun for example_sensors to None, run_after=None
[2026-10-01T00:10:31.709+0000] {processor.py:175} INFO - Processing /home/airflow/.local/lib/python3.7/site-packages/airflow/example_dags/example_sensors.py took 0.146 seconds
[2026-10-01T00:11:02.083+0000] {processor.py:153} INFO - Started process (PID=16738) to work on /home/airflow/.local/lib/python3.7/site-packages/airflow/example_dags/example_sensors.py
[2026-10-01T00:11:02.084+0000] {processor.py:743} INFO - Processing file /home/airflow/.local/lib/python3.7/site-packages/airflow/example_dags/example_sensors.py for tasks to queue
[2026-10-01T00:11:02.085+0000] {logging_mixin.py:137} INFO - [2026-10-01T00:11:02.085+0000] {dagbag.py:538} INFO - Filling up the DagBag from /home/airflow/.local/lib/python3.7/site-packages/airflow/example_dags/example_sensors.py
[2026-10-01T00:11:02.114+0000] {processor.py:753} INFO - DAG(s) dict_keys(['example_sensors']) retrieved from /home/airflow/.local/lib/python3.7/site-packages/airflow/example_dags/example_sensors.py
[2026-10-01T00:11:02.170+0000] {logging_mixin.py:137} INFO - [2026-10-01T00:11:02.170+0000] {dag.py:2676} INFO - Sync 1 DAGs
[2026-10-01T00:11:02.218+0000] {logging_mixin.py:137} INFO - [2026-10-01T00:11:02.218+0000] {dag.py:3427} INFO - Setting next_dagrun for example_sensors to None, run_after=None
[2026-10-01T00:11:02.247+0000] {processor.py:175} INFO - Processing /home/airflow/.local/lib/python3.7/site-packages/airflow/example_dags/example_sensors.py took 0.169 seconds
[2026-10-01T00:11:32.473+0000] {processor.py:153} INFO - Started process (PID=16837) to work on /home/airflow/.local/lib/python3.7/site-packages/airflow/example_dags/example_sensors.py
[2026-10-01T00:11:32.474+0000] {processor.py:743} INFO - Processing file /home/airflow/.local/lib/python3.7/site-packages/airflow/example_dags/example_sensors.py for tasks to queue
[2026-10-01T00:11:32.474+0000] {logging_mixin.py:137} INFO - [2026-10-01T00:11:32.474+0000] {dagbag.py:538} INFO - Filling up the DagBag from /home/airflow/.local/lib/python3.7/site-packages/airflow/example_dags/example_sensors.py
[2026-10-01T00:11:32.506+0000] {processor.py:753} INFO - DAG(s) dict_keys(['example_sensors']) retrieved from /home/airflow/.local/lib/python3.7/site-packages/airflow/example_dags/example_sensors.py
[2026-10-01T00:11:32.562+0000] {logging_mixin.py:137} INFO - [2026-10-01T00:11:32.562+0000] {dag.py:2676} INFO - Sync 1 DAGs
[2026-10-01T00:11:32.611+0000] {logging_mixin.py:137} INFO - [2026-10-01T00:11:32.611+0000] {dag.py:3427} INFO - Setting next_dagrun for example_sensors to None, run_after=None
[2026-10-01T00:11:32.638+0000] {processor.py:175} INFO - Processing /home/airflow/.local/lib/python3.7/site-packages/airflow/example_dags/example_sensors.py took 0.169 seconds
[2026-10-01T00:12:03.233+0000] {processor.py:153} INFO - Started process (PID=16916) to work on /home/airflow/.local/lib/python3.7/site-packages/airflow/example_dags/example_sensors.py
[2026-10-01T00:12:03.234+0000] {processor.py:743} INFO - Processing file /home/airflow/.local/lib/python3.7/site-packages/airflow/example_dags/example_sensors.py for tasks to queue
[2026-10-01T00:12:03.235+0000] {logging_mixin.py:137} INFO - [2026-10-01T00:12:03.235+0000] {dagbag.py:538} INFO - Filling up the DagBag from /home/airflow/.local/lib/python3.7/site-packages/airflow/example_dags/example_sensors.py
[2026-10-01T00:12:03.274+0000] {processor.py:753} INFO - DAG(s) dict_keys(['example_sensors']) retrieved from /home/airflow/.local/lib/python3.7/site-packages/airflow/example_dags/example_sensors.py
[2026-10-01T00:12:03.346+0000] {logging_mixin.py:137} INFO - [2026-10-01T00:12:03.345+0000] {dag.py:2676} INFO - Sync 1 DAGs
[2026-10-01T00:12:03.393+0000] {logging_mixin.py:137} INFO - [2026-10-01T00:12:03.393+0000] {dag.py:3427} INFO - Setting next_dagrun for example_sensors to None, run_after=None
[2026-10-01T00:12:03.427+0000] {processor.py:175} INFO - Processing /home/airflow/.local/lib/python3.7/site-packages/airflow/example_dags/example_sensors.py took 0.201 seconds
[2026-10-01T00:12:33.510+0000] {processor.py:153} INFO - Started process (PID=16995) to work on /home/airflow/.local/lib/python3.7/site-packages/airflow/example_dags/example_sensors.py
[2026-10-01T00:12:33.511+0000] {processor.py:743} INFO - Processing file /home/airflow/.local/lib/python3.7/site-packages/airflow/example_dags/example_sensors.py for tasks to queue
[2026-10-01T00:12:33.512+0000] {logging_mixin.py:137} INFO - [2026-10-01T00:12:33.512+0000] {dagbag.py:538} INFO - Filling up the DagBag from /home/airflow/.local/lib/python3.7/site-packages/airflow/example_dags/example_sensors.py
[2026-10-01T00:12:33.546+0000] {processor.py:753} INFO - DAG(s) dict_keys(['example_sensors']) retrieved from /home/airflow/.local/lib/python3.7/site-packages/airflow/example_dags/example_sensors.py
[2026-10-01T00:12:33.599+0000] {logging_mixin.py:137} INFO - [2026-10-01T00:12:33.599+0000] {dag.py:2676} INFO - Sync 1 DAGs
[2026-10-01T00:12:33.633+0000] {logging_mixin.py:137} INFO - [2026-10-01T00:12:33.632+0000] {dag.py:3427} INFO - Setting next_dagrun for example_sensors to None, run_after=None
[2026-10-01T00:12:33.656+0000] {processor.py:175} INFO - Processing /home/airflow/.local/lib/python3.7/site-packages/airflow/example_dags/example_sensors.py took 0.149 seconds
[2026-10-01T00:13:04.324+0000] {processor.py:153} INFO - Started process (PID=17074) to work on /home/airflow/.local/lib/python3.7/site-packages/airflow/example_dags/example_sensors.py
[2026-10-01T00:13:04.325+0000] {processor.py:743} INFO - Processing file /home/airflow/.local/lib/python3.7/site-packages/airflow/example_dags/example_sensors.py for tasks to queue
[2026-10-01T00:13:04.326+0000] {logging_mixin.py:137} INFO - [2026-10-01T00:13:04.326+0000] {dagbag.py:538} INFO - Filling up the DagBag from /home/airflow/.local/lib/python3.7/site-packages/airflow/example_dags/example_sensors.py
[2026-10-01T00:13:04.368+0000] {processor.py:753} INFO - DAG(s) dict_keys(['example_sensors']) retrieved from /home/airflow/.local/lib/python3.7/site-packages/airflow/example_dags/example_sensors.py
[2026-10-01T00:13:04.434+0000] {logging_mixin.py:137} INFO - [2026-10-01T00:13:04.434+0000] {dag.py:2676} INFO - Sync 1 DAGs
[2026-10-01T00:13:04.464+0000] {logging_mixin.py:137} INFO - [2026-10-01T00:13:04.463+0000] {dag.py:3427} INFO - Setting next_dagrun for example_sensors to None, run_after=None
[2026-10-01T00:13:04.485+0000] {processor.py:175} INFO - Processing /home/airflow/.local/lib/python3.7/site-packages/airflow/example_dags/example_sensors.py took 0.168 seconds
[2026-10-01T00:13:34.791+0000] {processor.py:153} INFO - Started process (PID=17173) to work on /home/airflow/.local/lib/python3.7/site-packages/airflow/example_dags/example_sensors.py
[2026-10-01T00:13:34.795+0000] {processor.py:743} INFO - Processing file /home/airflow/.local/lib/python3.7/site-packages/airflow/example_dags/example_sensors.py for tasks to queue
[2026-10-01T00:13:34.797+0000] {logging_mixin.py:137} INFO - [2026-10-01T00:13:34.796+0000] {dagbag.py:538} INFO - Filling up the DagBag from /home/airflow/.local/lib/python3.7/site-packages/airflow/example_dags/example_sensors.py
[2026-10-01T00:13:34.834+0000] {processor.py:753} INFO - DAG(s) dict_keys(['example_sensors']) retrieved from /home/airflow/.local/lib/python3.7/site-packages/airflow/example_dags/example_sensors.py
[2026-10-01T00:13:34.882+0000] {logging_mixin.py:137} INFO - [2026-10-01T00:13:34.882+0000] {dag.py:2676} INFO - Sync 1 DAGs
[2026-10-01T00:13:34.911+0000] {logging_mixin.py:137} INFO - [2026-10-01T00:13:34.911+0000] {dag.py:3427} INFO - Setting next_dagrun for example_sensors to None, run_after=None
[2026-10-01T00:13:34.930+0000] {processor.py:175} INFO - Processing /home/airflow/.local/lib/python3.7/site-packages/airflow/example_dags/example_sensors.py took 0.144 seconds
[2026-10-01T00:14:05.533+0000] {processor.py:153} INFO - Started process (PID=17252) to work on /home/airflow/.local/lib/python3.7/site-packages/airflow/example_dags/example_sensors.py
[2026-10-01T00:14:05.534+0000] {processor.py:743} INFO - Processing file /home/airflow/.local/lib/python3.7/site-packages/airflow/example_dags/example_sensors.py for tasks to queue
[2026-10-01T00:14:05.535+0000] {logging_mixin.py:137} INFO - [2026-10-01T00:14:05.535+0000] {dagbag.py:538} INFO - Filling up the DagBag from /home/airflow/.local/lib/python3.7/site-packages/airflow/example_dags/example_sensors.py
[2026-10-01T00:14:05.566+0000] {processor.py:753} INFO - DAG(s) dict_keys(['example_sensors']) retrieved from /home/airflow/.local/lib/python3.7/site-packages/airflow/example_dags/example_sensors.py
[2026-10-01T00:14:05.628+0000] {logging_mixin.py:137} INFO - [2026-10-01T00:14:05.627+0000] {dag.py:2676} INFO - Sync 1 DAGs
[2026-10-01T00:14:05.665+0000] {logging_mixin.py:137} INFO - [2026-10-01T00:14:05.665+0000] {dag.py:3427} INFO - Setting next_dagrun for example_sensors to None, run_after=None
[2026-10-01T00:14:05.689+0000] {processor.py:175} INFO - Processing /home/airflow/.local/lib/python3.7/site-packages/airflow/example_dags/example_sensors.py took 0.161 seconds
[2026-10-01T00:14:35.985+0000] {processor.py:153} INFO - Started process (PID=17331) to work on /home/airflow/.local/lib/python3.7/site-packages/airflow/example_dags/example_sensors.py
[2026-10-01T00:14:35.987+0000] {processor.py:743} INFO - Processing file /home/airflow/.local/lib/python3.7/site-packages/airflow/example_dags/example_sensors.py for tasks to queue
[2026-10-01T00:14:35.988+0000] {logging_mixin.py:137} INFO - [2026-10-01T00:14:35.988+0000] {dagbag.py:538} INFO - Filling up the DagBag from /home/airflow/.local/lib/python3.7/site-packages/airflow/example_dags/example_sensors.py
[2026-10-01T00:14:36.031+0000] {processor.py:753} INFO - DAG(s) dict_keys(['example_sensors']) retrieved from /home/airflow/.local/lib/python3.7/site-packages/airflow/example_dags/example_sensors.py
[2026-10-01T00:14:36.102+0000] {logging_mixin.py:137} INFO - [2026-10-01T00:14:36.102+0000] {dag.py:2676} INFO - Sync 1 DAGs
[2026-10-01T00:14:36.151+0000] {logging_mixin.py:137} INFO - [2026-10-01T00:14:36.150+0000] {dag.py:3427} INFO - Setting next_dagrun for example_sensors to None, run_after=None
[2026-10-01T00:14:36.183+0000] {processor.py:175} INFO - Processing /home/airflow/.local/lib/python3.7/site-packages/airflow/example_dags/example_sensors.py took 0.204 seconds
[2026-10-01T00:15:06.351+0000] {processor.py:153} INFO - Started process (PID=17417) to work on /home/airflow/.local/lib/python3.7/site-packages/airflow/example_dags/example_sensors.py
[2026-10-01T00:15:06.352+0000] {processor.py:743} INFO - Processing file /home/airflow/.local/lib/python3.7/site-packages/airflow/example_dags/example_sensors.py for tasks to queue
[2026-10-01T00:15:06.353+0000] {logging_mixin.py:137} INFO - [2026-10-01T00:15:06.353+0000] {dagbag.py:538} INFO - Filling up the DagBag from /home/airflow/.local/lib/python3.7/site-packages/airflow/example_dags/example_sensors.py
[2026-10-01T00:15:06.381+0000] {processor.py:753} INFO - DAG(s) dict_keys(['example_sensors']) retrieved from /home/airflow/.local/lib/python3.7/site-packages/airflow/example_dags/example_sensors.py
[2026-10-01T00:15:06.453+0000] {logging_mixin.py:137} INFO - [2026-10-01T00:15:06.452+0000] {dag.py:2676} INFO - Sync 1 DAGs
[2026-10-01T00:15:06.501+0000] {logging_mixin.py:137} INFO - [2026-10-01T00:15:06.501+0000] {dag.py:3427} INFO - Setting next_dagrun for example_sensors to None, run_after=None
[2026-10-01T00:15:06.541+0000] {processor.py:175} INFO - Processing /home/airflow/.local/lib/python3.7/site-packages/airflow/example_dags/example_sensors.py took 0.194 seconds
[2026-10-01T00:15:36.963+0000] {processor.py:153} INFO - Started process (PID=17509) to work on /home/airflow/.local/lib/python3.7/site-packages/airflow/example_dags/example_sensors.py
[2026-10-01T00:15:36.964+0000] {processor.py:743} INFO - Processing file /home/airflow/.local/lib/python3.7/site-packages/airflow/example_dags/example_sensors.py for tasks to queue
[2026-10-01T00:15:36.964+0000] {logging_mixin.py:137} INFO - [2026-10-01T00:15:36.964+0000] {dagbag.py:538} INFO - Filling up the DagBag from /home/airflow/.local/lib/python3.7/site-packages/airflow/example_dags/example_sensors.py
[2026-10-01T00:15:36.991+0000] {processor.py:753} INFO - DAG(s) dict_keys(['example_sensors']) retrieved from /home/airflow/.local/lib/python3.7/site-packages/airflow/example_dags/example_sensors.py
[2026-10-01T00:15:37.050+0000] {logging_mixin.py:137} INFO - [2026-10-01T00:15:37.049+0000] {dag.py:2676} INFO - Sync 1 DAGs
[2026-10-01T00:15:37.092+0000] {logging_mixin.py:137} INFO - [2026-10-01T00:15:37.091+0000] {dag.py:3427} INFO - Setting next_dagrun for example_sensors to None, run_after=None
[2026-10-01T00:15:37.120+0000] {processor.py:175} INFO - Processing /home/airflow/.local/lib/python3.7/site-packages/airflow/example_dags/example_sensors.py took 0.162 seconds
[2026-10-01T00:16:07.271+0000] {processor.py:153} INFO - Started process (PID=17588) to work on /home/airflow/.local/lib/python3.7/site-packages/airflow/example_dags/example_sensors.py
[2026-10-01T00:16:07.272+0000] {processor.py:743} INFO - Processing file /home/airflow/.local/lib/python3.7/site-packages/airflow/example_dags/example_sensors.py for tasks to queue
[2026-10-01T00:16:07.272+0000] {logging_mixin.py:137} INFO - [2026-10-01T00:16:07.272+0000] {dagbag.py:538} INFO - Filling up the DagBag from /home/airflow/.local/lib/python3.7/site-packages/airflow/example_dags/example_sensors.py
[2026-10-01T00:16:07.308+0000] {processor.py:753} INFO - DAG(s) dict_keys(['example_sensors']) retrieved from /home/airflow/.local/lib/python3.7/site-packages/airflow/example_dags/example_sensors.py
[2026-10-01T00:16:07.370+0000] {logging_mixin.py:137} INFO - [2026-10-01T00:16:07.369+0000] {dag.py:2676} INFO - Sync 1 DAGs
[2026-10-01T00:16:07.400+0000] {logging_mixin.py:137} INFO - [2026-10-01T00:16:07.400+0000] {dag.py:3427} INFO - Setting next_dagrun for example_sensors to None, run_after=None
[2026-10-01T00:16:07.420+0000] {processor.py:175} INFO - Processing /home/airflow/.local/lib/python3.7/site-packages/airflow/example_dags/example_sensors.py took 0.153 seconds
[2026-10-01T00:16:37.891+0000] {processor.py:153} INFO - Started process (PID=17667) to work on /home/airflow/.local/lib/python3.7/site-packages/airflow/example_dags/example_sensors.py
[2026-10-01T00:16:37.893+0000] {processor.py:743} INFO - Processing file /home/airflow/.local/lib/python3.7/site-packages/airflow/example_dags/example_sensors.py for tasks to queue
[2026-10-01T00:16:37.894+0000] {logging_mixin.py:137} INFO - [2026-10-01T00:16:37.894+0000] {dagbag.py:538} INFO - Filling up the DagBag from /home/airflow/.local/lib/python3.7/site-packages/airflow/example_dags/example_sensors.py
[2026-10-01T00:16:37.936+0000] {processor.py:753} INFO - DAG(s) dict_keys(['example_sensors']) retrieved from /home/airflow/.local/lib/python3.7/site-packages/airflow/example_dags/example_sensors.py
[2026-10-01T00:16:38.005+0000] {logging_mixin.py:137} INFO - [2026-10-01T00:16:38.005+0000] {dag.py:2676} INFO - Sync 1 DAGs
[2026-10-01T00:16:38.052+0000] {logging_mixin.py:137} INFO - [2026-10-01T00:16:38.052+0000] {dag.py:3427} INFO - Setting next_dagrun for example_sensors to None, run_after=None
[2026-10-01T00:16:38.087+0000] {processor.py:175} INFO - Processing /home/airflow/.local/lib/python3.7/site-packages/airflow/example_dags/example_sensors.py took 0.202 seconds
[2026-10-01T00:17:09.047+0000] {processor.py:153} INFO - Started process (PID=17753) to work on /home/airflow/.local/lib/python3.7/site-packages/airflow/example_dags/example_sensors.py
[2026-10-01T00:17:09.048+0000] {processor.py:743} INFO - Processing file /home/airflow/.local/lib/python3.7/site-packages/airflow/example_dags/example_sensors.py for tasks to queue
[2026-10-01T00:17:09.049+0000] {logging_mixin.py:137} INFO - [2026-10-01T00:17:09.049+0000] {dagbag.py:538} INFO - Filling up the DagBag from /home/airflow/.local/lib/python3.7/site-packages/airflow/example_dags/example_sensors.py
[2026-10-01T00:17:09.082+0000] {processor.py:753} INFO - DAG(s) dict_keys(['example_sensors']) retrieved from /home/airflow/.local/lib/python3.7/site-packages/airflow/example_dags/example_sensors.py
[2026-10-01T00:17:09.148+0000] {logging_mixin.py:137} INFO - [2026-10-01T00:17:09.147+0000] {dag.py:2676} INFO - Sync 1 DAGs
[2026-10-01T00:17:09.184+0000] {logging_mixin.py:137} INFO - [2026-10-01T00:17:09.183+0000] {dag.py:3427} INFO - Setting next_dagrun for example_sensors to None, run_after=None
[2026-10-01T00:17:09.211+0000] {processor.py:175} INFO - Processing /home/airflow/.local/lib/python3.7/site-packages/airflow/example_dags/example_sensors.py took 0.167 seconds
[2026-10-01T00:17:39.280+0000] {processor.py:153} INFO - Started process (PID=17845) to work on /home/airflow/.local/lib/python3.7/site-packages/airflow/example_dags/example_sensors.py
[2026-10-01T00:17:39.282+0000] {processor.py:743} INFO - Processing file /home/airflow/.local/lib/python3.7/site-packages/airflow/example_dags/example_sensors.py for tasks to queue
[2026-10-01T00:17:39.282+0000] {logging_mixin.py:137} INFO - [2026-10-01T00:17:39.282+0000] {dagbag.py:538} INFO - Filling up the DagBag from /home/airflow/.local/lib/python3.7/site-packages/airflow/example_dags/example_sensors.py
[2026-10-01T00:17:39.314+0000] {processor.py:753} INFO - DAG(s) dict_keys(['example_sensors']) retrieved from /home/airflow/.local/lib/python3.7/site-packages/airflow/example_dags/example_sensors.py
[2026-10-01T00:17:39.364+0000] {logging_mixin.py:137} INFO - [2026-10-01T00:17:39.364+0000] {dag.py:2676} INFO - Sync 1 DAGs
[2026-10-01T00:17:39.397+0000] {logging_mixin.py:137} INFO - [2026-10-01T00:17:39.397+0000] {dag.py:3427} INFO - Setting next_dagrun for example_sensors to None, run_after=None
[2026-10-01T00:17:39.419+0000] {processor.py:175} INFO - Processing /home/airflow/.local/lib/python3.7/site-packages/airflow/example_dags/example_sensors.py took 0.144 seconds
[2026-10-01T00:18:10.052+0000] {processor.py:153} INFO - Started process (PID=17924) to work on /home/airflow/.local/lib/python3.7/site-packages/airflow/example_dags/example_sensors.py
[2026-10-01T00:18:10.053+0000] {processor.py:743} INFO - Processing file /home/airflow/.local/lib/python3.7/site-packages/airflow/example_dags/example_sensors.py for tasks to queue
[2026-10-01T00:18:10.053+0000] {logging_mixin.py:137} INFO - [2026-10-01T00:18:10.053+0000] {dagbag.py:538} INFO - Filling up the DagBag from /home/airflow/.local/lib/python3.7/site-packages/airflow/example_dags/example_sensors.py
[2026-10-01T00:18:10.080+0000] {processor.py:753} INFO - DAG(s) dict_keys(['example_sensors']) retrieved from /home/airflow/.local/lib/python3.7/site-packages/airflow/example_dags/example_sensors.py
[2026-10-01T00:18:10.133+0000] {logging_mixin.py:137} INFO - [2026-10-01T00:18:10.133+0000] {dag.py:2676} INFO - Sync 1 DAGs
[2026-10-01T00:18:10.166+0000] {logging_mixin.py:137} INFO - [2026-10-01T00:18:10.166+0000] {dag.py:3427} INFO - Setting next_dagrun for example_sensors to None, run_after=None
[2026-10-01T00:18:10.187+0000] {processor.py:175} INFO - Processing /home/airflow/.local/lib/python3.7/site-packages/airflow/example_dags/example_sensors.py took 0.139 seconds
[2026-10-01T00:18:40.481+0000] {processor.py:153} INFO - Started process (PID=18003) to work on /home/airflow/.local/lib/python3.7/site-packages/airflow/example_dags/example_sensors.py
[2026-10-01T00:18:40.482+0000] {processor.py:743} INFO - Processing file /home/airflow/.local/lib/python3.7/site-packages/airflow/example_dags/example_sensors.py for tasks to queue
[2026-10-01T00:18:40.483+0000] {logging_mixin.py:137} INFO - [2026-10-01T00:18:40.483+0000] {dagbag.py:538} INFO - Filling up the DagBag from /home/airflow/.local/lib/python3.7/site-packages/airflow/example_dags/example_sensors.py
[2026-10-01T00:18:40.517+0000] {processor.py:753} INFO - DAG(s) dict_keys(['example_sensors']) retrieved from /home/airflow/.local/lib/python3.7/site-packages/airflow/example_dags/example_sensors.py
[2026-10-01T00:18:40.598+0000] {logging_mixin.py:137} INFO - [2026-10-01T00:18:40.597+0000] {dag.py:2676} INFO - Sync 1 DAGs
[2026-10-01T00:18:40.646+0000] {logging_mixin.py:137} INFO - [2026-10-01T00:18:40.646+0000] {dag.py:3427} INFO - Setting next_dagrun for example_sensors to None, run_after=None
[2026-10-01T00:18:40.671+0000] {processor.py:175} INFO - Processing /home/airflow/.local/lib/python3.7/site-packages/airflow/example_dags/example_sensors.py took 0.194 seconds
[2026-10-01T00:19:11.399+0000] {processor.py:153} INFO - Started process (PID=18091) to work on /home/airflow/.local/lib/python3.7/site-packages/airflow/example_dags/example_sensors.py
[2026-10-01T00:19:11.399+0000] {processor.py:743} INFO - Processing file /home/airflow/.local/lib/python3.7/site-packages/airflow/example_dags/example_sensors.py for tasks to queue
[2026-10-01T00:19:11.400+0000] {logging_mixin.py:137} INFO - [2026-10-01T00:19:11.400+0000] {dagbag.py:538} INFO - Filling up the DagBag from /home/airflow/.local/lib/python3.7/site-packages/airflow/example_dags/example_sensors.py
[2026-10-01T00:19:11.429+0000] {processor.py:753} INFO - DAG(s) dict_keys(['example_sensors']) retrieved from /home/airflow/.local/lib/python3.7/site-packages/airflow/example_dags/example_sensors.py
[2026-10-01T00:19:11.487+0000] {logging_mixin.py:137} INFO - [2026-10-01T00:19:11.487+0000] {dag.py:2676} INFO - Sync 1 DAGs
[2026-10-01T00:19:11.522+0000] {logging_mixin.py:137} INFO - [2026-10-01T00:19:11.521+0000] {dag.py:3427} INFO - Setting next_dagrun for example_sensors to None, run_after=None
[2026-10-01T00:19:11.544+0000] {processor.py:175} INFO - Processing /home/airflow/.local/lib/python3.7/site-packages/airflow/example_dags/example_sensors.py took 0.149 seconds
[2026-10-01T00:19:41.756+0000] {processor.py:153} INFO - Started process (PID=18181) to work on /home/airflow/.local/lib/python3.7/site-packages/airflow/example_dags/example_sensors.py
[2026-10-01T00:19:41.757+0000] {processor.py:743} INFO - Processing file /home/airflow/.local/lib/python3.7/site-packages/airflow/example_dags/example_sensors.py for tasks to queue
[2026-10-01T00:19:41.758+0000] {logging_mixin.py:137} INFO - [2026-10-01T00:19:41.758+0000] {dagbag.py:538} INFO - Filling up the DagBag from /home/airflow/.local/lib/python3.7/site-packages/airflow/example_dags/example_sensors.py
[2026-10-01T00:19:41.786+0000] {processor.py:753} INFO - DAG(s) dict_keys(['example_sensors']) retrieved from /home/airflow/.local/lib/python3.7/site-packages/airflow/example_dags/example_sensors.py
[2026-10-01T00:19:41.836+0000] {logging_mixin.py:137} INFO - [2026-10-01T00:19:41.835+0000] {dag.py:2676} INFO - Sync 1 DAGs
[2026-10-01T00:19:41.873+0000] {logging_mixin.py:137} INFO - [2026-10-01T00:19:41.872+0000] {dag.py:3427} INFO - Setting next_dagrun for example_sensors to None, run_after=None
[2026-10-01T00:19:41.893+0000] {processor.py:175} INFO - Processing /home/airflow/.local/lib/python3.7/site-packages/airflow/example_dags/example_sensors.py took 0.143 seconds
[2026-10-01T00:20:12.087+0000] {processor.py:153} INFO - Started process (PID=18260) to work on /home/airflow/.local/lib/python3.7/site-packages/airflow/example_dags/example_sensors.py
[2026-10-01T00:20:12.088+0000] {processor.py:743} INFO - Processing file /home/airflow/.local/lib/python3.7/site-packages/airflow/example_dags/example_sensors.py for tasks to queue
[2026-10-01T00:20:12.089+0000] {logging_mixin.py:137} INFO - [2026-10-01T00:20:12.088+0000] {dagbag.py:538} INFO - Filling up the DagBag from /home/airflow/.local/lib/python3.7/site-packages/airflow/example_dags/example_sensors.py
[2026-10-01T00:20:12.119+0000] {processor.py:753} INFO - DAG(s) dict_keys(['example_sensors']) retrieved from /home/airflow/.local/lib/python3.7/site-packages/airflow/example_dags/example_sensors.py
[2026-10-01T00:20:12.176+0000] {logging_mixin.py:137} INFO - [2026-10-01T00:20:12.176+0000] {dag.py:2676} INFO - Sync 1 DAGs
[2026-10-01T00:20:12.217+0000] {logging_mixin.py:137} INFO - [2026-10-01T00:20:12.217+0000] {dag.py:3427} INFO - Setting next_dagrun for example_sensors to None, run_after=None
[2026-10-01T00:20:12.240+0000] {processor.py:175} INFO - Processing /home/airflow/.local/lib/python3.7/site-packages/airflow/example_dags/example_sensors.py took 0.158 seconds
[2026-10-01T00:20:42.617+0000] {processor.py:153} INFO - Started process (PID=18339) to work on /home/airflow/.local/lib/python3.7/site-packages/airflow/example_dags/example_sensors.py
[2026-10-01T00:20:42.619+0000] {processor.py:743} INFO - Processing file /home/airflow/.local/lib/python3.7/site-packages/airflow/example_dags/example_sensors.py for tasks to queue
[2026-10-01T00:20:42.620+0000] {logging_mixin.py:137} INFO - [2026-10-01T00:20:42.620+0000] {dagbag.py:538} INFO - Filling up the DagBag from /home/airflow/.local/lib/python3.7/site-packages/airflow/example_dags/example_sensors.py
[2026-10-01T00:20:42.659+0000] {processor.py:753} INFO - DAG(s) dict_keys(['example_sensors']) retrieved from /home/airflow/.local/lib/python3.7/site-packages/airflow/example_dags/example_sensors.py
[2026-10-01T00:20:42.725+0000] {logging_mixin.py:137} INFO - [2026-10-01T00:20:42.725+0000] {dag.py:2676} INFO - Sync 1 DAGs
[2026-10-01T00:20:42.768+0000] {logging_mixin.py:137} INFO - [2026-10-01T00:20:42.768+0000] {dag.py:3427} INFO - Setting next_dagrun for example_sensors to None, run_after=None
[2026-10-01T00:20:42.796+0000] {processor.py:175} INFO - Processing /home/airflow/.local/lib/python3.7/site-packages/airflow/example_dags/example_sensors.py took 0.183 seconds
