[2026-10-01T00:00:16.421+0000] {processor.py:153} INFO - Started process (PID=14961) to work on /home/airflow/.local/lib/python3.7/site-packages/airflow/example_dags/example_task_group_decorator.py
[2026-10-01T00:00:16.422+0000] {processor.py:743} INFO - Processing file /home/airflow/.local/lib/python3.7/site-packages/airflow/example_dags/example_task_group_decorator.py for tasks to queue
[2026-10-01T00:00:16.423+0000] {logging_mixin.py:137} INFO - [2026-10-01T00:00:16.422+0000] {dagbag.py:538} INFO - Filling up the DagBag from /home/airflow/.local/lib/python3.7/site-packages/airflow/example_dags/example_task_group_decorator.py
[2026-10-01T00:00:16.450+0000] {processor.py:753} INFO - DAG(s) dict_keys(['example_task_group_decorator']) retrieved from /home/airflow/.local/lib/python3.7/site-packages/airflow/example_dags/example_task_group_decorator.py
[2026-10-01T00:00:16.489+0000] {logging_mixin.py:137} INFO - [2026-10-01T00:00:16.489+0000] {dag.py:2676} INFO - Sync 1 DAGs
[2026-10-01T00:00:16.513+0000] {logging_mixin.py:137} INFO - [2026-10-01T00:00:16.513+0000] {dag.py:3427} INFO - Setting next_dagrun for example_task_group_decorator to 2026-09-30T00:00:16.513223+00:00, run_after=2026-10-01T00:00:16.513223+00:00
[2026-10-01T00:00:16.529+0000] {processor.py:175} INFO - Processing /home/airflow/.local/lib/python3.7/site-packages/airflow/example_dags/example_task_group_decorator.py took 0.112 seconds
[2026-10-01T00:00:47.405+0000] {processor.py:153} INFO - Started process (PID=15040) to work on /home/airflow/.local/lib/python3.7/site-packages/airflow/example_dags/example_task_group_decorator.py
[2026-10-01T00:00:47.406+0000] {processor.py:743} INFO - Processing file /home/airflow/.local/lib/python3.7/site-packages/airflow/example_dags/example_task_group_decorator.py for tasks to queue
[2026-10-01T00:00:47.407+0000] {logging_mixin.py:137} INFO - [2026-10-01T00:00:47.407+0000] {dagbag.py:538} INFO - Filling up the DagBag from /home/airflow/.local/lib/python3.7/site-packages/airflow/example_dags/example_task_group_decorator.py
[2026-10-01T00:00:47.447+0000] {processor.py:753} INFO - DAG(s) dict_keys(['example_task_group_decorator']) retrieved from /home/airflow/.local/lib/python3.7/site-packages/airflow/example_dags/example_task_group_decorator.py
[2026-10-01T00:00:47.500+0000] {logging_mixin.py:137} INFO - [2026-10-01T00:00:47.500+0000] {dag.py:2676} INFO - Sync 1 DAGs
[2026-10-01T00:00:47.545+0000] {logging_mixin.py:137} INFO - [2026-10-01T00:00:47.545+0000] {dag.py:3427} INFO - Setting next_dagrun for example_task_group_decorator to 2026-09-30T00:00:47.544950+00:00, run_after=2026-10-01T00:00:47.544950+00:00
[2026-10-01T00:00:47.570+0000] {processor.py:175} INFO - Processing /home/airflow/.local/lib/python3.7/site-packages/airflow/example_dags/example_task_group_decorator.py took 0.168 seconds
[2026-10-01T00:01:18.329+0000] {processor.py:153} INFO - Started process (PID=15119) to work on /home/airflow/.local/lib/python3.7/site-packages/airflow/example_dags/example_task_group_decorator.py
[2026-10-01T00:01:18.330+0000] {processor.py:743} INFO - Processing file /home/airflow/.local/lib/python3.7/site-packages/airflow/example_dags/example_task_group_decorator.py for tasks to queue
[2026-10-01T00:01:18.331+0000] {logging_mixin.py:137} INFO - [2026-10-01T00:01:18.331+0000] {dagbag.py:538} INFO - Filling up the DagBag from /home/airflow/.local/lib/python3.7/site-packages/airflow/example_dags/example_task_group_decorator.py
[2026-10-01T00:01:18.368+0000] {processor.py:753} INFO - DAG(s) dict_keys(['example_task_group_decorator']) retrieved from /home/airflow/.local/lib/python3.7/site-packages/airflow/example_dags/example_task_group_decorator.py
[2026-10-01T00:01:18.419+0000] {logging_mixin.py:137} INFO - [2026-10-01T00:01:18.419+0000] {dag.py:2676} INFO - Sync 1 DAGs
[2026-10-01T00:01:18.460+0000] {logging_mixin.py:137} INFO - [2026-10-01T00:01:18.459+0000] {dag.py:3427} INFO - Setting next_dagrun for example_task_group_decorator to 2026-09-30T00:01:18.459486+00:00, run_after=2026-10-01T00:01:18.459486+00:00
[2026-10-01T00:01:18.493+0000] {processor.py:175} INFO - Processing /home/airflow/.local/lib/python3.7/site-packages/airflow/example_dags/example_task_group_decorator.py took 0.168 seconds
[2026-10-01T00:01:49.257+0000] {processor.py:153} INFO - Started process (PID=15218) to work on /home/airflow/.local/lib/python3.7/site-packages/airflow/example_dags/example_task_group_decorator.py
[2026-10-01T00:01:49.258+0000] {processor.py:743} INFO - Processing file /home/airflow/.local/lib/python3.7/site-packages/airflow/example_dags/example_task_group_decorator.py for tasks to queue
[2026-10-01T00:01:49.259+0000] {logging_mixin.py:137} INFO - [2026-10-01T00:01:49.259+0000] {dagbag.py:538} INFO - Filling up the DagBag from /home/airflow/.local/lib/python3.7/site-packages/airflow/example_dags/example_task_group_decorator.py
[2026-10-01T00:01:49.313+0000] {processor.py:753} INFO - DAG(s) dict_keys(['example_task_group_decorator']) retrieved from /home/airflow/.local/lib/python3.7/site-packages/airflow/example_dags/example_task_group_decorator.py
[2026-10-01T00:01:49.378+0000] {logging_mixin.py:137} INFO - [2026-10-01T00:01:49.378+0000] {dag.py:2676} INFO - Sync 1 DAGs
[2026-10-01T00:01:49.408+0000] {logging_mixin.py:137} INFO - [2026-10-01T00:01:49.408+0000] {dag.py:3427} INFO - Setting next_dagrun for example_task_group_decorator to 2026-09-30T00:01:49.407751+00:00, run_after=2026-10-01T00:01:49.407751+00:00
[2026-10-01T00:01:49.432+0000] {processor.py:175} INFO - Processing /home/airflow/.local/lib/python3.7/site-packages/airflow/example_dags/example_task_group_decorator.py took 0.181 seconds
[2026-10-01T00:02:19.874+0000] {processor.py:153} INFO - Started process (PID=15297) to work on /home/airflow/.local/lib/python3.7/site-packages/airflow/example_dags/example_task_group_decorator.py
[2026-10-01T00:02:19.875+0000] {processor.py:743} INFO - Processing file /home/airflow/.local/lib/python3.7/site-packages/airflow/example_dags/example_task_group_decorator.py for tasks to queue
[2026-10-01T00:02:19.876+0000] {logging_mixin.py:137} INFO - [2026-10-01T00:02:19.876+0000] {dagbag.py:538} INFO - Filling up the DagBag from /home/airflow/.local/lib/python3.7/site-packages/airflow/example_dags/example_task_group_decorator.py
[2026-10-01T00:02:19.913+0000] {processor.py:753} INFO - DAG(s) dict_keys(['example_task_group_decorator']) retrieved from /home/airflow/.local/lib/python3.7/site-packages/airflow/example_dags/example_task_group_decorator.py
[2026-10-01T00:02:19.966+0000] {logging_mixin.py:137} INFO - [2026-10-01T00:02:19.966+0000] {dag.py:2676} INFO - Sync 1 DAGs
[2026-10-01T00:02:19.999+0000] {logging_mixin.py:137} INFO - [2026-10-01T00:02:19.998+0000] {dag.py:3427} INFO - Setting next_dagrun for example_task_group_decorator to 2026-09-30T00:02:19.998376+00:00, run_after=2026-10-01T00:02:19.998376+00:00
[2026-10-01T00:02:20.024+0000] {processor.py:175} INFO - Processing /home/airflow/.local/lib/python3.7/site-packages/airflow/example_dags/example_task_group_decorator.py took 0.154 seconds
[2026-10-01T00:02:50.237+0000] {processor.py:153} INFO - Started process (PID=15376) to work on /home/airflow/.local/lib/python3.7/site-packages/airflow/example_dags/example_task_group_decorator.py
[2026-10-01T00:02:50.238+0000] {processor.py:743} INFO - Processing file /home/airflow/.local/lib/python3.7/site-packages/airflow/example_dags/example_task_group_decorator.py for tasks to queue
[2026-10-01T00:02:50.239+0000] {logging_mixin.py:137} INFO - [2026-10-01T00:02:50.238+0000] {dagbag.py:538} INFO - Filling up the DagBag from /home/airflow/.local/lib/python3.7/site-packages/airflow/example_dags/example_task_group_decorator.py
[2026-10-01T00:02:50.275+0000] {processor.py:753} INFO - DAG(s) dict_keys(['example_task_group_decorator']) retrieved from /home/airflow/.local/lib/python3.7/site-packages/airflow/example_dags/example_task_group_decorator.py
[2026-10-01T00:02:50.326+0000] {logging_mixin.py:137} INFO - [2026-10-01T00:02:50.325+0000] {dag.py:2676} INFO - Sync 1 DAGs
[2026-10-01T00:02:50.356+0000] {logging_mixin.py:137} INFO - [2026-10-01T00:02:50.356+0000] {dag.py:3427} INFO - Setting next_dagrun for example_task_group_decorator to 2026-09-30T00:02:50.355762+00:00, run_after=2026-10-01T00:02:50.355762+00:00
[2026-10-01T00:02:50.380+0000] {processor.py:175} INFO - Processing /home/airflow/.local/lib/python3.7/site-packages/airflow/example_dags/example_task_group_decorator.py took 0.147 seconds
[2026-10-01T00:03:20.511+0000] {processor.py:153} INFO - Started process (PID=15455) to work on /home/airflow/.local/lib/python3.7/site-packages/airflow/example_dags/example_task_group_decorator.py
[2026-10-01T00:03:20.512+0000] {processor.py:743} INFO - Processing file /home/airflow/.local/lib/python3.7/site-packages/airflow/example_dags/example_task_group_decorator.py for tasks to queue
[2026-10-01T00:03:20.514+0000] {logging_mixin.py:137} INFO - [2026-10-01T00:03:20.513+0000] {dagbag.py:538} INFO - Filling up the DagBag from /home/airflow/.local/lib/python3.7/site-packages/airflow/example_dags/example_task_group_decorator.py
[2026-10-01T00:03:20.573+0000] {processor.py:753} INFO - DAG(s) dict_keys(['example_task_group_decorator']) retrieved from /home/airflow/.local/lib/python3.7/site-packages/airflow/example_dags/example_task_group_decorator.py
[2026-10-01T00:03:20.642+0000] {logging_mixin.py:137} INFO - [2026-10-01T00:03:20.642+0000] {dag.py:2676} INFO - Sync 1 DAGs
[2026-10-01T00:03:20.691+0000] {logging_mixin.py:137} INFO - [2026-10-01T00:03:20.690+0000] {dag.py:3427} INFO - Setting next_dagrun for example_task_group_decorator to 2026-09-30T00:03:20.690256+00:00, run_after=2026-10-01T00:03:20.690256+00:00
[2026-10-01T00:03:20.715+0000] {processor.py:175} INFO - Processing /home/airflow/.local/lib/python3.7/site-packages/airflow/example_dags/example_task_group_decorator.py took 0.211 seconds
[2026-10-01T00:03:50.954+0000] {processor.py:153} INFO - Started process (PID=15543) to work on /home/airflow/.local/lib/python3.7/site-packages/airflow/example_dags/example_task_group_decorator.py
[2026-10-01T00:03:50.955+0000] {processor.py:743} INFO - Processing file /home/airflow/.local/lib/python3.7/site-packages/airflow/example_dags/example_task_group_decorator.py for tasks to queue
[2026-10-01T00:03:50.955+0000] {logging_mixin.py:137} INFO - [2026-10-01T00:03:50.955+0000] {dagbag.py:538} INFO - Filling up the DagBag from /home/airflow/.local/lib/python3.7/site-packages/airflow/example_dags/example_task_group_decorator.py
[2026-10-01T00:03:50.992+0000] {processor.py:753} INFO - DAG(s) dict_keys(['example_task_group_decorator']) retrieved from /home/airflow/.local/lib/python3.7/site-packages/airflow/example_dags/example_task_group_decorator.py
[2026-10-01T00:03:51.061+0000] {logging_mixin.py:137} INFO - [2026-10-01T00:03:51.061+0000] {dag.py:2676} INFO - Sync 1 DAGs
[2026-10-01T00:03:51.101+0000] {logging_mixin.py:137} INFO - [2026-10-01T00:03:51.101+0000] {dag.py:3427} INFO - Setting next_dagrun for example_task_group_decorator to 2026-09-30T00:03:51.100673+00:00, run_after=2026-10-01T00:03:51.100673+00:00
[2026-10-01T00:03:51.124+0000] {processor.py:175} INFO - Processing /home/airflow/.local/lib/python3.7/site-packages/airflow/example_dags/example_task_group_decorator.py took 0.174 seconds
[2026-10-01T00:04:21.252+0000] {processor.py:153} INFO - Started process (PID=15633) to work on /home/airflow/.local/lib/python3.7/site-packages/airflow/example_dags/example_task_group_decorator.py
[2026-10-01T00:04:21.253+0000] {processor.py:743} INFO - Processing file /home/airflow/.local/lib/python3.7/site-packages/airflow/example_dags/example_task_group_decorator.py for tasks to queue
[2026-10-01T00:04:21.254+0000] {logging_mixin.py:137} INFO - [2026-10-01T00:04:21.254+0000] {dagbag.py:538} INFO - Filling up the DagBag from /home/airflow/.local/lib/python3.7/site-packages/airflow/example_dags/example_task_group_decorator.py
[2026-10-01T00:04:21.302+0000] {processor.py:753} INFO - DAG(s) dict_keys(['example_task_group_decorator']) retrieved from /home/airflow/.local/lib/python3.7/site-packages/airflow/example_dags/example_task_group_decorator.py
[2026-10-01T00:04:21.367+0000] {logging_mixin.py:137} INFO - [2026-10-01T00:04:21.367+0000] {dag.py:2676} INFO - Sync 1 DAGs
[2026-10-01T00:04:21.400+0000] {logging_mixin.py:137} INFO - [2026-10-01T00:04:21.399+0000] {dag.py:3427} INFO - Setting next_dagrun for example_task_group_decorator to 2026-09-30T00:04:21.399681+00:00, run_after=2026-10-01T00:04:21.399681+00:00
[2026-10-01T00:04:21.422+0000] {processor.py:175} INFO - Processing /home/airflow/.local/lib/python3.7/site-packages/airflow/example_dags/example_task_group_decorator.py took 0.173 seconds
[2026-10-01T00:04:52.250+0000] {processor.py:153} INFO - Started process (PID=15712) to work on /home/airflow/.local/lib/python3.7/site-packages/airflow/example_dags/example_task_group_decorator.py
[2026-10-01T00:04:52.251+0000] {processor.py:743} INFO - Processing file /home/airflow/.local/lib/python3.7/site-packages/airflow/example_dags/example_task_group_decorator.py for tasks to queue
[2026-10-01T00:04:52.252+0000] {logging_mixin.py:137} INFO - [2026-10-01T00:04:52.252+0000] {dagbag.py:538} INFO - Filling up the DagBag from /home/airflow/.local/lib/python3.7/site-packages/airflow/example_dags/example_task_group_decorator.py
[2026-10-01T00:04:52.289+0000] {processor.py:753} INFO - DAG(s) dict_keys(['example_task_group_decorator']) retrieved from /home/airflow/.local/lib/python3.7/site-packages/airflow/example_dags/example_task_group_decorator.py
[2026-10-01T00:04:52.338+0000] {logging_mixin.py:137} INFO - [2026-10-01T00:04:52.338+0000] {dag.py:2676} INFO - Sync 1 DAGs
[2026-10-01T00:04:52.370+0000] {logging_mixin.py:137} INFO - [2026-10-01T00:04:52.369+0000] {dag.py:3427} INFO - Setting next_dagrun for example_task_group_decorator to 2026-09-30T00:04:52.369618+00:00, run_after=2026-10-01T00:04:52.369618+00:00
[2026-10-01T00:04:52.391+0000] {processor.py:175} INFO - Processing /home/airflow/.local/lib/python3.7/site-packages/airflow/example_dags/example_task_group_decorator.py took 0.145 seconds
[2026-10-01T00:05:23.277+0000] {processor.py:153} INFO - Started process (PID=15791) to work on /home/airflow/.local/lib/python3.7/site-packages/airflow/example_dags/example_task_group_decorator.py
[2026-10-01T00:05:23.279+0000] {processor.py:743} INFO - Processing file /home/airflow/.local/lib/python3.7/site-packages/airflow/example_dags/example_task_group_decorator.py for tasks to queue
[2026-10-01T00:05:23.279+0000] {logging_mixin.py:137} INFO - [2026-10-01T00:05:23.279+0000] {dagbag.py:538} INFO - Filling up the DagBag from /home/airflow/.local/lib/python3.7/site-packages/airflow/example_dags/example_task_group_decorator.py
[2026-10-01T00:05:23.317+0000] {processor.py:753} INFO - DAG(s) dict_keys(['example_task_group_decorator']) retrieved from /home/airflow/.local/lib/python3.7/site-packages/airflow/example_dags/example_task_group_decorator.py
[2026-10-01T00:05:23.382+0000] {logging_mixin.py:137} INFO - [2026-10-01T00:05:23.382+0000] {dag.py:2676} INFO - Sync 1 DAGs
[2026-10-01T00:05:23.419+0000] {logging_mixin.py:137} INFO - [2026-10-01T00:05:23.419+0000] {dag.py:3427} INFO - Setting next_dagrun for example_task_group_decorator to 2026-09-30T00:05:23.418934+00:00, run_after=2026-10-01T00:05:23.418934+00:00
[2026-10-01T00:05:23.441+0000] {processor.py:175} INFO - Processing /home/airflow/.local/lib/python3.7/site-packages/airflow/example_dags/example_task_group_decorator.py took 0.167 seconds
[2026-10-01T00:05:53.757+0000] {processor.py:153} INFO - Started process (PID=15890) to work on /home/airflow/.local/lib/python3.7/site-packages/airflow/example_dags/example_task_group_decorator.py
[2026-10-01T00:05:53.758+0000] {processor.py:743} INFO - Processing file /home/airflow/.local/lib/python3.7/site-packages/airflow/example_dags/example_task_group_decorator.py for tasks to queue
[2026-10-01T00:05:53.759+0000] {logging_mixin.py:137} INFO - [2026-10-01T00:05:53.759+0000] {dagbag.py:538} INFO - Filling up the DagBag from /home/airflow/.local/lib/python3.7/site-packages/airflow/example_dags/example_task_group_decorator.py
[2026-10-01T00:05:53.797+0000] {processor.py:753} INFO - DAG(s) dict_keys(['example_task_group_decorator']) retrieved from /home/airflow/.local/lib/python3.7/site-packages/airflow/example_dags/example_task_group_decorator.py
[2026-10-01T00:05:53.851+0000] {logging_mixin.py:137} INFO - [2026-10-01T00:05:53.850+0000] {dag.py:2676} INFO - Sync 1 DAGs
[2026-10-01T00:05:53.883+0000] {logging_mixin.py:137} INFO - [2026-10-01T00:05:53.883+0000] {dag.py:3427} INFO - Setting next_dagrun for example_task_group_decorator to 2026-09-30T00:05:53.882829+00:00, run_after=2026-10-01T00:05:53.882829+00:00
[2026-10-01T00:05:53.905+0000] {processor.py:175} INFO - Processing /home/airflow/.local/lib/python3.7/site-packages/airflow/example_dags/example_task_group_decorator.py took 0.153 seconds
[2026-10-01T00:06:24.003+0000] {processor.py:153} INFO - Started process (PID=15969) to work on /home/airflow/.local/lib/python3.7/site-packages/airflow/example_dags/example_task_group_decorator.py
[2026-10-01T00:06:24.004+0000] {processor.py:743} INFO - Processing file /home/airflow/.local/lib/python3.7/site-packages/airflow/example_dags/example_task_group_decorator.py for tasks to queue
[2026-10-01T00:06:24.005+0000] {logging_mixin.py:137} INFO - [2026-10-01T00:06:24.005+0000] {dagbag.py:538} INFO - Filling up the DagBag from /home/airflow/.local/lib/python3.7/site-packages/airflow/example_dags/example_task_group_decorator.py
[2026-10-01T00:06:24.045+0000] {processor.py:753} INFO - DAG(s) dict_keys(['example_task_group_decorator']) retrieved from /home/airflow/.local/lib/python3.7/site-packages/airflow/example_dags/example_task_group_decorator.py
[2026-10-01T00:06:24.097+0000] {logging_mixin.py:137} INFO - [2026-10-01T00:06:24.097+0000] {dag.py:2676} INFO - Sync 1 DAGs
[2026-10-01T00:06:24.126+0000] {logging_mixin.py:137} INFO - [2026-10-01T00:06:24.126+0000] {dag.py:3427} INFO - Setting next_dagrun for example_task_group_decorator to 2026-09-30T00:06:24.126234+00:00, run_after=2026-10-01T00:06:24.126234+00:00
[2026-10-01T00:06:24.145+0000] {processor.py:175} INFO - Processing /home/airflow/.local/lib/python3.7/site-packages/airflow/example_dags/example_task_group_decorator.py took 0.147 seconds
[2026-10-01T00:06:54.319+0000] {processor.py:153} INFO - Started process (PID=16048) to work on /home/airflow/.local/lib/python3.7/site-packages/airflow/example_dags/example_task_group_decorator.py
[2026-10-01T00:06:54.320+0000] {processor.py:743} INFO - Processing file /home/airflow/.local/lib/python3.7/site-packages/airflow/example_dags/example_task_group_decorator.py for tasks to queue
[2026-10-01T00:06:54.320+0000] {logging_mixin.py:137} INFO - [2026-10-01T00:06:54.320+0000] {dagbag.py:538} INFO - Filling up the DagBag from /home/airflow/.local/lib/python3.7/site-packages/airflow/example_dags/example_task_group_decorator.py
[2026-10-01T00:06:54.362+0000] {processor.py:753} INFO - DAG(s) dict_keys(['example_task_group_decorator']) retrieved from /home/airflow/.local/lib/python3.7/site-packages/airflow/example_dags/example_task_group_decorator.py
[2026-10-01T00:06:54.420+0000] {logging_mixin.py:137} INFO - [2026-10-01T00:06:54.419+0000] {dag.py:2676} INFO - Sync 1 DAGs
[2026-10-01T00:06:54.450+0000] {logging_mixin.py:137} INFO - [2026-10-01T00:06:54.450+0000] {dag.py:3427} INFO - Setting next_dagrun for example_task_group_decorator to 2026-09-30T00:06:54.449886+00:00, run_after=2026-10-01T00:06:54.449886+00:00
[2026-10-01T00:06:54.471+0000] {processor.py:175} INFO - Processing /home/airflow/.local/lib/python3.7/site-packages/airflow/example_dags/example_task_group_decorator.py took 0.158 seconds
[2026-10-01T00:07:24.649+0000] {processor.py:153} INFO - Started process (PID=16127) to work on /home/airflow/.local/lib/python3.7/site-packages/airflow/example_dags/example_task_group_decorator.py
[2026-10-01T00:07:24.650+0000] {processor.py:743} INFO - Processing file /home/airflow/.local/lib/python3.7/site-packages/airflow/example_dags/example_task_group_decorator.py for tasks to queue
[2026-10-01T00:07:24.651+0000] {logging_mixin.py:137} INFO - [2026-10-01T00:07:24.651+0000] {dagbag.py:538} INFO - Filling up the DagBag from /home/airflow/.local/lib/python3.7/site-packages/airflow/example_dags/example_task_group_decorator.py
[2026-10-01T00:07:24.697+0000] {processor.py:753} INFO - DAG(s) dict_keys(['example_task_group_decorator']) retrieved from /home/airflow/.local/lib/python3.7/site-packages/airflow/example_dags/example_task_group_decorator.py
[2026-10-01T00:07:24.749+0000] {logging_mixin.py:137} INFO - [2026-10-01T00:07:24.749+0000] {dag.py:2676} INFO - Sync 1 DAGs
[2026-10-01T00:07:24.786+0000] {logging_mixin.py:137} INFO - [2026-10-01T00:07:24.785+0000] {dag.py:3427} INFO - Setting next_dagrun for example_task_group_decorator to 2026-09-30T00:07:24.785468+00:00, run_after=2026-10-01T00:07:24.785468+00:00
[2026-10-01T00:07:24.811+0000] {processor.py:175} INFO - Processing /home/airflow/.local/lib/python3.7/site-packages/airflow/example_dags/example_task_group_decorator.py took 0.167 seconds
[2026-10-01T00:07:55.253+0000] {processor.py:153} INFO - Started process (PID=16226) to work on /home/airflow/.local/lib/python3.7/site-packages/airflow/example_dags/example_task_group_decorator.py
[2026-10-01T00:07:55.254+0000] {processor.py:743} INFO - Processing file /home/airflow/.local/lib/python3.7/site-packages/airflow/example_dags/example_task_group_decorator.py for tasks to queue
[2026-10-01T00:07:55.255+0000] {logging_mixin.py:137} INFO - [2026-10-01T00:07:55.254+0000] {dagbag.py:538} INFO - Filling up the DagBag from /home/airflow/.local/lib/python3.7/site-packages/airflow/example_dags/example_task_group_decorator.py
[2026-10-01T00:07:55.293+0000] {processor.py:753} INFO - DAG(s) dict_keys(['example_task_group_decorator']) retrieved from /home/airflow/.local/lib/python3.7/site-packages/airflow/example_dags/example_task_group_decorator.py
[2026-10-01T00:07:55.349+0000] {logging_mixin.py:137} INFO - [2026-10-01T00:07:55.348+0000] {dag.py:2676} INFO - Sync 1 DAGs
[2026-10-01T00:07:55.403+0000] {logging_mixin.py:137} INFO - [2026-10-01T00:07:55.403+0000] {dag.py:3427} INFO - Setting next_dagrun for example_task_group_decorator to 2026-09-30T00:07:55.403060+00:00, run_after=2026-10-01T00:07:55.403060+00:00
[2026-10-01T00:07:55.431+0000] {processor.py:175} INFO - Processing /home/airflow/.local/lib/python3.7/site-packages/airflow/example_dags/example_task_group_decorator.py took 0.182 seconds
[2026-10-01T00:08:25.645+0000] {processor.py:153} INFO - Started process (PID=16305) to work on /home/airflow/.local/lib/python3.7/site-packages/airflow/example_dags/example_task_group_decorator.py
[2026-10-01T00:08:25.646+0000] {processor.py:743} INFO - Processing file /home/airflow/.local/lib/python3.7/site-packages/airflow/example_dags/example_task_group_decorator.py for tasks to queue
[2026-10-01T00:08:25.647+0000] {logging_mixin.py:137} INFO - [2026-10-01T00:08:25.647+0000] {dagbag.py:538} INFO - Filling up the DagBag from /home/airflow/.local/lib/python3.7/site-packages/airflow/example_dags/example_task_group_decorator.py
[2026-10-01T00:08:25.686+0000] {processor.py:753} INFO - DAG(s) dict_keys(['example_task_group_decorator']) retrieved from /home/airflow/.local/lib/python3.7/site-packages/airflow/example_dags/example_task_group_decorator.py
[2026-10-01T00:08:25.746+0000] {logging_mixin.py:137} INFO - [2026-10-01T00:08:25.745+0000] {dag.py:2676} INFO - Sync 1 DAGs
[2026-10-01T00:08:25.776+0000] {logging_mixin.py:137} INFO - [2026-10-01T00:08:25.776+0000] {dag.py:3427} INFO - Setting next_dagrun for example_task_group_decorator to 2026-09-30T00:08:25.776066+00:00, run_after=2026-10-01T00:08:25.776066+00:00
[2026-10-01T00:08:25.797+0000] {processor.py:175} INFO - Processing /home/airflow/.local/lib/python3.7/site-packages/airflow/example_dags/example_task_group_decorator.py took 0.156 seconds
[2026-10-01T00:08:56.077+0000] {processor.py:153} INFO - Started process (PID=16385) to work on /home/airflow/.local/lib/python3.7/site-packages/airflow/example_dags/example_task_group_decorator.py
[2026-10-01T00:08:56.078+0000] {processor.py:743} INFO - Processing file /home/airflow/.local/lib/python3.7/site-packages/airflow/example_dags/example_task_group_decorator.py for tasks to queue
[2026-10-01T00:08:56.079+0000] {logging_mixin.py:137} INFO - [2026-10-01T00:08:56.079+0000] {dagbag.py:538} INFO - Filling up the DagBag from /home/airflow/.local/lib/python3.7/site-packages/airflow/example_dags/example_task_group_decorator.py
[2026-10-01T00:08:56.139+0000] {processor.py:753} INFO - DAG(s) dict_keys(['example_task_group_decorator']) retrieved from /home/airflow/.local/lib/python3.7/site-packages/airflow/example_dags/example_task_group_decorator.py
[2026-10-01T00:08:56.215+0000] {logging_mixin.py:137} INFO - [2026-10-01T00:08:56.215+0000] {dag.py:2676} INFO - Sync 1 DAGs
[2026-10-01T00:08:56.260+0000] {logging_mixin.py:137} INFO - [2026-10-01T00:08:56.260+0000] {dag.py:3427} INFO - Setting next_dagrun for example_task_group_decorator to 2026-09-30T00:08:56.260038+00:00, run_after=2026-10-01T00:08:56.260038+00:00
[2026-10-01T00:08:56.284+0000] {processor.py:175} INFO - Processing /home/airflow/.local/lib/python3.7/site-packages/airflow/example_dags/example_task_group_decorator.py took 0.214 seconds
[2026-10-01T00:09:26.537+0000] {processor.py:153} INFO - Started process (PID=16464) to work on /home/airflow/.local/lib/python3.7/site-packages/airflow/example_dags/example_task_group_decorator.py
[2026-10-01T00:09:26.539+0000] {processor.py:743} INFO - Processing file /home/airflow/.local/lib/python3.7/site-packages/airflow/example_dags/example_task_group_decorator.py for tasks to queue
[2026-10-01T00:09:26.540+0000] {logging_mixin.py:137} INFO - [2026-10-01T00:09:26.540+0000] {dagbag.py:538} INFO - Filling up the DagBag from /home/airflow/.local/lib/python3.7/site-packages/airflow/example_dags/example_task_group_decorator.py
[2026-10-01T00:09:26.601+0000] {processor.py:753} INFO - DAG(s) dict_keys(['example_task_group_decorator']) retrieved from /home/airflow/.local/lib/python3.7/site-packages/airflow/example_dags/example_task_group_decorator.py
[2026-10-01T00:09:26.672+0000] {logging_mixin.py:137} INFO - [2026-10-01T00:09:26.672+0000] {dag.py:2676} INFO - Sync 1 DAGs
[2026-10-01T00:09:26.717+0000] {logging_mixin.py:137} INFO - [2026-10-01T00:09:26.717+0000] {dag.py:3427} INFO - Setting next_dagrun for example_task_group_decorator to 2026-09-30T00:09:26.716582+00:00, run_after=2026-10-01T00:09:26.716582+00:00
[2026-10-01T00:09:26.737+0000] {processor.py:175} INFO - Processing /home/airflow/.local/lib/python3.7/site-packages/airflow/example_dags/example_task_group_decorator.py took 0.206 seconds
[2026-10-01T00:09:57.728+0000] {processor.py:153} INFO - Started process (PID=16562) to work on /home/airflow/.local/lib/python3.7/site-packages/airflow/example_dags/example_task_group_decorator.py
[2026-10-01T00:09:57.730+0000] {processor.py:743} INFO - Processing file /home/airflow/.local/lib/python3.7/site-packages/airflow/example_dags/example_task_group_decorator.py for tasks to queue
[2026-10-01T00:09:57.731+0000] {logging_mixin.py:137} INFO - [2026-10-01T00:09:57.731+0000] {dagbag.py:538} INFO - Filling up the DagBag from /home/airflow/.local/lib/python3.7/site-packages/airflow/example_dags/example_task_group_decorator.py
[2026-10-01T00:09:57.790+0000] {processor.py:753} INFO - DAG(s) dict_keys(['example_task_group_decorator']) retrieved from /home/airflow/.local/lib/python3.7/site-packages/airflow/example_dags/example_task_group_decorator.py
[2026-10-01T00:09:57.854+0000] {logging_mixin.py:137} INFO - [2026-10-01T00:09:57.854+0000] {dag.py:2676} INFO - Sync 1 DAGs
[2026-10-01T00:09:57.887+0000] {logging_mixin.py:137} INFO - [2026-10-01T00:09:57.887+0000] {dag.py:3427} INFO - Setting next_dagrun for example_task_group_decorator to 2026-09-30T00:09:57.887014+00:00, run_after=2026-10-01T00:09:57.887014+00:00
[2026-10-01T00:09:57.907+0000] {processor.py:175} INFO - Processing /home/airflow/.local/lib/python3.7/site-packages/airflow/example_dags/example_task_group_decorator.py took 0.184 seconds
[2026-10-01T00:10:27.981+0000] {processor.py:153} INFO - Started process (PID=16641) to work on /home/airflow/.local/lib/python3.7/site-packages/airflow/example_dags/example_task_group_decorator.py
[2026-10-01T00:10:27.982+0000] {processor.py:743} INFO - Processing file /home/airflow/.local/lib/python3.7/site-packages/airflow/example_dags/example_task_group_decorator.py for tasks to queue
[2026-10-01T00:10:27.983+0000] {logging_mixin.py:137} INFO - [2026-10-01T00:10:27.983+0000] {dagbag.py:538} INFO - Filling up the DagBag from /home/airflow/.local/lib/python3.7/site-packages/airflow/example_dags/example_task_group_decorator.py
[2026-10-01T00:10:28.024+0000] {processor.py:753} INFO - DAG(s) dict_keys(['example_task_group_decorator']) retrieved from /home/airflow/.local/lib/python3.7/site-packages/airflow/example_dags/example_task_group_decorator.py
[2026-10-01T00:10:28.076+0000] {logging_mixin.py:137} INFO - [2026-10-01T00:10:28.075+0000] {dag.py:2676} INFO - Sync 1 DAGs
[2026-10-01T00:10:28.107+0000] {logging_mixin.py:137} INFO - [2026-10-01T00:10:28.107+0000] {dag.py:3427} INFO - Setting next_dagrun for example_task_group_decorator to 2026-09-30T00:10:28.106693+00:00, run_after=2026-10-01T00:10:28.106693+00:00
[2026-10-01T00:10:28.128+0000] {processor.py:175} INFO - Processing /home/airflow/.local/lib/python3.7/site-packages/airflow/example_dags/example_task_group_decorator.py took 0.152 seconds
[2026-10-01T00:10:59.122+0000] {processor.py:153} INFO - Started process (PID=16721) to work on /home/airflow/.local/lib/python3.7/site-packages/airflow/example_dags/example_task_group_decorator.py
[2026-10-01T00:10:59.123+0000] {processor.py:743} INFO - Processing file /home/airflow/.local/lib/python3.7/site-packages/airflow/example_dags/example_task_group_decorator.py for tasks to queue
[2026-10-01T00:10:59.124+0000] {logging_mixin.py:137} INFO - [2026-10-01T00:10:59.124+0000] {dagbag.py:538} INFO - Filling up the DagBag from /home/airflow/.local/lib/python3.7/site-packages/airflow/example_dags/example_task_group_decorator.py
[2026-10-01T00:10:59.164+0000] {processor.py:753} INFO - DAG(s) dict_keys(['example_task_group_decorator']) retrieved from /home/airflow/.local/lib/python3.7/site-packages/airflow/example_dags/example_task_group_decorator.py
[2026-10-01T00:10:59.215+0000] {logging_mixin.py:137} INFO - [2026-10-01T00:10:59.215+0000] {dag.py:2676} INFO - Sync 1 DAGs
[2026-10-01T00:10:59.246+0000] {logging_mixin.py:137} INFO - [2026-10-01T00:10:59.245+0000] {dag.py:3427} INFO - Setting next_dagrun for example_task_group_decorator to 2026-09-30T00:10:59.245677+00:00, run_after=2026-10-01T00:10:59.245677+00:00
[2026-10-01T00:10:59.269+0000] {processor.py:175} INFO - Processing /home/airflow/.local/lib/python3.7/site-packages/airflow/example_dags/example_task_group_decorator.py took 0.151 seconds
[2026-10-01T00:11:29.337+0000] {processor.py:153} INFO - Started process (PID=16800) to work on /home/airflow/.local/lib/python3.7/site-packages/airflow/example_dags/example_task_group_decorator.py
[2026-10-01T00:11:29.338+0000] {processor.py:743} INFO - Processing file /home/airflow/.local/lib/python3.7/site-packages/airflow/example_dags/example_task_group_decorator.py for tasks to queue
[2026-10-01T00:11:29.339+0000] {logging_mixin.py:137} INFO - [2026-10-01T00:11:29.339+0000] {dagbag.py:538} INFO - Filling up the DagBag from /home/airflow/.local/lib/python3.7/site-packages/airflow/example_dags/example_task_group_decorator.py
[2026-10-01T00:11:29.381+0000] {processor.py:753} INFO - DAG(s) dict_keys(['example_task_group_decorator']) retrieved from /home/airflow/.local/lib/python3.7/site-packages/airflow/example_dags/example_task_group_decorator.py
[2026-10-01T00:11:29.435+0000] {logging_mixin.py:137} INFO - [2026-10-01T00:11:29.435+0000] {dag.py:2676} INFO - Sync 1 DAGs
[2026-10-01T00:11:29.470+0000] {logging_mixin.py:137} INFO - [2026-10-01T00:11:29.470+0000] {dag.py:3427} INFO - Setting next_dagrun for example_task_group_decorator to 2026-09-30T00:11:29.470233+00:00, run_after=2026-10-01T00:11:29.470233+00:00
[2026-10-01T00:11:29.492+0000] {processor.py:175} INFO - Processing /home/airflow/.local/lib/python3.7/site-packages/airflow/example_dags/example_task_group_decorator.py took 0.160 seconds
[2026-10-01T00:11:59.552+0000] {processor.py:153} INFO - Started process (PID=16899) to work on /home/airflow/.local/lib/python3.7/site-packages/airflow/example_dags/example_task_group_decorator.py
[2026-10-01T00:11:59.553+0000] {processor.py:743} INFO - Processing file /home/airflow/.local/lib/python3.7/site-packages/airflow/example_dags/example_task_group_decorator.py for tasks to queue
[2026-10-01T00:11:59.554+0000] {logging_mixin.py:137} INFO - [2026-10-01T00:11:59.554+0000] {dagbag.py:538} INFO - Filling up the DagBag from /home/airflow/.local/lib/python3.7/site-packages/airflow/example_dags/example_task_group_decorator.py
[2026-10-01T00:11:59.593+0000] {processor.py:753} INFO - DAG(s) dict_keys(['example_task_group_decorator']) retrieved from /home/airflow/.local/lib/python3.7/site-packages/airflow/example_dags/example_task_group_decorator.py
[2026-10-01T00:11:59.659+0000] {logging_mixin.py:137} INFO - [2026-10-01T00:11:59.659+0000] {dag.py:2676} INFO - Sync 1 DAGs
[2026-10-01T00:11:59.705+0000] {logging_mixin.py:137} INFO - [2026-10-01T00:11:59.705+0000] {dag.py:3427} INFO - Setting next_dagrun for example_task_group_decorator to 2026-09-30T00:11:59.705083+00:00, run_after=2026-10-01T00:11:59.705083+00:00
[2026-10-01T00:11:59.736+0000] {processor.py:175} INFO - Processing /home/airflow/.local/lib/python3.7/site-packages/airflow/example_dags/example_task_group_decorator.py took 0.188 seconds
[2026-10-01T00:12:30.597+0000] {processor.py:153} INFO - Started process (PID=16977) to work on /home/airflow/.local/lib/python3.7/site-packages/airflow/example_dags/example_task_group_decorator.py
[2026-10-01T00:12:30.598+0000] {processor.py:743} INFO - Processing file /home/airflow/.local/lib/python3.7/site-packages/airflow/example_dags/example_task_group_decorator.py for tasks to queue
[2026-10-01T00:12:30.599+0000] {logging_mixin.py:137} INFO - [2026-10-01T00:12:30.599+0000] {dagbag.py:538} INFO - Filling up the DagBag from /home/airflow/.local/lib/python3.7/site-packages/airflow/example_dags/example_task_group_decorator.py
[2026-10-01T00:12:30.640+0000] {processor.py:753} INFO - DAG(s) dict_keys(['example_task_group_decorator']) retrieved from /home/airflow/.local/lib/python3.7/site-packages/airflow/example_dags/example_task_group_decorator.py
[2026-10-01T00:12:30.694+0000] {logging_mixin.py:137} INFO - [2026-10-01T00:12:30.694+0000] {dag.py:2676} INFO - Sync 1 DAGs
[2026-10-01T00:12:30.726+0000] {logging_mixin.py:137} INFO - [2026-10-01T00:12:30.725+0000] {dag.py:3427} INFO - Setting next_dagrun for example_task_group_decorator to 2026-09-30T00:12:30.725583+00:00, run_after=2026-10-01T00:12:30.725583+00:00
[2026-10-01T00:12:30.747+0000] {processor.py:175} INFO - Processing /home/airflow/.local/lib/python3.7/site-packages/airflow/example_dags/example_task_group_decorator.py took 0.155 seconds
[2026-10-01T00:13:01.194+0000] {processor.py:153} INFO - Started process (PID=17056) to work on /home/airflow/.local/lib/python3.7/site-packages/airflow/example_dags/example_task_group_decorator.py
[2026-10-01T00:13:01.195+0000] {processor.py:743} INFO - Processing file /home/airflow/.local/lib/python3.7/site-packages/airflow/example_dags/example_task_group_decorator.py for tasks to queue
[2026-10-01T00:13:01.197+0000] {logging_mixin.py:137} INFO - [2026-10-01T00:13:01.197+0000] {dagbag.py:538} INFO - Filling up the DagBag from /home/airflow/.local/lib/python3.7/site-packages/airflow/example_dags/example_task_group_decorator.py
[2026-10-01T00:13:01.256+0000] {processor.py:753} INFO - DAG(s) dict_keys(['example_task_group_decorator']) retrieved from /home/airflow/.local/lib/python3.7/site-packages/airflow/example_dags/example_task_group_decorator.py
[2026-10-01T00:13:01.321+0000] {logging_mixin.py:137} INFO - [2026-10-01T00:13:01.321+0000] {dag.py:2676} INFO - Sync 1 DAGs
[2026-10-01T00:13:01.369+0000] {logging_mixin.py:137} INFO - [2026-10-01T00:13:01.369+0000] {dag.py:3427} INFO - Setting next_dagrun for example_task_group_decorator to 2026-09-30T00:13:01.369068+00:00, run_after=2026-10-01T00:13:01.369068+00:00
[2026-10-01T00:13:01.407+0000] {processor.py:175} INFO - Processing /home/airflow/.local/lib/python3.7/site-packages/airflow/example_dags/example_task_group_decorator.py took 0.220 seconds
[2026-10-01T00:13:31.546+0000] {processor.py:153} INFO - Started process (PID=17142) to work on /home/airflow/.local/lib/python3.7/site-packages/airflow/example_dags/example_task_group_decorator.py
[2026-10-01T00:13:31.548+0000] {processor.py:743} INFO - Processing file /home/airflow/.local/lib/python3.7/site-packages/airflow/example_dags/example_task_group_decorator.py for tasks to queue
[2026-10-01T00:13:31.549+0000] {logging_mixin.py:137} INFO - [2026-10-01T00:13:31.549+0000] {dagbag.py:538} INFO - Filling up the DagBag from /home/airflow/.local/lib/python3.7/site-packages/airflow/example_dags/example_task_group_decorator.py
[2026-10-01T00:13:31.609+0000] {processor.py:753} INFO - DAG(s) dict_keys(['example_task_group_decorator']) retrieved from /home/airflow/.local/lib/python3.7/site-packages/airflow/example_dags/example_task_group_decorator.py
[2026-10-01T00:13:31.670+0000] {logging_mixin.py:137} INFO - [2026-10-01T00:13:31.669+0000] {dag.py:2676} INFO - Sync 1 DAGs
[2026-10-01T00:13:31.702+0000] {logging_mixin.py:137} INFO - [2026-10-01T00:13:31.702+0000] {dag.py:3427} INFO - Setting next_dagrun for example_task_group_decorator to 2026-09-30T00:13:31.702468+00:00, run_after=2026-10-01T00:13:31.702468+00:00
[2026-10-01T00:13:31.725+0000] {processor.py:175} INFO - Processing /home/airflow/.local/lib/python3.7/site-packages/airflow/example_dags/example_task_group_decorator.py took 0.184 seconds
[2026-10-01T00:14:01.816+0000] {processor.py:153} INFO - Started process (PID=17234) to work on /home/airflow/.local/lib/python3.7/site-packages/airflow/example_dags/example_task_group_decorator.py
[2026-10-01T00:14:01.817+0000] {processor.py:743} INFO - Processing file /home/airflow/.local/lib/python3.7/site-packages/airflow/example_dags/example_task_group_decorator.py for tasks to queue
[2026-10-01T00:14:01.818+0000] {logging_mixin.py:137} INFO - [2026-10-01T00:14:01.817+0000] {dagbag.py:538} INFO - Filling up the DagBag from /home/airflow/.local/lib/python3.7/site-packages/airflow/example_dags/example_task_group_decorator.py
[2026-10-01T00:14:01.857+0000] {processor.py:753} INFO - DAG(s) dict_keys(['example_task_group_decorator']) retrieved from /home/airflow/.local/lib/python3.7/site-packages/airflow/example_dags/example_task_group_decorator.py
[2026-10-01T00:14:01.910+0000] {logging_mixin.py:137} INFO - [2026-10-01T00:14:01.909+0000] {dag.py:2676} INFO - Sync 1 DAGs
[2026-10-01T00:14:01.943+0000] {logging_mixin.py:137} INFO - [2026-10-01T00:14:01.942+0000] {dag.py:3427} INFO - Setting next_dagrun for example_task_group_decorator to 2026-09-30T00:14:01.942585+00:00, run_after=2026-10-01T00:14:01.942585+00:00
[2026-10-01T00:14:01.969+0000] {processor.py:175} INFO - Processing /home/airflow/.local/lib/python3.7/site-packages/airflow/example_dags/example_task_group_decorator.py took 0.157 seconds
[2026-10-01T00:14:32.824+0000] {processor.py:153} INFO - Started process (PID=17313) to work on /home/airflow/.local/lib/python3.7/site-packages/airflow/example_dags/example_task_group_decorator.py
[2026-10-01T00:14:32.825+0000] {processor.py:743} INFO - Processing file /home/airflow/.local/lib/python3.7/site-packages/airflow/example_dags/example_task_group_decorator.py for tasks to queue
[2026-10-01T00:14:32.826+0000] {logging_mixin.py:137} INFO - [2026-10-01T00:14:32.826+0000] {dagbag.py:538} INFO - Filling up the DagBag from /home/airflow/.local/lib/python3.7/site-packages/airflow/example_dags/example_task_group_decorator.py
[2026-10-01T00:14:32.875+0000] {processor.py:753} INFO - DAG(s) dict_keys(['example_task_group_decorator']) retrieved from /home/airflow/.local/lib/python3.7/site-packages/airflow/example_dags/example_task_group_decorator.py
[2026-10-01T00:14:32.947+0000] {logging_mixin.py:137} INFO - [2026-10-01T00:14:32.947+0000] {dag.py:2676} INFO - Sync 1 DAGs
[2026-10-01T00:14:32.991+0000] {logging_mixin.py:137} INFO - [2026-10-01T00:14:32.990+0000] {dag.py:3427} INFO - Setting next_dagrun for example_task_group_decorator to 2026-09-30T00:14:32.990668+00:00, run_after=2026-10-01T00:14:32.990668+00:00
[2026-10-01T00:14:33.022+0000] {processor.py:175} INFO - Processing /home/airflow/.local/lib/python3.7/site-packages/airflow/example_dags/example_task_group_decorator.py took 0.204 seconds
[2026-10-01T00:15:03.213+0000] {processor.py:153} INFO - Started process (PID=17392) to work on /home/airflow/.local/lib/python3.7/site-packages/airflow/example_dags/example_task_group_decorator.py
[2026-10-01T00:15:03.214+0000] {processor.py:743} INFO - Processing file /home/airflow/.local/lib/python3.7/site-packages/airflow/example_dags/example_task_group_decorator.py for tasks to queue
[2026-10-01T00:15:03.216+0000] {logging_mixin.py:137} INFO - [2026-10-01T00:15:03.215+0000] {dagbag.py:538} INFO - Filling up the DagBag from /home/airflow/.local/lib/python3.7/site-packages/airflow/example_dags/example_task_group_decorator.py
[2026-10-01T00:15:03.276+0000] {processor.py:753} INFO - DAG(s) dict_keys(['example_task_group_decorator']) retrieved from /home/airflow/.local/lib/python3.7/site-packages/airflow/example_dags/example_task_group_decorator.py
[2026-10-01T00:15:03.347+0000] {logging_mixin.py:137} INFO - [2026-10-01T00:15:03.347+0000] {dag.py:2676} INFO - Sync 1 DAGs
[2026-10-01T00:15:03.395+0000] {logging_mixin.py:137} INFO - [2026-10-01T00:15:03.395+0000] {dag.py:3427} INFO - Setting next_dagrun for example_task_group_decorator to 2026-09-30T00:15:03.395096+00:00, run_after=2026-10-01T00:15:03.395096+00:00
[2026-10-01T00:15:03.431+0000] {processor.py:175} INFO - Processing /home/airflow/.local/lib/python3.7/site-packages/airflow/example_dags/example_task_group_decorator.py took 0.224 seconds
[2026-10-01T00:15:33.506+0000] {processor.py:153} INFO - Started process (PID=17471) to work on /home/airflow/.local/lib/python3.7/site-packages/airflow/example_dags/example_task_group_decorator.py
[2026-10-01T00:15:33.507+0000] {processor.py:743} INFO - Processing file /home/airflow/.local/lib/python3.7/site-packages/airflow/example_dags/example_task_group_decorator.py for tasks to queue
[2026-10-01T00:15:33.507+0000] {logging_mixin.py:137} INFO - [2026-10-01T00:15:33.507+0000] {dagbag.py:538} INFO - Filling up the DagBag from /home/airflow/.local/lib/python3.7/site-packages/airflow/example_dags/example_task_group_decorator.py
[2026-10-01T00:15:33.550+0000] {processor.py:753} INFO - DAG(s) dict_keys(['example_task_group_decorator']) retrieved from /home/airflow/.local/lib/python3.7/site-packages/airflow/example_dags/example_task_group_decorator.py
[2026-10-01T00:15:33.605+0000] {logging_mixin.py:137} INFO - [2026-10-01T00:15:33.605+0000] {dag.py:2676} INFO - Sync 1 DAGs
[2026-10-01T00:15:33.638+0000] {logging_mixin.py:137} INFO - [2026-10-01T00:15:33.638+0000] {dag.py:3427} INFO - Setting next_dagrun for example_task_group_decorator to 2026-09-30T00:15:33.637973+00:00, run_after=2026-10-01T00:15:33.637973+00:00
[2026-10-01T00:15:33.660+0000] {processor.py:175} INFO - Processing /home/airflow/.local/lib/python3.7/site-packages/airflow/example_dags/example_task_group_decorator.py took 0.159 seconds
[2026-10-01T00:16:04.256+0000] {processor.py:153} INFO - Started process (PID=17570) to work on /home/airflow/.local/lib/python3.7/site-packages/airflow/example_dags/example_task_group_decorator.py
[2026-10-01T00:16:04.257+0000] {processor.py:743} INFO - Processing file /home/airflow/.local/lib/python3.7/site-packages/airflow/example_dags/example_task_group_decorator.py for tasks to queue
[2026-10-01T00:16:04.258+0000] {logging_mixin.py:137} INFO - [2026-10-01T00:16:04.258+0000] {dagbag.py:538} INFO - Filling up the DagBag from /home/airflow/.local/lib/python3.7/site-packages/airflow/example_dags/example_task_group_decorator.py
[2026-10-01T00:16:04.299+0000] {processor.py:753} INFO - DAG(s) dict_keys(['example_task_group_decorator']) retrieved from /home/airflow/.local/lib/python3.7/site-packages/airflow/example_dags/example_task_group_decorator.py
[2026-10-01T00:16:04.355+0000] {logging_mixin.py:137} INFO - [2026-10-01T00:16:04.355+0000] {dag.py:2676} INFO - Sync 1 DAGs
[2026-10-01T00:16:04.387+0000] {logging_mixin.py:137} INFO - [2026-10-01T00:16:04.386+0000] {dag.py:3427} INFO - Setting next_dagrun for example_task_group_decorator to 2026-09-30T00:16:04.386636+00:00, run_after=2026-10-01T00:16:04.386636+00:00
[2026-10-01T00:16:04.410+0000] {processor.py:175} INFO - Processing /home/airflow/.local/lib/python3.7/site-packages/airflow/example_dags/example_task_group_decorator.py took 0.159 seconds
[2026-10-01T00:16:35.146+0000] {processor.py:153} INFO - Started process (PID=17649) to work on /home/airflow/.local/lib/python3.7/site-packages/airflow/example_dags/example_task_group_decorator.py
[2026-10-01T00:16:35.147+0000] {processor.py:743} INFO - Processing file /home/airflow/.local/lib/python3.7/site-packages/airflow/example_dags/example_task_group_decorator.py for tasks to queue
[2026-10-01T00:16:35.148+0000] {logging_mixin.py:137} INFO - [2026-10-01T00:16:35.148+0000] {dagbag.py:538} INFO - Filling up the DagBag from /home/airflow/.local/lib/python3.7/site-packages/airflow/example_dags/example_task_group_decorator.py
[2026-10-01T00:16:35.191+0000] {processor.py:753} INFO - DAG(s) dict_keys(['example_task_group_decorator']) retrieved from /home/airflow/.local/lib/python3.7/site-packages/airflow/example_dags/example_task_group_decorator.py
[2026-10-01T00:16:35.249+0000] {logging_mixin.py:137} INFO - [2026-10-01T00:16:35.248+0000] {dag.py:2676} INFO - Sync 1 DAGs
[2026-10-01T00:16:35.281+0000] {logging_mixin.py:137} INFO - [2026-10-01T00:16:35.281+0000] {dag.py:3427} INFO - Setting next_dagrun for example_task_group_decorator to 2026-09-30T00:16:35.281262+00:00, run_after=2026-10-01T00:16:35.281262+00:00
[2026-10-01T00:16:35.307+0000] {processor.py:175} INFO - Processing /home/airflow/.local/lib/python3.7/site-packages/airflow/example_dags/example_task_group_decorator.py took 0.165 seconds
[2026-10-01T00:17:06.093+0000] {processor.py:153} INFO - Started process (PID=17728) to work on /home/airflow/.local/lib/python3.7/site-packages/airflow/example_dags/example_task_group_decorator.py
[2026-10-01T00:17:06.094+0000] {processor.py:743} INFO - Processing file /home/airflow/.local/lib/python3.7/site-packages/airflow/example_dags/example_task_group_decorator.py for tasks to queue
[2026-10-01T00:17:06.095+0000] {logging_mixin.py:137} INFO - [2026-10-01T00:17:06.095+0000] {dagbag.py:538} INFO - Filling up the DagBag from /home/airflow/.local/lib/python3.7/site-packages/airflow/example_dags/example_task_group_decorator.py
[2026-10-01T00:17:06.141+0000] {processor.py:753} INFO - DAG(s) dict_keys(['example_task_group_decorator']) retrieved from /home/airflow/.local/lib/python3.7/site-packages/airflow/example_dags/example_task_group_decorator.py
[2026-10-01T00:17:06.194+0000] {logging_mixin.py:137} INFO - [2026-10-01T00:17:06.194+0000] {dag.py:2676} INFO - Sync 1 DAGs
[2026-10-01T00:17:06.234+0000] {logging_mixin.py:137} INFO - [2026-10-01T00:17:06.234+0000] {dag.py:3427} INFO - Setting next_dagrun for example_task_group_decorator to 2026-09-30T00:17:06.233715+00:00, run_after=2026-10-01T00:17:06.233715+00:00
[2026-10-01T00:17:06.263+0000] {processor.py:175} INFO - Processing /home/airflow/.local/lib/python3.7/site-packages/airflow/example_dags/example_task_group_decorator.py took 0.174 seconds
[2026-10-01T00:17:37.253+0000] {processor.py:153} INFO - Started process (PID=17816) to work on /home/airflow/.local/lib/python3.7/site-packages/airflow/example_dags/example_task_group_decorator.py
[2026-10-01T00:17:37.254+0000] {processor.py:743} INFO - Processing file /home/airflow/.local/lib/python3.7/site-packages/airflow/example_dags/example_task_group_decorator.py for tasks to queue
[2026-10-01T00:17:37.255+0000] {logging_mixin.py:137} INFO - [2026-10-01T00:17:37.255+0000] {dagbag.py:538} INFO - Filling up the DagBag from /home/airflow/.local/lib/python3.7/site-packages/airflow/example_dags/example_task_group_decorator.py
[2026-10-01T00:17:37.300+0000] {processor.py:753} INFO - DAG(s) dict_keys(['example_task_group_decorator']) retrieved from /home/airflow/.local/lib/python3.7/site-packages/airflow/example_dags/example_task_group_decorator.py
[2026-10-01T00:17:37.373+0000] {logging_mixin.py:137} INFO - [2026-10-01T00:17:37.373+0000] {dag.py:2676} INFO - Sync 1 DAGs
[2026-10-01T00:17:37.413+0000] {logging_mixin.py:137} INFO - [2026-10-01T00:17:37.413+0000] {dag.py:3427} INFO - Setting next_dagrun for example_task_group_decorator to 2026-09-30T00:17:37.413181+00:00, run_after=2026-10-01T00:17:37.413181+00:00
[2026-10-01T00:17:37.441+0000] {processor.py:175} INFO - Processing /home/airflow/.local/lib/python3.7/site-packages/airflow/example_dags/example_task_group_decorator.py took 0.192 seconds
[2026-10-01T00:18:07.535+0000] {processor.py:153} INFO - Started process (PID=17906) to work on /home/airflow/.local/lib/python3.7/site-packages/airflow/example_dags/example_task_group_decorator.py
[2026-10-01T00:18:07.537+0000] {processor.py:743} INFO - Processing file /home/airflow/.local/lib/python3.7/site-packages/airflow/example_dags/example_task_group_decorator.py for tasks to queue
[2026-10-01T00:18:07.538+0000] {logging_mixin.py:137} INFO - [2026-10-01T00:18:07.538+0000] {dagbag.py:538} INFO - Filling up the DagBag from /home/airflow/.local/lib/python3.7/site-packages/airflow/example_dags/example_task_group_decorator.py
[2026-10-01T00:18:07.583+0000] {processor.py:753} INFO - DAG(s) dict_keys(['example_task_group_decorator']) retrieved from /home/airflow/.local/lib/python3.7/site-packages/airflow/example_dags/example_task_group_decorator.py
[2026-10-01T00:18:07.637+0000] {logging_mixin.py:137} INFO - [2026-10-01T00:18:07.637+0000] {dag.py:2676} INFO - Sync 1 DAGs
[2026-10-01T00:18:07.668+0000] {logging_mixin.py:137} INFO - [2026-10-01T00:18:07.668+0000] {dag.py:3427} INFO - Setting next_dagrun for example_task_group_decorator to 2026-09-30T00:18:07.667750+00:00, run_after=2026-10-01T00:18:07.667750+00:00
[2026-10-01T00:18:07.689+0000] {processor.py:175} INFO - Processing /home/airflow/.local/lib/python3.7/site-packages/airflow/example_dags/example_task_group_decorator.py took 0.161 seconds
[2026-10-01T00:18:38.025+0000] {processor.py:153} INFO - Started process (PID=17985) to work on /home/airflow/.local/lib/python3.7/site-packages/airflow/example_dags/example_task_group_decorator.py
[2026-10-01T00:18:38.026+0000] {processor.py:743} INFO - Processing file /home/airflow/.local/lib/python3.7/site-packages/airflow/example_dags/example_task_group_decorator.py for tasks to queue
[2026-10-01T00:18:38.026+0000] {logging_mixin.py:137} INFO - [2026-10-01T00:18:38.026+0000] {dagbag.py:538} INFO - Filling up the DagBag from /home/airflow/.local/lib/python3.7/site-packages/airflow/example_dags/example_task_group_decorator.py
[2026-10-01T00:18:38.065+0000] {processor.py:753} INFO - DAG(s) dict_keys(['example_task_group_decorator']) retrieved from /home/airflow/.local/lib/python3.7/site-packages/airflow/example_dags/example_task_group_decorator.py
[2026-10-01T00:18:38.113+0000] {logging_mixin.py:137} INFO - [2026-10-01T00:18:38.113+0000] {dag.py:2676} INFO - Sync 1 DAGs
[2026-10-01T00:18:38.147+0000] {logging_mixin.py:137} INFO - [2026-10-01T00:18:38.147+0000] {dag.py:3427} INFO - Setting next_dagrun for example_task_group_decorator to 2026-09-30T00:18:38.146917+00:00, run_after=2026-10-01T00:18:38.146917+00:00
[2026-10-01T00:18:38.170+0000] {processor.py:175} INFO - Processing /home/airflow/.local/lib/python3.7/site-packages/airflow/example_dags/example_task_group_decorator.py took 0.149 seconds
[2026-10-01T00:19:09.066+0000] {processor.py:153} INFO - Started process (PID=18064) to work on /home/airflow/.local/lib/python3.7/site-packages/airflow/example_dags/example_task_group_decorator.py
[2026-10-01T00:19:09.068+0000] {processor.py:743} INFO - Processing file /home/airflow/.local/lib/python3.7/site-packages/airflow/example_dags/example_task_group_decorator.py for tasks to queue
[2026-10-01T00:19:09.069+0000] {logging_mixin.py:137} INFO - [2026-10-01T00:19:09.069+0000] {dagbag.py:538} INFO - Filling up the DagBag from /home/airflow/.local/lib/python3.7/site-packages/airflow/example_dags/example_task_group_decorator.py
[2026-10-01T00:19:09.116+0000] {processor.py:753} INFO - DAG(s) dict_keys(['example_task_group_decorator']) retrieved from /home/airflow/.local/lib/python3.7/site-packages/airflow/example_dags/example_task_group_decorator.py
[2026-10-01T00:19:09.187+0000] {logging_mixin.py:137} INFO - [2026-10-01T00:19:09.187+0000] {dag.py:2676} INFO - Sync 1 DAGs
[2026-10-01T00:19:09.226+0000] {logging_mixin.py:137} INFO - [2026-10-01T00:19:09.226+0000] {dag.py:3427} INFO - Setting next_dagrun for example_task_group_decorator to 2026-09-30T00:19:09.226399+00:00, run_after=2026-10-01T00:19:09.226399+00:00
[2026-10-01T00:19:09.256+0000] {processor.py:175} INFO - Processing /home/airflow/.local/lib/python3.7/site-packages/airflow/example_dags/example_task_group_decorator.py took 0.195 seconds
[2026-10-01T00:19:39.783+0000] {processor.py:153} INFO - Started process (PID=18163) to work on /home/airflow/.local/lib/python3.7/site-packages/airflow/example_dags/example_task_group_decorator.py
[2026-10-01T00:19:39.784+0000] {processor.py:743} INFO - Processing file /home/airflow/.local/lib/python3.7/site-packages/airflow/example_dags/example_task_group_decorator.py for tasks to queue
[2026-10-01T00:19:39.785+0000] {logging_mixin.py:137} INFO - [2026-10-01T00:19:39.785+0000] {dagbag.py:538} INFO - Filling up the DagBag from /home/airflow/.local/lib/python3.7/site-packages/airflow/example_dags/example_task_group_decorator.py
[2026-10-01T00:19:39.856+0000] {processor.py:753} INFO - DAG(s) dict_keys(['example_task_group_decorator']) retrieved from /home/airflow/.local/lib/python3.7/site-packages/airflow/example_dags/example_task_group_decorator.py
[2026-10-01T00:19:39.951+0000] {logging_mixin.py:137} INFO - [2026-10-01T00:19:39.951+0000] {dag.py:2676} INFO - Sync 1 DAGs
[2026-10-01T00:19:39.995+0000] {logging_mixin.py:137} INFO - [2026-10-01T00:19:39.995+0000] {dag.py:3427} INFO - Setting next_dagrun for example_task_group_decorator to 2026-09-30T00:19:39.995133+00:00, run_after=2026-10-01T00:19:39.995133+00:00
[2026-10-01T00:19:40.024+0000] {processor.py:175} INFO - Processing /home/airflow/.local/lib/python3.7/site-packages/airflow/example_dags/example_task_group_decorator.py took 0.245 seconds
[2026-10-01T00:20:10.111+0000] {processor.py:153} INFO - Started process (PID=18242) to work on /home/airflow/.local/lib/python3.7/site-packages/airflow/example_dags/example_task_group_decorator.py
[2026-10-01T00:20:10.112+0000] {processor.py:743} INFO - Processing file /home/airflow/.local/lib/python3.7/site-packages/airflow/example_dags/example_task_group_decorator.py for tasks to queue
[2026-10-01T00:20:10.112+0000] {logging_mixin.py:137} INFO - [2026-10-01T00:20:10.112+0000] {dagbag.py:538} INFO - Filling up the DagBag from /home/airflow/.local/lib/python3.7/site-packages/airflow/example_dags/example_task_group_decorator.py
[2026-10-01T00:20:10.154+0000] {processor.py:753} INFO - DAG(s) dict_keys(['example_task_group_decorator']) retrieved from /home/airflow/.local/lib/python3.7/site-packages/airflow/example_dags/example_task_group_decorator.py
[2026-10-01T00:20:10.212+0000] {logging_mixin.py:137} INFO - [2026-10-01T00:20:10.212+0000] {dag.py:2676} INFO - Sync 1 DAGs
[2026-10-01T00:20:10.256+0000] {logging_mixin.py:137} INFO - [2026-10-01T00:20:10.255+0000] {dag.py:3427} INFO - Setting next_dagrun for example_task_group_decorator to 2026-09-30T00:20:10.255449+00:00, run_after=2026-10-01T00:20:10.255449+00:00
[2026-10-01T00:20:10.280+0000] {processor.py:175} INFO - Processing /home/airflow/.local/lib/python3.7/site-packages/airflow/example_dags/example_task_group_decorator.py took 0.174 seconds
[2026-10-01T00:20:40.571+0000] {processor.py:153} INFO - Started process (PID=18321) to work on /home/airflow/.local/lib/python3.7/site-packages/airflow/example_dags/example_task_group_decorator.py
[2026-10-01T00:20:40.573+0000] {processor.py:743} INFO - Processing file /home/airflow/.local/lib/python3.7/site-packages/airflow/example_dags/example_task_group_decorator.py for tasks to queue
[2026-10-01T00:20:40.574+0000] {logging_mixin.py:137} INFO - [2026-10-01T00:20:40.573+0000] {dagbag.py:538} INFO - Filling up the DagBag from /home/airflow/.local/lib/python3.7/site-packages/airflow/example_dags/example_task_group_decorator.py
[2026-10-01T00:20:40.627+0000] {processor.py:753} INFO - DAG(s) dict_keys(['example_task_group_decorator']) retrieved from /home/airflow/.local/lib/python3.7/site-packages/airflow/example_dags/example_task_group_decorator.py
[2026-10-01T00:20:40.694+0000] {logging_mixin.py:137} INFO - [2026-10-01T00:20:40.693+0000] {dag.py:2676} INFO - Sync 1 DAGs
[2026-10-01T00:20:40.735+0000] {logging_mixin.py:137} INFO - [2026-10-01T00:20:40.735+0000] {dag.py:3427} INFO - Setting next_dagrun for example_task_group_decorator to 2026-09-30T00:20:40.735087+00:00, run_after=2026-10-01T00:20:40.735087+00:00
[2026-10-01T00:20:40.764+0000] {processor.py:175} INFO - Processing /home/airflow/.local/lib/python3.7/site-packages/airflow/example_dags/example_task_group_decorator.py took 0.198 seconds
