[2026-10-01T00:00:21.353+0000] {processor.py:153} INFO - Started process (PID=14980) to work on /home/airflow/.local/lib/python3.7/site-packages/airflow/example_dags/example_bash_operator.py
[2026-10-01T00:00:21.355+0000] {processor.py:743} INFO - Processing file /home/airflow/.local/lib/python3.7/site-packages/airflow/example_dags/example_bash_operator.py for tasks to queue
[2026-10-01T00:00:21.356+0000] {logging_mixin.py:137} INFO - [2026-10-01T00:00:21.355+0000] {dagbag.py:538} INFO - Filling up the DagBag from /home/airflow/.local/lib/python3.7/site-packages/airflow/example_dags/example_bash_operator.py
[2026-10-01T00:00:21.395+0000] {processor.py:753} INFO - DAG(s) dict_keys(['example_bash_operator']) retrieved from /home/airflow/.local/lib/python3.7/site-packages/airflow/example_dags/example_bash_operator.py
[2026-10-01T00:00:21.475+0000] {logging_mixin.py:137} INFO - [2026-10-01T00:00:21.475+0000] {dag.py:2676} INFO - Sync 1 DAGs
[2026-10-01T00:00:21.507+0000] {logging_mixin.py:137} INFO - [2026-10-01T00:00:21.507+0000] {dag.py:3427} INFO - Setting next_dagrun for example_bash_operator to 2026-09-30T00:00:00+00:00, run_after=2026-10-01T00:00:00+00:00
[2026-10-01T00:00:21.528+0000] {processor.py:175} INFO - Processing /home/airflow/.local/lib/python3.7/site-packages/airflow/example_dags/example_bash_operator.py took 0.179 seconds
[2026-10-01T00:00:52.227+0000] {processor.py:153} INFO - Started process (PID=15059) to work on /home/airflow/.local/lib/python3.7/site-packages/airflow/example_dags/example_bash_operator.py
[2026-10-01T00:00:52.228+0000] {processor.py:743} INFO - Processing file /home/airflow/.local/lib/python3.7/site-packages/airflow/example_dags/example_bash_operator.py for tasks to queue
[2026-10-01T00:00:52.229+0000] {logging_mixin.py:137} INFO - [2026-10-01T00:00:52.229+0000] {dagbag.py:538} INFO - Filling up the DagBag from /home/airflow/.local/lib/python3.7/site-packages/airflow/example_dags/example_bash_operator.py
[2026-10-01T00:00:52.253+0000] {processor.py:753} INFO - DAG(s) dict_keys(['example_bash_operator']) retrieved from /home/airflow/.local/lib/python3.7/site-packages/airflow/example_dags/example_bash_operator.py
[2026-10-01T00:00:52.302+0000] {logging_mixin.py:137} INFO - [2026-10-01T00:00:52.302+0000] {dag.py:2676} INFO - Sync 1 DAGs
[2026-10-01T00:00:52.328+0000] {logging_mixin.py:137} INFO - [2026-10-01T00:00:52.327+0000] {dag.py:3427} INFO - Setting next_dagrun for example_bash_operator to 2026-09-30T00:00:00+00:00, run_after=2026-10-01T00:00:00+00:00
[2026-10-01T00:00:52.346+0000] {processor.py:175} INFO - Processing /home/airflow/.local/lib/python3.7/site-packages/airflow/example_dags/example_bash_operator.py took 0.122 seconds
[2026-10-01T00:01:23.095+0000] {processor.py:153} INFO - Started process (PID=15158) to work on /home/airflow/.local/lib/python3.7/site-packages/airflow/example_dags/example_bash_operator.py
[2026-10-01T00:01:23.096+0000] {processor.py:743} INFO - Processing file /home/airflow/.local/lib/python3.7/site-packages/airflow/example_dags/example_bash_operator.py for tasks to queue
[2026-10-01T00:01:23.097+0000] {logging_mixin.py:137} INFO - [2026-10-01T00:01:23.096+0000] {dagbag.py:538} INFO - Filling up the DagBag from /home/airflow/.local/lib/python3.7/site-packages/airflow/example_dags/example_bash_operator.py
[2026-10-01T00:01:23.128+0000] {processor.py:753} INFO - DAG(s) dict_keys(['example_bash_operator']) retrieved from /home/airflow/.local/lib/python3.7/site-packages/airflow/example_dags/example_bash_operator.py
[2026-10-01T00:01:23.196+0000] {logging_mixin.py:137} INFO - [2026-10-01T00:01:23.195+0000] {dag.py:2676} INFO - Sync 1 DAGs
[2026-10-01T00:01:23.232+0000] {logging_mixin.py:137} INFO - [2026-10-01T00:01:23.232+0000] {dag.py:3427} INFO - Setting next_dagrun for example_bash_operator to 2026-09-30T00:00:00+00:00, run_after=2026-10-01T00:00:00+00:00
[2026-10-01T00:01:23.254+0000] {processor.py:175} INFO - Processing /home/airflow/.local/lib/python3.7/site-packages/airflow/example_dags/example_bash_operator.py took 0.163 seconds
[2026-10-01T00:01:53.982+0000] {processor.py:153} INFO - Started process (PID=15237) to work on /home/airflow/.local/lib/python3.7/site-packages/airflow/example_dags/example_bash_operator.py
[2026-10-01T00:01:53.983+0000] {processor.py:743} INFO - Processing file /home/airflow/.local/lib/python3.7/site-packages/airflow/example_dags/example_bash_operator.py for tasks to queue
[2026-10-01T00:01:53.984+0000] {logging_mixin.py:137} INFO - [2026-10-01T00:01:53.984+0000] {dagbag.py:538} INFO - Filling up the DagBag from /home/airflow/.local/lib/python3.7/site-packages/airflow/example_dags/example_bash_operator.py
[2026-10-01T00:01:54.029+0000] {processor.py:753} INFO - DAG(s) dict_keys(['example_bash_operator']) retrieved from /home/airflow/.local/lib/python3.7/site-packages/airflow/example_dags/example_bash_operator.py
[2026-10-01T00:01:54.129+0000] {logging_mixin.py:137} INFO - [2026-10-01T00:01:54.128+0000] {dag.py:2676} INFO - Sync 1 DAGs
[2026-10-01T00:01:54.179+0000] {logging_mixin.py:137} INFO - [2026-10-01T00:01:54.179+0000] {dag.py:3427} INFO - Setting next_dagrun for example_bash_operator to 2026-09-30T00:00:00+00:00, run_after=2026-10-01T00:00:00+00:00
[2026-10-01T00:01:54.204+0000] {processor.py:175} INFO - Processing /home/airflow/.local/lib/python3.7/site-packages/airflow/example_dags/example_bash_operator.py took 0.228 seconds
[2026-10-01T00:02:24.792+0000] {processor.py:153} INFO - Started process (PID=15316) to work on /home/airflow/.local/lib/python3.7/site-packages/airflow/example_dags/example_bash_operator.py
[2026-10-01T00:02:24.793+0000] {processor.py:743} INFO - Processing file /home/airflow/.local/lib/python3.7/site-packages/airflow/example_dags/example_bash_operator.py for tasks to queue
[2026-10-01T00:02:24.794+0000] {logging_mixin.py:137} INFO - [2026-10-01T00:02:24.793+0000] {dagbag.py:538} INFO - Filling up the DagBag from /home/airflow/.local/lib/python3.7/site-packages/airflow/example_dags/example_bash_operator.py
[2026-10-01T00:02:24.826+0000] {processor.py:753} INFO - DAG(s) dict_keys(['example_bash_operator']) retrieved from /home/airflow/.local/lib/python3.7/site-packages/airflow/example_dags/example_bash_operator.py
[2026-10-01T00:02:24.899+0000] {logging_mixin.py:137} INFO - [2026-10-01T00:02:24.898+0000] {dag.py:2676} INFO - Sync 1 DAGs
[2026-10-01T00:02:24.933+0000] {logging_mixin.py:137} INFO - [2026-10-01T00:02:24.932+0000] {dag.py:3427} INFO - Setting next_dagrun for example_bash_operator to 2026-09-30T00:00:00+00:00, run_after=2026-10-01T00:00:00+00:00
[2026-10-01T00:02:24.959+0000] {processor.py:175} INFO - Processing /home/airflow/.local/lib/python3.7/site-packages/airflow/example_dags/example_bash_operator.py took 0.171 seconds
[2026-10-01T00:02:55.202+0000] {processor.py:153} INFO - Started process (PID=15395) to work on /home/airflow/.local/lib/python3.7/site-packages/airflow/example_dags/example_bash_operator.py
[2026-10-01T00:02:55.203+0000] {processor.py:743} INFO - Processing file /home/airflow/.local/lib/python3.7/site-packages/airflow/example_dags/example_bash_operator.py for tasks to queue
[2026-10-01T00:02:55.204+0000] {logging_mixin.py:137} INFO - [2026-10-01T00:02:55.204+0000] {dagbag.py:538} INFO - Filling up the DagBag from /home/airflow/.local/lib/python3.7/site-packages/airflow/example_dags/example_bash_operator.py
[2026-10-01T00:02:55.237+0000] {processor.py:753} INFO - DAG(s) dict_keys(['example_bash_operator']) retrieved from /home/airflow/.local/lib/python3.7/site-packages/airflow/example_dags/example_bash_operator.py
[2026-10-01T00:02:55.299+0000] {logging_mixin.py:137} INFO - [2026-10-01T00:02:55.299+0000] {dag.py:2676} INFO - Sync 1 DAGs
[2026-10-01T00:02:55.335+0000] {logging_mixin.py:137} INFO - [2026-10-01T00:02:55.335+0000] {dag.py:3427} INFO - Setting next_dagrun for example_bash_operator to 2026-09-30T00:00:00+00:00, run_after=2026-10-01T00:00:00+00:00
[2026-10-01T00:02:55.368+0000] {processor.py:175} INFO - Processing /home/airflow/.local/lib/python3.7/site-packages/airflow/example_dags/example_bash_operator.py took 0.173 seconds
[2026-10-01T00:03:25.481+0000] {processor.py:153} INFO - Started process (PID=15494) to work on /home/airflow/.local/lib/python3.7/site-packages/airflow/example_dags/example_bash_operator.py
[2026-10-01T00:03:25.482+0000] {processor.py:743} INFO - Processing file /home/airflow/.local/lib/python3.7/site-packages/airflow/example_dags/example_bash_operator.py for tasks to queue
[2026-10-01T00:03:25.483+0000] {logging_mixin.py:137} INFO - [2026-10-01T00:03:25.483+0000] {dagbag.py:538} INFO - Filling up the DagBag from /home/airflow/.local/lib/python3.7/site-packages/airflow/example_dags/example_bash_operator.py
[2026-10-01T00:03:25.516+0000] {processor.py:753} INFO - DAG(s) dict_keys(['example_bash_operator']) retrieved from /home/airflow/.local/lib/python3.7/site-packages/airflow/example_dags/example_bash_operator.py
[2026-10-01T00:03:25.587+0000] {logging_mixin.py:137} INFO - [2026-10-01T00:03:25.587+0000] {dag.py:2676} INFO - Sync 1 DAGs
[2026-10-01T00:03:25.627+0000] {logging_mixin.py:137} INFO - [2026-10-01T00:03:25.627+0000] {dag.py:3427} INFO - Setting next_dagrun for example_bash_operator to 2026-09-30T00:00:00+00:00, run_after=2026-10-01T00:00:00+00:00
[2026-10-01T00:03:25.651+0000] {processor.py:175} INFO - Processing /home/airflow/.local/lib/python3.7/site-packages/airflow/example_dags/example_bash_operator.py took 0.173 seconds
[2026-10-01T00:03:55.899+0000] {processor.py:153} INFO - Started process (PID=15573) to work on /home/airflow/.local/lib/python3.7/site-packages/airflow/example_dags/example_bash_operator.py
[2026-10-01T00:03:55.901+0000] {processor.py:743} INFO - Processing file /home/airflow/.local/lib/python3.7/site-packages/airflow/example_dags/example_bash_operator.py for tasks to queue
[2026-10-01T00:03:55.902+0000] {logging_mixin.py:137} INFO - [2026-10-01T00:03:55.902+0000] {dagbag.py:538} INFO - Filling up the DagBag from /home/airflow/.local/lib/python3.7/site-packages/airflow/example_dags/example_bash_operator.py
[2026-10-01T00:03:55.943+0000] {processor.py:753} INFO - DAG(s) dict_keys(['example_bash_operator']) retrieved from /home/airflow/.local/lib/python3.7/site-packages/airflow/example_dags/example_bash_operator.py
[2026-10-01T00:03:56.045+0000] {logging_mixin.py:137} INFO - [2026-10-01T00:03:56.044+0000] {dag.py:2676} INFO - Sync 1 DAGs
[2026-10-01T00:03:56.095+0000] {logging_mixin.py:137} INFO - [2026-10-01T00:03:56.095+0000] {dag.py:3427} INFO - Setting next_dagrun for example_bash_operator to 2026-09-30T00:00:00+00:00, run_after=2026-10-01T00:00:00+00:00
[2026-10-01T00:03:56.139+0000] {processor.py:175} INFO - Processing /home/airflow/.local/lib/python3.7/site-packages/airflow/example_dags/example_bash_operator.py took 0.244 seconds
[2026-10-01T00:04:26.263+0000] {processor.py:153} INFO - Started process (PID=15652) to work on /home/airflow/.local/lib/python3.7/site-packages/airflow/example_dags/example_bash_operator.py
[2026-10-01T00:04:26.264+0000] {processor.py:743} INFO - Processing file /home/airflow/.local/lib/python3.7/site-packages/airflow/example_dags/example_bash_operator.py for tasks to queue
[2026-10-01T00:04:26.265+0000] {logging_mixin.py:137} INFO - [2026-10-01T00:04:26.264+0000] {dagbag.py:538} INFO - Filling up the DagBag from /home/airflow/.local/lib/python3.7/site-packages/airflow/example_dags/example_bash_operator.py
[2026-10-01T00:04:26.297+0000] {processor.py:753} INFO - DAG(s) dict_keys(['example_bash_operator']) retrieved from /home/airflow/.local/lib/python3.7/site-packages/airflow/example_dags/example_bash_operator.py
[2026-10-01T00:04:26.376+0000] {logging_mixin.py:137} INFO - [2026-10-01T00:04:26.375+0000] {dag.py:2676} INFO - Sync 1 DAGs
[2026-10-01T00:04:26.408+0000] {logging_mixin.py:137} INFO - [2026-10-01T00:04:26.407+0000] {dag.py:3427} INFO - Setting next_dagrun for example_bash_operator to 2026-09-30T00:00:00+00:00, run_after=2026-10-01T00:00:00+00:00
[2026-10-01T00:04:26.432+0000] {processor.py:175} INFO - Processing /home/airflow/.local/lib/python3.7/site-packages/airflow/example_dags/example_bash_operator.py took 0.176 seconds
[2026-10-01T00:04:57.107+0000] {processor.py:153} INFO - Started process (PID=15731) to work on /home/airflow/.local/lib/python3.7/site-packages/airflow/example_dags/example_bash_operator.py
[2026-10-01T00:04:57.109+0000] {processor.py:743} INFO - Processing file /home/airflow/.local/lib/python3.7/site-packages/airflow/example_dags/example_bash_operator.py for tasks to queue
[2026-10-01T00:04:57.109+0000] {logging_mixin.py:137} INFO - [2026-10-01T00:04:57.109+0000] {dagbag.py:538} INFO - Filling up the DagBag from /home/airflow/.local/lib/python3.7/site-packages/airflow/example_dags/example_bash_operator.py
[2026-10-01T00:04:57.139+0000] {processor.py:753} INFO - DAG(s) dict_keys(['example_bash_operator']) retrieved from /home/airflow/.local/lib/python3.7/site-packages/airflow/example_dags/example_bash_operator.py
[2026-10-01T00:04:57.211+0000] {logging_mixin.py:137} INFO - [2026-10-01T00:04:57.210+0000] {dag.py:2676} INFO - Sync 1 DAGs
[2026-10-01T00:04:57.258+0000] {logging_mixin.py:137} INFO - [2026-10-01T00:04:57.257+0000] {dag.py:3427} INFO - Setting next_dagrun for example_bash_operator to 2026-09-30T00:00:00+00:00, run_after=2026-10-01T00:00:00+00:00
[2026-10-01T00:04:57.281+0000] {processor.py:175} INFO - Processing /home/airflow/.local/lib/python3.7/site-packages/airflow/example_dags/example_bash_operator.py took 0.178 seconds
[2026-10-01T00:05:27.417+0000] {processor.py:153} INFO - Started process (PID=15830) to work on /home/airflow/.local/lib/python3.7/site-packages/airflow/example_dags/example_bash_operator.py
[2026-10-01T00:05:27.418+0000] {processor.py:743} INFO - Processing file /home/airflow/.local/lib/python3.7/site-packages/airflow/example_dags/example_bash_operator.py for tasks to queue
[2026-10-01T00:05:27.418+0000] {logging_mixin.py:137} INFO - [2026-10-01T00:05:27.418+0000] {dagbag.py:538} INFO - Filling up the DagBag from /home/airflow/.local/lib/python3.7/site-packages/airflow/example_dags/example_bash_operator.py
[2026-10-01T00:05:27.451+0000] {processor.py:753} INFO - DAG(s) dict_keys(['example_bash_operator']) retrieved from /home/airflow/.local/lib/python3.7/site-packages/airflow/example_dags/example_bash_operator.py
[2026-10-01T00:05:27.527+0000] {logging_mixin.py:137} INFO - [2026-10-01T00:05:27.527+0000] {dag.py:2676} INFO - Sync 1 DAGs
[2026-10-01T00:05:27.562+0000] {logging_mixin.py:137} INFO - [2026-10-01T00:05:27.561+0000] {dag.py:3427} INFO - Setting next_dagrun for example_bash_operator to 2026-09-30T00:00:00+00:00, run_after=2026-10-01T00:00:00+00:00
[2026-10-01T00:05:27.583+0000] {processor.py:175} INFO - Processing /home/airflow/.local/lib/python3.7/site-packages/airflow/example_dags/example_bash_operator.py took 0.172 seconds
[2026-10-01T00:05:57.962+0000] {processor.py:153} INFO - Started process (PID=15909) to work on /home/airflow/.local/lib/python3.7/site-packages/airflow/example_dags/example_bash_operator.py
[2026-10-01T00:05:57.964+0000] {processor.py:743} INFO - Processing file /home/airflow/.local/lib/python3.7/site-packages/airflow/example_dags/example_bash_operator.py for tasks to queue
[2026-10-01T00:05:57.965+0000] {logging_mixin.py:137} INFO - [2026-10-01T00:05:57.965+0000] {dagbag.py:538} INFO - Filling up the DagBag from /home/airflow/.local/lib/python3.7/site-packages/airflow/example_dags/example_bash_operator.py
[2026-10-01T00:05:58.010+0000] {processor.py:753} INFO - DAG(s) dict_keys(['example_bash_operator']) retrieved from /home/airflow/.local/lib/python3.7/site-packages/airflow/example_dags/example_bash_operator.py
[2026-10-01T00:05:58.085+0000] {logging_mixin.py:137} INFO - [2026-10-01T00:05:58.085+0000] {dag.py:2676} INFO - Sync 1 DAGs
[2026-10-01T00:05:58.118+0000] {logging_mixin.py:137} INFO - [2026-10-01T00:05:58.118+0000] {dag.py:3427} INFO - Setting next_dagrun for example_bash_operator to 2026-09-30T00:00:00+00:00, run_after=2026-10-01T00:00:00+00:00
[2026-10-01T00:05:58.139+0000] {processor.py:175} INFO - Processing /home/airflow/.local/lib/python3.7/site-packages/airflow/example_dags/example_bash_operator.py took 0.183 seconds
[2026-10-01T00:06:28.388+0000] {processor.py:153} INFO - Started process (PID=15988) to work on /home/airflow/.local/lib/python3.7/site-packages/airflow/example_dags/example_bash_operator.py
[2026-10-01T00:06:28.389+0000] {processor.py:743} INFO - Processing file /home/airflow/.local/lib/python3.7/site-packages/airflow/example_dags/example_bash_operator.py for tasks to queue
[2026-10-01T00:06:28.390+0000] {logging_mixin.py:137} INFO - [2026-10-01T00:06:28.390+0000] {dagbag.py:538} INFO - Filling up the DagBag from /home/airflow/.local/lib/python3.7/site-packages/airflow/example_dags/example_bash_operator.py
[2026-10-01T00:06:28.437+0000] {processor.py:753} INFO - DAG(s) dict_keys(['example_bash_operator']) retrieved from /home/airflow/.local/lib/python3.7/site-packages/airflow/example_dags/example_bash_operator.py
[2026-10-01T00:06:28.529+0000] {logging_mixin.py:137} INFO - [2026-10-01T00:06:28.529+0000] {dag.py:2676} INFO - Sync 1 DAGs
[2026-10-01T00:06:28.573+0000] {logging_mixin.py:137} INFO - [2026-10-01T00:06:28.573+0000] {dag.py:3427} INFO - Setting next_dagrun for example_bash_operator to 2026-09-30T00:00:00+00:00, run_after=2026-10-01T00:00:00+00:00
[2026-10-01T00:06:28.592+0000] {processor.py:175} INFO - Processing /home/airflow/.local/lib/python3.7/site-packages/airflow/example_dags/example_bash_operator.py took 0.210 seconds
[2026-10-01T00:06:58.736+0000] {processor.py:153} INFO - Started process (PID=16067) to work on /home/airflow/.local/lib/python3.7/site-packages/airflow/example_dags/example_bash_operator.py
[2026-10-01T00:06:58.737+0000] {processor.py:743} INFO - Processing file /home/airflow/.local/lib/python3.7/site-packages/airflow/example_dags/example_bash_operator.py for tasks to queue
[2026-10-01T00:06:58.738+0000] {logging_mixin.py:137} INFO - [2026-10-01T00:06:58.738+0000] {dagbag.py:538} INFO - Filling up the DagBag from /home/airflow/.local/lib/python3.7/site-packages/airflow/example_dags/example_bash_operator.py
[2026-10-01T00:06:58.770+0000] {processor.py:753} INFO - DAG(s) dict_keys(['example_bash_operator']) retrieved from /home/airflow/.local/lib/python3.7/site-packages/airflow/example_dags/example_bash_operator.py
[2026-10-01T00:06:58.832+0000] {logging_mixin.py:137} INFO - [2026-10-01T00:06:58.832+0000] {dag.py:2676} INFO - Sync 1 DAGs
[2026-10-01T00:06:58.876+0000] {logging_mixin.py:137} INFO - [2026-10-01T00:06:58.876+0000] {dag.py:3427} INFO - Setting next_dagrun for example_bash_operator to 2026-09-30T00:00:00+00:00, run_after=2026-10-01T00:00:00+00:00
[2026-10-01T00:06:58.904+0000] {processor.py:175} INFO - Processing /home/airflow/.local/lib/python3.7/site-packages/airflow/example_dags/example_bash_operator.py took 0.173 seconds
[2026-10-01T00:07:29.010+0000] {processor.py:153} INFO - Started process (PID=16166) to work on /home/airflow/.local/lib/python3.7/site-packages/airflow/example_dags/example_bash_operator.py
[2026-10-01T00:07:29.011+0000] {processor.py:743} INFO - Processing file /home/airflow/.local/lib/python3.7/site-packages/airflow/example_dags/example_bash_operator.py for tasks to queue
[2026-10-01T00:07:29.012+0000] {logging_mixin.py:137} INFO - [2026-10-01T00:07:29.012+0000] {dagbag.py:538} INFO - Filling up the DagBag from /home/airflow/.local/lib/python3.7/site-packages/airflow/example_dags/example_bash_operator.py
[2026-10-01T00:07:29.041+0000] {processor.py:753} INFO - DAG(s) dict_keys(['example_bash_operator']) retrieved from /home/airflow/.local/lib/python3.7/site-packages/airflow/example_dags/example_bash_operator.py
[2026-10-01T00:07:29.117+0000] {logging_mixin.py:137} INFO - [2026-10-01T00:07:29.117+0000] {dag.py:2676} INFO - Sync 1 DAGs
[2026-10-01T00:07:29.155+0000] {logging_mixin.py:137} INFO - [2026-10-01T00:07:29.154+0000] {dag.py:3427} INFO - Setting next_dagrun for example_bash_operator to 2026-09-30T00:00:00+00:00, run_after=2026-10-01T00:00:00+00:00
[2026-10-01T00:07:29.177+0000] {processor.py:175} INFO - Processing /home/airflow/.local/lib/python3.7/site-packages/airflow/example_dags/example_bash_operator.py took 0.170 seconds
[2026-10-01T00:07:59.291+0000] {processor.py:153} INFO - Started process (PID=16245) to work on /home/airflow/.local/lib/python3.7/site-packages/airflow/example_dags/example_bash_operator.py
[2026-10-01T00:07:59.291+0000] {processor.py:743} INFO - Processing file /home/airflow/.local/lib/python3.7/site-packages/airflow/example_dags/example_bash_operator.py for tasks to queue
[2026-10-01T00:07:59.292+0000] {logging_mixin.py:137} INFO - [2026-10-01T00:07:59.292+0000] {dagbag.py:538} INFO - Filling up the DagBag from /home/airflow/.local/lib/python3.7/site-packages/airflow/example_dags/example_bash_operator.py
[2026-10-01T00:07:59.324+0000] {processor.py:753} INFO - DAG(s) dict_keys(['example_bash_operator']) retrieved from /home/airflow/.local/lib/python3.7/site-packages/airflow/example_dags/example_bash_operator.py
[2026-10-01T00:07:59.390+0000] {logging_mixin.py:137} INFO - [2026-10-01T00:07:59.389+0000] {dag.py:2676} INFO - Sync 1 DAGs
[2026-10-01T00:07:59.427+0000] {logging_mixin.py:137} INFO - [2026-10-01T00:07:59.426+0000] {dag.py:3427} INFO - Setting next_dagrun for example_bash_operator to 2026-09-30T00:00:00+00:00, run_after=2026-10-01T00:00:00+00:00
[2026-10-01T00:07:59.450+0000] {processor.py:175} INFO - Processing /home/airflow/.local/lib/python3.7/site-packages/airflow/example_dags/example_bash_operator.py took 0.164 seconds
[2026-10-01T00:08:29.829+0000] {processor.py:153} INFO - Started process (PID=16324) to work on /home/airflow/.local/lib/python3.7/site-packages/airflow/example_dags/example_bash_operator.py
[2026-10-01T00:08:29.830+0000] {processor.py:743} INFO - Processing file /home/airflow/.local/lib/python3.7/site-packages/airflow/example_dags/example_bash_operator.py for tasks to queue
[2026-10-01T00:08:29.831+0000] {logging_mixin.py:137} INFO - [2026-10-01T00:08:29.831+0000] {dagbag.py:538} INFO - Filling up the DagBag from /home/airflow/.local/lib/python3.7/site-packages/airflow/example_dags/example_bash_operator.py
[2026-10-01T00:08:29.860+0000] {processor.py:753} INFO - DAG(s) dict_keys(['example_bash_operator']) retrieved from /home/airflow/.local/lib/python3.7/site-packages/airflow/example_dags/example_bash_operator.py
[2026-10-01T00:08:29.926+0000] {logging_mixin.py:137} INFO - [2026-10-01T00:08:29.926+0000] {dag.py:2676} INFO - Sync 1 DAGs
[2026-10-01T00:08:29.960+0000] {logging_mixin.py:137} INFO - [2026-10-01T00:08:29.960+0000] {dag.py:3427} INFO - Setting next_dagrun for example_bash_operator to 2026-09-30T00:00:00+00:00, run_after=2026-10-01T00:00:00+00:00
[2026-10-01T00:08:29.981+0000] {processor.py:175} INFO - Processing /home/airflow/.local/lib/python3.7/site-packages/airflow/example_dags/example_bash_operator.py took 0.157 seconds
[2026-10-01T00:09:00.361+0000] {processor.py:153} INFO - Started process (PID=16412) to work on /home/airflow/.local/lib/python3.7/site-packages/airflow/example_dags/example_bash_operator.py
[2026-10-01T00:09:00.362+0000] {processor.py:743} INFO - Processing file /home/airflow/.local/lib/python3.7/site-packages/airflow/example_dags/example_bash_operator.py for tasks to queue
[2026-10-01T00:09:00.363+0000] {logging_mixin.py:137} INFO - [2026-10-01T00:09:00.363+0000] {dagbag.py:538} INFO - Filling up the DagBag from /home/airflow/.local/lib/python3.7/site-packages/airflow/example_dags/example_bash_operator.py
[2026-10-01T00:09:00.397+0000] {processor.py:753} INFO - DAG(s) dict_keys(['example_bash_operator']) retrieved from /home/airflow/.local/lib/python3.7/site-packages/airflow/example_dags/example_bash_operator.py
[2026-10-01T00:09:00.491+0000] {logging_mixin.py:137} INFO - [2026-10-01T00:09:00.490+0000] {dag.py:2676} INFO - Sync 1 DAGs
[2026-10-01T00:09:00.532+0000] {logging_mixin.py:137} INFO - [2026-10-01T00:09:00.532+0000] {dag.py:3427} INFO - Setting next_dagrun for example_bash_operator to 2026-09-30T00:00:00+00:00, run_after=2026-10-01T00:00:00+00:00
[2026-10-01T00:09:00.553+0000] {processor.py:175} INFO - Processing /home/airflow/.local/lib/python3.7/site-packages/airflow/example_dags/example_bash_operator.py took 0.196 seconds
[2026-10-01T00:09:31.386+0000] {processor.py:153} INFO - Started process (PID=16502) to work on /home/airflow/.local/lib/python3.7/site-packages/airflow/example_dags/example_bash_operator.py
[2026-10-01T00:09:31.387+0000] {processor.py:743} INFO - Processing file /home/airflow/.local/lib/python3.7/site-packages/airflow/example_dags/example_bash_operator.py for tasks to queue
[2026-10-01T00:09:31.388+0000] {logging_mixin.py:137} INFO - [2026-10-01T00:09:31.388+0000] {dagbag.py:538} INFO - Filling up the DagBag from /home/airflow/.local/lib/python3.7/site-packages/airflow/example_dags/example_bash_operator.py
[2026-10-01T00:09:31.422+0000] {processor.py:753} INFO - DAG(s) dict_keys(['example_bash_operator']) retrieved from /home/airflow/.local/lib/python3.7/site-packages/airflow/example_dags/example_bash_operator.py
[2026-10-01T00:09:31.496+0000] {logging_mixin.py:137} INFO - [2026-10-01T00:09:31.496+0000] {dag.py:2676} INFO - Sync 1 DAGs
[2026-10-01T00:09:31.531+0000] {logging_mixin.py:137} INFO - [2026-10-01T00:09:31.530+0000] {dag.py:3427} INFO - Setting next_dagrun for example_bash_operator to 2026-09-30T00:00:00+00:00, run_after=2026-10-01T00:00:00+00:00
[2026-10-01T00:09:31.552+0000] {processor.py:175} INFO - Processing /home/airflow/.local/lib/python3.7/site-packages/airflow/example_dags/example_bash_operator.py took 0.171 seconds
[2026-10-01T00:10:01.756+0000] {processor.py:153} INFO - Started process (PID=16581) to work on /home/airflow/.local/lib/python3.7/site-packages/airflow/example_dags/example_bash_operator.py
[2026-10-01T00:10:01.757+0000] {processor.py:743} INFO - Processing file /home/airflow/.local/lib/python3.7/site-packages/airflow/example_dags/example_bash_operator.py for tasks to queue
[2026-10-01T00:10:01.759+0000] {logging_mixin.py:137} INFO - [2026-10-01T00:10:01.758+0000] {dagbag.py:538} INFO - Filling up the DagBag from /home/airflow/.local/lib/python3.7/site-packages/airflow/example_dags/example_bash_operator.py
[2026-10-01T00:10:01.794+0000] {processor.py:753} INFO - DAG(s) dict_keys(['example_bash_operator']) retrieved from /home/airflow/.local/lib/python3.7/site-packages/airflow/example_dags/example_bash_operator.py
[2026-10-01T00:10:01.854+0000] {logging_mixin.py:137} INFO - [2026-10-01T00:10:01.854+0000] {dag.py:2676} INFO - Sync 1 DAGs
[2026-10-01T00:10:01.889+0000] {logging_mixin.py:137} INFO - [2026-10-01T00:10:01.889+0000] {dag.py:3427} INFO - Setting next_dagrun for example_bash_operator to 2026-09-30T00:00:00+00:00, run_after=2026-10-01T00:00:00+00:00
[2026-10-01T00:10:01.911+0000] {processor.py:175} INFO - Processing /home/airflow/.local/lib/python3.7/site-packages/airflow/example_dags/example_bash_operator.py took 0.160 seconds
[2026-10-01T00:10:32.723+0000] {processor.py:153} INFO - Started process (PID=16660) to work on /home/airflow/.local/lib/python3.7/site-packages/airflow/example_dags/example_bash_operator.py
[2026-10-01T00:10:32.726+0000] {processor.py:743} INFO - Processing file /home/airflow/.local/lib/python3.7/site-packages/airflow/example_dags/example_bash_operator.py for tasks to queue
[2026-10-01T00:10:32.727+0000] {logging_mixin.py:137} INFO - [2026-10-01T00:10:32.727+0000] {dagbag.py:538} INFO - Filling up the DagBag from /home/airflow/.local/lib/python3.7/site-packages/airflow/example_dags/example_bash_operator.py
[2026-10-01T00:10:32.775+0000] {processor.py:753} INFO - DAG(s) dict_keys(['example_bash_operator']) retrieved from /home/airflow/.local/lib/python3.7/site-packages/airflow/example_dags/example_bash_operator.py
[2026-10-01T00:10:32.862+0000] {logging_mixin.py:137} INFO - [2026-10-01T00:10:32.861+0000] {dag.py:2676} INFO - Sync 1 DAGs
[2026-10-01T00:10:32.895+0000] {logging_mixin.py:137} INFO - [2026-10-01T00:10:32.895+0000] {dag.py:3427} INFO - Setting next_dagrun for example_bash_operator to 2026-09-30T00:00:00+00:00, run_after=2026-10-01T00:00:00+00:00
[2026-10-01T00:10:32.916+0000] {processor.py:175} INFO - Processing /home/airflow/.local/lib/python3.7/site-packages/airflow/example_dags/example_bash_operator.py took 0.200 seconds
[2026-10-01T00:11:03.187+0000] {processor.py:153} INFO - Started process (PID=16748) to work on /home/airflow/.local/lib/python3.7/site-packages/airflow/example_dags/example_bash_operator.py
[2026-10-01T00:11:03.187+0000] {processor.py:743} INFO - Processing file /home/airflow/.local/lib/python3.7/site-packages/airflow/example_dags/example_bash_operator.py for tasks to queue
[2026-10-01T00:11:03.188+0000] {logging_mixin.py:137} INFO - [2026-10-01T00:11:03.188+0000] {dagbag.py:538} INFO - Filling up the DagBag from /home/airflow/.local/lib/python3.7/site-packages/airflow/example_dags/example_bash_operator.py
[2026-10-01T00:11:03.218+0000] {processor.py:753} INFO - DAG(s) dict_keys(['example_bash_operator']) retrieved from /home/airflow/.local/lib/python3.7/site-packages/airflow/example_dags/example_bash_operator.py
[2026-10-01T00:11:03.288+0000] {logging_mixin.py:137} INFO - [2026-10-01T00:11:03.287+0000] {dag.py:2676} INFO - Sync 1 DAGs
[2026-10-01T00:11:03.339+0000] {logging_mixin.py:137} INFO - [2026-10-01T00:11:03.338+0000] {dag.py:3427} INFO - Setting next_dagrun for example_bash_operator to 2026-09-30T00:00:00+00:00, run_after=2026-10-01T00:00:00+00:00
[2026-10-01T00:11:03.369+0000] {processor.py:175} INFO - Processing /home/airflow/.local/lib/python3.7/site-packages/airflow/example_dags/example_bash_operator.py took 0.188 seconds
[2026-10-01T00:11:33.629+0000] {processor.py:153} INFO - Started process (PID=16838) to work on /home/airflow/.local/lib/python3.7/site-packages/airflow/example_dags/example_bash_operator.py
[2026-10-01T00:11:33.630+0000] {processor.py:743} INFO - Processing file /home/airflow/.local/lib/python3.7/site-packages/airflow/example_dags/example_bash_operator.py for tasks to queue
[2026-10-01T00:11:33.632+0000] {logging_mixin.py:137} INFO - [2026-10-01T00:11:33.631+0000] {dagbag.py:538} INFO - Filling up the DagBag from /home/airflow/.local/lib/python3.7/site-packages/airflow/example_dags/example_bash_operator.py
[2026-10-01T00:11:33.674+0000] {processor.py:753} INFO - DAG(s) dict_keys(['example_bash_operator']) retrieved from /home/airflow/.local/lib/python3.7/site-packages/airflow/example_dags/example_bash_operator.py
[2026-10-01T00:11:33.750+0000] {logging_mixin.py:137} INFO - [2026-10-01T00:11:33.750+0000] {dag.py:2676} INFO - Sync 1 DAGs
[2026-10-01T00:11:33.801+0000] {logging_mixin.py:137} INFO - [2026-10-01T00:11:33.801+0000] {dag.py:3427} INFO - Setting next_dagrun for example_bash_operator to 2026-09-30T00:00:00+00:00, run_after=2026-10-01T00:00:00+00:00
[2026-10-01T00:11:33.834+0000] {processor.py:175} INFO - Processing /home/airflow/.local/lib/python3.7/site-packages/airflow/example_dags/example_bash_operator.py took 0.212 seconds
[2026-10-01T00:12:04.379+0000] {processor.py:153} INFO - Started process (PID=16917) to work on /home/airflow/.local/lib/python3.7/site-packages/airflow/example_dags/example_bash_operator.py
[2026-10-01T00:12:04.380+0000] {processor.py:743} INFO - Processing file /home/airflow/.local/lib/python3.7/site-packages/airflow/example_dags/example_bash_operator.py for tasks to queue
[2026-10-01T00:12:04.381+0000] {logging_mixin.py:137} INFO - [2026-10-01T00:12:04.381+0000] {dagbag.py:538} INFO - Filling up the DagBag from /home/airflow/.local/lib/python3.7/site-packages/airflow/example_dags/example_bash_operator.py
[2026-10-01T00:12:04.427+0000] {processor.py:753} INFO - DAG(s) dict_keys(['example_bash_operator']) retrieved from /home/airflow/.local/lib/python3.7/site-packages/airflow/example_dags/example_bash_operator.py
[2026-10-01T00:12:04.500+0000] {logging_mixin.py:137} INFO - [2026-10-01T00:12:04.500+0000] {dag.py:2676} INFO - Sync 1 DAGs
[2026-10-01T00:12:04.536+0000] {logging_mixin.py:137} INFO - [2026-10-01T00:12:04.536+0000] {dag.py:3427} INFO - Setting next_dagrun for example_bash_operator to 2026-09-30T00:00:00+00:00, run_after=2026-10-01T00:00:00+00:00
[2026-10-01T00:12:04.564+0000] {processor.py:175} INFO - Processing /home/airflow/.local/lib/python3.7/site-packages/airflow/example_dags/example_bash_operator.py took 0.188 seconds
[2026-10-01T00:12:34.665+0000] {processor.py:153} INFO - Started process (PID=16996) to work on /home/airflow/.local/lib/python3.7/site-packages/airflow/example_dags/example_bash_operator.py
[2026-10-01T00:12:34.666+0000] {processor.py:743} INFO - Processing file /home/airflow/.local/lib/python3.7/site-packages/airflow/example_dags/example_bash_operator.py for tasks to queue
[2026-10-01T00:12:34.667+0000] {logging_mixin.py:137} INFO - [2026-10-01T00:12:34.667+0000] {dagbag.py:538} INFO - Filling up the DagBag from /home/airflow/.local/lib/python3.7/site-packages/airflow/example_dags/example_bash_operator.py
[2026-10-01T00:12:34.699+0000] {processor.py:753} INFO - DAG(s) dict_keys(['example_bash_operator']) retrieved from /home/airflow/.local/lib/python3.7/site-packages/airflow/example_dags/example_bash_operator.py
[2026-10-01T00:12:34.789+0000] {logging_mixin.py:137} INFO - [2026-10-01T00:12:34.788+0000] {dag.py:2676} INFO - Sync 1 DAGs
[2026-10-01T00:12:34.826+0000] {logging_mixin.py:137} INFO - [2026-10-01T00:12:34.826+0000] {dag.py:3427} INFO - Setting next_dagrun for example_bash_operator to 2026-09-30T00:00:00+00:00, run_after=2026-10-01T00:00:00+00:00
[2026-10-01T00:12:34.848+0000] {processor.py:175} INFO - Processing /home/airflow/.local/lib/python3.7/site-packages/airflow/example_dags/example_bash_operator.py took 0.186 seconds
[2026-10-01T00:13:05.478+0000] {processor.py:153} INFO - Started process (PID=17084) to work on /home/airflow/.local/lib/python3.7/site-packages/airflow/example_dags/example_bash_operator.py
[2026-10-01T00:13:05.479+0000] {processor.py:743} INFO - Processing file /home/airflow/.local/lib/python3.7/site-packages/airflow/example_dags/example_bash_operator.py for tasks to queue
[2026-10-01T00:13:05.480+0000] {logging_mixin.py:137} INFO - [2026-10-01T00:13:05.480+0000] {dagbag.py:538} INFO - Filling up the DagBag from /home/airflow/.local/lib/python3.7/site-packages/airflow/example_dags/example_bash_operator.py
[2026-10-01T00:13:05.528+0000] {processor.py:753} INFO - DAG(s) dict_keys(['example_bash_operator']) retrieved from /home/airflow/.local/lib/python3.7/site-packages/airflow/example_dags/example_bash_operator.py
[2026-10-01T00:13:05.628+0000] {logging_mixin.py:137} INFO - [2026-10-01T00:13:05.627+0000] {dag.py:2676} INFO - Sync 1 DAGs
[2026-10-01T00:13:05.677+0000] {logging_mixin.py:137} INFO - [2026-10-01T00:13:05.676+0000] {dag.py:3427} INFO - Setting next_dagrun for example_bash_operator to 2026-09-30T00:00:00+00:00, run_after=2026-10-01T00:00:00+00:00
[2026-10-01T00:13:05.705+0000] {processor.py:175} INFO - Processing /home/airflow/.local/lib/python3.7/site-packages/airflow/example_dags/example_bash_operator.py took 0.233 seconds
[2026-10-01T00:13:35.924+0000] {processor.py:153} INFO - Started process (PID=17174) to work on /home/airflow/.local/lib/python3.7/site-packages/airflow/example_dags/example_bash_operator.py
[2026-10-01T00:13:35.927+0000] {processor.py:743} INFO - Processing file /home/airflow/.local/lib/python3.7/site-packages/airflow/example_dags/example_bash_operator.py for tasks to queue
[2026-10-01T00:13:35.928+0000] {logging_mixin.py:137} INFO - [2026-10-01T00:13:35.928+0000] {dagbag.py:538} INFO - Filling up the DagBag from /home/airflow/.local/lib/python3.7/site-packages/airflow/example_dags/example_bash_operator.py
[2026-10-01T00:13:35.962+0000] {processor.py:753} INFO - DAG(s) dict_keys(['example_bash_operator']) retrieved from /home/airflow/.local/lib/python3.7/site-packages/airflow/example_dags/example_bash_operator.py
[2026-10-01T00:13:36.027+0000] {logging_mixin.py:137} INFO - [2026-10-01T00:13:36.027+0000] {dag.py:2676} INFO - Sync 1 DAGs
[2026-10-01T00:13:36.061+0000] {logging_mixin.py:137} INFO - [2026-10-01T00:13:36.061+0000] {dag.py:3427} INFO - Setting next_dagrun for example_bash_operator to 2026-09-30T00:00:00+00:00, run_after=2026-10-01T00:00:00+00:00
[2026-10-01T00:13:36.084+0000] {processor.py:175} INFO - Processing /home/airflow/.local/lib/python3.7/site-packages/airflow/example_dags/example_bash_operator.py took 0.166 seconds
[2026-10-01T00:14:06.693+0000] {processor.py:153} INFO - Started process (PID=17253) to work on /home/airflow/.local/lib/python3.7/site-packages/airflow/example_dags/example_bash_operator.py
[2026-10-01T00:14:06.695+0000] {processor.py:743} INFO - Processing file /home/airflow/.local/lib/python3.7/site-packages/airflow/example_dags/example_bash_operator.py for tasks to queue
[2026-10-01T00:14:06.696+0000] {logging_mixin.py:137} INFO - [2026-10-01T00:14:06.695+0000] {dagbag.py:538} INFO - Filling up the DagBag from /home/airflow/.local/lib/python3.7/site-packages/airflow/example_dags/example_bash_operator.py
[2026-10-01T00:14:06.745+0000] {processor.py:753} INFO - DAG(s) dict_keys(['example_bash_operator']) retrieved from /home/airflow/.local/lib/python3.7/site-packages/airflow/example_dags/example_bash_operator.py
[2026-10-01T00:14:06.841+0000] {logging_mixin.py:137} INFO - [2026-10-01T00:14:06.841+0000] {dag.py:2676} INFO - Sync 1 DAGs
[2026-10-01T00:14:06.896+0000] {logging_mixin.py:137} INFO - [2026-10-01T00:14:06.896+0000] {dag.py:3427} INFO - Setting next_dagrun for example_bash_operator to 2026-09-30T00:00:00+00:00, run_after=2026-10-01T00:00:00+00:00
[2026-10-01T00:14:06.921+0000] {processor.py:175} INFO - Processing /home/airflow/.local/lib/python3.7/site-packages/airflow/example_dags/example_bash_operator.py took 0.232 seconds
[2026-10-01T00:14:37.097+0000] {processor.py:153} INFO - Started process (PID=17332) to work on /home/airflow/.local/lib/python3.7/site-packages/airflow/example_dags/example_bash_operator.py
[2026-10-01T00:14:37.099+0000] {processor.py:743} INFO - Processing file /home/airflow/.local/lib/python3.7/site-packages/airflow/example_dags/example_bash_operator.py for tasks to queue
[2026-10-01T00:14:37.101+0000] {logging_mixin.py:137} INFO - [2026-10-01T00:14:37.100+0000] {dagbag.py:538} INFO - Filling up the DagBag from /home/airflow/.local/lib/python3.7/site-packages/airflow/example_dags/example_bash_operator.py
[2026-10-01T00:14:37.143+0000] {processor.py:753} INFO - DAG(s) dict_keys(['example_bash_operator']) retrieved from /home/airflow/.local/lib/python3.7/site-packages/airflow/example_dags/example_bash_operator.py
[2026-10-01T00:14:37.224+0000] {logging_mixin.py:137} INFO - [2026-10-01T00:14:37.224+0000] {dag.py:2676} INFO - Sync 1 DAGs
[2026-10-01T00:14:37.265+0000] {logging_mixin.py:137} INFO - [2026-10-01T00:14:37.265+0000] {dag.py:3427} INFO - Setting next_dagrun for example_bash_operator to 2026-09-30T00:00:00+00:00, run_after=2026-10-01T00:00:00+00:00
[2026-10-01T00:14:37.300+0000] {processor.py:175} INFO - Processing /home/airflow/.local/lib/python3.7/site-packages/airflow/example_dags/example_bash_operator.py took 0.209 seconds
[2026-10-01T00:15:07.469+0000] {processor.py:153} INFO - Started process (PID=17420) to work on /home/airflow/.local/lib/python3.7/site-packages/airflow/example_dags/example_bash_operator.py
[2026-10-01T00:15:07.469+0000] {processor.py:743} INFO - Processing file /home/airflow/.local/lib/python3.7/site-packages/airflow/example_dags/example_bash_operator.py for tasks to queue
[2026-10-01T00:15:07.470+0000] {logging_mixin.py:137} INFO - [2026-10-01T00:15:07.470+0000] {dagbag.py:538} INFO - Filling up the DagBag from /home/airflow/.local/lib/python3.7/site-packages/airflow/example_dags/example_bash_operator.py
[2026-10-01T00:15:07.501+0000] {processor.py:753} INFO - DAG(s) dict_keys(['example_bash_operator']) retrieved from /home/airflow/.local/lib/python3.7/site-packages/airflow/example_dags/example_bash_operator.py
[2026-10-01T00:15:07.567+0000] {logging_mixin.py:137} INFO - [2026-10-01T00:15:07.567+0000] {dag.py:2676} INFO - Sync 1 DAGs
[2026-10-01T00:15:07.602+0000] {logging_mixin.py:137} INFO - [2026-10-01T00:15:07.602+0000] {dag.py:3427} INFO - Setting next_dagrun for example_bash_operator to 2026-09-30T00:00:00+00:00, run_after=2026-10-01T00:00:00+00:00
[2026-10-01T00:15:07.627+0000] {processor.py:175} INFO - Processing /home/airflow/.local/lib/python3.7/site-packages/airflow/example_dags/example_bash_operator.py took 0.162 seconds
[2026-10-01T00:15:38.023+0000] {processor.py:153} INFO - Started process (PID=17510) to work on /home/airflow/.local/lib/python3.7/site-packages/airflow/example_dags/example_bash_operator.py
[2026-10-01T00:15:38.025+0000] {processor.py:743} INFO - Processing file /home/airflow/.local/lib/python3.7/site-packages/airflow/example_dags/example_bash_operator.py for tasks to queue
[2026-10-01T00:15:38.026+0000] {logging_mixin.py:137} INFO - [2026-10-01T00:15:38.026+0000] {dagbag.py:538} INFO - Filling up the DagBag from /home/airflow/.local/lib/python3.7/site-packages/airflow/example_dags/example_bash_operator.py
[2026-10-01T00:15:38.074+0000] {processor.py:753} INFO - DAG(s) dict_keys(['example_bash_operator']) retrieved from /home/airflow/.local/lib/python3.7/site-packages/airflow/example_dags/example_bash_operator.py
[2026-10-01T00:15:38.153+0000] {logging_mixin.py:137} INFO - [2026-10-01T00:15:38.153+0000] {dag.py:2676} INFO - Sync 1 DAGs
[2026-10-01T00:15:38.199+0000] {logging_mixin.py:137} INFO - [2026-10-01T00:15:38.198+0000] {dag.py:3427} INFO - Setting next_dagrun for example_bash_operator to 2026-09-30T00:00:00+00:00, run_after=2026-10-01T00:00:00+00:00
[2026-10-01T00:15:38.220+0000] {processor.py:175} INFO - Processing /home/airflow/.local/lib/python3.7/site-packages/airflow/example_dags/example_bash_operator.py took 0.202 seconds
[2026-10-01T00:16:08.416+0000] {processor.py:153} INFO - Started process (PID=17589) to work on /home/airflow/.local/lib/python3.7/site-packages/airflow/example_dags/example_bash_operator.py
[2026-10-01T00:16:08.417+0000] {processor.py:743} INFO - Processing file /home/airflow/.local/lib/python3.7/site-packages/airflow/example_dags/example_bash_operator.py for tasks to queue
[2026-10-01T00:16:08.418+0000] {logging_mixin.py:137} INFO - [2026-10-01T00:16:08.418+0000] {dagbag.py:538} INFO - Filling up the DagBag from /home/airflow/.local/lib/python3.7/site-packages/airflow/example_dags/example_bash_operator.py
[2026-10-01T00:16:08.459+0000] {processor.py:753} INFO - DAG(s) dict_keys(['example_bash_operator']) retrieved from /home/airflow/.local/lib/python3.7/site-packages/airflow/example_dags/example_bash_operator.py
[2026-10-01T00:16:08.541+0000] {logging_mixin.py:137} INFO - [2026-10-01T00:16:08.541+0000] {dag.py:2676} INFO - Sync 1 DAGs
[2026-10-01T00:16:08.580+0000] {logging_mixin.py:137} INFO - [2026-10-01T00:16:08.580+0000] {dag.py:3427} INFO - Setting next_dagrun for example_bash_operator to 2026-09-30T00:00:00+00:00, run_after=2026-10-01T00:00:00+00:00
[2026-10-01T00:16:08.605+0000] {processor.py:175} INFO - Processing /home/airflow/.local/lib/python3.7/site-packages/airflow/example_dags/example_bash_operator.py took 0.194 seconds
[2026-10-01T00:16:38.928+0000] {processor.py:153} INFO - Started process (PID=17668) to work on /home/airflow/.local/lib/python3.7/site-packages/airflow/example_dags/example_bash_operator.py
[2026-10-01T00:16:38.930+0000] {processor.py:743} INFO - Processing file /home/airflow/.local/lib/python3.7/site-packages/airflow/example_dags/example_bash_operator.py for tasks to queue
[2026-10-01T00:16:38.931+0000] {logging_mixin.py:137} INFO - [2026-10-01T00:16:38.931+0000] {dagbag.py:538} INFO - Filling up the DagBag from /home/airflow/.local/lib/python3.7/site-packages/airflow/example_dags/example_bash_operator.py
[2026-10-01T00:16:38.963+0000] {processor.py:753} INFO - DAG(s) dict_keys(['example_bash_operator']) retrieved from /home/airflow/.local/lib/python3.7/site-packages/airflow/example_dags/example_bash_operator.py
[2026-10-01T00:16:39.036+0000] {logging_mixin.py:137} INFO - [2026-10-01T00:16:39.036+0000] {dag.py:2676} INFO - Sync 1 DAGs
[2026-10-01T00:16:39.087+0000] {logging_mixin.py:137} INFO - [2026-10-01T00:16:39.087+0000] {dag.py:3427} INFO - Setting next_dagrun for example_bash_operator to 2026-09-30T00:00:00+00:00, run_after=2026-10-01T00:00:00+00:00
[2026-10-01T00:16:39.118+0000] {processor.py:175} INFO - Processing /home/airflow/.local/lib/python3.7/site-packages/airflow/example_dags/example_bash_operator.py took 0.195 seconds
[2026-10-01T00:17:09.223+0000] {processor.py:153} INFO - Started process (PID=17754) to work on /home/airflow/.local/lib/python3.7/site-packages/airflow/example_dags/example_bash_operator.py
[2026-10-01T00:17:09.224+0000] {processor.py:743} INFO - Processing file /home/airflow/.local/lib/python3.7/site-packages/airflow/example_dags/example_bash_operator.py for tasks to queue
[2026-10-01T00:17:09.225+0000] {logging_mixin.py:137} INFO - [2026-10-01T00:17:09.224+0000] {dagbag.py:538} INFO - Filling up the DagBag from /home/airflow/.local/lib/python3.7/site-packages/airflow/example_dags/example_bash_operator.py
[2026-10-01T00:17:09.256+0000] {processor.py:753} INFO - DAG(s) dict_keys(['example_bash_operator']) retrieved from /home/airflow/.local/lib/python3.7/site-packages/airflow/example_dags/example_bash_operator.py
[2026-10-01T00:17:09.327+0000] {logging_mixin.py:137} INFO - [2026-10-01T00:17:09.326+0000] {dag.py:2676} INFO - Sync 1 DAGs
[2026-10-01T00:17:09.363+0000] {logging_mixin.py:137} INFO - [2026-10-01T00:17:09.363+0000] {dag.py:3427} INFO - Setting next_dagrun for example_bash_operator to 2026-09-30T00:00:00+00:00, run_after=2026-10-01T00:00:00+00:00
[2026-10-01T00:17:09.392+0000] {processor.py:175} INFO - Processing /home/airflow/.local/lib/python3.7/site-packages/airflow/example_dags/example_bash_operator.py took 0.173 seconds
[2026-10-01T00:17:39.452+0000] {processor.py:153} INFO - Started process (PID=17846) to work on /home/airflow/.local/lib/python3.7/site-packages/airflow/example_dags/example_bash_operator.py
[2026-10-01T00:17:39.454+0000] {processor.py:743} INFO - Processing file /home/airflow/.local/lib/python3.7/site-packages/airflow/example_dags/example_bash_operator.py for tasks to queue
[2026-10-01T00:17:39.454+0000] {logging_mixin.py:137} INFO - [2026-10-01T00:17:39.454+0000] {dagbag.py:538} INFO - Filling up the DagBag from /home/airflow/.local/lib/python3.7/site-packages/airflow/example_dags/example_bash_operator.py
[2026-10-01T00:17:39.489+0000] {processor.py:753} INFO - DAG(s) dict_keys(['example_bash_operator']) retrieved from /home/airflow/.local/lib/python3.7/site-packages/airflow/example_dags/example_bash_operator.py
[2026-10-01T00:17:39.552+0000] {logging_mixin.py:137} INFO - [2026-10-01T00:17:39.552+0000] {dag.py:2676} INFO - Sync 1 DAGs
[2026-10-01T00:17:39.586+0000] {logging_mixin.py:137} INFO - [2026-10-01T00:17:39.586+0000] {dag.py:3427} INFO - Setting next_dagrun for example_bash_operator to 2026-09-30T00:00:00+00:00, run_after=2026-10-01T00:00:00+00:00
[2026-10-01T00:17:39.606+0000] {processor.py:175} INFO - Processing /home/airflow/.local/lib/python3.7/site-packages/airflow/example_dags/example_bash_operator.py took 0.158 seconds
[2026-10-01T00:18:10.063+0000] {processor.py:153} INFO - Started process (PID=17925) to work on /home/airflow/.local/lib/python3.7/site-packages/airflow/example_dags/example_bash_operator.py
[2026-10-01T00:18:10.064+0000] {processor.py:743} INFO - Processing file /home/airflow/.local/lib/python3.7/site-packages/airflow/example_dags/example_bash_operator.py for tasks to queue
[2026-10-01T00:18:10.064+0000] {logging_mixin.py:137} INFO - [2026-10-01T00:18:10.064+0000] {dagbag.py:538} INFO - Filling up the DagBag from /home/airflow/.local/lib/python3.7/site-packages/airflow/example_dags/example_bash_operator.py
[2026-10-01T00:18:10.107+0000] {processor.py:753} INFO - DAG(s) dict_keys(['example_bash_operator']) retrieved from /home/airflow/.local/lib/python3.7/site-packages/airflow/example_dags/example_bash_operator.py
[2026-10-01T00:18:10.186+0000] {logging_mixin.py:137} INFO - [2026-10-01T00:18:10.186+0000] {dag.py:2676} INFO - Sync 1 DAGs
[2026-10-01T00:18:10.218+0000] {logging_mixin.py:137} INFO - [2026-10-01T00:18:10.218+0000] {dag.py:3427} INFO - Setting next_dagrun for example_bash_operator to 2026-09-30T00:00:00+00:00, run_after=2026-10-01T00:00:00+00:00
[2026-10-01T00:18:10.241+0000] {processor.py:175} INFO - Processing /home/airflow/.local/lib/python3.7/site-packages/airflow/example_dags/example_bash_operator.py took 0.182 seconds
[2026-10-01T00:18:40.716+0000] {processor.py:153} INFO - Started process (PID=18004) to work on /home/airflow/.local/lib/python3.7/site-packages/airflow/example_dags/example_bash_operator.py
[2026-10-01T00:18:40.717+0000] {processor.py:743} INFO - Processing file /home/airflow/.local/lib/python3.7/site-packages/airflow/example_dags/example_bash_operator.py for tasks to queue
[2026-10-01T00:18:40.718+0000] {logging_mixin.py:137} INFO - [2026-10-01T00:18:40.718+0000] {dagbag.py:538} INFO - Filling up the DagBag from /home/airflow/.local/lib/python3.7/site-packages/airflow/example_dags/example_bash_operator.py
[2026-10-01T00:18:40.752+0000] {processor.py:753} INFO - DAG(s) dict_keys(['example_bash_operator']) retrieved from /home/airflow/.local/lib/python3.7/site-packages/airflow/example_dags/example_bash_operator.py
[2026-10-01T00:18:40.842+0000] {logging_mixin.py:137} INFO - [2026-10-01T00:18:40.841+0000] {dag.py:2676} INFO - Sync 1 DAGs
[2026-10-01T00:18:40.890+0000] {logging_mixin.py:137} INFO - [2026-10-01T00:18:40.890+0000] {dag.py:3427} INFO - Setting next_dagrun for example_bash_operator to 2026-09-30T00:00:00+00:00, run_after=2026-10-01T00:00:00+00:00
[2026-10-01T00:18:40.915+0000] {processor.py:175} INFO - Processing /home/airflow/.local/lib/python3.7/site-packages/airflow/example_dags/example_bash_operator.py took 0.203 seconds
[2026-10-01T00:19:11.574+0000] {processor.py:153} INFO - Started process (PID=18092) to work on /home/airflow/.local/lib/python3.7/site-packages/airflow/example_dags/example_bash_operator.py
[2026-10-01T00:19:11.575+0000] {processor.py:743} INFO - Processing file /home/airflow/.local/lib/python3.7/site-packages/airflow/example_dags/example_bash_operator.py for tasks to queue
[2026-10-01T00:19:11.575+0000] {logging_mixin.py:137} INFO - [2026-10-01T00:19:11.575+0000] {dagbag.py:538} INFO - Filling up the DagBag from /home/airflow/.local/lib/python3.7/site-packages/airflow/example_dags/example_bash_operator.py
[2026-10-01T00:19:11.605+0000] {processor.py:753} INFO - DAG(s) dict_keys(['example_bash_operator']) retrieved from /home/airflow/.local/lib/python3.7/site-packages/airflow/example_dags/example_bash_operator.py
[2026-10-01T00:19:11.678+0000] {logging_mixin.py:137} INFO - [2026-10-01T00:19:11.677+0000] {dag.py:2676} INFO - Sync 1 DAGs
[2026-10-01T00:19:11.732+0000] {logging_mixin.py:137} INFO - [2026-10-01T00:19:11.732+0000] {dag.py:3427} INFO - Setting next_dagrun for example_bash_operator to 2026-09-30T00:00:00+00:00, run_after=2026-10-01T00:00:00+00:00
[2026-10-01T00:19:11.761+0000] {processor.py:175} INFO - Processing /home/airflow/.local/lib/python3.7/site-packages/airflow/example_dags/example_bash_operator.py took 0.191 seconds
[2026-10-01T00:19:41.852+0000] {processor.py:153} INFO - Started process (PID=18182) to work on /home/airflow/.local/lib/python3.7/site-packages/airflow/example_dags/example_bash_operator.py
[2026-10-01T00:19:41.853+0000] {processor.py:743} INFO - Processing file /home/airflow/.local/lib/python3.7/site-packages/airflow/example_dags/example_bash_operator.py for tasks to queue
[2026-10-01T00:19:41.854+0000] {logging_mixin.py:137} INFO - [2026-10-01T00:19:41.854+0000] {dagbag.py:538} INFO - Filling up the DagBag from /home/airflow/.local/lib/python3.7/site-packages/airflow/example_dags/example_bash_operator.py
[2026-10-01T00:19:41.889+0000] {processor.py:753} INFO - DAG(s) dict_keys(['example_bash_operator']) retrieved from /home/airflow/.local/lib/python3.7/site-packages/airflow/example_dags/example_bash_operator.py
[2026-10-01T00:19:41.963+0000] {logging_mixin.py:137} INFO - [2026-10-01T00:19:41.963+0000] {dag.py:2676} INFO - Sync 1 DAGs
[2026-10-01T00:19:41.998+0000] {logging_mixin.py:137} INFO - [2026-10-01T00:19:41.998+0000] {dag.py:3427} INFO - Setting next_dagrun for example_bash_operator to 2026-09-30T00:00:00+00:00, run_after=2026-10-01T00:00:00+00:00
[2026-10-01T00:19:42.021+0000] {processor.py:175} INFO - Processing /home/airflow/.local/lib/python3.7/site-packages/airflow/example_dags/example_bash_operator.py took 0.173 seconds
[2026-10-01T00:20:12.138+0000] {processor.py:153} INFO - Started process (PID=18261) to work on /home/airflow/.local/lib/python3.7/site-packages/airflow/example_dags/example_bash_operator.py
[2026-10-01T00:20:12.139+0000] {processor.py:743} INFO - Processing file /home/airflow/.local/lib/python3.7/site-packages/airflow/example_dags/example_bash_operator.py for tasks to queue
[2026-10-01T00:20:12.140+0000] {logging_mixin.py:137} INFO - [2026-10-01T00:20:12.140+0000] {dagbag.py:538} INFO - Filling up the DagBag from /home/airflow/.local/lib/python3.7/site-packages/airflow/example_dags/example_bash_operator.py
[2026-10-01T00:20:12.178+0000] {processor.py:753} INFO - DAG(s) dict_keys(['example_bash_operator']) retrieved from /home/airflow/.local/lib/python3.7/site-packages/airflow/example_dags/example_bash_operator.py
[2026-10-01T00:20:12.259+0000] {logging_mixin.py:137} INFO - [2026-10-01T00:20:12.259+0000] {dag.py:2676} INFO - Sync 1 DAGs
[2026-10-01T00:20:12.307+0000] {logging_mixin.py:137} INFO - [2026-10-01T00:20:12.306+0000] {dag.py:3427} INFO - Setting next_dagrun for example_bash_operator to 2026-09-30T00:00:00+00:00, run_after=2026-10-01T00:00:00+00:00
[2026-10-01T00:20:12.334+0000] {processor.py:175} INFO - Processing /home/airflow/.local/lib/python3.7/site-packages/airflow/example_dags/example_bash_operator.py took 0.200 seconds
[2026-10-01T00:20:42.678+0000] {processor.py:153} INFO - Started process (PID=18340) to work on /home/airflow/.local/lib/python3.7/site-packages/airflow/example_dags/example_bash_operator.py
[2026-10-01T00:20:42.679+0000] {processor.py:743} INFO - Processing file /home/airflow/.local/lib/python3.7/site-packages/airflow/example_dags/example_bash_operator.py for tasks to queue
[2026-10-01T00:20:42.680+0000] {logging_mixin.py:137} INFO - [2026-10-01T00:20:42.680+0000] {dagbag.py:538} INFO - Filling up the DagBag from /home/airflow/.local/lib/python3.7/site-packages/airflow/example_dags/example_bash_operator.py
[2026-10-01T00:20:42.721+0000] {processor.py:753} INFO - DAG(s) dict_keys(['example_bash_operator']) retrieved from /home/airflow/.local/lib/python3.7/site-packages/airflow/example_dags/example_bash_operator.py
[2026-10-01T00:20:42.800+0000] {logging_mixin.py:137} INFO - [2026-10-01T00:20:42.800+0000] {dag.py:2676} INFO - Sync 1 DAGs
[2026-10-01T00:20:42.842+0000] {logging_mixin.py:137} INFO - [2026-10-01T00:20:42.842+0000] {dag.py:3427} INFO - Setting next_dagrun for example_bash_operator to 2026-09-30T00:00:00+00:00, run_after=2026-10-01T00:00:00+00:00
[2026-10-01T00:20:42.866+0000] {processor.py:175} INFO - Processing /home/airflow/.local/lib/python3.7/site-packages/airflow/example_dags/example_bash_operator.py took 0.194 seconds
