[2026-10-01T00:00:14.738+0000] {processor.py:153} INFO - Started process (PID=14954) to work on /home/airflow/.local/lib/python3.7/site-packages/airflow/example_dags/example_branch_labels.py
[2026-10-01T00:00:14.739+0000] {processor.py:743} INFO - Processing file /home/airflow/.local/lib/python3.7/site-packages/airflow/example_dags/example_branch_labels.py for tasks to queue
[2026-10-01T00:00:14.739+0000] {logging_mixin.py:137} INFO - [2026-10-01T00:00:14.739+0000] {dagbag.py:538} INFO - Filling up the DagBag from /home/airflow/.local/lib/python3.7/site-packages/airflow/example_dags/example_branch_labels.py
[2026-10-01T00:00:14.753+0000] {processor.py:753} INFO - DAG(s) dict_keys(['example_branch_labels']) retrieved from /home/airflow/.local/lib/python3.7/site-packages/airflow/example_dags/example_branch_labels.py
[2026-10-01T00:00:14.789+0000] {logging_mixin.py:137} INFO - [2026-10-01T00:00:14.788+0000] {dag.py:2676} INFO - Sync 1 DAGs
[2026-10-01T00:00:14.812+0000] {logging_mixin.py:137} INFO - [2026-10-01T00:00:14.812+0000] {dag.py:3427} INFO - Setting next_dagrun for example_branch_labels to 2026-09-30T00:00:00+00:00, run_after=2026-10-01T00:00:00+00:00
[2026-10-01T00:00:14.827+0000] {processor.py:175} INFO - Processing /home/airflow/.local/lib/python3.7/site-packages/airflow/example_dags/example_branch_labels.py took 0.092 seconds
[2026-10-01T00:00:45.701+0000] {processor.py:153} INFO - Started process (PID=15033) to work on /home/airflow/.local/lib/python3.7/site-packages/airflow/example_dags/example_branch_labels.py
[2026-10-01T00:00:45.702+0000] {processor.py:743} INFO - Processing file /home/airflow/.local/lib/python3.7/site-packages/airflow/example_dags/example_branch_labels.py for tasks to queue
[2026-10-01T00:00:45.703+0000] {logging_mixin.py:137} INFO - [2026-10-01T00:00:45.703+0000] {dagbag.py:538} INFO - Filling up the DagBag from /home/airflow/.local/lib/python3.7/site-packages/airflow/example_dags/example_branch_labels.py
[2026-10-01T00:00:45.734+0000] {processor.py:753} INFO - DAG(s) dict_keys(['example_branch_labels']) retrieved from /home/airflow/.local/lib/python3.7/site-packages/airflow/example_dags/example_branch_labels.py
[2026-10-01T00:00:45.804+0000] {logging_mixin.py:137} INFO - [2026-10-01T00:00:45.804+0000] {dag.py:2676} INFO - Sync 1 DAGs
[2026-10-01T00:00:45.855+0000] {logging_mixin.py:137} INFO - [2026-10-01T00:00:45.855+0000] {dag.py:3427} INFO - Setting next_dagrun for example_branch_labels to 2026-09-30T00:00:00+00:00, run_after=2026-10-01T00:00:00+00:00
[2026-10-01T00:00:45.876+0000] {processor.py:175} INFO - Processing /home/airflow/.local/lib/python3.7/site-packages/airflow/example_dags/example_branch_labels.py took 0.182 seconds
[2026-10-01T00:01:16.695+0000] {processor.py:153} INFO - Started process (PID=15112) to work on /home/airflow/.local/lib/python3.7/site-packages/airflow/example_dags/example_branch_labels.py
[2026-10-01T00:01:16.696+0000] {processor.py:743} INFO - Processing file /home/airflow/.local/lib/python3.7/site-packages/airflow/example_dags/example_branch_labels.py for tasks to queue
[2026-10-01T00:01:16.697+0000] {logging_mixin.py:137} INFO - [2026-10-01T00:01:16.697+0000] {dagbag.py:538} INFO - Filling up the DagBag from /home/airflow/.local/lib/python3.7/site-packages/airflow/example_dags/example_branch_labels.py
[2026-10-01T00:01:16.724+0000] {processor.py:753} INFO - DAG(s) dict_keys(['example_branch_labels']) retrieved from /home/airflow/.local/lib/python3.7/site-packages/airflow/example_dags/example_branch_labels.py
[2026-10-01T00:01:16.771+0000] {logging_mixin.py:137} INFO - [2026-10-01T00:01:16.771+0000] {dag.py:2676} INFO - Sync 1 DAGs
[2026-10-01T00:01:16.805+0000] {logging_mixin.py:137} INFO - [2026-10-01T00:01:16.805+0000] {dag.py:3427} INFO - Setting next_dagrun for example_branch_labels to 2026-09-30T00:00:00+00:00, run_after=2026-10-01T00:00:00+00:00
[2026-10-01T00:01:16.832+0000] {processor.py:175} INFO - Processing /home/airflow/.local/lib/python3.7/site-packages/airflow/example_dags/example_branch_labels.py took 0.141 seconds
[2026-10-01T00:01:47.414+0000] {processor.py:153} INFO - Started process (PID=15198) to work on /home/airflow/.local/lib/python3.7/site-packages/airflow/example_dags/example_branch_labels.py
[2026-10-01T00:01:47.416+0000] {processor.py:743} INFO - Processing file /home/airflow/.local/lib/python3.7/site-packages/airflow/example_dags/example_branch_labels.py for tasks to queue
[2026-10-01T00:01:47.417+0000] {logging_mixin.py:137} INFO - [2026-10-01T00:01:47.417+0000] {dagbag.py:538} INFO - Filling up the DagBag from /home/airflow/.local/lib/python3.7/site-packages/airflow/example_dags/example_branch_labels.py
[2026-10-01T00:01:47.448+0000] {processor.py:753} INFO - DAG(s) dict_keys(['example_branch_labels']) retrieved from /home/airflow/.local/lib/python3.7/site-packages/airflow/example_dags/example_branch_labels.py
[2026-10-01T00:01:47.520+0000] {logging_mixin.py:137} INFO - [2026-10-01T00:01:47.519+0000] {dag.py:2676} INFO - Sync 1 DAGs
[2026-10-01T00:01:47.572+0000] {logging_mixin.py:137} INFO - [2026-10-01T00:01:47.572+0000] {dag.py:3427} INFO - Setting next_dagrun for example_branch_labels to 2026-09-30T00:00:00+00:00, run_after=2026-10-01T00:00:00+00:00
[2026-10-01T00:01:47.603+0000] {processor.py:175} INFO - Processing /home/airflow/.local/lib/python3.7/site-packages/airflow/example_dags/example_branch_labels.py took 0.195 seconds
[2026-10-01T00:02:18.203+0000] {processor.py:153} INFO - Started process (PID=15290) to work on /home/airflow/.local/lib/python3.7/site-packages/airflow/example_dags/example_branch_labels.py
[2026-10-01T00:02:18.204+0000] {processor.py:743} INFO - Processing file /home/airflow/.local/lib/python3.7/site-packages/airflow/example_dags/example_branch_labels.py for tasks to queue
[2026-10-01T00:02:18.205+0000] {logging_mixin.py:137} INFO - [2026-10-01T00:02:18.205+0000] {dagbag.py:538} INFO - Filling up the DagBag from /home/airflow/.local/lib/python3.7/site-packages/airflow/example_dags/example_branch_labels.py
[2026-10-01T00:02:18.225+0000] {processor.py:753} INFO - DAG(s) dict_keys(['example_branch_labels']) retrieved from /home/airflow/.local/lib/python3.7/site-packages/airflow/example_dags/example_branch_labels.py
[2026-10-01T00:02:18.283+0000] {logging_mixin.py:137} INFO - [2026-10-01T00:02:18.282+0000] {dag.py:2676} INFO - Sync 1 DAGs
[2026-10-01T00:02:18.334+0000] {logging_mixin.py:137} INFO - [2026-10-01T00:02:18.334+0000] {dag.py:3427} INFO - Setting next_dagrun for example_branch_labels to 2026-09-30T00:00:00+00:00, run_after=2026-10-01T00:00:00+00:00
[2026-10-01T00:02:18.367+0000] {processor.py:175} INFO - Processing /home/airflow/.local/lib/python3.7/site-packages/airflow/example_dags/example_branch_labels.py took 0.168 seconds
[2026-10-01T00:02:49.441+0000] {processor.py:153} INFO - Started process (PID=15369) to work on /home/airflow/.local/lib/python3.7/site-packages/airflow/example_dags/example_branch_labels.py
[2026-10-01T00:02:49.443+0000] {processor.py:743} INFO - Processing file /home/airflow/.local/lib/python3.7/site-packages/airflow/example_dags/example_branch_labels.py for tasks to queue
[2026-10-01T00:02:49.444+0000] {logging_mixin.py:137} INFO - [2026-10-01T00:02:49.444+0000] {dagbag.py:538} INFO - Filling up the DagBag from /home/airflow/.local/lib/python3.7/site-packages/airflow/example_dags/example_branch_labels.py
[2026-10-01T00:02:49.471+0000] {processor.py:753} INFO - DAG(s) dict_keys(['example_branch_labels']) retrieved from /home/airflow/.local/lib/python3.7/site-packages/airflow/example_dags/example_branch_labels.py
[2026-10-01T00:02:49.536+0000] {logging_mixin.py:137} INFO - [2026-10-01T00:02:49.535+0000] {dag.py:2676} INFO - Sync 1 DAGs
[2026-10-01T00:02:49.570+0000] {logging_mixin.py:137} INFO - [2026-10-01T00:02:49.570+0000] {dag.py:3427} INFO - Setting next_dagrun for example_branch_labels to 2026-09-30T00:00:00+00:00, run_after=2026-10-01T00:00:00+00:00
[2026-10-01T00:02:49.595+0000] {processor.py:175} INFO - Processing /home/airflow/.local/lib/python3.7/site-packages/airflow/example_dags/example_branch_labels.py took 0.159 seconds
[2026-10-01T00:03:19.720+0000] {processor.py:153} INFO - Started process (PID=15448) to work on /home/airflow/.local/lib/python3.7/site-packages/airflow/example_dags/example_branch_labels.py
[2026-10-01T00:03:19.721+0000] {processor.py:743} INFO - Processing file /home/airflow/.local/lib/python3.7/site-packages/airflow/example_dags/example_branch_labels.py for tasks to queue
[2026-10-01T00:03:19.722+0000] {logging_mixin.py:137} INFO - [2026-10-01T00:03:19.722+0000] {dagbag.py:538} INFO - Filling up the DagBag from /home/airflow/.local/lib/python3.7/site-packages/airflow/example_dags/example_branch_labels.py
[2026-10-01T00:03:19.742+0000] {processor.py:753} INFO - DAG(s) dict_keys(['example_branch_labels']) retrieved from /home/airflow/.local/lib/python3.7/site-packages/airflow/example_dags/example_branch_labels.py
[2026-10-01T00:03:19.792+0000] {logging_mixin.py:137} INFO - [2026-10-01T00:03:19.792+0000] {dag.py:2676} INFO - Sync 1 DAGs
[2026-10-01T00:03:19.825+0000] {logging_mixin.py:137} INFO - [2026-10-01T00:03:19.825+0000] {dag.py:3427} INFO - Setting next_dagrun for example_branch_labels to 2026-09-30T00:00:00+00:00, run_after=2026-10-01T00:00:00+00:00
[2026-10-01T00:03:19.845+0000] {processor.py:175} INFO - Processing /home/airflow/.local/lib/python3.7/site-packages/airflow/example_dags/example_branch_labels.py took 0.129 seconds
[2026-10-01T00:03:49.906+0000] {processor.py:153} INFO - Started process (PID=15527) to work on /home/airflow/.local/lib/python3.7/site-packages/airflow/example_dags/example_branch_labels.py
[2026-10-01T00:03:49.908+0000] {processor.py:743} INFO - Processing file /home/airflow/.local/lib/python3.7/site-packages/airflow/example_dags/example_branch_labels.py for tasks to queue
[2026-10-01T00:03:49.909+0000] {logging_mixin.py:137} INFO - [2026-10-01T00:03:49.909+0000] {dagbag.py:538} INFO - Filling up the DagBag from /home/airflow/.local/lib/python3.7/site-packages/airflow/example_dags/example_branch_labels.py
[2026-10-01T00:03:49.940+0000] {processor.py:753} INFO - DAG(s) dict_keys(['example_branch_labels']) retrieved from /home/airflow/.local/lib/python3.7/site-packages/airflow/example_dags/example_branch_labels.py
[2026-10-01T00:03:50.004+0000] {logging_mixin.py:137} INFO - [2026-10-01T00:03:50.004+0000] {dag.py:2676} INFO - Sync 1 DAGs
[2026-10-01T00:03:50.039+0000] {logging_mixin.py:137} INFO - [2026-10-01T00:03:50.039+0000] {dag.py:3427} INFO - Setting next_dagrun for example_branch_labels to 2026-09-30T00:00:00+00:00, run_after=2026-10-01T00:00:00+00:00
[2026-10-01T00:03:50.059+0000] {processor.py:175} INFO - Processing /home/airflow/.local/lib/python3.7/site-packages/airflow/example_dags/example_branch_labels.py took 0.159 seconds
[2026-10-01T00:04:20.389+0000] {processor.py:153} INFO - Started process (PID=15626) to work on /home/airflow/.local/lib/python3.7/site-packages/airflow/example_dags/example_branch_labels.py
[2026-10-01T00:04:20.390+0000] {processor.py:743} INFO - Processing file /home/airflow/.local/lib/python3.7/site-packages/airflow/example_dags/example_branch_labels.py for tasks to queue
[2026-10-01T00:04:20.391+0000] {logging_mixin.py:137} INFO - [2026-10-01T00:04:20.391+0000] {dagbag.py:538} INFO - Filling up the DagBag from /home/airflow/.local/lib/python3.7/site-packages/airflow/example_dags/example_branch_labels.py
[2026-10-01T00:04:20.409+0000] {processor.py:753} INFO - DAG(s) dict_keys(['example_branch_labels']) retrieved from /home/airflow/.local/lib/python3.7/site-packages/airflow/example_dags/example_branch_labels.py
[2026-10-01T00:04:20.458+0000] {logging_mixin.py:137} INFO - [2026-10-01T00:04:20.458+0000] {dag.py:2676} INFO - Sync 1 DAGs
[2026-10-01T00:04:20.489+0000] {logging_mixin.py:137} INFO - [2026-10-01T00:04:20.489+0000] {dag.py:3427} INFO - Setting next_dagrun for example_branch_labels to 2026-09-30T00:00:00+00:00, run_after=2026-10-01T00:00:00+00:00
[2026-10-01T00:04:20.508+0000] {processor.py:175} INFO - Processing /home/airflow/.local/lib/python3.7/site-packages/airflow/example_dags/example_branch_labels.py took 0.122 seconds
[2026-10-01T00:04:51.563+0000] {processor.py:153} INFO - Started process (PID=15705) to work on /home/airflow/.local/lib/python3.7/site-packages/airflow/example_dags/example_branch_labels.py
[2026-10-01T00:04:51.564+0000] {processor.py:743} INFO - Processing file /home/airflow/.local/lib/python3.7/site-packages/airflow/example_dags/example_branch_labels.py for tasks to queue
[2026-10-01T00:04:51.564+0000] {logging_mixin.py:137} INFO - [2026-10-01T00:04:51.564+0000] {dagbag.py:538} INFO - Filling up the DagBag from /home/airflow/.local/lib/python3.7/site-packages/airflow/example_dags/example_branch_labels.py
[2026-10-01T00:04:51.584+0000] {processor.py:753} INFO - DAG(s) dict_keys(['example_branch_labels']) retrieved from /home/airflow/.local/lib/python3.7/site-packages/airflow/example_dags/example_branch_labels.py
[2026-10-01T00:04:51.639+0000] {logging_mixin.py:137} INFO - [2026-10-01T00:04:51.639+0000] {dag.py:2676} INFO - Sync 1 DAGs
[2026-10-01T00:04:51.688+0000] {logging_mixin.py:137} INFO - [2026-10-01T00:04:51.688+0000] {dag.py:3427} INFO - Setting next_dagrun for example_branch_labels to 2026-09-30T00:00:00+00:00, run_after=2026-10-01T00:00:00+00:00
[2026-10-01T00:04:51.714+0000] {processor.py:175} INFO - Processing /home/airflow/.local/lib/python3.7/site-packages/airflow/example_dags/example_branch_labels.py took 0.156 seconds
[2026-10-01T00:05:22.268+0000] {processor.py:153} INFO - Started process (PID=15784) to work on /home/airflow/.local/lib/python3.7/site-packages/airflow/example_dags/example_branch_labels.py
[2026-10-01T00:05:22.270+0000] {processor.py:743} INFO - Processing file /home/airflow/.local/lib/python3.7/site-packages/airflow/example_dags/example_branch_labels.py for tasks to queue
[2026-10-01T00:05:22.270+0000] {logging_mixin.py:137} INFO - [2026-10-01T00:05:22.270+0000] {dagbag.py:538} INFO - Filling up the DagBag from /home/airflow/.local/lib/python3.7/site-packages/airflow/example_dags/example_branch_labels.py
[2026-10-01T00:05:22.290+0000] {processor.py:753} INFO - DAG(s) dict_keys(['example_branch_labels']) retrieved from /home/airflow/.local/lib/python3.7/site-packages/airflow/example_dags/example_branch_labels.py
[2026-10-01T00:05:22.340+0000] {logging_mixin.py:137} INFO - [2026-10-01T00:05:22.340+0000] {dag.py:2676} INFO - Sync 1 DAGs
[2026-10-01T00:05:22.383+0000] {logging_mixin.py:137} INFO - [2026-10-01T00:05:22.382+0000] {dag.py:3427} INFO - Setting next_dagrun for example_branch_labels to 2026-09-30T00:00:00+00:00, run_after=2026-10-01T00:00:00+00:00
[2026-10-01T00:05:22.412+0000] {processor.py:175} INFO - Processing /home/airflow/.local/lib/python3.7/site-packages/airflow/example_dags/example_branch_labels.py took 0.148 seconds
[2026-10-01T00:05:52.747+0000] {processor.py:153} INFO - Started process (PID=15872) to work on /home/airflow/.local/lib/python3.7/site-packages/airflow/example_dags/example_branch_labels.py
[2026-10-01T00:05:52.748+0000] {processor.py:743} INFO - Processing file /home/airflow/.local/lib/python3.7/site-packages/airflow/example_dags/example_branch_labels.py for tasks to queue
[2026-10-01T00:05:52.748+0000] {logging_mixin.py:137} INFO - [2026-10-01T00:05:52.748+0000] {dagbag.py:538} INFO - Filling up the DagBag from /home/airflow/.local/lib/python3.7/site-packages/airflow/example_dags/example_branch_labels.py
[2026-10-01T00:05:52.768+0000] {processor.py:753} INFO - DAG(s) dict_keys(['example_branch_labels']) retrieved from /home/airflow/.local/lib/python3.7/site-packages/airflow/example_dags/example_branch_labels.py
[2026-10-01T00:05:52.816+0000] {logging_mixin.py:137} INFO - [2026-10-01T00:05:52.816+0000] {dag.py:2676} INFO - Sync 1 DAGs
[2026-10-01T00:05:52.852+0000] {logging_mixin.py:137} INFO - [2026-10-01T00:05:52.851+0000] {dag.py:3427} INFO - Setting next_dagrun for example_branch_labels to 2026-09-30T00:00:00+00:00, run_after=2026-10-01T00:00:00+00:00
[2026-10-01T00:05:52.875+0000] {processor.py:175} INFO - Processing /home/airflow/.local/lib/python3.7/site-packages/airflow/example_dags/example_branch_labels.py took 0.132 seconds
[2026-10-01T00:06:23.236+0000] {processor.py:153} INFO - Started process (PID=15962) to work on /home/airflow/.local/lib/python3.7/site-packages/airflow/example_dags/example_branch_labels.py
[2026-10-01T00:06:23.237+0000] {processor.py:743} INFO - Processing file /home/airflow/.local/lib/python3.7/site-packages/airflow/example_dags/example_branch_labels.py for tasks to queue
[2026-10-01T00:06:23.238+0000] {logging_mixin.py:137} INFO - [2026-10-01T00:06:23.238+0000] {dagbag.py:538} INFO - Filling up the DagBag from /home/airflow/.local/lib/python3.7/site-packages/airflow/example_dags/example_branch_labels.py
[2026-10-01T00:06:23.258+0000] {processor.py:753} INFO - DAG(s) dict_keys(['example_branch_labels']) retrieved from /home/airflow/.local/lib/python3.7/site-packages/airflow/example_dags/example_branch_labels.py
[2026-10-01T00:06:23.308+0000] {logging_mixin.py:137} INFO - [2026-10-01T00:06:23.308+0000] {dag.py:2676} INFO - Sync 1 DAGs
[2026-10-01T00:06:23.341+0000] {logging_mixin.py:137} INFO - [2026-10-01T00:06:23.340+0000] {dag.py:3427} INFO - Setting next_dagrun for example_branch_labels to 2026-09-30T00:00:00+00:00, run_after=2026-10-01T00:00:00+00:00
[2026-10-01T00:06:23.362+0000] {processor.py:175} INFO - Processing /home/airflow/.local/lib/python3.7/site-packages/airflow/example_dags/example_branch_labels.py took 0.129 seconds
[2026-10-01T00:06:53.701+0000] {processor.py:153} INFO - Started process (PID=16041) to work on /home/airflow/.local/lib/python3.7/site-packages/airflow/example_dags/example_branch_labels.py
[2026-10-01T00:06:53.702+0000] {processor.py:743} INFO - Processing file /home/airflow/.local/lib/python3.7/site-packages/airflow/example_dags/example_branch_labels.py for tasks to queue
[2026-10-01T00:06:53.703+0000] {logging_mixin.py:137} INFO - [2026-10-01T00:06:53.703+0000] {dagbag.py:538} INFO - Filling up the DagBag from /home/airflow/.local/lib/python3.7/site-packages/airflow/example_dags/example_branch_labels.py
[2026-10-01T00:06:53.723+0000] {processor.py:753} INFO - DAG(s) dict_keys(['example_branch_labels']) retrieved from /home/airflow/.local/lib/python3.7/site-packages/airflow/example_dags/example_branch_labels.py
[2026-10-01T00:06:53.779+0000] {logging_mixin.py:137} INFO - [2026-10-01T00:06:53.778+0000] {dag.py:2676} INFO - Sync 1 DAGs
[2026-10-01T00:06:53.821+0000] {logging_mixin.py:137} INFO - [2026-10-01T00:06:53.821+0000] {dag.py:3427} INFO - Setting next_dagrun for example_branch_labels to 2026-09-30T00:00:00+00:00, run_after=2026-10-01T00:00:00+00:00
[2026-10-01T00:06:53.843+0000] {processor.py:175} INFO - Processing /home/airflow/.local/lib/python3.7/site-packages/airflow/example_dags/example_branch_labels.py took 0.145 seconds
[2026-10-01T00:07:23.911+0000] {processor.py:153} INFO - Started process (PID=16120) to work on /home/airflow/.local/lib/python3.7/site-packages/airflow/example_dags/example_branch_labels.py
[2026-10-01T00:07:23.912+0000] {processor.py:743} INFO - Processing file /home/airflow/.local/lib/python3.7/site-packages/airflow/example_dags/example_branch_labels.py for tasks to queue
[2026-10-01T00:07:23.913+0000] {logging_mixin.py:137} INFO - [2026-10-01T00:07:23.913+0000] {dagbag.py:538} INFO - Filling up the DagBag from /home/airflow/.local/lib/python3.7/site-packages/airflow/example_dags/example_branch_labels.py
[2026-10-01T00:07:23.934+0000] {processor.py:753} INFO - DAG(s) dict_keys(['example_branch_labels']) retrieved from /home/airflow/.local/lib/python3.7/site-packages/airflow/example_dags/example_branch_labels.py
[2026-10-01T00:07:23.988+0000] {logging_mixin.py:137} INFO - [2026-10-01T00:07:23.987+0000] {dag.py:2676} INFO - Sync 1 DAGs
[2026-10-01T00:07:24.031+0000] {logging_mixin.py:137} INFO - [2026-10-01T00:07:24.031+0000] {dag.py:3427} INFO - Setting next_dagrun for example_branch_labels to 2026-09-30T00:00:00+00:00, run_after=2026-10-01T00:00:00+00:00
[2026-10-01T00:07:24.058+0000] {processor.py:175} INFO - Processing /home/airflow/.local/lib/python3.7/site-packages/airflow/example_dags/example_branch_labels.py took 0.152 seconds
[2026-10-01T00:07:54.292+0000] {processor.py:153} INFO - Started process (PID=16208) to work on /home/airflow/.local/lib/python3.7/site-packages/airflow/example_dags/example_branch_labels.py
[2026-10-01T00:07:54.293+0000] {processor.py:743} INFO - Processing file /home/airflow/.local/lib/python3.7/site-packages/airflow/example_dags/example_branch_labels.py for tasks to queue
[2026-10-01T00:07:54.294+0000] {logging_mixin.py:137} INFO - [2026-10-01T00:07:54.294+0000] {dagbag.py:538} INFO - Filling up the DagBag from /home/airflow/.local/lib/python3.7/site-packages/airflow/example_dags/example_branch_labels.py
[2026-10-01T00:07:54.314+0000] {processor.py:753} INFO - DAG(s) dict_keys(['example_branch_labels']) retrieved from /home/airflow/.local/lib/python3.7/site-packages/airflow/example_dags/example_branch_labels.py
[2026-10-01T00:07:54.364+0000] {logging_mixin.py:137} INFO - [2026-10-01T00:07:54.364+0000] {dag.py:2676} INFO - Sync 1 DAGs
[2026-10-01T00:07:54.406+0000] {logging_mixin.py:137} INFO - [2026-10-01T00:07:54.405+0000] {dag.py:3427} INFO - Setting next_dagrun for example_branch_labels to 2026-09-30T00:00:00+00:00, run_after=2026-10-01T00:00:00+00:00
[2026-10-01T00:07:54.434+0000] {processor.py:175} INFO - Processing /home/airflow/.local/lib/python3.7/site-packages/airflow/example_dags/example_branch_labels.py took 0.146 seconds
[2026-10-01T00:08:24.516+0000] {processor.py:153} INFO - Started process (PID=16298) to work on /home/airflow/.local/lib/python3.7/site-packages/airflow/example_dags/example_branch_labels.py
[2026-10-01T00:08:24.517+0000] {processor.py:743} INFO - Processing file /home/airflow/.local/lib/python3.7/site-packages/airflow/example_dags/example_branch_labels.py for tasks to queue
[2026-10-01T00:08:24.518+0000] {logging_mixin.py:137} INFO - [2026-10-01T00:08:24.517+0000] {dagbag.py:538} INFO - Filling up the DagBag from /home/airflow/.local/lib/python3.7/site-packages/airflow/example_dags/example_branch_labels.py
[2026-10-01T00:08:24.537+0000] {processor.py:753} INFO - DAG(s) dict_keys(['example_branch_labels']) retrieved from /home/airflow/.local/lib/python3.7/site-packages/airflow/example_dags/example_branch_labels.py
[2026-10-01T00:08:24.586+0000] {logging_mixin.py:137} INFO - [2026-10-01T00:08:24.586+0000] {dag.py:2676} INFO - Sync 1 DAGs
[2026-10-01T00:08:24.619+0000] {logging_mixin.py:137} INFO - [2026-10-01T00:08:24.619+0000] {dag.py:3427} INFO - Setting next_dagrun for example_branch_labels to 2026-09-30T00:00:00+00:00, run_after=2026-10-01T00:00:00+00:00
[2026-10-01T00:08:24.646+0000] {processor.py:175} INFO - Processing /home/airflow/.local/lib/python3.7/site-packages/airflow/example_dags/example_branch_labels.py took 0.134 seconds
[2026-10-01T00:08:55.109+0000] {processor.py:153} INFO - Started process (PID=16377) to work on /home/airflow/.local/lib/python3.7/site-packages/airflow/example_dags/example_branch_labels.py
[2026-10-01T00:08:55.110+0000] {processor.py:743} INFO - Processing file /home/airflow/.local/lib/python3.7/site-packages/airflow/example_dags/example_branch_labels.py for tasks to queue
[2026-10-01T00:08:55.111+0000] {logging_mixin.py:137} INFO - [2026-10-01T00:08:55.111+0000] {dagbag.py:538} INFO - Filling up the DagBag from /home/airflow/.local/lib/python3.7/site-packages/airflow/example_dags/example_branch_labels.py
[2026-10-01T00:08:55.130+0000] {processor.py:753} INFO - DAG(s) dict_keys(['example_branch_labels']) retrieved from /home/airflow/.local/lib/python3.7/site-packages/airflow/example_dags/example_branch_labels.py
[2026-10-01T00:08:55.177+0000] {logging_mixin.py:137} INFO - [2026-10-01T00:08:55.177+0000] {dag.py:2676} INFO - Sync 1 DAGs
[2026-10-01T00:08:55.214+0000] {logging_mixin.py:137} INFO - [2026-10-01T00:08:55.213+0000] {dag.py:3427} INFO - Setting next_dagrun for example_branch_labels to 2026-09-30T00:00:00+00:00, run_after=2026-10-01T00:00:00+00:00
[2026-10-01T00:08:55.236+0000] {processor.py:175} INFO - Processing /home/airflow/.local/lib/python3.7/site-packages/airflow/example_dags/example_branch_labels.py took 0.131 seconds
[2026-10-01T00:09:25.767+0000] {processor.py:153} INFO - Started process (PID=16456) to work on /home/airflow/.local/lib/python3.7/site-packages/airflow/example_dags/example_branch_labels.py
[2026-10-01T00:09:25.767+0000] {processor.py:743} INFO - Processing file /home/airflow/.local/lib/python3.7/site-packages/airflow/example_dags/example_branch_labels.py for tasks to queue
[2026-10-01T00:09:25.768+0000] {logging_mixin.py:137} INFO - [2026-10-01T00:09:25.768+0000] {dagbag.py:538} INFO - Filling up the DagBag from /home/airflow/.local/lib/python3.7/site-packages/airflow/example_dags/example_branch_labels.py
[2026-10-01T00:09:25.788+0000] {processor.py:753} INFO - DAG(s) dict_keys(['example_branch_labels']) retrieved from /home/airflow/.local/lib/python3.7/site-packages/airflow/example_dags/example_branch_labels.py
[2026-10-01T00:09:25.837+0000] {logging_mixin.py:137} INFO - [2026-10-01T00:09:25.836+0000] {dag.py:2676} INFO - Sync 1 DAGs
[2026-10-01T00:09:25.871+0000] {logging_mixin.py:137} INFO - [2026-10-01T00:09:25.871+0000] {dag.py:3427} INFO - Setting next_dagrun for example_branch_labels to 2026-09-30T00:00:00+00:00, run_after=2026-10-01T00:00:00+00:00
[2026-10-01T00:09:25.891+0000] {processor.py:175} INFO - Processing /home/airflow/.local/lib/python3.7/site-packages/airflow/example_dags/example_branch_labels.py took 0.128 seconds
[2026-10-01T00:09:56.598+0000] {processor.py:153} INFO - Started process (PID=16555) to work on /home/airflow/.local/lib/python3.7/site-packages/airflow/example_dags/example_branch_labels.py
[2026-10-01T00:09:56.599+0000] {processor.py:743} INFO - Processing file /home/airflow/.local/lib/python3.7/site-packages/airflow/example_dags/example_branch_labels.py for tasks to queue
[2026-10-01T00:09:56.600+0000] {logging_mixin.py:137} INFO - [2026-10-01T00:09:56.600+0000] {dagbag.py:538} INFO - Filling up the DagBag from /home/airflow/.local/lib/python3.7/site-packages/airflow/example_dags/example_branch_labels.py
[2026-10-01T00:09:56.622+0000] {processor.py:753} INFO - DAG(s) dict_keys(['example_branch_labels']) retrieved from /home/airflow/.local/lib/python3.7/site-packages/airflow/example_dags/example_branch_labels.py
[2026-10-01T00:09:56.682+0000] {logging_mixin.py:137} INFO - [2026-10-01T00:09:56.681+0000] {dag.py:2676} INFO - Sync 1 DAGs
[2026-10-01T00:09:56.735+0000] {logging_mixin.py:137} INFO - [2026-10-01T00:09:56.734+0000] {dag.py:3427} INFO - Setting next_dagrun for example_branch_labels to 2026-09-30T00:00:00+00:00, run_after=2026-10-01T00:00:00+00:00
[2026-10-01T00:09:56.762+0000] {processor.py:175} INFO - Processing /home/airflow/.local/lib/python3.7/site-packages/airflow/example_dags/example_branch_labels.py took 0.168 seconds
[2026-10-01T00:10:26.941+0000] {processor.py:153} INFO - Started process (PID=16634) to work on /home/airflow/.local/lib/python3.7/site-packages/airflow/example_dags/example_branch_labels.py
[2026-10-01T00:10:26.942+0000] {processor.py:743} INFO - Processing file /home/airflow/.local/lib/python3.7/site-packages/airflow/example_dags/example_branch_labels.py for tasks to queue
[2026-10-01T00:10:26.943+0000] {logging_mixin.py:137} INFO - [2026-10-01T00:10:26.943+0000] {dagbag.py:538} INFO - Filling up the DagBag from /home/airflow/.local/lib/python3.7/site-packages/airflow/example_dags/example_branch_labels.py
[2026-10-01T00:10:26.965+0000] {processor.py:753} INFO - DAG(s) dict_keys(['example_branch_labels']) retrieved from /home/airflow/.local/lib/python3.7/site-packages/airflow/example_dags/example_branch_labels.py
[2026-10-01T00:10:27.017+0000] {logging_mixin.py:137} INFO - [2026-10-01T00:10:27.017+0000] {dag.py:2676} INFO - Sync 1 DAGs
[2026-10-01T00:10:27.069+0000] {logging_mixin.py:137} INFO - [2026-10-01T00:10:27.069+0000] {dag.py:3427} INFO - Setting next_dagrun for example_branch_labels to 2026-09-30T00:00:00+00:00, run_after=2026-10-01T00:00:00+00:00
[2026-10-01T00:10:27.102+0000] {processor.py:175} INFO - Processing /home/airflow/.local/lib/python3.7/site-packages/airflow/example_dags/example_branch_labels.py took 0.166 seconds
[2026-10-01T00:10:57.981+0000] {processor.py:153} INFO - Started process (PID=16713) to work on /home/airflow/.local/lib/python3.7/site-packages/airflow/example_dags/example_branch_labels.py
[2026-10-01T00:10:57.982+0000] {processor.py:743} INFO - Processing file /home/airflow/.local/lib/python3.7/site-packages/airflow/example_dags/example_branch_labels.py for tasks to queue
[2026-10-01T00:10:57.983+0000] {logging_mixin.py:137} INFO - [2026-10-01T00:10:57.983+0000] {dagbag.py:538} INFO - Filling up the DagBag from /home/airflow/.local/lib/python3.7/site-packages/airflow/example_dags/example_branch_labels.py
[2026-10-01T00:10:58.004+0000] {processor.py:753} INFO - DAG(s) dict_keys(['example_branch_labels']) retrieved from /home/airflow/.local/lib/python3.7/site-packages/airflow/example_dags/example_branch_labels.py
[2026-10-01T00:10:58.056+0000] {logging_mixin.py:137} INFO - [2026-10-01T00:10:58.056+0000] {dag.py:2676} INFO - Sync 1 DAGs
[2026-10-01T00:10:58.091+0000] {logging_mixin.py:137} INFO - [2026-10-01T00:10:58.091+0000] {dag.py:3427} INFO - Setting next_dagrun for example_branch_labels to 2026-09-30T00:00:00+00:00, run_after=2026-10-01T00:00:00+00:00
[2026-10-01T00:10:58.112+0000] {processor.py:175} INFO - Processing /home/airflow/.local/lib/python3.7/site-packages/airflow/example_dags/example_branch_labels.py took 0.135 seconds
[2026-10-01T00:11:28.433+0000] {processor.py:153} INFO - Started process (PID=16792) to work on /home/airflow/.local/lib/python3.7/site-packages/airflow/example_dags/example_branch_labels.py
[2026-10-01T00:11:28.433+0000] {processor.py:743} INFO - Processing file /home/airflow/.local/lib/python3.7/site-packages/airflow/example_dags/example_branch_labels.py for tasks to queue
[2026-10-01T00:11:28.434+0000] {logging_mixin.py:137} INFO - [2026-10-01T00:11:28.434+0000] {dagbag.py:538} INFO - Filling up the DagBag from /home/airflow/.local/lib/python3.7/site-packages/airflow/example_dags/example_branch_labels.py
[2026-10-01T00:11:28.456+0000] {processor.py:753} INFO - DAG(s) dict_keys(['example_branch_labels']) retrieved from /home/airflow/.local/lib/python3.7/site-packages/airflow/example_dags/example_branch_labels.py
[2026-10-01T00:11:28.519+0000] {logging_mixin.py:137} INFO - [2026-10-01T00:11:28.519+0000] {dag.py:2676} INFO - Sync 1 DAGs
[2026-10-01T00:11:28.559+0000] {logging_mixin.py:137} INFO - [2026-10-01T00:11:28.559+0000] {dag.py:3427} INFO - Setting next_dagrun for example_branch_labels to 2026-09-30T00:00:00+00:00, run_after=2026-10-01T00:00:00+00:00
[2026-10-01T00:11:28.583+0000] {processor.py:175} INFO - Processing /home/airflow/.local/lib/python3.7/site-packages/airflow/example_dags/example_branch_labels.py took 0.155 seconds
[2026-10-01T00:11:58.738+0000] {processor.py:153} INFO - Started process (PID=16891) to work on /home/airflow/.local/lib/python3.7/site-packages/airflow/example_dags/example_branch_labels.py
[2026-10-01T00:11:58.741+0000] {processor.py:743} INFO - Processing file /home/airflow/.local/lib/python3.7/site-packages/airflow/example_dags/example_branch_labels.py for tasks to queue
[2026-10-01T00:11:58.743+0000] {logging_mixin.py:137} INFO - [2026-10-01T00:11:58.743+0000] {dagbag.py:538} INFO - Filling up the DagBag from /home/airflow/.local/lib/python3.7/site-packages/airflow/example_dags/example_branch_labels.py
[2026-10-01T00:11:58.767+0000] {processor.py:753} INFO - DAG(s) dict_keys(['example_branch_labels']) retrieved from /home/airflow/.local/lib/python3.7/site-packages/airflow/example_dags/example_branch_labels.py
[2026-10-01T00:11:58.817+0000] {logging_mixin.py:137} INFO - [2026-10-01T00:11:58.817+0000] {dag.py:2676} INFO - Sync 1 DAGs
[2026-10-01T00:11:58.853+0000] {logging_mixin.py:137} INFO - [2026-10-01T00:11:58.853+0000] {dag.py:3427} INFO - Setting next_dagrun for example_branch_labels to 2026-09-30T00:00:00+00:00, run_after=2026-10-01T00:00:00+00:00
[2026-10-01T00:11:58.874+0000] {processor.py:175} INFO - Processing /home/airflow/.local/lib/python3.7/site-packages/airflow/example_dags/example_branch_labels.py took 0.143 seconds
[2026-10-01T00:12:29.619+0000] {processor.py:153} INFO - Started process (PID=16970) to work on /home/airflow/.local/lib/python3.7/site-packages/airflow/example_dags/example_branch_labels.py
[2026-10-01T00:12:29.620+0000] {processor.py:743} INFO - Processing file /home/airflow/.local/lib/python3.7/site-packages/airflow/example_dags/example_branch_labels.py for tasks to queue
[2026-10-01T00:12:29.621+0000] {logging_mixin.py:137} INFO - [2026-10-01T00:12:29.621+0000] {dagbag.py:538} INFO - Filling up the DagBag from /home/airflow/.local/lib/python3.7/site-packages/airflow/example_dags/example_branch_labels.py
[2026-10-01T00:12:29.642+0000] {processor.py:753} INFO - DAG(s) dict_keys(['example_branch_labels']) retrieved from /home/airflow/.local/lib/python3.7/site-packages/airflow/example_dags/example_branch_labels.py
[2026-10-01T00:12:29.692+0000] {logging_mixin.py:137} INFO - [2026-10-01T00:12:29.692+0000] {dag.py:2676} INFO - Sync 1 DAGs
[2026-10-01T00:12:29.727+0000] {logging_mixin.py:137} INFO - [2026-10-01T00:12:29.727+0000] {dag.py:3427} INFO - Setting next_dagrun for example_branch_labels to 2026-09-30T00:00:00+00:00, run_after=2026-10-01T00:00:00+00:00
[2026-10-01T00:12:29.748+0000] {processor.py:175} INFO - Processing /home/airflow/.local/lib/python3.7/site-packages/airflow/example_dags/example_branch_labels.py took 0.132 seconds
[2026-10-01T00:13:00.012+0000] {processor.py:153} INFO - Started process (PID=17049) to work on /home/airflow/.local/lib/python3.7/site-packages/airflow/example_dags/example_branch_labels.py
[2026-10-01T00:13:00.013+0000] {processor.py:743} INFO - Processing file /home/airflow/.local/lib/python3.7/site-packages/airflow/example_dags/example_branch_labels.py for tasks to queue
[2026-10-01T00:13:00.014+0000] {logging_mixin.py:137} INFO - [2026-10-01T00:13:00.014+0000] {dagbag.py:538} INFO - Filling up the DagBag from /home/airflow/.local/lib/python3.7/site-packages/airflow/example_dags/example_branch_labels.py
[2026-10-01T00:13:00.034+0000] {processor.py:753} INFO - DAG(s) dict_keys(['example_branch_labels']) retrieved from /home/airflow/.local/lib/python3.7/site-packages/airflow/example_dags/example_branch_labels.py
[2026-10-01T00:13:00.087+0000] {logging_mixin.py:137} INFO - [2026-10-01T00:13:00.087+0000] {dag.py:2676} INFO - Sync 1 DAGs
[2026-10-01T00:13:00.119+0000] {logging_mixin.py:137} INFO - [2026-10-01T00:13:00.119+0000] {dag.py:3427} INFO - Setting next_dagrun for example_branch_labels to 2026-09-30T00:00:00+00:00, run_after=2026-10-01T00:00:00+00:00
[2026-10-01T00:13:00.138+0000] {processor.py:175} INFO - Processing /home/airflow/.local/lib/python3.7/site-packages/airflow/example_dags/example_branch_labels.py took 0.130 seconds
[2026-10-01T00:13:30.822+0000] {processor.py:153} INFO - Started process (PID=17128) to work on /home/airflow/.local/lib/python3.7/site-packages/airflow/example_dags/example_branch_labels.py
[2026-10-01T00:13:30.824+0000] {processor.py:743} INFO - Processing file /home/airflow/.local/lib/python3.7/site-packages/airflow/example_dags/example_branch_labels.py for tasks to queue
[2026-10-01T00:13:30.825+0000] {logging_mixin.py:137} INFO - [2026-10-01T00:13:30.825+0000] {dagbag.py:538} INFO - Filling up the DagBag from /home/airflow/.local/lib/python3.7/site-packages/airflow/example_dags/example_branch_labels.py
[2026-10-01T00:13:30.854+0000] {processor.py:753} INFO - DAG(s) dict_keys(['example_branch_labels']) retrieved from /home/airflow/.local/lib/python3.7/site-packages/airflow/example_dags/example_branch_labels.py
[2026-10-01T00:13:30.909+0000] {logging_mixin.py:137} INFO - [2026-10-01T00:13:30.909+0000] {dag.py:2676} INFO - Sync 1 DAGs
[2026-10-01T00:13:30.941+0000] {logging_mixin.py:137} INFO - [2026-10-01T00:13:30.941+0000] {dag.py:3427} INFO - Setting next_dagrun for example_branch_labels to 2026-09-30T00:00:00+00:00, run_after=2026-10-01T00:00:00+00:00
[2026-10-01T00:13:30.968+0000] {processor.py:175} INFO - Processing /home/airflow/.local/lib/python3.7/site-packages/airflow/example_dags/example_branch_labels.py took 0.149 seconds
[2026-10-01T00:14:01.135+0000] {processor.py:153} INFO - Started process (PID=17227) to work on /home/airflow/.local/lib/python3.7/site-packages/airflow/example_dags/example_branch_labels.py
[2026-10-01T00:14:01.136+0000] {processor.py:743} INFO - Processing file /home/airflow/.local/lib/python3.7/site-packages/airflow/example_dags/example_branch_labels.py for tasks to queue
[2026-10-01T00:14:01.137+0000] {logging_mixin.py:137} INFO - [2026-10-01T00:14:01.137+0000] {dagbag.py:538} INFO - Filling up the DagBag from /home/airflow/.local/lib/python3.7/site-packages/airflow/example_dags/example_branch_labels.py
[2026-10-01T00:14:01.161+0000] {processor.py:753} INFO - DAG(s) dict_keys(['example_branch_labels']) retrieved from /home/airflow/.local/lib/python3.7/site-packages/airflow/example_dags/example_branch_labels.py
[2026-10-01T00:14:01.214+0000] {logging_mixin.py:137} INFO - [2026-10-01T00:14:01.214+0000] {dag.py:2676} INFO - Sync 1 DAGs
[2026-10-01T00:14:01.250+0000] {logging_mixin.py:137} INFO - [2026-10-01T00:14:01.250+0000] {dag.py:3427} INFO - Setting next_dagrun for example_branch_labels to 2026-09-30T00:00:00+00:00, run_after=2026-10-01T00:00:00+00:00
[2026-10-01T00:14:01.271+0000] {processor.py:175} INFO - Processing /home/airflow/.local/lib/python3.7/site-packages/airflow/example_dags/example_branch_labels.py took 0.140 seconds
[2026-10-01T00:14:31.971+0000] {processor.py:153} INFO - Started process (PID=17306) to work on /home/airflow/.local/lib/python3.7/site-packages/airflow/example_dags/example_branch_labels.py
[2026-10-01T00:14:31.973+0000] {processor.py:743} INFO - Processing file /home/airflow/.local/lib/python3.7/site-packages/airflow/example_dags/example_branch_labels.py for tasks to queue
[2026-10-01T00:14:31.974+0000] {logging_mixin.py:137} INFO - [2026-10-01T00:14:31.974+0000] {dagbag.py:538} INFO - Filling up the DagBag from /home/airflow/.local/lib/python3.7/site-packages/airflow/example_dags/example_branch_labels.py
[2026-10-01T00:14:32.005+0000] {processor.py:753} INFO - DAG(s) dict_keys(['example_branch_labels']) retrieved from /home/airflow/.local/lib/python3.7/site-packages/airflow/example_dags/example_branch_labels.py
[2026-10-01T00:14:32.083+0000] {logging_mixin.py:137} INFO - [2026-10-01T00:14:32.082+0000] {dag.py:2676} INFO - Sync 1 DAGs
[2026-10-01T00:14:32.133+0000] {logging_mixin.py:137} INFO - [2026-10-01T00:14:32.133+0000] {dag.py:3427} INFO - Setting next_dagrun for example_branch_labels to 2026-09-30T00:00:00+00:00, run_after=2026-10-01T00:00:00+00:00
[2026-10-01T00:14:32.163+0000] {processor.py:175} INFO - Processing /home/airflow/.local/lib/python3.7/site-packages/airflow/example_dags/example_branch_labels.py took 0.197 seconds
[2026-10-01T00:15:02.422+0000] {processor.py:153} INFO - Started process (PID=17385) to work on /home/airflow/.local/lib/python3.7/site-packages/airflow/example_dags/example_branch_labels.py
[2026-10-01T00:15:02.423+0000] {processor.py:743} INFO - Processing file /home/airflow/.local/lib/python3.7/site-packages/airflow/example_dags/example_branch_labels.py for tasks to queue
[2026-10-01T00:15:02.424+0000] {logging_mixin.py:137} INFO - [2026-10-01T00:15:02.424+0000] {dagbag.py:538} INFO - Filling up the DagBag from /home/airflow/.local/lib/python3.7/site-packages/airflow/example_dags/example_branch_labels.py
[2026-10-01T00:15:02.444+0000] {processor.py:753} INFO - DAG(s) dict_keys(['example_branch_labels']) retrieved from /home/airflow/.local/lib/python3.7/site-packages/airflow/example_dags/example_branch_labels.py
[2026-10-01T00:15:02.493+0000] {logging_mixin.py:137} INFO - [2026-10-01T00:15:02.493+0000] {dag.py:2676} INFO - Sync 1 DAGs
[2026-10-01T00:15:02.533+0000] {logging_mixin.py:137} INFO - [2026-10-01T00:15:02.533+0000] {dag.py:3427} INFO - Setting next_dagrun for example_branch_labels to 2026-09-30T00:00:00+00:00, run_after=2026-10-01T00:00:00+00:00
[2026-10-01T00:15:02.565+0000] {processor.py:175} INFO - Processing /home/airflow/.local/lib/python3.7/site-packages/airflow/example_dags/example_branch_labels.py took 0.147 seconds
[2026-10-01T00:15:32.692+0000] {processor.py:153} INFO - Started process (PID=17464) to work on /home/airflow/.local/lib/python3.7/site-packages/airflow/example_dags/example_branch_labels.py
[2026-10-01T00:15:32.694+0000] {processor.py:743} INFO - Processing file /home/airflow/.local/lib/python3.7/site-packages/airflow/example_dags/example_branch_labels.py for tasks to queue
[2026-10-01T00:15:32.695+0000] {logging_mixin.py:137} INFO - [2026-10-01T00:15:32.694+0000] {dagbag.py:538} INFO - Filling up the DagBag from /home/airflow/.local/lib/python3.7/site-packages/airflow/example_dags/example_branch_labels.py
[2026-10-01T00:15:32.727+0000] {processor.py:753} INFO - DAG(s) dict_keys(['example_branch_labels']) retrieved from /home/airflow/.local/lib/python3.7/site-packages/airflow/example_dags/example_branch_labels.py
[2026-10-01T00:15:32.789+0000] {logging_mixin.py:137} INFO - [2026-10-01T00:15:32.789+0000] {dag.py:2676} INFO - Sync 1 DAGs
[2026-10-01T00:15:32.827+0000] {logging_mixin.py:137} INFO - [2026-10-01T00:15:32.827+0000] {dag.py:3427} INFO - Setting next_dagrun for example_branch_labels to 2026-09-30T00:00:00+00:00, run_after=2026-10-01T00:00:00+00:00
[2026-10-01T00:15:32.854+0000] {processor.py:175} INFO - Processing /home/airflow/.local/lib/python3.7/site-packages/airflow/example_dags/example_branch_labels.py took 0.167 seconds
[2026-10-01T00:16:03.315+0000] {processor.py:153} INFO - Started process (PID=17563) to work on /home/airflow/.local/lib/python3.7/site-packages/airflow/example_dags/example_branch_labels.py
[2026-10-01T00:16:03.317+0000] {processor.py:743} INFO - Processing file /home/airflow/.local/lib/python3.7/site-packages/airflow/example_dags/example_branch_labels.py for tasks to queue
[2026-10-01T00:16:03.317+0000] {logging_mixin.py:137} INFO - [2026-10-01T00:16:03.317+0000] {dagbag.py:538} INFO - Filling up the DagBag from /home/airflow/.local/lib/python3.7/site-packages/airflow/example_dags/example_branch_labels.py
[2026-10-01T00:16:03.339+0000] {processor.py:753} INFO - DAG(s) dict_keys(['example_branch_labels']) retrieved from /home/airflow/.local/lib/python3.7/site-packages/airflow/example_dags/example_branch_labels.py
[2026-10-01T00:16:03.394+0000] {logging_mixin.py:137} INFO - [2026-10-01T00:16:03.394+0000] {dag.py:2676} INFO - Sync 1 DAGs
[2026-10-01T00:16:03.447+0000] {logging_mixin.py:137} INFO - [2026-10-01T00:16:03.447+0000] {dag.py:3427} INFO - Setting next_dagrun for example_branch_labels to 2026-09-30T00:00:00+00:00, run_after=2026-10-01T00:00:00+00:00
[2026-10-01T00:16:03.476+0000] {processor.py:175} INFO - Processing /home/airflow/.local/lib/python3.7/site-packages/airflow/example_dags/example_branch_labels.py took 0.164 seconds
[2026-10-01T00:16:34.458+0000] {processor.py:153} INFO - Started process (PID=17642) to work on /home/airflow/.local/lib/python3.7/site-packages/airflow/example_dags/example_branch_labels.py
[2026-10-01T00:16:34.459+0000] {processor.py:743} INFO - Processing file /home/airflow/.local/lib/python3.7/site-packages/airflow/example_dags/example_branch_labels.py for tasks to queue
[2026-10-01T00:16:34.460+0000] {logging_mixin.py:137} INFO - [2026-10-01T00:16:34.459+0000] {dagbag.py:538} INFO - Filling up the DagBag from /home/airflow/.local/lib/python3.7/site-packages/airflow/example_dags/example_branch_labels.py
[2026-10-01T00:16:34.483+0000] {processor.py:753} INFO - DAG(s) dict_keys(['example_branch_labels']) retrieved from /home/airflow/.local/lib/python3.7/site-packages/airflow/example_dags/example_branch_labels.py
[2026-10-01T00:16:34.535+0000] {logging_mixin.py:137} INFO - [2026-10-01T00:16:34.535+0000] {dag.py:2676} INFO - Sync 1 DAGs
[2026-10-01T00:16:34.567+0000] {logging_mixin.py:137} INFO - [2026-10-01T00:16:34.566+0000] {dag.py:3427} INFO - Setting next_dagrun for example_branch_labels to 2026-09-30T00:00:00+00:00, run_after=2026-10-01T00:00:00+00:00
[2026-10-01T00:16:34.587+0000] {processor.py:175} INFO - Processing /home/airflow/.local/lib/python3.7/site-packages/airflow/example_dags/example_branch_labels.py took 0.133 seconds
[2026-10-01T00:17:05.217+0000] {processor.py:153} INFO - Started process (PID=17721) to work on /home/airflow/.local/lib/python3.7/site-packages/airflow/example_dags/example_branch_labels.py
[2026-10-01T00:17:05.219+0000] {processor.py:743} INFO - Processing file /home/airflow/.local/lib/python3.7/site-packages/airflow/example_dags/example_branch_labels.py for tasks to queue
[2026-10-01T00:17:05.220+0000] {logging_mixin.py:137} INFO - [2026-10-01T00:17:05.220+0000] {dagbag.py:538} INFO - Filling up the DagBag from /home/airflow/.local/lib/python3.7/site-packages/airflow/example_dags/example_branch_labels.py
[2026-10-01T00:17:05.252+0000] {processor.py:753} INFO - DAG(s) dict_keys(['example_branch_labels']) retrieved from /home/airflow/.local/lib/python3.7/site-packages/airflow/example_dags/example_branch_labels.py
[2026-10-01T00:17:05.326+0000] {logging_mixin.py:137} INFO - [2026-10-01T00:17:05.325+0000] {dag.py:2676} INFO - Sync 1 DAGs
[2026-10-01T00:17:05.362+0000] {logging_mixin.py:137} INFO - [2026-10-01T00:17:05.362+0000] {dag.py:3427} INFO - Setting next_dagrun for example_branch_labels to 2026-09-30T00:00:00+00:00, run_after=2026-10-01T00:00:00+00:00
[2026-10-01T00:17:05.396+0000] {processor.py:175} INFO - Processing /home/airflow/.local/lib/python3.7/site-packages/airflow/example_dags/example_branch_labels.py took 0.185 seconds
[2026-10-01T00:17:35.458+0000] {processor.py:153} INFO - Started process (PID=17800) to work on /home/airflow/.local/lib/python3.7/site-packages/airflow/example_dags/example_branch_labels.py
[2026-10-01T00:17:35.459+0000] {processor.py:743} INFO - Processing file /home/airflow/.local/lib/python3.7/site-packages/airflow/example_dags/example_branch_labels.py for tasks to queue
[2026-10-01T00:17:35.460+0000] {logging_mixin.py:137} INFO - [2026-10-01T00:17:35.460+0000] {dagbag.py:538} INFO - Filling up the DagBag from /home/airflow/.local/lib/python3.7/site-packages/airflow/example_dags/example_branch_labels.py
[2026-10-01T00:17:35.481+0000] {processor.py:753} INFO - DAG(s) dict_keys(['example_branch_labels']) retrieved from /home/airflow/.local/lib/python3.7/site-packages/airflow/example_dags/example_branch_labels.py
[2026-10-01T00:17:35.544+0000] {logging_mixin.py:137} INFO - [2026-10-01T00:17:35.543+0000] {dag.py:2676} INFO - Sync 1 DAGs
[2026-10-01T00:17:35.576+0000] {logging_mixin.py:137} INFO - [2026-10-01T00:17:35.576+0000] {dag.py:3427} INFO - Setting next_dagrun for example_branch_labels to 2026-09-30T00:00:00+00:00, run_after=2026-10-01T00:00:00+00:00
[2026-10-01T00:17:35.597+0000] {processor.py:175} INFO - Processing /home/airflow/.local/lib/python3.7/site-packages/airflow/example_dags/example_branch_labels.py took 0.143 seconds
[2026-10-01T00:18:05.849+0000] {processor.py:153} INFO - Started process (PID=17899) to work on /home/airflow/.local/lib/python3.7/site-packages/airflow/example_dags/example_branch_labels.py
[2026-10-01T00:18:05.851+0000] {processor.py:743} INFO - Processing file /home/airflow/.local/lib/python3.7/site-packages/airflow/example_dags/example_branch_labels.py for tasks to queue
[2026-10-01T00:18:05.851+0000] {logging_mixin.py:137} INFO - [2026-10-01T00:18:05.851+0000] {dagbag.py:538} INFO - Filling up the DagBag from /home/airflow/.local/lib/python3.7/site-packages/airflow/example_dags/example_branch_labels.py
[2026-10-01T00:18:05.884+0000] {processor.py:753} INFO - DAG(s) dict_keys(['example_branch_labels']) retrieved from /home/airflow/.local/lib/python3.7/site-packages/airflow/example_dags/example_branch_labels.py
[2026-10-01T00:18:05.945+0000] {logging_mixin.py:137} INFO - [2026-10-01T00:18:05.945+0000] {dag.py:2676} INFO - Sync 1 DAGs
[2026-10-01T00:18:05.999+0000] {logging_mixin.py:137} INFO - [2026-10-01T00:18:05.998+0000] {dag.py:3427} INFO - Setting next_dagrun for example_branch_labels to 2026-09-30T00:00:00+00:00, run_after=2026-10-01T00:00:00+00:00
[2026-10-01T00:18:06.025+0000] {processor.py:175} INFO - Processing /home/airflow/.local/lib/python3.7/site-packages/airflow/example_dags/example_branch_labels.py took 0.180 seconds
[2026-10-01T00:18:36.320+0000] {processor.py:153} INFO - Started process (PID=17978) to work on /home/airflow/.local/lib/python3.7/site-packages/airflow/example_dags/example_branch_labels.py
[2026-10-01T00:18:36.321+0000] {processor.py:743} INFO - Processing file /home/airflow/.local/lib/python3.7/site-packages/airflow/example_dags/example_branch_labels.py for tasks to queue
[2026-10-01T00:18:36.322+0000] {logging_mixin.py:137} INFO - [2026-10-01T00:18:36.322+0000] {dagbag.py:538} INFO - Filling up the DagBag from /home/airflow/.local/lib/python3.7/site-packages/airflow/example_dags/example_branch_labels.py
[2026-10-01T00:18:36.347+0000] {processor.py:753} INFO - DAG(s) dict_keys(['example_branch_labels']) retrieved from /home/airflow/.local/lib/python3.7/site-packages/airflow/example_dags/example_branch_labels.py
[2026-10-01T00:18:36.401+0000] {logging_mixin.py:137} INFO - [2026-10-01T00:18:36.401+0000] {dag.py:2676} INFO - Sync 1 DAGs
[2026-10-01T00:18:36.448+0000] {logging_mixin.py:137} INFO - [2026-10-01T00:18:36.448+0000] {dag.py:3427} INFO - Setting next_dagrun for example_branch_labels to 2026-09-30T00:00:00+00:00, run_after=2026-10-01T00:00:00+00:00
[2026-10-01T00:18:36.472+0000] {processor.py:175} INFO - Processing /home/airflow/.local/lib/python3.7/site-packages/airflow/example_dags/example_branch_labels.py took 0.156 seconds
[2026-10-01T00:19:07.132+0000] {processor.py:153} INFO - Started process (PID=18057) to work on /home/airflow/.local/lib/python3.7/site-packages/airflow/example_dags/example_branch_labels.py
[2026-10-01T00:19:07.133+0000] {processor.py:743} INFO - Processing file /home/airflow/.local/lib/python3.7/site-packages/airflow/example_dags/example_branch_labels.py for tasks to queue
[2026-10-01T00:19:07.134+0000] {logging_mixin.py:137} INFO - [2026-10-01T00:19:07.134+0000] {dagbag.py:538} INFO - Filling up the DagBag from /home/airflow/.local/lib/python3.7/site-packages/airflow/example_dags/example_branch_labels.py
[2026-10-01T00:19:07.155+0000] {processor.py:753} INFO - DAG(s) dict_keys(['example_branch_labels']) retrieved from /home/airflow/.local/lib/python3.7/site-packages/airflow/example_dags/example_branch_labels.py
[2026-10-01T00:19:07.210+0000] {logging_mixin.py:137} INFO - [2026-10-01T00:19:07.210+0000] {dag.py:2676} INFO - Sync 1 DAGs
[2026-10-01T00:19:07.246+0000] {logging_mixin.py:137} INFO - [2026-10-01T00:19:07.245+0000] {dag.py:3427} INFO - Setting next_dagrun for example_branch_labels to 2026-09-30T00:00:00+00:00, run_after=2026-10-01T00:00:00+00:00
[2026-10-01T00:19:07.271+0000] {processor.py:175} INFO - Processing /home/airflow/.local/lib/python3.7/site-packages/airflow/example_dags/example_branch_labels.py took 0.143 seconds
[2026-10-01T00:19:38.088+0000] {processor.py:153} INFO - Started process (PID=18145) to work on /home/airflow/.local/lib/python3.7/site-packages/airflow/example_dags/example_branch_labels.py
[2026-10-01T00:19:38.089+0000] {processor.py:743} INFO - Processing file /home/airflow/.local/lib/python3.7/site-packages/airflow/example_dags/example_branch_labels.py for tasks to queue
[2026-10-01T00:19:38.090+0000] {logging_mixin.py:137} INFO - [2026-10-01T00:19:38.090+0000] {dagbag.py:538} INFO - Filling up the DagBag from /home/airflow/.local/lib/python3.7/site-packages/airflow/example_dags/example_branch_labels.py
[2026-10-01T00:19:38.112+0000] {processor.py:753} INFO - DAG(s) dict_keys(['example_branch_labels']) retrieved from /home/airflow/.local/lib/python3.7/site-packages/airflow/example_dags/example_branch_labels.py
[2026-10-01T00:19:38.165+0000] {logging_mixin.py:137} INFO - [2026-10-01T00:19:38.165+0000] {dag.py:2676} INFO - Sync 1 DAGs
[2026-10-01T00:19:38.213+0000] {logging_mixin.py:137} INFO - [2026-10-01T00:19:38.213+0000] {dag.py:3427} INFO - Setting next_dagrun for example_branch_labels to 2026-09-30T00:00:00+00:00, run_after=2026-10-01T00:00:00+00:00
[2026-10-01T00:19:38.241+0000] {processor.py:175} INFO - Processing /home/airflow/.local/lib/python3.7/site-packages/airflow/example_dags/example_branch_labels.py took 0.157 seconds
[2026-10-01T00:20:08.328+0000] {processor.py:153} INFO - Started process (PID=18235) to work on /home/airflow/.local/lib/python3.7/site-packages/airflow/example_dags/example_branch_labels.py
[2026-10-01T00:20:08.329+0000] {processor.py:743} INFO - Processing file /home/airflow/.local/lib/python3.7/site-packages/airflow/example_dags/example_branch_labels.py for tasks to queue
[2026-10-01T00:20:08.330+0000] {logging_mixin.py:137} INFO - [2026-10-01T00:20:08.330+0000] {dagbag.py:538} INFO - Filling up the DagBag from /home/airflow/.local/lib/python3.7/site-packages/airflow/example_dags/example_branch_labels.py
[2026-10-01T00:20:08.351+0000] {processor.py:753} INFO - DAG(s) dict_keys(['example_branch_labels']) retrieved from /home/airflow/.local/lib/python3.7/site-packages/airflow/example_dags/example_branch_labels.py
[2026-10-01T00:20:08.414+0000] {logging_mixin.py:137} INFO - [2026-10-01T00:20:08.414+0000] {dag.py:2676} INFO - Sync 1 DAGs
[2026-10-01T00:20:08.456+0000] {logging_mixin.py:137} INFO - [2026-10-01T00:20:08.456+0000] {dag.py:3427} INFO - Setting next_dagrun for example_branch_labels to 2026-09-30T00:00:00+00:00, run_after=2026-10-01T00:00:00+00:00
[2026-10-01T00:20:08.476+0000] {processor.py:175} INFO - Processing /home/airflow/.local/lib/python3.7/site-packages/airflow/example_dags/example_branch_labels.py took 0.152 seconds
[2026-10-01T00:20:38.559+0000] {processor.py:153} INFO - Started process (PID=18314) to work on /home/airflow/.local/lib/python3.7/site-packages/airflow/example_dags/example_branch_labels.py
[2026-10-01T00:20:38.560+0000] {processor.py:743} INFO - Processing file /home/airflow/.local/lib/python3.7/site-packages/airflow/example_dags/example_branch_labels.py for tasks to queue
[2026-10-01T00:20:38.560+0000] {logging_mixin.py:137} INFO - [2026-10-01T00:20:38.560+0000] {dagbag.py:538} INFO - Filling up the DagBag from /home/airflow/.local/lib/python3.7/site-packages/airflow/example_dags/example_branch_labels.py
[2026-10-01T00:20:38.579+0000] {processor.py:753} INFO - DAG(s) dict_keys(['example_branch_labels']) retrieved from /home/airflow/.local/lib/python3.7/site-packages/airflow/example_dags/example_branch_labels.py
[2026-10-01T00:20:38.630+0000] {logging_mixin.py:137} INFO - [2026-10-01T00:20:38.630+0000] {dag.py:2676} INFO - Sync 1 DAGs
[2026-10-01T00:20:38.664+0000] {logging_mixin.py:137} INFO - [2026-10-01T00:20:38.664+0000] {dag.py:3427} INFO - Setting next_dagrun for example_branch_labels to 2026-09-30T00:00:00+00:00, run_after=2026-10-01T00:00:00+00:00
[2026-10-01T00:20:38.686+0000] {processor.py:175} INFO - Processing /home/airflow/.local/lib/python3.7/site-packages/airflow/example_dags/example_branch_labels.py took 0.132 seconds
