[2026-10-01T00:00:14.475+0000] {processor.py:153} INFO - Started process (PID=14950) to work on /home/airflow/.local/lib/python3.7/site-packages/airflow/example_dags/example_subdag_operator.py
[2026-10-01T00:00:14.476+0000] {processor.py:743} INFO - Processing file /home/airflow/.local/lib/python3.7/site-packages/airflow/example_dags/example_subdag_operator.py for tasks to queue
[2026-10-01T00:00:14.476+0000] {logging_mixin.py:137} INFO - [2026-10-01T00:00:14.476+0000] {dagbag.py:538} INFO - Filling up the DagBag from /home/airflow/.local/lib/python3.7/site-packages/airflow/example_dags/example_subdag_operator.py
[2026-10-01T00:00:14.505+0000] {processor.py:753} INFO - DAG(s) dict_keys(['example_subdag_operator.section-1', 'example_subdag_operator.section-2', 'example_subdag_operator']) retrieved from /home/airflow/.local/lib/python3.7/site-packages/airflow/example_dags/example_subdag_operator.py
[2026-10-01T00:00:14.536+0000] {logging_mixin.py:137} INFO - [2026-10-01T00:00:14.536+0000] {dag.py:2676} INFO - Sync 3 DAGs
[2026-10-01T00:00:14.559+0000] {logging_mixin.py:137} INFO - [2026-10-01T00:00:14.559+0000] {dag.py:3427} INFO - Setting next_dagrun for example_subdag_operator to 2022-01-01T00:00:00+00:00, run_after=2022-01-01T00:00:00+00:00
[2026-10-01T00:00:14.563+0000] {logging_mixin.py:137} INFO - [2026-10-01T00:00:14.562+0000] {dag.py:3427} INFO - Setting next_dagrun for example_subdag_operator.section-1 to None, run_after=None
[2026-10-01T00:00:14.563+0000] {logging_mixin.py:137} INFO - [2026-10-01T00:00:14.563+0000] {dag.py:3427} INFO - Setting next_dagrun for example_subdag_operator.section-2 to None, run_after=None
[2026-10-01T00:00:14.570+0000] {logging_mixin.py:137} INFO - [2026-10-01T00:00:14.569+0000] {dag.py:2676} INFO - Sync 2 DAGs
[2026-10-01T00:00:14.575+0000] {logging_mixin.py:137} INFO - [2026-10-01T00:00:14.575+0000] {dag.py:3427} INFO - Setting next_dagrun for example_subdag_operator.section-1 to None, run_after=None
[2026-10-01T00:00:14.575+0000] {logging_mixin.py:137} INFO - [2026-10-01T00:00:14.575+0000] {dag.py:3427} INFO - Setting next_dagrun for example_subdag_operator.section-2 to None, run_after=None
[2026-10-01T00:00:14.583+0000] {processor.py:175} INFO - Processing /home/airflow/.local/lib/python3.7/site-packages/airflow/example_dags/example_subdag_operator.py took 0.111 seconds
[2026-10-01T00:00:45.312+0000] {processor.py:153} INFO - Started process (PID=15029) to work on /home/airflow/.local/lib/python3.7/site-packages/airflow/example_dags/example_subdag_operator.py
[2026-10-01T00:00:45.312+0000] {processor.py:743} INFO - Processing file /home/airflow/.local/lib/python3.7/site-packages/airflow/example_dags/example_subdag_operator.py for tasks to queue
[2026-10-01T00:00:45.313+0000] {logging_mixin.py:137} INFO - [2026-10-01T00:00:45.313+0000] {dagbag.py:538} INFO - Filling up the DagBag from /home/airflow/.local/lib/python3.7/site-packages/airflow/example_dags/example_subdag_operator.py
[2026-10-01T00:00:45.351+0000] {processor.py:753} INFO - DAG(s) dict_keys(['example_subdag_operator.section-1', 'example_subdag_operator.section-2', 'example_subdag_operator']) retrieved from /home/airflow/.local/lib/python3.7/site-packages/airflow/example_dags/example_subdag_operator.py
[2026-10-01T00:00:45.390+0000] {logging_mixin.py:137} INFO - [2026-10-01T00:00:45.390+0000] {dag.py:2676} INFO - Sync 3 DAGs
[2026-10-01T00:00:45.440+0000] {logging_mixin.py:137} INFO - [2026-10-01T00:00:45.439+0000] {dag.py:3427} INFO - Setting next_dagrun for example_subdag_operator to 2022-01-01T00:00:00+00:00, run_after=2022-01-01T00:00:00+00:00
[2026-10-01T00:00:45.446+0000] {logging_mixin.py:137} INFO - [2026-10-01T00:00:45.446+0000] {dag.py:3427} INFO - Setting next_dagrun for example_subdag_operator.section-1 to None, run_after=None
[2026-10-01T00:00:45.448+0000] {logging_mixin.py:137} INFO - [2026-10-01T00:00:45.448+0000] {dag.py:3427} INFO - Setting next_dagrun for example_subdag_operator.section-2 to None, run_after=None
[2026-10-01T00:00:45.457+0000] {logging_mixin.py:137} INFO - [2026-10-01T00:00:45.457+0000] {dag.py:2676} INFO - Sync 2 DAGs
[2026-10-01T00:00:45.465+0000] {logging_mixin.py:137} INFO - [2026-10-01T00:00:45.465+0000] {dag.py:3427} INFO - Setting next_dagrun for example_subdag_operator.section-1 to None, run_after=None
[2026-10-01T00:00:45.465+0000] {logging_mixin.py:137} INFO - [2026-10-01T00:00:45.465+0000] {dag.py:3427} INFO - Setting next_dagrun for example_subdag_operator.section-2 to None, run_after=None
[2026-10-01T00:00:45.478+0000] {processor.py:175} INFO - Processing /home/airflow/.local/lib/python3.7/site-packages/airflow/example_dags/example_subdag_operator.py took 0.171 seconds
[2026-10-01T00:01:16.133+0000] {processor.py:153} INFO - Started process (PID=15108) to work on /home/airflow/.local/lib/python3.7/site-packages/airflow/example_dags/example_subdag_operator.py
[2026-10-01T00:01:16.134+0000] {processor.py:743} INFO - Processing file /home/airflow/.local/lib/python3.7/site-packages/airflow/example_dags/example_subdag_operator.py for tasks to queue
[2026-10-01T00:01:16.135+0000] {logging_mixin.py:137} INFO - [2026-10-01T00:01:16.135+0000] {dagbag.py:538} INFO - Filling up the DagBag from /home/airflow/.local/lib/python3.7/site-packages/airflow/example_dags/example_subdag_operator.py
[2026-10-01T00:01:16.175+0000] {processor.py:753} INFO - DAG(s) dict_keys(['example_subdag_operator.section-1', 'example_subdag_operator.section-2', 'example_subdag_operator']) retrieved from /home/airflow/.local/lib/python3.7/site-packages/airflow/example_dags/example_subdag_operator.py
[2026-10-01T00:01:16.214+0000] {logging_mixin.py:137} INFO - [2026-10-01T00:01:16.214+0000] {dag.py:2676} INFO - Sync 3 DAGs
[2026-10-01T00:01:16.248+0000] {logging_mixin.py:137} INFO - [2026-10-01T00:01:16.247+0000] {dag.py:3427} INFO - Setting next_dagrun for example_subdag_operator to 2022-01-01T00:00:00+00:00, run_after=2022-01-01T00:00:00+00:00
[2026-10-01T00:01:16.252+0000] {logging_mixin.py:137} INFO - [2026-10-01T00:01:16.252+0000] {dag.py:3427} INFO - Setting next_dagrun for example_subdag_operator.section-1 to None, run_after=None
[2026-10-01T00:01:16.254+0000] {logging_mixin.py:137} INFO - [2026-10-01T00:01:16.254+0000] {dag.py:3427} INFO - Setting next_dagrun for example_subdag_operator.section-2 to None, run_after=None
[2026-10-01T00:01:16.267+0000] {logging_mixin.py:137} INFO - [2026-10-01T00:01:16.267+0000] {dag.py:2676} INFO - Sync 2 DAGs
[2026-10-01T00:01:16.275+0000] {logging_mixin.py:137} INFO - [2026-10-01T00:01:16.275+0000] {dag.py:3427} INFO - Setting next_dagrun for example_subdag_operator.section-1 to None, run_after=None
[2026-10-01T00:01:16.275+0000] {logging_mixin.py:137} INFO - [2026-10-01T00:01:16.275+0000] {dag.py:3427} INFO - Setting next_dagrun for example_subdag_operator.section-2 to None, run_after=None
[2026-10-01T00:01:16.290+0000] {processor.py:175} INFO - Processing /home/airflow/.local/lib/python3.7/site-packages/airflow/example_dags/example_subdag_operator.py took 0.161 seconds
[2026-10-01T00:01:47.038+0000] {processor.py:153} INFO - Started process (PID=15187) to work on /home/airflow/.local/lib/python3.7/site-packages/airflow/example_dags/example_subdag_operator.py
[2026-10-01T00:01:47.039+0000] {processor.py:743} INFO - Processing file /home/airflow/.local/lib/python3.7/site-packages/airflow/example_dags/example_subdag_operator.py for tasks to queue
[2026-10-01T00:01:47.040+0000] {logging_mixin.py:137} INFO - [2026-10-01T00:01:47.040+0000] {dagbag.py:538} INFO - Filling up the DagBag from /home/airflow/.local/lib/python3.7/site-packages/airflow/example_dags/example_subdag_operator.py
[2026-10-01T00:01:47.084+0000] {processor.py:753} INFO - DAG(s) dict_keys(['example_subdag_operator.section-1', 'example_subdag_operator.section-2', 'example_subdag_operator']) retrieved from /home/airflow/.local/lib/python3.7/site-packages/airflow/example_dags/example_subdag_operator.py
[2026-10-01T00:01:47.126+0000] {logging_mixin.py:137} INFO - [2026-10-01T00:01:47.126+0000] {dag.py:2676} INFO - Sync 3 DAGs
[2026-10-01T00:01:47.162+0000] {logging_mixin.py:137} INFO - [2026-10-01T00:01:47.162+0000] {dag.py:3427} INFO - Setting next_dagrun for example_subdag_operator to 2022-01-01T00:00:00+00:00, run_after=2022-01-01T00:00:00+00:00
[2026-10-01T00:01:47.168+0000] {logging_mixin.py:137} INFO - [2026-10-01T00:01:47.168+0000] {dag.py:3427} INFO - Setting next_dagrun for example_subdag_operator.section-1 to None, run_after=None
[2026-10-01T00:01:47.170+0000] {logging_mixin.py:137} INFO - [2026-10-01T00:01:47.170+0000] {dag.py:3427} INFO - Setting next_dagrun for example_subdag_operator.section-2 to None, run_after=None
[2026-10-01T00:01:47.186+0000] {logging_mixin.py:137} INFO - [2026-10-01T00:01:47.186+0000] {dag.py:2676} INFO - Sync 2 DAGs
[2026-10-01T00:01:47.193+0000] {logging_mixin.py:137} INFO - [2026-10-01T00:01:47.193+0000] {dag.py:3427} INFO - Setting next_dagrun for example_subdag_operator.section-1 to None, run_after=None
[2026-10-01T00:01:47.194+0000] {logging_mixin.py:137} INFO - [2026-10-01T00:01:47.193+0000] {dag.py:3427} INFO - Setting next_dagrun for example_subdag_operator.section-2 to None, run_after=None
[2026-10-01T00:01:47.207+0000] {processor.py:175} INFO - Processing /home/airflow/.local/lib/python3.7/site-packages/airflow/example_dags/example_subdag_operator.py took 0.174 seconds
[2026-10-01T00:02:17.844+0000] {processor.py:153} INFO - Started process (PID=15286) to work on /home/airflow/.local/lib/python3.7/site-packages/airflow/example_dags/example_subdag_operator.py
[2026-10-01T00:02:17.845+0000] {processor.py:743} INFO - Processing file /home/airflow/.local/lib/python3.7/site-packages/airflow/example_dags/example_subdag_operator.py for tasks to queue
[2026-10-01T00:02:17.846+0000] {logging_mixin.py:137} INFO - [2026-10-01T00:02:17.846+0000] {dagbag.py:538} INFO - Filling up the DagBag from /home/airflow/.local/lib/python3.7/site-packages/airflow/example_dags/example_subdag_operator.py
[2026-10-01T00:02:17.883+0000] {processor.py:753} INFO - DAG(s) dict_keys(['example_subdag_operator.section-1', 'example_subdag_operator.section-2', 'example_subdag_operator']) retrieved from /home/airflow/.local/lib/python3.7/site-packages/airflow/example_dags/example_subdag_operator.py
[2026-10-01T00:02:17.927+0000] {logging_mixin.py:137} INFO - [2026-10-01T00:02:17.927+0000] {dag.py:2676} INFO - Sync 3 DAGs
[2026-10-01T00:02:17.957+0000] {logging_mixin.py:137} INFO - [2026-10-01T00:02:17.957+0000] {dag.py:3427} INFO - Setting next_dagrun for example_subdag_operator to 2022-01-01T00:00:00+00:00, run_after=2022-01-01T00:00:00+00:00
[2026-10-01T00:02:17.961+0000] {logging_mixin.py:137} INFO - [2026-10-01T00:02:17.961+0000] {dag.py:3427} INFO - Setting next_dagrun for example_subdag_operator.section-1 to None, run_after=None
[2026-10-01T00:02:17.962+0000] {logging_mixin.py:137} INFO - [2026-10-01T00:02:17.962+0000] {dag.py:3427} INFO - Setting next_dagrun for example_subdag_operator.section-2 to None, run_after=None
[2026-10-01T00:02:17.970+0000] {logging_mixin.py:137} INFO - [2026-10-01T00:02:17.970+0000] {dag.py:2676} INFO - Sync 2 DAGs
[2026-10-01T00:02:17.979+0000] {logging_mixin.py:137} INFO - [2026-10-01T00:02:17.978+0000] {dag.py:3427} INFO - Setting next_dagrun for example_subdag_operator.section-1 to None, run_after=None
[2026-10-01T00:02:17.979+0000] {logging_mixin.py:137} INFO - [2026-10-01T00:02:17.979+0000] {dag.py:3427} INFO - Setting next_dagrun for example_subdag_operator.section-2 to None, run_after=None
[2026-10-01T00:02:17.996+0000] {processor.py:175} INFO - Processing /home/airflow/.local/lib/python3.7/site-packages/airflow/example_dags/example_subdag_operator.py took 0.156 seconds
[2026-10-01T00:02:48.710+0000] {processor.py:153} INFO - Started process (PID=15365) to work on /home/airflow/.local/lib/python3.7/site-packages/airflow/example_dags/example_subdag_operator.py
[2026-10-01T00:02:48.711+0000] {processor.py:743} INFO - Processing file /home/airflow/.local/lib/python3.7/site-packages/airflow/example_dags/example_subdag_operator.py for tasks to queue
[2026-10-01T00:02:48.711+0000] {logging_mixin.py:137} INFO - [2026-10-01T00:02:48.711+0000] {dagbag.py:538} INFO - Filling up the DagBag from /home/airflow/.local/lib/python3.7/site-packages/airflow/example_dags/example_subdag_operator.py
[2026-10-01T00:02:48.759+0000] {processor.py:753} INFO - DAG(s) dict_keys(['example_subdag_operator.section-1', 'example_subdag_operator.section-2', 'example_subdag_operator']) retrieved from /home/airflow/.local/lib/python3.7/site-packages/airflow/example_dags/example_subdag_operator.py
[2026-10-01T00:02:48.823+0000] {logging_mixin.py:137} INFO - [2026-10-01T00:02:48.823+0000] {dag.py:2676} INFO - Sync 3 DAGs
[2026-10-01T00:02:48.883+0000] {logging_mixin.py:137} INFO - [2026-10-01T00:02:48.883+0000] {dag.py:3427} INFO - Setting next_dagrun for example_subdag_operator to 2022-01-01T00:00:00+00:00, run_after=2022-01-01T00:00:00+00:00
[2026-10-01T00:02:48.889+0000] {logging_mixin.py:137} INFO - [2026-10-01T00:02:48.889+0000] {dag.py:3427} INFO - Setting next_dagrun for example_subdag_operator.section-1 to None, run_after=None
[2026-10-01T00:02:48.891+0000] {logging_mixin.py:137} INFO - [2026-10-01T00:02:48.891+0000] {dag.py:3427} INFO - Setting next_dagrun for example_subdag_operator.section-2 to None, run_after=None
[2026-10-01T00:02:48.904+0000] {logging_mixin.py:137} INFO - [2026-10-01T00:02:48.903+0000] {dag.py:2676} INFO - Sync 2 DAGs
[2026-10-01T00:02:48.914+0000] {logging_mixin.py:137} INFO - [2026-10-01T00:02:48.914+0000] {dag.py:3427} INFO - Setting next_dagrun for example_subdag_operator.section-1 to None, run_after=None
[2026-10-01T00:02:48.914+0000] {logging_mixin.py:137} INFO - [2026-10-01T00:02:48.914+0000] {dag.py:3427} INFO - Setting next_dagrun for example_subdag_operator.section-2 to None, run_after=None
[2026-10-01T00:02:48.934+0000] {processor.py:175} INFO - Processing /home/airflow/.local/lib/python3.7/site-packages/airflow/example_dags/example_subdag_operator.py took 0.228 seconds
[2026-10-01T00:03:19.303+0000] {processor.py:153} INFO - Started process (PID=15444) to work on /home/airflow/.local/lib/python3.7/site-packages/airflow/example_dags/example_subdag_operator.py
[2026-10-01T00:03:19.304+0000] {processor.py:743} INFO - Processing file /home/airflow/.local/lib/python3.7/site-packages/airflow/example_dags/example_subdag_operator.py for tasks to queue
[2026-10-01T00:03:19.305+0000] {logging_mixin.py:137} INFO - [2026-10-01T00:03:19.305+0000] {dagbag.py:538} INFO - Filling up the DagBag from /home/airflow/.local/lib/python3.7/site-packages/airflow/example_dags/example_subdag_operator.py
[2026-10-01T00:03:19.353+0000] {processor.py:753} INFO - DAG(s) dict_keys(['example_subdag_operator.section-1', 'example_subdag_operator.section-2', 'example_subdag_operator']) retrieved from /home/airflow/.local/lib/python3.7/site-packages/airflow/example_dags/example_subdag_operator.py
[2026-10-01T00:03:19.391+0000] {logging_mixin.py:137} INFO - [2026-10-01T00:03:19.391+0000] {dag.py:2676} INFO - Sync 3 DAGs
[2026-10-01T00:03:19.423+0000] {logging_mixin.py:137} INFO - [2026-10-01T00:03:19.423+0000] {dag.py:3427} INFO - Setting next_dagrun for example_subdag_operator to 2022-01-01T00:00:00+00:00, run_after=2022-01-01T00:00:00+00:00
[2026-10-01T00:03:19.428+0000] {logging_mixin.py:137} INFO - [2026-10-01T00:03:19.428+0000] {dag.py:3427} INFO - Setting next_dagrun for example_subdag_operator.section-1 to None, run_after=None
[2026-10-01T00:03:19.430+0000] {logging_mixin.py:137} INFO - [2026-10-01T00:03:19.430+0000] {dag.py:3427} INFO - Setting next_dagrun for example_subdag_operator.section-2 to None, run_after=None
[2026-10-01T00:03:19.440+0000] {logging_mixin.py:137} INFO - [2026-10-01T00:03:19.440+0000] {dag.py:2676} INFO - Sync 2 DAGs
[2026-10-01T00:03:19.449+0000] {logging_mixin.py:137} INFO - [2026-10-01T00:03:19.449+0000] {dag.py:3427} INFO - Setting next_dagrun for example_subdag_operator.section-1 to None, run_after=None
[2026-10-01T00:03:19.450+0000] {logging_mixin.py:137} INFO - [2026-10-01T00:03:19.450+0000] {dag.py:3427} INFO - Setting next_dagrun for example_subdag_operator.section-2 to None, run_after=None
[2026-10-01T00:03:19.468+0000] {processor.py:175} INFO - Processing /home/airflow/.local/lib/python3.7/site-packages/airflow/example_dags/example_subdag_operator.py took 0.169 seconds
[2026-10-01T00:03:49.549+0000] {processor.py:153} INFO - Started process (PID=15523) to work on /home/airflow/.local/lib/python3.7/site-packages/airflow/example_dags/example_subdag_operator.py
[2026-10-01T00:03:49.550+0000] {processor.py:743} INFO - Processing file /home/airflow/.local/lib/python3.7/site-packages/airflow/example_dags/example_subdag_operator.py for tasks to queue
[2026-10-01T00:03:49.550+0000] {logging_mixin.py:137} INFO - [2026-10-01T00:03:49.550+0000] {dagbag.py:538} INFO - Filling up the DagBag from /home/airflow/.local/lib/python3.7/site-packages/airflow/example_dags/example_subdag_operator.py
[2026-10-01T00:03:49.593+0000] {processor.py:753} INFO - DAG(s) dict_keys(['example_subdag_operator.section-1', 'example_subdag_operator.section-2', 'example_subdag_operator']) retrieved from /home/airflow/.local/lib/python3.7/site-packages/airflow/example_dags/example_subdag_operator.py
[2026-10-01T00:03:49.633+0000] {logging_mixin.py:137} INFO - [2026-10-01T00:03:49.633+0000] {dag.py:2676} INFO - Sync 3 DAGs
[2026-10-01T00:03:49.664+0000] {logging_mixin.py:137} INFO - [2026-10-01T00:03:49.664+0000] {dag.py:3427} INFO - Setting next_dagrun for example_subdag_operator to 2022-01-01T00:00:00+00:00, run_after=2022-01-01T00:00:00+00:00
[2026-10-01T00:03:49.668+0000] {logging_mixin.py:137} INFO - [2026-10-01T00:03:49.668+0000] {dag.py:3427} INFO - Setting next_dagrun for example_subdag_operator.section-1 to None, run_after=None
[2026-10-01T00:03:49.669+0000] {logging_mixin.py:137} INFO - [2026-10-01T00:03:49.669+0000] {dag.py:3427} INFO - Setting next_dagrun for example_subdag_operator.section-2 to None, run_after=None
[2026-10-01T00:03:49.678+0000] {logging_mixin.py:137} INFO - [2026-10-01T00:03:49.678+0000] {dag.py:2676} INFO - Sync 2 DAGs
[2026-10-01T00:03:49.684+0000] {logging_mixin.py:137} INFO - [2026-10-01T00:03:49.684+0000] {dag.py:3427} INFO - Setting next_dagrun for example_subdag_operator.section-1 to None, run_after=None
[2026-10-01T00:03:49.684+0000] {logging_mixin.py:137} INFO - [2026-10-01T00:03:49.684+0000] {dag.py:3427} INFO - Setting next_dagrun for example_subdag_operator.section-2 to None, run_after=None
[2026-10-01T00:03:49.696+0000] {processor.py:175} INFO - Processing /home/airflow/.local/lib/python3.7/site-packages/airflow/example_dags/example_subdag_operator.py took 0.151 seconds
[2026-10-01T00:04:19.959+0000] {processor.py:153} INFO - Started process (PID=15622) to work on /home/airflow/.local/lib/python3.7/site-packages/airflow/example_dags/example_subdag_operator.py
[2026-10-01T00:04:19.960+0000] {processor.py:743} INFO - Processing file /home/airflow/.local/lib/python3.7/site-packages/airflow/example_dags/example_subdag_operator.py for tasks to queue
[2026-10-01T00:04:19.962+0000] {logging_mixin.py:137} INFO - [2026-10-01T00:04:19.961+0000] {dagbag.py:538} INFO - Filling up the DagBag from /home/airflow/.local/lib/python3.7/site-packages/airflow/example_dags/example_subdag_operator.py
[2026-10-01T00:04:20.021+0000] {processor.py:753} INFO - DAG(s) dict_keys(['example_subdag_operator.section-1', 'example_subdag_operator.section-2', 'example_subdag_operator']) retrieved from /home/airflow/.local/lib/python3.7/site-packages/airflow/example_dags/example_subdag_operator.py
[2026-10-01T00:04:20.085+0000] {logging_mixin.py:137} INFO - [2026-10-01T00:04:20.084+0000] {dag.py:2676} INFO - Sync 3 DAGs
[2026-10-01T00:04:20.135+0000] {logging_mixin.py:137} INFO - [2026-10-01T00:04:20.135+0000] {dag.py:3427} INFO - Setting next_dagrun for example_subdag_operator to 2022-01-01T00:00:00+00:00, run_after=2022-01-01T00:00:00+00:00
[2026-10-01T00:04:20.142+0000] {logging_mixin.py:137} INFO - [2026-10-01T00:04:20.142+0000] {dag.py:3427} INFO - Setting next_dagrun for example_subdag_operator.section-1 to None, run_after=None
[2026-10-01T00:04:20.144+0000] {logging_mixin.py:137} INFO - [2026-10-01T00:04:20.144+0000] {dag.py:3427} INFO - Setting next_dagrun for example_subdag_operator.section-2 to None, run_after=None
[2026-10-01T00:04:20.158+0000] {logging_mixin.py:137} INFO - [2026-10-01T00:04:20.158+0000] {dag.py:2676} INFO - Sync 2 DAGs
[2026-10-01T00:04:20.169+0000] {logging_mixin.py:137} INFO - [2026-10-01T00:04:20.169+0000] {dag.py:3427} INFO - Setting next_dagrun for example_subdag_operator.section-1 to None, run_after=None
[2026-10-01T00:04:20.169+0000] {logging_mixin.py:137} INFO - [2026-10-01T00:04:20.169+0000] {dag.py:3427} INFO - Setting next_dagrun for example_subdag_operator.section-2 to None, run_after=None
[2026-10-01T00:04:20.184+0000] {processor.py:175} INFO - Processing /home/airflow/.local/lib/python3.7/site-packages/airflow/example_dags/example_subdag_operator.py took 0.232 seconds
[2026-10-01T00:04:51.179+0000] {processor.py:153} INFO - Started process (PID=15701) to work on /home/airflow/.local/lib/python3.7/site-packages/airflow/example_dags/example_subdag_operator.py
[2026-10-01T00:04:51.180+0000] {processor.py:743} INFO - Processing file /home/airflow/.local/lib/python3.7/site-packages/airflow/example_dags/example_subdag_operator.py for tasks to queue
[2026-10-01T00:04:51.181+0000] {logging_mixin.py:137} INFO - [2026-10-01T00:04:51.181+0000] {dagbag.py:538} INFO - Filling up the DagBag from /home/airflow/.local/lib/python3.7/site-packages/airflow/example_dags/example_subdag_operator.py
[2026-10-01T00:04:51.231+0000] {processor.py:753} INFO - DAG(s) dict_keys(['example_subdag_operator.section-1', 'example_subdag_operator.section-2', 'example_subdag_operator']) retrieved from /home/airflow/.local/lib/python3.7/site-packages/airflow/example_dags/example_subdag_operator.py
[2026-10-01T00:04:51.273+0000] {logging_mixin.py:137} INFO - [2026-10-01T00:04:51.273+0000] {dag.py:2676} INFO - Sync 3 DAGs
[2026-10-01T00:04:51.313+0000] {logging_mixin.py:137} INFO - [2026-10-01T00:04:51.313+0000] {dag.py:3427} INFO - Setting next_dagrun for example_subdag_operator to 2022-01-01T00:00:00+00:00, run_after=2022-01-01T00:00:00+00:00
[2026-10-01T00:04:51.319+0000] {logging_mixin.py:137} INFO - [2026-10-01T00:04:51.319+0000] {dag.py:3427} INFO - Setting next_dagrun for example_subdag_operator.section-1 to None, run_after=None
[2026-10-01T00:04:51.321+0000] {logging_mixin.py:137} INFO - [2026-10-01T00:04:51.320+0000] {dag.py:3427} INFO - Setting next_dagrun for example_subdag_operator.section-2 to None, run_after=None
[2026-10-01T00:04:51.333+0000] {logging_mixin.py:137} INFO - [2026-10-01T00:04:51.333+0000] {dag.py:2676} INFO - Sync 2 DAGs
[2026-10-01T00:04:51.343+0000] {logging_mixin.py:137} INFO - [2026-10-01T00:04:51.343+0000] {dag.py:3427} INFO - Setting next_dagrun for example_subdag_operator.section-1 to None, run_after=None
[2026-10-01T00:04:51.343+0000] {logging_mixin.py:137} INFO - [2026-10-01T00:04:51.343+0000] {dag.py:3427} INFO - Setting next_dagrun for example_subdag_operator.section-2 to None, run_after=None
[2026-10-01T00:04:51.360+0000] {processor.py:175} INFO - Processing /home/airflow/.local/lib/python3.7/site-packages/airflow/example_dags/example_subdag_operator.py took 0.186 seconds
[2026-10-01T00:05:21.899+0000] {processor.py:153} INFO - Started process (PID=15780) to work on /home/airflow/.local/lib/python3.7/site-packages/airflow/example_dags/example_subdag_operator.py
[2026-10-01T00:05:21.901+0000] {processor.py:743} INFO - Processing file /home/airflow/.local/lib/python3.7/site-packages/airflow/example_dags/example_subdag_operator.py for tasks to queue
[2026-10-01T00:05:21.902+0000] {logging_mixin.py:137} INFO - [2026-10-01T00:05:21.902+0000] {dagbag.py:538} INFO - Filling up the DagBag from /home/airflow/.local/lib/python3.7/site-packages/airflow/example_dags/example_subdag_operator.py
[2026-10-01T00:05:21.944+0000] {processor.py:753} INFO - DAG(s) dict_keys(['example_subdag_operator.section-1', 'example_subdag_operator.section-2', 'example_subdag_operator']) retrieved from /home/airflow/.local/lib/python3.7/site-packages/airflow/example_dags/example_subdag_operator.py
[2026-10-01T00:05:21.981+0000] {logging_mixin.py:137} INFO - [2026-10-01T00:05:21.980+0000] {dag.py:2676} INFO - Sync 3 DAGs
[2026-10-01T00:05:22.011+0000] {logging_mixin.py:137} INFO - [2026-10-01T00:05:22.011+0000] {dag.py:3427} INFO - Setting next_dagrun for example_subdag_operator to 2022-01-01T00:00:00+00:00, run_after=2022-01-01T00:00:00+00:00
[2026-10-01T00:05:22.015+0000] {logging_mixin.py:137} INFO - [2026-10-01T00:05:22.015+0000] {dag.py:3427} INFO - Setting next_dagrun for example_subdag_operator.section-1 to None, run_after=None
[2026-10-01T00:05:22.016+0000] {logging_mixin.py:137} INFO - [2026-10-01T00:05:22.016+0000] {dag.py:3427} INFO - Setting next_dagrun for example_subdag_operator.section-2 to None, run_after=None
[2026-10-01T00:05:22.026+0000] {logging_mixin.py:137} INFO - [2026-10-01T00:05:22.025+0000] {dag.py:2676} INFO - Sync 2 DAGs
[2026-10-01T00:05:22.034+0000] {logging_mixin.py:137} INFO - [2026-10-01T00:05:22.034+0000] {dag.py:3427} INFO - Setting next_dagrun for example_subdag_operator.section-1 to None, run_after=None
[2026-10-01T00:05:22.034+0000] {logging_mixin.py:137} INFO - [2026-10-01T00:05:22.034+0000] {dag.py:3427} INFO - Setting next_dagrun for example_subdag_operator.section-2 to None, run_after=None
[2026-10-01T00:05:22.046+0000] {processor.py:175} INFO - Processing /home/airflow/.local/lib/python3.7/site-packages/airflow/example_dags/example_subdag_operator.py took 0.151 seconds
[2026-10-01T00:05:52.392+0000] {processor.py:153} INFO - Started process (PID=15866) to work on /home/airflow/.local/lib/python3.7/site-packages/airflow/example_dags/example_subdag_operator.py
[2026-10-01T00:05:52.393+0000] {processor.py:743} INFO - Processing file /home/airflow/.local/lib/python3.7/site-packages/airflow/example_dags/example_subdag_operator.py for tasks to queue
[2026-10-01T00:05:52.393+0000] {logging_mixin.py:137} INFO - [2026-10-01T00:05:52.393+0000] {dagbag.py:538} INFO - Filling up the DagBag from /home/airflow/.local/lib/python3.7/site-packages/airflow/example_dags/example_subdag_operator.py
[2026-10-01T00:05:52.435+0000] {processor.py:753} INFO - DAG(s) dict_keys(['example_subdag_operator.section-1', 'example_subdag_operator.section-2', 'example_subdag_operator']) retrieved from /home/airflow/.local/lib/python3.7/site-packages/airflow/example_dags/example_subdag_operator.py
[2026-10-01T00:05:52.476+0000] {logging_mixin.py:137} INFO - [2026-10-01T00:05:52.476+0000] {dag.py:2676} INFO - Sync 3 DAGs
[2026-10-01T00:05:52.511+0000] {logging_mixin.py:137} INFO - [2026-10-01T00:05:52.511+0000] {dag.py:3427} INFO - Setting next_dagrun for example_subdag_operator to 2022-01-01T00:00:00+00:00, run_after=2022-01-01T00:00:00+00:00
[2026-10-01T00:05:52.518+0000] {logging_mixin.py:137} INFO - [2026-10-01T00:05:52.518+0000] {dag.py:3427} INFO - Setting next_dagrun for example_subdag_operator.section-1 to None, run_after=None
[2026-10-01T00:05:52.520+0000] {logging_mixin.py:137} INFO - [2026-10-01T00:05:52.520+0000] {dag.py:3427} INFO - Setting next_dagrun for example_subdag_operator.section-2 to None, run_after=None
[2026-10-01T00:05:52.530+0000] {logging_mixin.py:137} INFO - [2026-10-01T00:05:52.530+0000] {dag.py:2676} INFO - Sync 2 DAGs
[2026-10-01T00:05:52.537+0000] {logging_mixin.py:137} INFO - [2026-10-01T00:05:52.537+0000] {dag.py:3427} INFO - Setting next_dagrun for example_subdag_operator.section-1 to None, run_after=None
[2026-10-01T00:05:52.538+0000] {logging_mixin.py:137} INFO - [2026-10-01T00:05:52.538+0000] {dag.py:3427} INFO - Setting next_dagrun for example_subdag_operator.section-2 to None, run_after=None
[2026-10-01T00:05:52.551+0000] {processor.py:175} INFO - Processing /home/airflow/.local/lib/python3.7/site-packages/airflow/example_dags/example_subdag_operator.py took 0.163 seconds
[2026-10-01T00:06:22.873+0000] {processor.py:153} INFO - Started process (PID=15958) to work on /home/airflow/.local/lib/python3.7/site-packages/airflow/example_dags/example_subdag_operator.py
[2026-10-01T00:06:22.875+0000] {processor.py:743} INFO - Processing file /home/airflow/.local/lib/python3.7/site-packages/airflow/example_dags/example_subdag_operator.py for tasks to queue
[2026-10-01T00:06:22.876+0000] {logging_mixin.py:137} INFO - [2026-10-01T00:06:22.876+0000] {dagbag.py:538} INFO - Filling up the DagBag from /home/airflow/.local/lib/python3.7/site-packages/airflow/example_dags/example_subdag_operator.py
[2026-10-01T00:06:22.918+0000] {processor.py:753} INFO - DAG(s) dict_keys(['example_subdag_operator.section-1', 'example_subdag_operator.section-2', 'example_subdag_operator']) retrieved from /home/airflow/.local/lib/python3.7/site-packages/airflow/example_dags/example_subdag_operator.py
[2026-10-01T00:06:22.958+0000] {logging_mixin.py:137} INFO - [2026-10-01T00:06:22.957+0000] {dag.py:2676} INFO - Sync 3 DAGs
[2026-10-01T00:06:22.991+0000] {logging_mixin.py:137} INFO - [2026-10-01T00:06:22.991+0000] {dag.py:3427} INFO - Setting next_dagrun for example_subdag_operator to 2022-01-01T00:00:00+00:00, run_after=2022-01-01T00:00:00+00:00
[2026-10-01T00:06:22.996+0000] {logging_mixin.py:137} INFO - [2026-10-01T00:06:22.996+0000] {dag.py:3427} INFO - Setting next_dagrun for example_subdag_operator.section-1 to None, run_after=None
[2026-10-01T00:06:22.997+0000] {logging_mixin.py:137} INFO - [2026-10-01T00:06:22.997+0000] {dag.py:3427} INFO - Setting next_dagrun for example_subdag_operator.section-2 to None, run_after=None
[2026-10-01T00:06:23.005+0000] {logging_mixin.py:137} INFO - [2026-10-01T00:06:23.005+0000] {dag.py:2676} INFO - Sync 2 DAGs
[2026-10-01T00:06:23.012+0000] {logging_mixin.py:137} INFO - [2026-10-01T00:06:23.012+0000] {dag.py:3427} INFO - Setting next_dagrun for example_subdag_operator.section-1 to None, run_after=None
[2026-10-01T00:06:23.012+0000] {logging_mixin.py:137} INFO - [2026-10-01T00:06:23.012+0000] {dag.py:3427} INFO - Setting next_dagrun for example_subdag_operator.section-2 to None, run_after=None
[2026-10-01T00:06:23.025+0000] {processor.py:175} INFO - Processing /home/airflow/.local/lib/python3.7/site-packages/airflow/example_dags/example_subdag_operator.py took 0.155 seconds
[2026-10-01T00:06:53.158+0000] {processor.py:153} INFO - Started process (PID=16037) to work on /home/airflow/.local/lib/python3.7/site-packages/airflow/example_dags/example_subdag_operator.py
[2026-10-01T00:06:53.160+0000] {processor.py:743} INFO - Processing file /home/airflow/.local/lib/python3.7/site-packages/airflow/example_dags/example_subdag_operator.py for tasks to queue
[2026-10-01T00:06:53.160+0000] {logging_mixin.py:137} INFO - [2026-10-01T00:06:53.160+0000] {dagbag.py:538} INFO - Filling up the DagBag from /home/airflow/.local/lib/python3.7/site-packages/airflow/example_dags/example_subdag_operator.py
[2026-10-01T00:06:53.206+0000] {processor.py:753} INFO - DAG(s) dict_keys(['example_subdag_operator.section-1', 'example_subdag_operator.section-2', 'example_subdag_operator']) retrieved from /home/airflow/.local/lib/python3.7/site-packages/airflow/example_dags/example_subdag_operator.py
[2026-10-01T00:06:53.256+0000] {logging_mixin.py:137} INFO - [2026-10-01T00:06:53.256+0000] {dag.py:2676} INFO - Sync 3 DAGs
[2026-10-01T00:06:53.293+0000] {logging_mixin.py:137} INFO - [2026-10-01T00:06:53.293+0000] {dag.py:3427} INFO - Setting next_dagrun for example_subdag_operator to 2022-01-01T00:00:00+00:00, run_after=2022-01-01T00:00:00+00:00
[2026-10-01T00:06:53.299+0000] {logging_mixin.py:137} INFO - [2026-10-01T00:06:53.298+0000] {dag.py:3427} INFO - Setting next_dagrun for example_subdag_operator.section-1 to None, run_after=None
[2026-10-01T00:06:53.301+0000] {logging_mixin.py:137} INFO - [2026-10-01T00:06:53.301+0000] {dag.py:3427} INFO - Setting next_dagrun for example_subdag_operator.section-2 to None, run_after=None
[2026-10-01T00:06:53.314+0000] {logging_mixin.py:137} INFO - [2026-10-01T00:06:53.314+0000] {dag.py:2676} INFO - Sync 2 DAGs
[2026-10-01T00:06:53.323+0000] {logging_mixin.py:137} INFO - [2026-10-01T00:06:53.323+0000] {dag.py:3427} INFO - Setting next_dagrun for example_subdag_operator.section-1 to None, run_after=None
[2026-10-01T00:06:53.324+0000] {logging_mixin.py:137} INFO - [2026-10-01T00:06:53.324+0000] {dag.py:3427} INFO - Setting next_dagrun for example_subdag_operator.section-2 to None, run_after=None
[2026-10-01T00:06:53.339+0000] {processor.py:175} INFO - Processing /home/airflow/.local/lib/python3.7/site-packages/airflow/example_dags/example_subdag_operator.py took 0.186 seconds
[2026-10-01T00:07:23.521+0000] {processor.py:153} INFO - Started process (PID=16116) to work on /home/airflow/.local/lib/python3.7/site-packages/airflow/example_dags/example_subdag_operator.py
[2026-10-01T00:07:23.522+0000] {processor.py:743} INFO - Processing file /home/airflow/.local/lib/python3.7/site-packages/airflow/example_dags/example_subdag_operator.py for tasks to queue
[2026-10-01T00:07:23.523+0000] {logging_mixin.py:137} INFO - [2026-10-01T00:07:23.523+0000] {dagbag.py:538} INFO - Filling up the DagBag from /home/airflow/.local/lib/python3.7/site-packages/airflow/example_dags/example_subdag_operator.py
[2026-10-01T00:07:23.572+0000] {processor.py:753} INFO - DAG(s) dict_keys(['example_subdag_operator.section-1', 'example_subdag_operator.section-2', 'example_subdag_operator']) retrieved from /home/airflow/.local/lib/python3.7/site-packages/airflow/example_dags/example_subdag_operator.py
[2026-10-01T00:07:23.617+0000] {logging_mixin.py:137} INFO - [2026-10-01T00:07:23.617+0000] {dag.py:2676} INFO - Sync 3 DAGs
[2026-10-01T00:07:23.657+0000] {logging_mixin.py:137} INFO - [2026-10-01T00:07:23.657+0000] {dag.py:3427} INFO - Setting next_dagrun for example_subdag_operator to 2022-01-01T00:00:00+00:00, run_after=2022-01-01T00:00:00+00:00
[2026-10-01T00:07:23.664+0000] {logging_mixin.py:137} INFO - [2026-10-01T00:07:23.664+0000] {dag.py:3427} INFO - Setting next_dagrun for example_subdag_operator.section-1 to None, run_after=None
[2026-10-01T00:07:23.669+0000] {logging_mixin.py:137} INFO - [2026-10-01T00:07:23.669+0000] {dag.py:3427} INFO - Setting next_dagrun for example_subdag_operator.section-2 to None, run_after=None
[2026-10-01T00:07:23.705+0000] {logging_mixin.py:137} INFO - [2026-10-01T00:07:23.704+0000] {dag.py:2676} INFO - Sync 2 DAGs
[2026-10-01T00:07:23.722+0000] {logging_mixin.py:137} INFO - [2026-10-01T00:07:23.722+0000] {dag.py:3427} INFO - Setting next_dagrun for example_subdag_operator.section-1 to None, run_after=None
[2026-10-01T00:07:23.722+0000] {logging_mixin.py:137} INFO - [2026-10-01T00:07:23.722+0000] {dag.py:3427} INFO - Setting next_dagrun for example_subdag_operator.section-2 to None, run_after=None
[2026-10-01T00:07:23.752+0000] {processor.py:175} INFO - Processing /home/airflow/.local/lib/python3.7/site-packages/airflow/example_dags/example_subdag_operator.py took 0.235 seconds
[2026-10-01T00:07:53.879+0000] {processor.py:153} INFO - Started process (PID=16204) to work on /home/airflow/.local/lib/python3.7/site-packages/airflow/example_dags/example_subdag_operator.py
[2026-10-01T00:07:53.880+0000] {processor.py:743} INFO - Processing file /home/airflow/.local/lib/python3.7/site-packages/airflow/example_dags/example_subdag_operator.py for tasks to queue
[2026-10-01T00:07:53.882+0000] {logging_mixin.py:137} INFO - [2026-10-01T00:07:53.882+0000] {dagbag.py:538} INFO - Filling up the DagBag from /home/airflow/.local/lib/python3.7/site-packages/airflow/example_dags/example_subdag_operator.py
[2026-10-01T00:07:53.942+0000] {processor.py:753} INFO - DAG(s) dict_keys(['example_subdag_operator.section-1', 'example_subdag_operator.section-2', 'example_subdag_operator']) retrieved from /home/airflow/.local/lib/python3.7/site-packages/airflow/example_dags/example_subdag_operator.py
[2026-10-01T00:07:53.981+0000] {logging_mixin.py:137} INFO - [2026-10-01T00:07:53.981+0000] {dag.py:2676} INFO - Sync 3 DAGs
[2026-10-01T00:07:54.027+0000] {logging_mixin.py:137} INFO - [2026-10-01T00:07:54.027+0000] {dag.py:3427} INFO - Setting next_dagrun for example_subdag_operator to 2022-01-01T00:00:00+00:00, run_after=2022-01-01T00:00:00+00:00
[2026-10-01T00:07:54.031+0000] {logging_mixin.py:137} INFO - [2026-10-01T00:07:54.031+0000] {dag.py:3427} INFO - Setting next_dagrun for example_subdag_operator.section-1 to None, run_after=None
[2026-10-01T00:07:54.032+0000] {logging_mixin.py:137} INFO - [2026-10-01T00:07:54.032+0000] {dag.py:3427} INFO - Setting next_dagrun for example_subdag_operator.section-2 to None, run_after=None
[2026-10-01T00:07:54.043+0000] {logging_mixin.py:137} INFO - [2026-10-01T00:07:54.043+0000] {dag.py:2676} INFO - Sync 2 DAGs
[2026-10-01T00:07:54.054+0000] {logging_mixin.py:137} INFO - [2026-10-01T00:07:54.053+0000] {dag.py:3427} INFO - Setting next_dagrun for example_subdag_operator.section-1 to None, run_after=None
[2026-10-01T00:07:54.054+0000] {logging_mixin.py:137} INFO - [2026-10-01T00:07:54.054+0000] {dag.py:3427} INFO - Setting next_dagrun for example_subdag_operator.section-2 to None, run_after=None
[2026-10-01T00:07:54.073+0000] {processor.py:175} INFO - Processing /home/airflow/.local/lib/python3.7/site-packages/airflow/example_dags/example_subdag_operator.py took 0.200 seconds
[2026-10-01T00:08:24.157+0000] {processor.py:153} INFO - Started process (PID=16294) to work on /home/airflow/.local/lib/python3.7/site-packages/airflow/example_dags/example_subdag_operator.py
[2026-10-01T00:08:24.160+0000] {processor.py:743} INFO - Processing file /home/airflow/.local/lib/python3.7/site-packages/airflow/example_dags/example_subdag_operator.py for tasks to queue
[2026-10-01T00:08:24.161+0000] {logging_mixin.py:137} INFO - [2026-10-01T00:08:24.161+0000] {dagbag.py:538} INFO - Filling up the DagBag from /home/airflow/.local/lib/python3.7/site-packages/airflow/example_dags/example_subdag_operator.py
[2026-10-01T00:08:24.211+0000] {processor.py:753} INFO - DAG(s) dict_keys(['example_subdag_operator.section-1', 'example_subdag_operator.section-2', 'example_subdag_operator']) retrieved from /home/airflow/.local/lib/python3.7/site-packages/airflow/example_dags/example_subdag_operator.py
[2026-10-01T00:08:24.250+0000] {logging_mixin.py:137} INFO - [2026-10-01T00:08:24.250+0000] {dag.py:2676} INFO - Sync 3 DAGs
[2026-10-01T00:08:24.281+0000] {logging_mixin.py:137} INFO - [2026-10-01T00:08:24.281+0000] {dag.py:3427} INFO - Setting next_dagrun for example_subdag_operator to 2022-01-01T00:00:00+00:00, run_after=2022-01-01T00:00:00+00:00
[2026-10-01T00:08:24.285+0000] {logging_mixin.py:137} INFO - [2026-10-01T00:08:24.285+0000] {dag.py:3427} INFO - Setting next_dagrun for example_subdag_operator.section-1 to None, run_after=None
[2026-10-01T00:08:24.286+0000] {logging_mixin.py:137} INFO - [2026-10-01T00:08:24.286+0000] {dag.py:3427} INFO - Setting next_dagrun for example_subdag_operator.section-2 to None, run_after=None
[2026-10-01T00:08:24.294+0000] {logging_mixin.py:137} INFO - [2026-10-01T00:08:24.294+0000] {dag.py:2676} INFO - Sync 2 DAGs
[2026-10-01T00:08:24.300+0000] {logging_mixin.py:137} INFO - [2026-10-01T00:08:24.300+0000] {dag.py:3427} INFO - Setting next_dagrun for example_subdag_operator.section-1 to None, run_after=None
[2026-10-01T00:08:24.301+0000] {logging_mixin.py:137} INFO - [2026-10-01T00:08:24.301+0000] {dag.py:3427} INFO - Setting next_dagrun for example_subdag_operator.section-2 to None, run_after=None
[2026-10-01T00:08:24.312+0000] {processor.py:175} INFO - Processing /home/airflow/.local/lib/python3.7/site-packages/airflow/example_dags/example_subdag_operator.py took 0.161 seconds
[2026-10-01T00:08:54.768+0000] {processor.py:153} INFO - Started process (PID=16373) to work on /home/airflow/.local/lib/python3.7/site-packages/airflow/example_dags/example_subdag_operator.py
[2026-10-01T00:08:54.769+0000] {processor.py:743} INFO - Processing file /home/airflow/.local/lib/python3.7/site-packages/airflow/example_dags/example_subdag_operator.py for tasks to queue
[2026-10-01T00:08:54.770+0000] {logging_mixin.py:137} INFO - [2026-10-01T00:08:54.770+0000] {dagbag.py:538} INFO - Filling up the DagBag from /home/airflow/.local/lib/python3.7/site-packages/airflow/example_dags/example_subdag_operator.py
[2026-10-01T00:08:54.810+0000] {processor.py:753} INFO - DAG(s) dict_keys(['example_subdag_operator.section-1', 'example_subdag_operator.section-2', 'example_subdag_operator']) retrieved from /home/airflow/.local/lib/python3.7/site-packages/airflow/example_dags/example_subdag_operator.py
[2026-10-01T00:08:54.862+0000] {logging_mixin.py:137} INFO - [2026-10-01T00:08:54.861+0000] {dag.py:2676} INFO - Sync 3 DAGs
[2026-10-01T00:08:54.902+0000] {logging_mixin.py:137} INFO - [2026-10-01T00:08:54.901+0000] {dag.py:3427} INFO - Setting next_dagrun for example_subdag_operator to 2022-01-01T00:00:00+00:00, run_after=2022-01-01T00:00:00+00:00
[2026-10-01T00:08:54.908+0000] {logging_mixin.py:137} INFO - [2026-10-01T00:08:54.908+0000] {dag.py:3427} INFO - Setting next_dagrun for example_subdag_operator.section-1 to None, run_after=None
[2026-10-01T00:08:54.910+0000] {logging_mixin.py:137} INFO - [2026-10-01T00:08:54.910+0000] {dag.py:3427} INFO - Setting next_dagrun for example_subdag_operator.section-2 to None, run_after=None
[2026-10-01T00:08:54.918+0000] {logging_mixin.py:137} INFO - [2026-10-01T00:08:54.918+0000] {dag.py:2676} INFO - Sync 2 DAGs
[2026-10-01T00:08:54.924+0000] {logging_mixin.py:137} INFO - [2026-10-01T00:08:54.924+0000] {dag.py:3427} INFO - Setting next_dagrun for example_subdag_operator.section-1 to None, run_after=None
[2026-10-01T00:08:54.924+0000] {logging_mixin.py:137} INFO - [2026-10-01T00:08:54.924+0000] {dag.py:3427} INFO - Setting next_dagrun for example_subdag_operator.section-2 to None, run_after=None
[2026-10-01T00:08:54.936+0000] {processor.py:175} INFO - Processing /home/airflow/.local/lib/python3.7/site-packages/airflow/example_dags/example_subdag_operator.py took 0.172 seconds
[2026-10-01T00:09:25.208+0000] {processor.py:153} INFO - Started process (PID=16452) to work on /home/airflow/.local/lib/python3.7/site-packages/airflow/example_dags/example_subdag_operator.py
[2026-10-01T00:09:25.210+0000] {processor.py:743} INFO - Processing file /home/airflow/.local/lib/python3.7/site-packages/airflow/example_dags/example_subdag_operator.py for tasks to queue
[2026-10-01T00:09:25.211+0000] {logging_mixin.py:137} INFO - [2026-10-01T00:09:25.210+0000] {dagbag.py:538} INFO - Filling up the DagBag from /home/airflow/.local/lib/python3.7/site-packages/airflow/example_dags/example_subdag_operator.py
[2026-10-01T00:09:25.252+0000] {processor.py:753} INFO - DAG(s) dict_keys(['example_subdag_operator.section-1', 'example_subdag_operator.section-2', 'example_subdag_operator']) retrieved from /home/airflow/.local/lib/python3.7/site-packages/airflow/example_dags/example_subdag_operator.py
[2026-10-01T00:09:25.296+0000] {logging_mixin.py:137} INFO - [2026-10-01T00:09:25.296+0000] {dag.py:2676} INFO - Sync 3 DAGs
[2026-10-01T00:09:25.329+0000] {logging_mixin.py:137} INFO - [2026-10-01T00:09:25.329+0000] {dag.py:3427} INFO - Setting next_dagrun for example_subdag_operator to 2022-01-01T00:00:00+00:00, run_after=2022-01-01T00:00:00+00:00
[2026-10-01T00:09:25.334+0000] {logging_mixin.py:137} INFO - [2026-10-01T00:09:25.333+0000] {dag.py:3427} INFO - Setting next_dagrun for example_subdag_operator.section-1 to None, run_after=None
[2026-10-01T00:09:25.335+0000] {logging_mixin.py:137} INFO - [2026-10-01T00:09:25.335+0000] {dag.py:3427} INFO - Setting next_dagrun for example_subdag_operator.section-2 to None, run_after=None
[2026-10-01T00:09:25.346+0000] {logging_mixin.py:137} INFO - [2026-10-01T00:09:25.346+0000] {dag.py:2676} INFO - Sync 2 DAGs
[2026-10-01T00:09:25.355+0000] {logging_mixin.py:137} INFO - [2026-10-01T00:09:25.355+0000] {dag.py:3427} INFO - Setting next_dagrun for example_subdag_operator.section-1 to None, run_after=None
[2026-10-01T00:09:25.355+0000] {logging_mixin.py:137} INFO - [2026-10-01T00:09:25.355+0000] {dag.py:3427} INFO - Setting next_dagrun for example_subdag_operator.section-2 to None, run_after=None
[2026-10-01T00:09:25.368+0000] {processor.py:175} INFO - Processing /home/airflow/.local/lib/python3.7/site-packages/airflow/example_dags/example_subdag_operator.py took 0.165 seconds
[2026-10-01T00:09:56.223+0000] {processor.py:153} INFO - Started process (PID=16551) to work on /home/airflow/.local/lib/python3.7/site-packages/airflow/example_dags/example_subdag_operator.py
[2026-10-01T00:09:56.224+0000] {processor.py:743} INFO - Processing file /home/airflow/.local/lib/python3.7/site-packages/airflow/example_dags/example_subdag_operator.py for tasks to queue
[2026-10-01T00:09:56.225+0000] {logging_mixin.py:137} INFO - [2026-10-01T00:09:56.225+0000] {dagbag.py:538} INFO - Filling up the DagBag from /home/airflow/.local/lib/python3.7/site-packages/airflow/example_dags/example_subdag_operator.py
[2026-10-01T00:09:56.287+0000] {processor.py:753} INFO - DAG(s) dict_keys(['example_subdag_operator.section-1', 'example_subdag_operator.section-2', 'example_subdag_operator']) retrieved from /home/airflow/.local/lib/python3.7/site-packages/airflow/example_dags/example_subdag_operator.py
[2026-10-01T00:09:56.329+0000] {logging_mixin.py:137} INFO - [2026-10-01T00:09:56.329+0000] {dag.py:2676} INFO - Sync 3 DAGs
[2026-10-01T00:09:56.363+0000] {logging_mixin.py:137} INFO - [2026-10-01T00:09:56.363+0000] {dag.py:3427} INFO - Setting next_dagrun for example_subdag_operator to 2022-01-01T00:00:00+00:00, run_after=2022-01-01T00:00:00+00:00
[2026-10-01T00:09:56.367+0000] {logging_mixin.py:137} INFO - [2026-10-01T00:09:56.367+0000] {dag.py:3427} INFO - Setting next_dagrun for example_subdag_operator.section-1 to None, run_after=None
[2026-10-01T00:09:56.369+0000] {logging_mixin.py:137} INFO - [2026-10-01T00:09:56.368+0000] {dag.py:3427} INFO - Setting next_dagrun for example_subdag_operator.section-2 to None, run_after=None
[2026-10-01T00:09:56.377+0000] {logging_mixin.py:137} INFO - [2026-10-01T00:09:56.377+0000] {dag.py:2676} INFO - Sync 2 DAGs
[2026-10-01T00:09:56.383+0000] {logging_mixin.py:137} INFO - [2026-10-01T00:09:56.383+0000] {dag.py:3427} INFO - Setting next_dagrun for example_subdag_operator.section-1 to None, run_after=None
[2026-10-01T00:09:56.383+0000] {logging_mixin.py:137} INFO - [2026-10-01T00:09:56.383+0000] {dag.py:3427} INFO - Setting next_dagrun for example_subdag_operator.section-2 to None, run_after=None
[2026-10-01T00:09:56.396+0000] {processor.py:175} INFO - Processing /home/airflow/.local/lib/python3.7/site-packages/airflow/example_dags/example_subdag_operator.py took 0.179 seconds
[2026-10-01T00:10:26.556+0000] {processor.py:153} INFO - Started process (PID=16630) to work on /home/airflow/.local/lib/python3.7/site-packages/airflow/example_dags/example_subdag_operator.py
[2026-10-01T00:10:26.559+0000] {processor.py:743} INFO - Processing file /home/airflow/.local/lib/python3.7/site-packages/airflow/example_dags/example_subdag_operator.py for tasks to queue
[2026-10-01T00:10:26.560+0000] {logging_mixin.py:137} INFO - [2026-10-01T00:10:26.560+0000] {dagbag.py:538} INFO - Filling up the DagBag from /home/airflow/.local/lib/python3.7/site-packages/airflow/example_dags/example_subdag_operator.py
[2026-10-01T00:10:26.612+0000] {processor.py:753} INFO - DAG(s) dict_keys(['example_subdag_operator.section-1', 'example_subdag_operator.section-2', 'example_subdag_operator']) retrieved from /home/airflow/.local/lib/python3.7/site-packages/airflow/example_dags/example_subdag_operator.py
[2026-10-01T00:10:26.655+0000] {logging_mixin.py:137} INFO - [2026-10-01T00:10:26.655+0000] {dag.py:2676} INFO - Sync 3 DAGs
[2026-10-01T00:10:26.690+0000] {logging_mixin.py:137} INFO - [2026-10-01T00:10:26.689+0000] {dag.py:3427} INFO - Setting next_dagrun for example_subdag_operator to 2022-01-01T00:00:00+00:00, run_after=2022-01-01T00:00:00+00:00
[2026-10-01T00:10:26.695+0000] {logging_mixin.py:137} INFO - [2026-10-01T00:10:26.695+0000] {dag.py:3427} INFO - Setting next_dagrun for example_subdag_operator.section-1 to None, run_after=None
[2026-10-01T00:10:26.697+0000] {logging_mixin.py:137} INFO - [2026-10-01T00:10:26.696+0000] {dag.py:3427} INFO - Setting next_dagrun for example_subdag_operator.section-2 to None, run_after=None
[2026-10-01T00:10:26.707+0000] {logging_mixin.py:137} INFO - [2026-10-01T00:10:26.707+0000] {dag.py:2676} INFO - Sync 2 DAGs
[2026-10-01T00:10:26.717+0000] {logging_mixin.py:137} INFO - [2026-10-01T00:10:26.716+0000] {dag.py:3427} INFO - Setting next_dagrun for example_subdag_operator.section-1 to None, run_after=None
[2026-10-01T00:10:26.717+0000] {logging_mixin.py:137} INFO - [2026-10-01T00:10:26.717+0000] {dag.py:3427} INFO - Setting next_dagrun for example_subdag_operator.section-2 to None, run_after=None
[2026-10-01T00:10:26.732+0000] {processor.py:175} INFO - Processing /home/airflow/.local/lib/python3.7/site-packages/airflow/example_dags/example_subdag_operator.py took 0.182 seconds
[2026-10-01T00:10:57.565+0000] {processor.py:153} INFO - Started process (PID=16709) to work on /home/airflow/.local/lib/python3.7/site-packages/airflow/example_dags/example_subdag_operator.py
[2026-10-01T00:10:57.566+0000] {processor.py:743} INFO - Processing file /home/airflow/.local/lib/python3.7/site-packages/airflow/example_dags/example_subdag_operator.py for tasks to queue
[2026-10-01T00:10:57.567+0000] {logging_mixin.py:137} INFO - [2026-10-01T00:10:57.567+0000] {dagbag.py:538} INFO - Filling up the DagBag from /home/airflow/.local/lib/python3.7/site-packages/airflow/example_dags/example_subdag_operator.py
[2026-10-01T00:10:57.615+0000] {processor.py:753} INFO - DAG(s) dict_keys(['example_subdag_operator.section-1', 'example_subdag_operator.section-2', 'example_subdag_operator']) retrieved from /home/airflow/.local/lib/python3.7/site-packages/airflow/example_dags/example_subdag_operator.py
[2026-10-01T00:10:57.662+0000] {logging_mixin.py:137} INFO - [2026-10-01T00:10:57.662+0000] {dag.py:2676} INFO - Sync 3 DAGs
[2026-10-01T00:10:57.699+0000] {logging_mixin.py:137} INFO - [2026-10-01T00:10:57.699+0000] {dag.py:3427} INFO - Setting next_dagrun for example_subdag_operator to 2022-01-01T00:00:00+00:00, run_after=2022-01-01T00:00:00+00:00
[2026-10-01T00:10:57.703+0000] {logging_mixin.py:137} INFO - [2026-10-01T00:10:57.703+0000] {dag.py:3427} INFO - Setting next_dagrun for example_subdag_operator.section-1 to None, run_after=None
[2026-10-01T00:10:57.704+0000] {logging_mixin.py:137} INFO - [2026-10-01T00:10:57.704+0000] {dag.py:3427} INFO - Setting next_dagrun for example_subdag_operator.section-2 to None, run_after=None
[2026-10-01T00:10:57.712+0000] {logging_mixin.py:137} INFO - [2026-10-01T00:10:57.712+0000] {dag.py:2676} INFO - Sync 2 DAGs
[2026-10-01T00:10:57.718+0000] {logging_mixin.py:137} INFO - [2026-10-01T00:10:57.718+0000] {dag.py:3427} INFO - Setting next_dagrun for example_subdag_operator.section-1 to None, run_after=None
[2026-10-01T00:10:57.718+0000] {logging_mixin.py:137} INFO - [2026-10-01T00:10:57.718+0000] {dag.py:3427} INFO - Setting next_dagrun for example_subdag_operator.section-2 to None, run_after=None
[2026-10-01T00:10:57.729+0000] {processor.py:175} INFO - Processing /home/airflow/.local/lib/python3.7/site-packages/airflow/example_dags/example_subdag_operator.py took 0.168 seconds
[2026-10-01T00:11:28.051+0000] {processor.py:153} INFO - Started process (PID=16788) to work on /home/airflow/.local/lib/python3.7/site-packages/airflow/example_dags/example_subdag_operator.py
[2026-10-01T00:11:28.054+0000] {processor.py:743} INFO - Processing file /home/airflow/.local/lib/python3.7/site-packages/airflow/example_dags/example_subdag_operator.py for tasks to queue
[2026-10-01T00:11:28.056+0000] {logging_mixin.py:137} INFO - [2026-10-01T00:11:28.055+0000] {dagbag.py:538} INFO - Filling up the DagBag from /home/airflow/.local/lib/python3.7/site-packages/airflow/example_dags/example_subdag_operator.py
[2026-10-01T00:11:28.114+0000] {processor.py:753} INFO - DAG(s) dict_keys(['example_subdag_operator.section-1', 'example_subdag_operator.section-2', 'example_subdag_operator']) retrieved from /home/airflow/.local/lib/python3.7/site-packages/airflow/example_dags/example_subdag_operator.py
[2026-10-01T00:11:28.164+0000] {logging_mixin.py:137} INFO - [2026-10-01T00:11:28.164+0000] {dag.py:2676} INFO - Sync 3 DAGs
[2026-10-01T00:11:28.209+0000] {logging_mixin.py:137} INFO - [2026-10-01T00:11:28.209+0000] {dag.py:3427} INFO - Setting next_dagrun for example_subdag_operator to 2022-01-01T00:00:00+00:00, run_after=2022-01-01T00:00:00+00:00
[2026-10-01T00:11:28.214+0000] {logging_mixin.py:137} INFO - [2026-10-01T00:11:28.214+0000] {dag.py:3427} INFO - Setting next_dagrun for example_subdag_operator.section-1 to None, run_after=None
[2026-10-01T00:11:28.216+0000] {logging_mixin.py:137} INFO - [2026-10-01T00:11:28.216+0000] {dag.py:3427} INFO - Setting next_dagrun for example_subdag_operator.section-2 to None, run_after=None
[2026-10-01T00:11:28.227+0000] {logging_mixin.py:137} INFO - [2026-10-01T00:11:28.227+0000] {dag.py:2676} INFO - Sync 2 DAGs
[2026-10-01T00:11:28.235+0000] {logging_mixin.py:137} INFO - [2026-10-01T00:11:28.235+0000] {dag.py:3427} INFO - Setting next_dagrun for example_subdag_operator.section-1 to None, run_after=None
[2026-10-01T00:11:28.235+0000] {logging_mixin.py:137} INFO - [2026-10-01T00:11:28.235+0000] {dag.py:3427} INFO - Setting next_dagrun for example_subdag_operator.section-2 to None, run_after=None
[2026-10-01T00:11:28.251+0000] {processor.py:175} INFO - Processing /home/airflow/.local/lib/python3.7/site-packages/airflow/example_dags/example_subdag_operator.py took 0.206 seconds
[2026-10-01T00:11:58.353+0000] {processor.py:153} INFO - Started process (PID=16876) to work on /home/airflow/.local/lib/python3.7/site-packages/airflow/example_dags/example_subdag_operator.py
[2026-10-01T00:11:58.354+0000] {processor.py:743} INFO - Processing file /home/airflow/.local/lib/python3.7/site-packages/airflow/example_dags/example_subdag_operator.py for tasks to queue
[2026-10-01T00:11:58.354+0000] {logging_mixin.py:137} INFO - [2026-10-01T00:11:58.354+0000] {dagbag.py:538} INFO - Filling up the DagBag from /home/airflow/.local/lib/python3.7/site-packages/airflow/example_dags/example_subdag_operator.py
[2026-10-01T00:11:58.398+0000] {processor.py:753} INFO - DAG(s) dict_keys(['example_subdag_operator.section-1', 'example_subdag_operator.section-2', 'example_subdag_operator']) retrieved from /home/airflow/.local/lib/python3.7/site-packages/airflow/example_dags/example_subdag_operator.py
[2026-10-01T00:11:58.436+0000] {logging_mixin.py:137} INFO - [2026-10-01T00:11:58.435+0000] {dag.py:2676} INFO - Sync 3 DAGs
[2026-10-01T00:11:58.468+0000] {logging_mixin.py:137} INFO - [2026-10-01T00:11:58.468+0000] {dag.py:3427} INFO - Setting next_dagrun for example_subdag_operator to 2022-01-01T00:00:00+00:00, run_after=2022-01-01T00:00:00+00:00
[2026-10-01T00:11:58.472+0000] {logging_mixin.py:137} INFO - [2026-10-01T00:11:58.472+0000] {dag.py:3427} INFO - Setting next_dagrun for example_subdag_operator.section-1 to None, run_after=None
[2026-10-01T00:11:58.473+0000] {logging_mixin.py:137} INFO - [2026-10-01T00:11:58.473+0000] {dag.py:3427} INFO - Setting next_dagrun for example_subdag_operator.section-2 to None, run_after=None
[2026-10-01T00:11:58.482+0000] {logging_mixin.py:137} INFO - [2026-10-01T00:11:58.481+0000] {dag.py:2676} INFO - Sync 2 DAGs
[2026-10-01T00:11:58.488+0000] {logging_mixin.py:137} INFO - [2026-10-01T00:11:58.488+0000] {dag.py:3427} INFO - Setting next_dagrun for example_subdag_operator.section-1 to None, run_after=None
[2026-10-01T00:11:58.488+0000] {logging_mixin.py:137} INFO - [2026-10-01T00:11:58.488+0000] {dag.py:3427} INFO - Setting next_dagrun for example_subdag_operator.section-2 to None, run_after=None
[2026-10-01T00:11:58.503+0000] {processor.py:175} INFO - Processing /home/airflow/.local/lib/python3.7/site-packages/airflow/example_dags/example_subdag_operator.py took 0.154 seconds
