[2026-10-01T00:00:14.614+0000] {processor.py:153} INFO - Started process (PID=14952) to work on /home/airflow/.local/lib/python3.7/site-packages/airflow/example_dags/example_trigger_controller_dag.py
[2026-10-01T00:00:14.615+0000] {processor.py:743} INFO - Processing file /home/airflow/.local/lib/python3.7/site-packages/airflow/example_dags/example_trigger_controller_dag.py for tasks to queue
[2026-10-01T00:00:14.615+0000] {logging_mixin.py:137} INFO - [2026-10-01T00:00:14.615+0000] {dagbag.py:538} INFO - Filling up the DagBag from /home/airflow/.local/lib/python3.7/site-packages/airflow/example_dags/example_trigger_controller_dag.py
[2026-10-01T00:00:14.625+0000] {processor.py:753} INFO - DAG(s) dict_keys(['example_trigger_controller_dag']) retrieved from /home/airflow/.local/lib/python3.7/site-packages/airflow/example_dags/example_trigger_controller_dag.py
[2026-10-01T00:00:14.661+0000] {logging_mixin.py:137} INFO - [2026-10-01T00:00:14.661+0000] {dag.py:2676} INFO - Sync 1 DAGs
[2026-10-01T00:00:14.685+0000] {logging_mixin.py:137} INFO - [2026-10-01T00:00:14.685+0000] {dag.py:3427} INFO - Setting next_dagrun for example_trigger_controller_dag to 2021-01-01T00:00:00+00:00, run_after=2021-01-01T00:00:00+00:00
[2026-10-01T00:00:14.701+0000] {processor.py:175} INFO - Processing /home/airflow/.local/lib/python3.7/site-packages/airflow/example_dags/example_trigger_controller_dag.py took 0.090 seconds
[2026-10-01T00:00:45.514+0000] {processor.py:153} INFO - Started process (PID=15031) to work on /home/airflow/.local/lib/python3.7/site-packages/airflow/example_dags/example_trigger_controller_dag.py
[2026-10-01T00:00:45.515+0000] {processor.py:743} INFO - Processing file /home/airflow/.local/lib/python3.7/site-packages/airflow/example_dags/example_trigger_controller_dag.py for tasks to queue
[2026-10-01T00:00:45.516+0000] {logging_mixin.py:137} INFO - [2026-10-01T00:00:45.515+0000] {dagbag.py:538} INFO - Filling up the DagBag from /home/airflow/.local/lib/python3.7/site-packages/airflow/example_dags/example_trigger_controller_dag.py
[2026-10-01T00:00:45.533+0000] {processor.py:753} INFO - DAG(s) dict_keys(['example_trigger_controller_dag']) retrieved from /home/airflow/.local/lib/python3.7/site-packages/airflow/example_dags/example_trigger_controller_dag.py
[2026-10-01T00:00:45.585+0000] {logging_mixin.py:137} INFO - [2026-10-01T00:00:45.585+0000] {dag.py:2676} INFO - Sync 1 DAGs
[2026-10-01T00:00:45.625+0000] {logging_mixin.py:137} INFO - [2026-10-01T00:00:45.625+0000] {dag.py:3427} INFO - Setting next_dagrun for example_trigger_controller_dag to 2021-01-01T00:00:00+00:00, run_after=2021-01-01T00:00:00+00:00
[2026-10-01T00:00:45.651+0000] {processor.py:175} INFO - Processing /home/airflow/.local/lib/python3.7/site-packages/airflow/example_dags/example_trigger_controller_dag.py took 0.141 seconds
[2026-10-01T00:01:16.338+0000] {processor.py:153} INFO - Started process (PID=15110) to work on /home/airflow/.local/lib/python3.7/site-packages/airflow/example_dags/example_trigger_controller_dag.py
[2026-10-01T00:01:16.339+0000] {processor.py:743} INFO - Processing file /home/airflow/.local/lib/python3.7/site-packages/airflow/example_dags/example_trigger_controller_dag.py for tasks to queue
[2026-10-01T00:01:16.340+0000] {logging_mixin.py:137} INFO - [2026-10-01T00:01:16.340+0000] {dagbag.py:538} INFO - Filling up the DagBag from /home/airflow/.local/lib/python3.7/site-packages/airflow/example_dags/example_trigger_controller_dag.py
[2026-10-01T00:01:16.365+0000] {processor.py:753} INFO - DAG(s) dict_keys(['example_trigger_controller_dag']) retrieved from /home/airflow/.local/lib/python3.7/site-packages/airflow/example_dags/example_trigger_controller_dag.py
[2026-10-01T00:01:16.450+0000] {logging_mixin.py:137} INFO - [2026-10-01T00:01:16.450+0000] {dag.py:2676} INFO - Sync 1 DAGs
[2026-10-01T00:01:16.483+0000] {logging_mixin.py:137} INFO - [2026-10-01T00:01:16.483+0000] {dag.py:3427} INFO - Setting next_dagrun for example_trigger_controller_dag to 2021-01-01T00:00:00+00:00, run_after=2021-01-01T00:00:00+00:00
[2026-10-01T00:01:16.502+0000] {processor.py:175} INFO - Processing /home/airflow/.local/lib/python3.7/site-packages/airflow/example_dags/example_trigger_controller_dag.py took 0.170 seconds
[2026-10-01T00:01:47.243+0000] {processor.py:153} INFO - Started process (PID=15195) to work on /home/airflow/.local/lib/python3.7/site-packages/airflow/example_dags/example_trigger_controller_dag.py
[2026-10-01T00:01:47.244+0000] {processor.py:743} INFO - Processing file /home/airflow/.local/lib/python3.7/site-packages/airflow/example_dags/example_trigger_controller_dag.py for tasks to queue
[2026-10-01T00:01:47.245+0000] {logging_mixin.py:137} INFO - [2026-10-01T00:01:47.244+0000] {dagbag.py:538} INFO - Filling up the DagBag from /home/airflow/.local/lib/python3.7/site-packages/airflow/example_dags/example_trigger_controller_dag.py
[2026-10-01T00:01:47.260+0000] {processor.py:753} INFO - DAG(s) dict_keys(['example_trigger_controller_dag']) retrieved from /home/airflow/.local/lib/python3.7/site-packages/airflow/example_dags/example_trigger_controller_dag.py
[2026-10-01T00:01:47.311+0000] {logging_mixin.py:137} INFO - [2026-10-01T00:01:47.311+0000] {dag.py:2676} INFO - Sync 1 DAGs
[2026-10-01T00:01:47.348+0000] {logging_mixin.py:137} INFO - [2026-10-01T00:01:47.347+0000] {dag.py:3427} INFO - Setting next_dagrun for example_trigger_controller_dag to 2021-01-01T00:00:00+00:00, run_after=2021-01-01T00:00:00+00:00
[2026-10-01T00:01:47.367+0000] {processor.py:175} INFO - Processing /home/airflow/.local/lib/python3.7/site-packages/airflow/example_dags/example_trigger_controller_dag.py took 0.128 seconds
[2026-10-01T00:02:18.029+0000] {processor.py:153} INFO - Started process (PID=15288) to work on /home/airflow/.local/lib/python3.7/site-packages/airflow/example_dags/example_trigger_controller_dag.py
[2026-10-01T00:02:18.030+0000] {processor.py:743} INFO - Processing file /home/airflow/.local/lib/python3.7/site-packages/airflow/example_dags/example_trigger_controller_dag.py for tasks to queue
[2026-10-01T00:02:18.031+0000] {logging_mixin.py:137} INFO - [2026-10-01T00:02:18.031+0000] {dagbag.py:538} INFO - Filling up the DagBag from /home/airflow/.local/lib/python3.7/site-packages/airflow/example_dags/example_trigger_controller_dag.py
[2026-10-01T00:02:18.047+0000] {processor.py:753} INFO - DAG(s) dict_keys(['example_trigger_controller_dag']) retrieved from /home/airflow/.local/lib/python3.7/site-packages/airflow/example_dags/example_trigger_controller_dag.py
[2026-10-01T00:02:18.097+0000] {logging_mixin.py:137} INFO - [2026-10-01T00:02:18.096+0000] {dag.py:2676} INFO - Sync 1 DAGs
[2026-10-01T00:02:18.143+0000] {logging_mixin.py:137} INFO - [2026-10-01T00:02:18.143+0000] {dag.py:3427} INFO - Setting next_dagrun for example_trigger_controller_dag to 2021-01-01T00:00:00+00:00, run_after=2021-01-01T00:00:00+00:00
[2026-10-01T00:02:18.164+0000] {processor.py:175} INFO - Processing /home/airflow/.local/lib/python3.7/site-packages/airflow/example_dags/example_trigger_controller_dag.py took 0.138 seconds
[2026-10-01T00:02:48.997+0000] {processor.py:153} INFO - Started process (PID=15367) to work on /home/airflow/.local/lib/python3.7/site-packages/airflow/example_dags/example_trigger_controller_dag.py
[2026-10-01T00:02:48.999+0000] {processor.py:743} INFO - Processing file /home/airflow/.local/lib/python3.7/site-packages/airflow/example_dags/example_trigger_controller_dag.py for tasks to queue
[2026-10-01T00:02:49.000+0000] {logging_mixin.py:137} INFO - [2026-10-01T00:02:49.000+0000] {dagbag.py:538} INFO - Filling up the DagBag from /home/airflow/.local/lib/python3.7/site-packages/airflow/example_dags/example_trigger_controller_dag.py
[2026-10-01T00:02:49.023+0000] {processor.py:753} INFO - DAG(s) dict_keys(['example_trigger_controller_dag']) retrieved from /home/airflow/.local/lib/python3.7/site-packages/airflow/example_dags/example_trigger_controller_dag.py
[2026-10-01T00:02:49.089+0000] {logging_mixin.py:137} INFO - [2026-10-01T00:02:49.089+0000] {dag.py:2676} INFO - Sync 1 DAGs
[2026-10-01T00:02:49.136+0000] {logging_mixin.py:137} INFO - [2026-10-01T00:02:49.136+0000] {dag.py:3427} INFO - Setting next_dagrun for example_trigger_controller_dag to 2021-01-01T00:00:00+00:00, run_after=2021-01-01T00:00:00+00:00
[2026-10-01T00:02:49.170+0000] {processor.py:175} INFO - Processing /home/airflow/.local/lib/python3.7/site-packages/airflow/example_dags/example_trigger_controller_dag.py took 0.178 seconds
[2026-10-01T00:03:19.519+0000] {processor.py:153} INFO - Started process (PID=15446) to work on /home/airflow/.local/lib/python3.7/site-packages/airflow/example_dags/example_trigger_controller_dag.py
[2026-10-01T00:03:19.521+0000] {processor.py:743} INFO - Processing file /home/airflow/.local/lib/python3.7/site-packages/airflow/example_dags/example_trigger_controller_dag.py for tasks to queue
[2026-10-01T00:03:19.522+0000] {logging_mixin.py:137} INFO - [2026-10-01T00:03:19.521+0000] {dagbag.py:538} INFO - Filling up the DagBag from /home/airflow/.local/lib/python3.7/site-packages/airflow/example_dags/example_trigger_controller_dag.py
[2026-10-01T00:03:19.545+0000] {processor.py:753} INFO - DAG(s) dict_keys(['example_trigger_controller_dag']) retrieved from /home/airflow/.local/lib/python3.7/site-packages/airflow/example_dags/example_trigger_controller_dag.py
[2026-10-01T00:03:19.605+0000] {logging_mixin.py:137} INFO - [2026-10-01T00:03:19.605+0000] {dag.py:2676} INFO - Sync 1 DAGs
[2026-10-01T00:03:19.646+0000] {logging_mixin.py:137} INFO - [2026-10-01T00:03:19.646+0000] {dag.py:3427} INFO - Setting next_dagrun for example_trigger_controller_dag to 2021-01-01T00:00:00+00:00, run_after=2021-01-01T00:00:00+00:00
[2026-10-01T00:03:19.679+0000] {processor.py:175} INFO - Processing /home/airflow/.local/lib/python3.7/site-packages/airflow/example_dags/example_trigger_controller_dag.py took 0.166 seconds
[2026-10-01T00:03:49.731+0000] {processor.py:153} INFO - Started process (PID=15525) to work on /home/airflow/.local/lib/python3.7/site-packages/airflow/example_dags/example_trigger_controller_dag.py
[2026-10-01T00:03:49.732+0000] {processor.py:743} INFO - Processing file /home/airflow/.local/lib/python3.7/site-packages/airflow/example_dags/example_trigger_controller_dag.py for tasks to queue
[2026-10-01T00:03:49.733+0000] {logging_mixin.py:137} INFO - [2026-10-01T00:03:49.733+0000] {dagbag.py:538} INFO - Filling up the DagBag from /home/airflow/.local/lib/python3.7/site-packages/airflow/example_dags/example_trigger_controller_dag.py
[2026-10-01T00:03:49.750+0000] {processor.py:753} INFO - DAG(s) dict_keys(['example_trigger_controller_dag']) retrieved from /home/airflow/.local/lib/python3.7/site-packages/airflow/example_dags/example_trigger_controller_dag.py
[2026-10-01T00:03:49.799+0000] {logging_mixin.py:137} INFO - [2026-10-01T00:03:49.799+0000] {dag.py:2676} INFO - Sync 1 DAGs
[2026-10-01T00:03:49.832+0000] {logging_mixin.py:137} INFO - [2026-10-01T00:03:49.831+0000] {dag.py:3427} INFO - Setting next_dagrun for example_trigger_controller_dag to 2021-01-01T00:00:00+00:00, run_after=2021-01-01T00:00:00+00:00
[2026-10-01T00:03:49.852+0000] {processor.py:175} INFO - Processing /home/airflow/.local/lib/python3.7/site-packages/airflow/example_dags/example_trigger_controller_dag.py took 0.125 seconds
[2026-10-01T00:04:20.211+0000] {processor.py:153} INFO - Started process (PID=15624) to work on /home/airflow/.local/lib/python3.7/site-packages/airflow/example_dags/example_trigger_controller_dag.py
[2026-10-01T00:04:20.212+0000] {processor.py:743} INFO - Processing file /home/airflow/.local/lib/python3.7/site-packages/airflow/example_dags/example_trigger_controller_dag.py for tasks to queue
[2026-10-01T00:04:20.213+0000] {logging_mixin.py:137} INFO - [2026-10-01T00:04:20.213+0000] {dagbag.py:538} INFO - Filling up the DagBag from /home/airflow/.local/lib/python3.7/site-packages/airflow/example_dags/example_trigger_controller_dag.py
[2026-10-01T00:04:20.229+0000] {processor.py:753} INFO - DAG(s) dict_keys(['example_trigger_controller_dag']) retrieved from /home/airflow/.local/lib/python3.7/site-packages/airflow/example_dags/example_trigger_controller_dag.py
[2026-10-01T00:04:20.282+0000] {logging_mixin.py:137} INFO - [2026-10-01T00:04:20.281+0000] {dag.py:2676} INFO - Sync 1 DAGs
[2026-10-01T00:04:20.315+0000] {logging_mixin.py:137} INFO - [2026-10-01T00:04:20.315+0000] {dag.py:3427} INFO - Setting next_dagrun for example_trigger_controller_dag to 2021-01-01T00:00:00+00:00, run_after=2021-01-01T00:00:00+00:00
[2026-10-01T00:04:20.336+0000] {processor.py:175} INFO - Processing /home/airflow/.local/lib/python3.7/site-packages/airflow/example_dags/example_trigger_controller_dag.py took 0.129 seconds
[2026-10-01T00:04:51.393+0000] {processor.py:153} INFO - Started process (PID=15703) to work on /home/airflow/.local/lib/python3.7/site-packages/airflow/example_dags/example_trigger_controller_dag.py
[2026-10-01T00:04:51.394+0000] {processor.py:743} INFO - Processing file /home/airflow/.local/lib/python3.7/site-packages/airflow/example_dags/example_trigger_controller_dag.py for tasks to queue
[2026-10-01T00:04:51.395+0000] {logging_mixin.py:137} INFO - [2026-10-01T00:04:51.394+0000] {dagbag.py:538} INFO - Filling up the DagBag from /home/airflow/.local/lib/python3.7/site-packages/airflow/example_dags/example_trigger_controller_dag.py
[2026-10-01T00:04:51.409+0000] {processor.py:753} INFO - DAG(s) dict_keys(['example_trigger_controller_dag']) retrieved from /home/airflow/.local/lib/python3.7/site-packages/airflow/example_dags/example_trigger_controller_dag.py
[2026-10-01T00:04:51.459+0000] {logging_mixin.py:137} INFO - [2026-10-01T00:04:51.459+0000] {dag.py:2676} INFO - Sync 1 DAGs
[2026-10-01T00:04:51.494+0000] {logging_mixin.py:137} INFO - [2026-10-01T00:04:51.494+0000] {dag.py:3427} INFO - Setting next_dagrun for example_trigger_controller_dag to 2021-01-01T00:00:00+00:00, run_after=2021-01-01T00:00:00+00:00
[2026-10-01T00:04:51.522+0000] {processor.py:175} INFO - Processing /home/airflow/.local/lib/python3.7/site-packages/airflow/example_dags/example_trigger_controller_dag.py took 0.133 seconds
[2026-10-01T00:05:22.080+0000] {processor.py:153} INFO - Started process (PID=15782) to work on /home/airflow/.local/lib/python3.7/site-packages/airflow/example_dags/example_trigger_controller_dag.py
[2026-10-01T00:05:22.081+0000] {processor.py:743} INFO - Processing file /home/airflow/.local/lib/python3.7/site-packages/airflow/example_dags/example_trigger_controller_dag.py for tasks to queue
[2026-10-01T00:05:22.082+0000] {logging_mixin.py:137} INFO - [2026-10-01T00:05:22.082+0000] {dagbag.py:538} INFO - Filling up the DagBag from /home/airflow/.local/lib/python3.7/site-packages/airflow/example_dags/example_trigger_controller_dag.py
[2026-10-01T00:05:22.102+0000] {processor.py:753} INFO - DAG(s) dict_keys(['example_trigger_controller_dag']) retrieved from /home/airflow/.local/lib/python3.7/site-packages/airflow/example_dags/example_trigger_controller_dag.py
[2026-10-01T00:05:22.148+0000] {logging_mixin.py:137} INFO - [2026-10-01T00:05:22.148+0000] {dag.py:2676} INFO - Sync 1 DAGs
[2026-10-01T00:05:22.188+0000] {logging_mixin.py:137} INFO - [2026-10-01T00:05:22.188+0000] {dag.py:3427} INFO - Setting next_dagrun for example_trigger_controller_dag to 2021-01-01T00:00:00+00:00, run_after=2021-01-01T00:00:00+00:00
[2026-10-01T00:05:22.218+0000] {processor.py:175} INFO - Processing /home/airflow/.local/lib/python3.7/site-packages/airflow/example_dags/example_trigger_controller_dag.py took 0.142 seconds
[2026-10-01T00:05:52.573+0000] {processor.py:153} INFO - Started process (PID=15870) to work on /home/airflow/.local/lib/python3.7/site-packages/airflow/example_dags/example_trigger_controller_dag.py
[2026-10-01T00:05:52.574+0000] {processor.py:743} INFO - Processing file /home/airflow/.local/lib/python3.7/site-packages/airflow/example_dags/example_trigger_controller_dag.py for tasks to queue
[2026-10-01T00:05:52.575+0000] {logging_mixin.py:137} INFO - [2026-10-01T00:05:52.575+0000] {dagbag.py:538} INFO - Filling up the DagBag from /home/airflow/.local/lib/python3.7/site-packages/airflow/example_dags/example_trigger_controller_dag.py
[2026-10-01T00:05:52.590+0000] {processor.py:753} INFO - DAG(s) dict_keys(['example_trigger_controller_dag']) retrieved from /home/airflow/.local/lib/python3.7/site-packages/airflow/example_dags/example_trigger_controller_dag.py
[2026-10-01T00:05:52.646+0000] {logging_mixin.py:137} INFO - [2026-10-01T00:05:52.645+0000] {dag.py:2676} INFO - Sync 1 DAGs
[2026-10-01T00:05:52.679+0000] {logging_mixin.py:137} INFO - [2026-10-01T00:05:52.678+0000] {dag.py:3427} INFO - Setting next_dagrun for example_trigger_controller_dag to 2021-01-01T00:00:00+00:00, run_after=2021-01-01T00:00:00+00:00
[2026-10-01T00:05:52.701+0000] {processor.py:175} INFO - Processing /home/airflow/.local/lib/python3.7/site-packages/airflow/example_dags/example_trigger_controller_dag.py took 0.131 seconds
[2026-10-01T00:06:23.059+0000] {processor.py:153} INFO - Started process (PID=15960) to work on /home/airflow/.local/lib/python3.7/site-packages/airflow/example_dags/example_trigger_controller_dag.py
[2026-10-01T00:06:23.060+0000] {processor.py:743} INFO - Processing file /home/airflow/.local/lib/python3.7/site-packages/airflow/example_dags/example_trigger_controller_dag.py for tasks to queue
[2026-10-01T00:06:23.061+0000] {logging_mixin.py:137} INFO - [2026-10-01T00:06:23.061+0000] {dagbag.py:538} INFO - Filling up the DagBag from /home/airflow/.local/lib/python3.7/site-packages/airflow/example_dags/example_trigger_controller_dag.py
[2026-10-01T00:06:23.084+0000] {processor.py:753} INFO - DAG(s) dict_keys(['example_trigger_controller_dag']) retrieved from /home/airflow/.local/lib/python3.7/site-packages/airflow/example_dags/example_trigger_controller_dag.py
[2026-10-01T00:06:23.145+0000] {logging_mixin.py:137} INFO - [2026-10-01T00:06:23.145+0000] {dag.py:2676} INFO - Sync 1 DAGs
[2026-10-01T00:06:23.177+0000] {logging_mixin.py:137} INFO - [2026-10-01T00:06:23.177+0000] {dag.py:3427} INFO - Setting next_dagrun for example_trigger_controller_dag to 2021-01-01T00:00:00+00:00, run_after=2021-01-01T00:00:00+00:00
[2026-10-01T00:06:23.201+0000] {processor.py:175} INFO - Processing /home/airflow/.local/lib/python3.7/site-packages/airflow/example_dags/example_trigger_controller_dag.py took 0.146 seconds
[2026-10-01T00:06:53.371+0000] {processor.py:153} INFO - Started process (PID=16039) to work on /home/airflow/.local/lib/python3.7/site-packages/airflow/example_dags/example_trigger_controller_dag.py
[2026-10-01T00:06:53.372+0000] {processor.py:743} INFO - Processing file /home/airflow/.local/lib/python3.7/site-packages/airflow/example_dags/example_trigger_controller_dag.py for tasks to queue
[2026-10-01T00:06:53.373+0000] {logging_mixin.py:137} INFO - [2026-10-01T00:06:53.373+0000] {dagbag.py:538} INFO - Filling up the DagBag from /home/airflow/.local/lib/python3.7/site-packages/airflow/example_dags/example_trigger_controller_dag.py
[2026-10-01T00:06:53.390+0000] {processor.py:753} INFO - DAG(s) dict_keys(['example_trigger_controller_dag']) retrieved from /home/airflow/.local/lib/python3.7/site-packages/airflow/example_dags/example_trigger_controller_dag.py
[2026-10-01T00:06:53.441+0000] {logging_mixin.py:137} INFO - [2026-10-01T00:06:53.440+0000] {dag.py:2676} INFO - Sync 1 DAGs
[2026-10-01T00:06:53.473+0000] {logging_mixin.py:137} INFO - [2026-10-01T00:06:53.473+0000] {dag.py:3427} INFO - Setting next_dagrun for example_trigger_controller_dag to 2021-01-01T00:00:00+00:00, run_after=2021-01-01T00:00:00+00:00
[2026-10-01T00:06:53.497+0000] {processor.py:175} INFO - Processing /home/airflow/.local/lib/python3.7/site-packages/airflow/example_dags/example_trigger_controller_dag.py took 0.131 seconds
[2026-10-01T00:07:23.746+0000] {processor.py:153} INFO - Started process (PID=16118) to work on /home/airflow/.local/lib/python3.7/site-packages/airflow/example_dags/example_trigger_controller_dag.py
[2026-10-01T00:07:23.748+0000] {processor.py:743} INFO - Processing file /home/airflow/.local/lib/python3.7/site-packages/airflow/example_dags/example_trigger_controller_dag.py for tasks to queue
[2026-10-01T00:07:23.749+0000] {logging_mixin.py:137} INFO - [2026-10-01T00:07:23.749+0000] {dagbag.py:538} INFO - Filling up the DagBag from /home/airflow/.local/lib/python3.7/site-packages/airflow/example_dags/example_trigger_controller_dag.py
[2026-10-01T00:07:23.768+0000] {processor.py:753} INFO - DAG(s) dict_keys(['example_trigger_controller_dag']) retrieved from /home/airflow/.local/lib/python3.7/site-packages/airflow/example_dags/example_trigger_controller_dag.py
[2026-10-01T00:07:23.818+0000] {logging_mixin.py:137} INFO - [2026-10-01T00:07:23.818+0000] {dag.py:2676} INFO - Sync 1 DAGs
[2026-10-01T00:07:23.850+0000] {logging_mixin.py:137} INFO - [2026-10-01T00:07:23.850+0000] {dag.py:3427} INFO - Setting next_dagrun for example_trigger_controller_dag to 2021-01-01T00:00:00+00:00, run_after=2021-01-01T00:00:00+00:00
[2026-10-01T00:07:23.872+0000] {processor.py:175} INFO - Processing /home/airflow/.local/lib/python3.7/site-packages/airflow/example_dags/example_trigger_controller_dag.py took 0.134 seconds
[2026-10-01T00:07:54.103+0000] {processor.py:153} INFO - Started process (PID=16206) to work on /home/airflow/.local/lib/python3.7/site-packages/airflow/example_dags/example_trigger_controller_dag.py
[2026-10-01T00:07:54.104+0000] {processor.py:743} INFO - Processing file /home/airflow/.local/lib/python3.7/site-packages/airflow/example_dags/example_trigger_controller_dag.py for tasks to queue
[2026-10-01T00:07:54.105+0000] {logging_mixin.py:137} INFO - [2026-10-01T00:07:54.105+0000] {dagbag.py:538} INFO - Filling up the DagBag from /home/airflow/.local/lib/python3.7/site-packages/airflow/example_dags/example_trigger_controller_dag.py
[2026-10-01T00:07:54.121+0000] {processor.py:753} INFO - DAG(s) dict_keys(['example_trigger_controller_dag']) retrieved from /home/airflow/.local/lib/python3.7/site-packages/airflow/example_dags/example_trigger_controller_dag.py
[2026-10-01T00:07:54.186+0000] {logging_mixin.py:137} INFO - [2026-10-01T00:07:54.186+0000] {dag.py:2676} INFO - Sync 1 DAGs
[2026-10-01T00:07:54.220+0000] {logging_mixin.py:137} INFO - [2026-10-01T00:07:54.220+0000] {dag.py:3427} INFO - Setting next_dagrun for example_trigger_controller_dag to 2021-01-01T00:00:00+00:00, run_after=2021-01-01T00:00:00+00:00
[2026-10-01T00:07:54.242+0000] {processor.py:175} INFO - Processing /home/airflow/.local/lib/python3.7/site-packages/airflow/example_dags/example_trigger_controller_dag.py took 0.143 seconds
[2026-10-01T00:08:24.333+0000] {processor.py:153} INFO - Started process (PID=16296) to work on /home/airflow/.local/lib/python3.7/site-packages/airflow/example_dags/example_trigger_controller_dag.py
[2026-10-01T00:08:24.334+0000] {processor.py:743} INFO - Processing file /home/airflow/.local/lib/python3.7/site-packages/airflow/example_dags/example_trigger_controller_dag.py for tasks to queue
[2026-10-01T00:08:24.335+0000] {logging_mixin.py:137} INFO - [2026-10-01T00:08:24.334+0000] {dagbag.py:538} INFO - Filling up the DagBag from /home/airflow/.local/lib/python3.7/site-packages/airflow/example_dags/example_trigger_controller_dag.py
[2026-10-01T00:08:24.350+0000] {processor.py:753} INFO - DAG(s) dict_keys(['example_trigger_controller_dag']) retrieved from /home/airflow/.local/lib/python3.7/site-packages/airflow/example_dags/example_trigger_controller_dag.py
[2026-10-01T00:08:24.405+0000] {logging_mixin.py:137} INFO - [2026-10-01T00:08:24.404+0000] {dag.py:2676} INFO - Sync 1 DAGs
[2026-10-01T00:08:24.449+0000] {logging_mixin.py:137} INFO - [2026-10-01T00:08:24.448+0000] {dag.py:3427} INFO - Setting next_dagrun for example_trigger_controller_dag to 2021-01-01T00:00:00+00:00, run_after=2021-01-01T00:00:00+00:00
[2026-10-01T00:08:24.469+0000] {processor.py:175} INFO - Processing /home/airflow/.local/lib/python3.7/site-packages/airflow/example_dags/example_trigger_controller_dag.py took 0.139 seconds
[2026-10-01T00:08:54.952+0000] {processor.py:153} INFO - Started process (PID=16375) to work on /home/airflow/.local/lib/python3.7/site-packages/airflow/example_dags/example_trigger_controller_dag.py
[2026-10-01T00:08:54.953+0000] {processor.py:743} INFO - Processing file /home/airflow/.local/lib/python3.7/site-packages/airflow/example_dags/example_trigger_controller_dag.py for tasks to queue
[2026-10-01T00:08:54.954+0000] {logging_mixin.py:137} INFO - [2026-10-01T00:08:54.954+0000] {dagbag.py:538} INFO - Filling up the DagBag from /home/airflow/.local/lib/python3.7/site-packages/airflow/example_dags/example_trigger_controller_dag.py
[2026-10-01T00:08:54.968+0000] {processor.py:753} INFO - DAG(s) dict_keys(['example_trigger_controller_dag']) retrieved from /home/airflow/.local/lib/python3.7/site-packages/airflow/example_dags/example_trigger_controller_dag.py
[2026-10-01T00:08:55.015+0000] {logging_mixin.py:137} INFO - [2026-10-01T00:08:55.014+0000] {dag.py:2676} INFO - Sync 1 DAGs
[2026-10-01T00:08:55.049+0000] {logging_mixin.py:137} INFO - [2026-10-01T00:08:55.049+0000] {dag.py:3427} INFO - Setting next_dagrun for example_trigger_controller_dag to 2021-01-01T00:00:00+00:00, run_after=2021-01-01T00:00:00+00:00
[2026-10-01T00:08:55.069+0000] {processor.py:175} INFO - Processing /home/airflow/.local/lib/python3.7/site-packages/airflow/example_dags/example_trigger_controller_dag.py took 0.120 seconds
[2026-10-01T00:09:25.404+0000] {processor.py:153} INFO - Started process (PID=16454) to work on /home/airflow/.local/lib/python3.7/site-packages/airflow/example_dags/example_trigger_controller_dag.py
[2026-10-01T00:09:25.406+0000] {processor.py:743} INFO - Processing file /home/airflow/.local/lib/python3.7/site-packages/airflow/example_dags/example_trigger_controller_dag.py for tasks to queue
[2026-10-01T00:09:25.407+0000] {logging_mixin.py:137} INFO - [2026-10-01T00:09:25.406+0000] {dagbag.py:538} INFO - Filling up the DagBag from /home/airflow/.local/lib/python3.7/site-packages/airflow/example_dags/example_trigger_controller_dag.py
[2026-10-01T00:09:25.431+0000] {processor.py:753} INFO - DAG(s) dict_keys(['example_trigger_controller_dag']) retrieved from /home/airflow/.local/lib/python3.7/site-packages/airflow/example_dags/example_trigger_controller_dag.py
[2026-10-01T00:09:25.493+0000] {logging_mixin.py:137} INFO - [2026-10-01T00:09:25.493+0000] {dag.py:2676} INFO - Sync 1 DAGs
[2026-10-01T00:09:25.528+0000] {logging_mixin.py:137} INFO - [2026-10-01T00:09:25.528+0000] {dag.py:3427} INFO - Setting next_dagrun for example_trigger_controller_dag to 2021-01-01T00:00:00+00:00, run_after=2021-01-01T00:00:00+00:00
[2026-10-01T00:09:25.560+0000] {processor.py:175} INFO - Processing /home/airflow/.local/lib/python3.7/site-packages/airflow/example_dags/example_trigger_controller_dag.py took 0.161 seconds
[2026-10-01T00:09:56.430+0000] {processor.py:153} INFO - Started process (PID=16553) to work on /home/airflow/.local/lib/python3.7/site-packages/airflow/example_dags/example_trigger_controller_dag.py
[2026-10-01T00:09:56.432+0000] {processor.py:743} INFO - Processing file /home/airflow/.local/lib/python3.7/site-packages/airflow/example_dags/example_trigger_controller_dag.py for tasks to queue
[2026-10-01T00:09:56.432+0000] {logging_mixin.py:137} INFO - [2026-10-01T00:09:56.432+0000] {dagbag.py:538} INFO - Filling up the DagBag from /home/airflow/.local/lib/python3.7/site-packages/airflow/example_dags/example_trigger_controller_dag.py
[2026-10-01T00:09:56.447+0000] {processor.py:753} INFO - DAG(s) dict_keys(['example_trigger_controller_dag']) retrieved from /home/airflow/.local/lib/python3.7/site-packages/airflow/example_dags/example_trigger_controller_dag.py
[2026-10-01T00:09:56.496+0000] {logging_mixin.py:137} INFO - [2026-10-01T00:09:56.496+0000] {dag.py:2676} INFO - Sync 1 DAGs
[2026-10-01T00:09:56.529+0000] {logging_mixin.py:137} INFO - [2026-10-01T00:09:56.529+0000] {dag.py:3427} INFO - Setting next_dagrun for example_trigger_controller_dag to 2021-01-01T00:00:00+00:00, run_after=2021-01-01T00:00:00+00:00
[2026-10-01T00:09:56.551+0000] {processor.py:175} INFO - Processing /home/airflow/.local/lib/python3.7/site-packages/airflow/example_dags/example_trigger_controller_dag.py took 0.124 seconds
[2026-10-01T00:10:26.765+0000] {processor.py:153} INFO - Started process (PID=16632) to work on /home/airflow/.local/lib/python3.7/site-packages/airflow/example_dags/example_trigger_controller_dag.py
[2026-10-01T00:10:26.766+0000] {processor.py:743} INFO - Processing file /home/airflow/.local/lib/python3.7/site-packages/airflow/example_dags/example_trigger_controller_dag.py for tasks to queue
[2026-10-01T00:10:26.766+0000] {logging_mixin.py:137} INFO - [2026-10-01T00:10:26.766+0000] {dagbag.py:538} INFO - Filling up the DagBag from /home/airflow/.local/lib/python3.7/site-packages/airflow/example_dags/example_trigger_controller_dag.py
[2026-10-01T00:10:26.782+0000] {processor.py:753} INFO - DAG(s) dict_keys(['example_trigger_controller_dag']) retrieved from /home/airflow/.local/lib/python3.7/site-packages/airflow/example_dags/example_trigger_controller_dag.py
[2026-10-01T00:10:26.830+0000] {logging_mixin.py:137} INFO - [2026-10-01T00:10:26.830+0000] {dag.py:2676} INFO - Sync 1 DAGs
[2026-10-01T00:10:26.869+0000] {logging_mixin.py:137} INFO - [2026-10-01T00:10:26.869+0000] {dag.py:3427} INFO - Setting next_dagrun for example_trigger_controller_dag to 2021-01-01T00:00:00+00:00, run_after=2021-01-01T00:00:00+00:00
[2026-10-01T00:10:26.891+0000] {processor.py:175} INFO - Processing /home/airflow/.local/lib/python3.7/site-packages/airflow/example_dags/example_trigger_controller_dag.py took 0.130 seconds
[2026-10-01T00:10:57.754+0000] {processor.py:153} INFO - Started process (PID=16711) to work on /home/airflow/.local/lib/python3.7/site-packages/airflow/example_dags/example_trigger_controller_dag.py
[2026-10-01T00:10:57.755+0000] {processor.py:743} INFO - Processing file /home/airflow/.local/lib/python3.7/site-packages/airflow/example_dags/example_trigger_controller_dag.py for tasks to queue
[2026-10-01T00:10:57.756+0000] {logging_mixin.py:137} INFO - [2026-10-01T00:10:57.756+0000] {dagbag.py:538} INFO - Filling up the DagBag from /home/airflow/.local/lib/python3.7/site-packages/airflow/example_dags/example_trigger_controller_dag.py
[2026-10-01T00:10:57.775+0000] {processor.py:753} INFO - DAG(s) dict_keys(['example_trigger_controller_dag']) retrieved from /home/airflow/.local/lib/python3.7/site-packages/airflow/example_dags/example_trigger_controller_dag.py
[2026-10-01T00:10:57.840+0000] {logging_mixin.py:137} INFO - [2026-10-01T00:10:57.840+0000] {dag.py:2676} INFO - Sync 1 DAGs
[2026-10-01T00:10:57.887+0000] {logging_mixin.py:137} INFO - [2026-10-01T00:10:57.887+0000] {dag.py:3427} INFO - Setting next_dagrun for example_trigger_controller_dag to 2021-01-01T00:00:00+00:00, run_after=2021-01-01T00:00:00+00:00
[2026-10-01T00:10:57.918+0000] {processor.py:175} INFO - Processing /home/airflow/.local/lib/python3.7/site-packages/airflow/example_dags/example_trigger_controller_dag.py took 0.167 seconds
[2026-10-01T00:11:28.261+0000] {processor.py:153} INFO - Started process (PID=16790) to work on /home/airflow/.local/lib/python3.7/site-packages/airflow/example_dags/example_trigger_controller_dag.py
[2026-10-01T00:11:28.262+0000] {processor.py:743} INFO - Processing file /home/airflow/.local/lib/python3.7/site-packages/airflow/example_dags/example_trigger_controller_dag.py for tasks to queue
[2026-10-01T00:11:28.263+0000] {logging_mixin.py:137} INFO - [2026-10-01T00:11:28.262+0000] {dagbag.py:538} INFO - Filling up the DagBag from /home/airflow/.local/lib/python3.7/site-packages/airflow/example_dags/example_trigger_controller_dag.py
[2026-10-01T00:11:28.281+0000] {processor.py:753} INFO - DAG(s) dict_keys(['example_trigger_controller_dag']) retrieved from /home/airflow/.local/lib/python3.7/site-packages/airflow/example_dags/example_trigger_controller_dag.py
[2026-10-01T00:11:28.333+0000] {logging_mixin.py:137} INFO - [2026-10-01T00:11:28.333+0000] {dag.py:2676} INFO - Sync 1 DAGs
[2026-10-01T00:11:28.368+0000] {logging_mixin.py:137} INFO - [2026-10-01T00:11:28.367+0000] {dag.py:3427} INFO - Setting next_dagrun for example_trigger_controller_dag to 2021-01-01T00:00:00+00:00, run_after=2021-01-01T00:00:00+00:00
[2026-10-01T00:11:28.393+0000] {processor.py:175} INFO - Processing /home/airflow/.local/lib/python3.7/site-packages/airflow/example_dags/example_trigger_controller_dag.py took 0.136 seconds
[2026-10-01T00:11:58.543+0000] {processor.py:153} INFO - Started process (PID=16878) to work on /home/airflow/.local/lib/python3.7/site-packages/airflow/example_dags/example_trigger_controller_dag.py
[2026-10-01T00:11:58.544+0000] {processor.py:743} INFO - Processing file /home/airflow/.local/lib/python3.7/site-packages/airflow/example_dags/example_trigger_controller_dag.py for tasks to queue
[2026-10-01T00:11:58.545+0000] {logging_mixin.py:137} INFO - [2026-10-01T00:11:58.545+0000] {dagbag.py:538} INFO - Filling up the DagBag from /home/airflow/.local/lib/python3.7/site-packages/airflow/example_dags/example_trigger_controller_dag.py
[2026-10-01T00:11:58.564+0000] {processor.py:753} INFO - DAG(s) dict_keys(['example_trigger_controller_dag']) retrieved from /home/airflow/.local/lib/python3.7/site-packages/airflow/example_dags/example_trigger_controller_dag.py
[2026-10-01T00:11:58.614+0000] {logging_mixin.py:137} INFO - [2026-10-01T00:11:58.614+0000] {dag.py:2676} INFO - Sync 1 DAGs
[2026-10-01T00:11:58.652+0000] {logging_mixin.py:137} INFO - [2026-10-01T00:11:58.652+0000] {dag.py:3427} INFO - Setting next_dagrun for example_trigger_controller_dag to 2021-01-01T00:00:00+00:00, run_after=2021-01-01T00:00:00+00:00
[2026-10-01T00:11:58.676+0000] {processor.py:175} INFO - Processing /home/airflow/.local/lib/python3.7/site-packages/airflow/example_dags/example_trigger_controller_dag.py took 0.139 seconds
[2026-10-01T00:12:29.441+0000] {processor.py:153} INFO - Started process (PID=16968) to work on /home/airflow/.local/lib/python3.7/site-packages/airflow/example_dags/example_trigger_controller_dag.py
[2026-10-01T00:12:29.442+0000] {processor.py:743} INFO - Processing file /home/airflow/.local/lib/python3.7/site-packages/airflow/example_dags/example_trigger_controller_dag.py for tasks to queue
[2026-10-01T00:12:29.443+0000] {logging_mixin.py:137} INFO - [2026-10-01T00:12:29.442+0000] {dagbag.py:538} INFO - Filling up the DagBag from /home/airflow/.local/lib/python3.7/site-packages/airflow/example_dags/example_trigger_controller_dag.py
[2026-10-01T00:12:29.460+0000] {processor.py:753} INFO - DAG(s) dict_keys(['example_trigger_controller_dag']) retrieved from /home/airflow/.local/lib/python3.7/site-packages/airflow/example_dags/example_trigger_controller_dag.py
[2026-10-01T00:12:29.513+0000] {logging_mixin.py:137} INFO - [2026-10-01T00:12:29.513+0000] {dag.py:2676} INFO - Sync 1 DAGs
[2026-10-01T00:12:29.548+0000] {logging_mixin.py:137} INFO - [2026-10-01T00:12:29.548+0000] {dag.py:3427} INFO - Setting next_dagrun for example_trigger_controller_dag to 2021-01-01T00:00:00+00:00, run_after=2021-01-01T00:00:00+00:00
[2026-10-01T00:12:29.570+0000] {processor.py:175} INFO - Processing /home/airflow/.local/lib/python3.7/site-packages/airflow/example_dags/example_trigger_controller_dag.py took 0.133 seconds
[2026-10-01T00:12:59.768+0000] {processor.py:153} INFO - Started process (PID=17047) to work on /home/airflow/.local/lib/python3.7/site-packages/airflow/example_dags/example_trigger_controller_dag.py
[2026-10-01T00:12:59.770+0000] {processor.py:743} INFO - Processing file /home/airflow/.local/lib/python3.7/site-packages/airflow/example_dags/example_trigger_controller_dag.py for tasks to queue
[2026-10-01T00:12:59.771+0000] {logging_mixin.py:137} INFO - [2026-10-01T00:12:59.770+0000] {dagbag.py:538} INFO - Filling up the DagBag from /home/airflow/.local/lib/python3.7/site-packages/airflow/example_dags/example_trigger_controller_dag.py
[2026-10-01T00:12:59.795+0000] {processor.py:753} INFO - DAG(s) dict_keys(['example_trigger_controller_dag']) retrieved from /home/airflow/.local/lib/python3.7/site-packages/airflow/example_dags/example_trigger_controller_dag.py
[2026-10-01T00:12:59.874+0000] {logging_mixin.py:137} INFO - [2026-10-01T00:12:59.873+0000] {dag.py:2676} INFO - Sync 1 DAGs
[2026-10-01T00:12:59.921+0000] {logging_mixin.py:137} INFO - [2026-10-01T00:12:59.921+0000] {dag.py:3427} INFO - Setting next_dagrun for example_trigger_controller_dag to 2021-01-01T00:00:00+00:00, run_after=2021-01-01T00:00:00+00:00
[2026-10-01T00:12:59.955+0000] {processor.py:175} INFO - Processing /home/airflow/.local/lib/python3.7/site-packages/airflow/example_dags/example_trigger_controller_dag.py took 0.194 seconds
[2026-10-01T00:13:30.652+0000] {processor.py:153} INFO - Started process (PID=17126) to work on /home/airflow/.local/lib/python3.7/site-packages/airflow/example_dags/example_trigger_controller_dag.py
[2026-10-01T00:13:30.653+0000] {processor.py:743} INFO - Processing file /home/airflow/.local/lib/python3.7/site-packages/airflow/example_dags/example_trigger_controller_dag.py for tasks to queue
[2026-10-01T00:13:30.653+0000] {logging_mixin.py:137} INFO - [2026-10-01T00:13:30.653+0000] {dagbag.py:538} INFO - Filling up the DagBag from /home/airflow/.local/lib/python3.7/site-packages/airflow/example_dags/example_trigger_controller_dag.py
[2026-10-01T00:13:30.671+0000] {processor.py:753} INFO - DAG(s) dict_keys(['example_trigger_controller_dag']) retrieved from /home/airflow/.local/lib/python3.7/site-packages/airflow/example_dags/example_trigger_controller_dag.py
[2026-10-01T00:13:30.725+0000] {logging_mixin.py:137} INFO - [2026-10-01T00:13:30.724+0000] {dag.py:2676} INFO - Sync 1 DAGs
[2026-10-01T00:13:30.759+0000] {logging_mixin.py:137} INFO - [2026-10-01T00:13:30.759+0000] {dag.py:3427} INFO - Setting next_dagrun for example_trigger_controller_dag to 2021-01-01T00:00:00+00:00, run_after=2021-01-01T00:00:00+00:00
[2026-10-01T00:13:30.783+0000] {processor.py:175} INFO - Processing /home/airflow/.local/lib/python3.7/site-packages/airflow/example_dags/example_trigger_controller_dag.py took 0.136 seconds
[2026-10-01T00:14:00.937+0000] {processor.py:153} INFO - Started process (PID=17225) to work on /home/airflow/.local/lib/python3.7/site-packages/airflow/example_dags/example_trigger_controller_dag.py
[2026-10-01T00:14:00.938+0000] {processor.py:743} INFO - Processing file /home/airflow/.local/lib/python3.7/site-packages/airflow/example_dags/example_trigger_controller_dag.py for tasks to queue
[2026-10-01T00:14:00.939+0000] {logging_mixin.py:137} INFO - [2026-10-01T00:14:00.939+0000] {dagbag.py:538} INFO - Filling up the DagBag from /home/airflow/.local/lib/python3.7/site-packages/airflow/example_dags/example_trigger_controller_dag.py
[2026-10-01T00:14:00.960+0000] {processor.py:753} INFO - DAG(s) dict_keys(['example_trigger_controller_dag']) retrieved from /home/airflow/.local/lib/python3.7/site-packages/airflow/example_dags/example_trigger_controller_dag.py
[2026-10-01T00:14:01.031+0000] {logging_mixin.py:137} INFO - [2026-10-01T00:14:01.031+0000] {dag.py:2676} INFO - Sync 1 DAGs
[2026-10-01T00:14:01.070+0000] {logging_mixin.py:137} INFO - [2026-10-01T00:14:01.069+0000] {dag.py:3427} INFO - Setting next_dagrun for example_trigger_controller_dag to 2021-01-01T00:00:00+00:00, run_after=2021-01-01T00:00:00+00:00
[2026-10-01T00:14:01.094+0000] {processor.py:175} INFO - Processing /home/airflow/.local/lib/python3.7/site-packages/airflow/example_dags/example_trigger_controller_dag.py took 0.162 seconds
[2026-10-01T00:14:31.796+0000] {processor.py:153} INFO - Started process (PID=17304) to work on /home/airflow/.local/lib/python3.7/site-packages/airflow/example_dags/example_trigger_controller_dag.py
[2026-10-01T00:14:31.797+0000] {processor.py:743} INFO - Processing file /home/airflow/.local/lib/python3.7/site-packages/airflow/example_dags/example_trigger_controller_dag.py for tasks to queue
[2026-10-01T00:14:31.797+0000] {logging_mixin.py:137} INFO - [2026-10-01T00:14:31.797+0000] {dagbag.py:538} INFO - Filling up the DagBag from /home/airflow/.local/lib/python3.7/site-packages/airflow/example_dags/example_trigger_controller_dag.py
[2026-10-01T00:14:31.814+0000] {processor.py:753} INFO - DAG(s) dict_keys(['example_trigger_controller_dag']) retrieved from /home/airflow/.local/lib/python3.7/site-packages/airflow/example_dags/example_trigger_controller_dag.py
[2026-10-01T00:14:31.866+0000] {logging_mixin.py:137} INFO - [2026-10-01T00:14:31.866+0000] {dag.py:2676} INFO - Sync 1 DAGs
[2026-10-01T00:14:31.900+0000] {logging_mixin.py:137} INFO - [2026-10-01T00:14:31.900+0000] {dag.py:3427} INFO - Setting next_dagrun for example_trigger_controller_dag to 2021-01-01T00:00:00+00:00, run_after=2021-01-01T00:00:00+00:00
[2026-10-01T00:14:31.921+0000] {processor.py:175} INFO - Processing /home/airflow/.local/lib/python3.7/site-packages/airflow/example_dags/example_trigger_controller_dag.py took 0.129 seconds
[2026-10-01T00:15:02.230+0000] {processor.py:153} INFO - Started process (PID=17383) to work on /home/airflow/.local/lib/python3.7/site-packages/airflow/example_dags/example_trigger_controller_dag.py
[2026-10-01T00:15:02.232+0000] {processor.py:743} INFO - Processing file /home/airflow/.local/lib/python3.7/site-packages/airflow/example_dags/example_trigger_controller_dag.py for tasks to queue
[2026-10-01T00:15:02.233+0000] {logging_mixin.py:137} INFO - [2026-10-01T00:15:02.232+0000] {dagbag.py:538} INFO - Filling up the DagBag from /home/airflow/.local/lib/python3.7/site-packages/airflow/example_dags/example_trigger_controller_dag.py
[2026-10-01T00:15:02.249+0000] {processor.py:753} INFO - DAG(s) dict_keys(['example_trigger_controller_dag']) retrieved from /home/airflow/.local/lib/python3.7/site-packages/airflow/example_dags/example_trigger_controller_dag.py
[2026-10-01T00:15:02.302+0000] {logging_mixin.py:137} INFO - [2026-10-01T00:15:02.302+0000] {dag.py:2676} INFO - Sync 1 DAGs
[2026-10-01T00:15:02.339+0000] {logging_mixin.py:137} INFO - [2026-10-01T00:15:02.339+0000] {dag.py:3427} INFO - Setting next_dagrun for example_trigger_controller_dag to 2021-01-01T00:00:00+00:00, run_after=2021-01-01T00:00:00+00:00
[2026-10-01T00:15:02.359+0000] {processor.py:175} INFO - Processing /home/airflow/.local/lib/python3.7/site-packages/airflow/example_dags/example_trigger_controller_dag.py took 0.133 seconds
[2026-10-01T00:15:32.513+0000] {processor.py:153} INFO - Started process (PID=17462) to work on /home/airflow/.local/lib/python3.7/site-packages/airflow/example_dags/example_trigger_controller_dag.py
[2026-10-01T00:15:32.514+0000] {processor.py:743} INFO - Processing file /home/airflow/.local/lib/python3.7/site-packages/airflow/example_dags/example_trigger_controller_dag.py for tasks to queue
[2026-10-01T00:15:32.515+0000] {logging_mixin.py:137} INFO - [2026-10-01T00:15:32.515+0000] {dagbag.py:538} INFO - Filling up the DagBag from /home/airflow/.local/lib/python3.7/site-packages/airflow/example_dags/example_trigger_controller_dag.py
[2026-10-01T00:15:32.532+0000] {processor.py:753} INFO - DAG(s) dict_keys(['example_trigger_controller_dag']) retrieved from /home/airflow/.local/lib/python3.7/site-packages/airflow/example_dags/example_trigger_controller_dag.py
[2026-10-01T00:15:32.583+0000] {logging_mixin.py:137} INFO - [2026-10-01T00:15:32.583+0000] {dag.py:2676} INFO - Sync 1 DAGs
[2026-10-01T00:15:32.615+0000] {logging_mixin.py:137} INFO - [2026-10-01T00:15:32.615+0000] {dag.py:3427} INFO - Setting next_dagrun for example_trigger_controller_dag to 2021-01-01T00:00:00+00:00, run_after=2021-01-01T00:00:00+00:00
[2026-10-01T00:15:32.635+0000] {processor.py:175} INFO - Processing /home/airflow/.local/lib/python3.7/site-packages/airflow/example_dags/example_trigger_controller_dag.py took 0.129 seconds
[2026-10-01T00:16:03.125+0000] {processor.py:153} INFO - Started process (PID=17561) to work on /home/airflow/.local/lib/python3.7/site-packages/airflow/example_dags/example_trigger_controller_dag.py
[2026-10-01T00:16:03.126+0000] {processor.py:743} INFO - Processing file /home/airflow/.local/lib/python3.7/site-packages/airflow/example_dags/example_trigger_controller_dag.py for tasks to queue
[2026-10-01T00:16:03.128+0000] {logging_mixin.py:137} INFO - [2026-10-01T00:16:03.127+0000] {dagbag.py:538} INFO - Filling up the DagBag from /home/airflow/.local/lib/python3.7/site-packages/airflow/example_dags/example_trigger_controller_dag.py
[2026-10-01T00:16:03.145+0000] {processor.py:753} INFO - DAG(s) dict_keys(['example_trigger_controller_dag']) retrieved from /home/airflow/.local/lib/python3.7/site-packages/airflow/example_dags/example_trigger_controller_dag.py
[2026-10-01T00:16:03.206+0000] {logging_mixin.py:137} INFO - [2026-10-01T00:16:03.205+0000] {dag.py:2676} INFO - Sync 1 DAGs
[2026-10-01T00:16:03.243+0000] {logging_mixin.py:137} INFO - [2026-10-01T00:16:03.243+0000] {dag.py:3427} INFO - Setting next_dagrun for example_trigger_controller_dag to 2021-01-01T00:00:00+00:00, run_after=2021-01-01T00:00:00+00:00
[2026-10-01T00:16:03.265+0000] {processor.py:175} INFO - Processing /home/airflow/.local/lib/python3.7/site-packages/airflow/example_dags/example_trigger_controller_dag.py took 0.144 seconds
[2026-10-01T00:16:34.292+0000] {processor.py:153} INFO - Started process (PID=17640) to work on /home/airflow/.local/lib/python3.7/site-packages/airflow/example_dags/example_trigger_controller_dag.py
[2026-10-01T00:16:34.293+0000] {processor.py:743} INFO - Processing file /home/airflow/.local/lib/python3.7/site-packages/airflow/example_dags/example_trigger_controller_dag.py for tasks to queue
[2026-10-01T00:16:34.294+0000] {logging_mixin.py:137} INFO - [2026-10-01T00:16:34.293+0000] {dagbag.py:538} INFO - Filling up the DagBag from /home/airflow/.local/lib/python3.7/site-packages/airflow/example_dags/example_trigger_controller_dag.py
[2026-10-01T00:16:34.310+0000] {processor.py:753} INFO - DAG(s) dict_keys(['example_trigger_controller_dag']) retrieved from /home/airflow/.local/lib/python3.7/site-packages/airflow/example_dags/example_trigger_controller_dag.py
[2026-10-01T00:16:34.362+0000] {logging_mixin.py:137} INFO - [2026-10-01T00:16:34.361+0000] {dag.py:2676} INFO - Sync 1 DAGs
[2026-10-01T00:16:34.401+0000] {logging_mixin.py:137} INFO - [2026-10-01T00:16:34.401+0000] {dag.py:3427} INFO - Setting next_dagrun for example_trigger_controller_dag to 2021-01-01T00:00:00+00:00, run_after=2021-01-01T00:00:00+00:00
[2026-10-01T00:16:34.425+0000] {processor.py:175} INFO - Processing /home/airflow/.local/lib/python3.7/site-packages/airflow/example_dags/example_trigger_controller_dag.py took 0.137 seconds
[2026-10-01T00:17:05.013+0000] {processor.py:153} INFO - Started process (PID=17719) to work on /home/airflow/.local/lib/python3.7/site-packages/airflow/example_dags/example_trigger_controller_dag.py
[2026-10-01T00:17:05.014+0000] {processor.py:743} INFO - Processing file /home/airflow/.local/lib/python3.7/site-packages/airflow/example_dags/example_trigger_controller_dag.py for tasks to queue
[2026-10-01T00:17:05.015+0000] {logging_mixin.py:137} INFO - [2026-10-01T00:17:05.014+0000] {dagbag.py:538} INFO - Filling up the DagBag from /home/airflow/.local/lib/python3.7/site-packages/airflow/example_dags/example_trigger_controller_dag.py
[2026-10-01T00:17:05.035+0000] {processor.py:753} INFO - DAG(s) dict_keys(['example_trigger_controller_dag']) retrieved from /home/airflow/.local/lib/python3.7/site-packages/airflow/example_dags/example_trigger_controller_dag.py
[2026-10-01T00:17:05.102+0000] {logging_mixin.py:137} INFO - [2026-10-01T00:17:05.102+0000] {dag.py:2676} INFO - Sync 1 DAGs
[2026-10-01T00:17:05.136+0000] {logging_mixin.py:137} INFO - [2026-10-01T00:17:05.135+0000] {dag.py:3427} INFO - Setting next_dagrun for example_trigger_controller_dag to 2021-01-01T00:00:00+00:00, run_after=2021-01-01T00:00:00+00:00
[2026-10-01T00:17:05.168+0000] {processor.py:175} INFO - Processing /home/airflow/.local/lib/python3.7/site-packages/airflow/example_dags/example_trigger_controller_dag.py took 0.159 seconds
[2026-10-01T00:17:35.268+0000] {processor.py:153} INFO - Started process (PID=17798) to work on /home/airflow/.local/lib/python3.7/site-packages/airflow/example_dags/example_trigger_controller_dag.py
[2026-10-01T00:17:35.269+0000] {processor.py:743} INFO - Processing file /home/airflow/.local/lib/python3.7/site-packages/airflow/example_dags/example_trigger_controller_dag.py for tasks to queue
[2026-10-01T00:17:35.270+0000] {logging_mixin.py:137} INFO - [2026-10-01T00:17:35.270+0000] {dagbag.py:538} INFO - Filling up the DagBag from /home/airflow/.local/lib/python3.7/site-packages/airflow/example_dags/example_trigger_controller_dag.py
[2026-10-01T00:17:35.296+0000] {processor.py:753} INFO - DAG(s) dict_keys(['example_trigger_controller_dag']) retrieved from /home/airflow/.local/lib/python3.7/site-packages/airflow/example_dags/example_trigger_controller_dag.py
[2026-10-01T00:17:35.355+0000] {logging_mixin.py:137} INFO - [2026-10-01T00:17:35.354+0000] {dag.py:2676} INFO - Sync 1 DAGs
[2026-10-01T00:17:35.389+0000] {logging_mixin.py:137} INFO - [2026-10-01T00:17:35.389+0000] {dag.py:3427} INFO - Setting next_dagrun for example_trigger_controller_dag to 2021-01-01T00:00:00+00:00, run_after=2021-01-01T00:00:00+00:00
[2026-10-01T00:17:35.414+0000] {processor.py:175} INFO - Processing /home/airflow/.local/lib/python3.7/site-packages/airflow/example_dags/example_trigger_controller_dag.py took 0.153 seconds
[2026-10-01T00:18:05.660+0000] {processor.py:153} INFO - Started process (PID=17897) to work on /home/airflow/.local/lib/python3.7/site-packages/airflow/example_dags/example_trigger_controller_dag.py
[2026-10-01T00:18:05.661+0000] {processor.py:743} INFO - Processing file /home/airflow/.local/lib/python3.7/site-packages/airflow/example_dags/example_trigger_controller_dag.py for tasks to queue
[2026-10-01T00:18:05.662+0000] {logging_mixin.py:137} INFO - [2026-10-01T00:18:05.662+0000] {dagbag.py:538} INFO - Filling up the DagBag from /home/airflow/.local/lib/python3.7/site-packages/airflow/example_dags/example_trigger_controller_dag.py
[2026-10-01T00:18:05.689+0000] {processor.py:753} INFO - DAG(s) dict_keys(['example_trigger_controller_dag']) retrieved from /home/airflow/.local/lib/python3.7/site-packages/airflow/example_dags/example_trigger_controller_dag.py
[2026-10-01T00:18:05.749+0000] {logging_mixin.py:137} INFO - [2026-10-01T00:18:05.748+0000] {dag.py:2676} INFO - Sync 1 DAGs
[2026-10-01T00:18:05.785+0000] {logging_mixin.py:137} INFO - [2026-10-01T00:18:05.784+0000] {dag.py:3427} INFO - Setting next_dagrun for example_trigger_controller_dag to 2021-01-01T00:00:00+00:00, run_after=2021-01-01T00:00:00+00:00
[2026-10-01T00:18:05.810+0000] {processor.py:175} INFO - Processing /home/airflow/.local/lib/python3.7/site-packages/airflow/example_dags/example_trigger_controller_dag.py took 0.154 seconds
[2026-10-01T00:18:36.134+0000] {processor.py:153} INFO - Started process (PID=17976) to work on /home/airflow/.local/lib/python3.7/site-packages/airflow/example_dags/example_trigger_controller_dag.py
[2026-10-01T00:18:36.136+0000] {processor.py:743} INFO - Processing file /home/airflow/.local/lib/python3.7/site-packages/airflow/example_dags/example_trigger_controller_dag.py for tasks to queue
[2026-10-01T00:18:36.137+0000] {logging_mixin.py:137} INFO - [2026-10-01T00:18:36.137+0000] {dagbag.py:538} INFO - Filling up the DagBag from /home/airflow/.local/lib/python3.7/site-packages/airflow/example_dags/example_trigger_controller_dag.py
[2026-10-01T00:18:36.162+0000] {processor.py:753} INFO - DAG(s) dict_keys(['example_trigger_controller_dag']) retrieved from /home/airflow/.local/lib/python3.7/site-packages/airflow/example_dags/example_trigger_controller_dag.py
[2026-10-01T00:18:36.225+0000] {logging_mixin.py:137} INFO - [2026-10-01T00:18:36.225+0000] {dag.py:2676} INFO - Sync 1 DAGs
[2026-10-01T00:18:36.259+0000] {logging_mixin.py:137} INFO - [2026-10-01T00:18:36.259+0000] {dag.py:3427} INFO - Setting next_dagrun for example_trigger_controller_dag to 2021-01-01T00:00:00+00:00, run_after=2021-01-01T00:00:00+00:00
[2026-10-01T00:18:36.281+0000] {processor.py:175} INFO - Processing /home/airflow/.local/lib/python3.7/site-packages/airflow/example_dags/example_trigger_controller_dag.py took 0.153 seconds
[2026-10-01T00:19:06.961+0000] {processor.py:153} INFO - Started process (PID=18055) to work on /home/airflow/.local/lib/python3.7/site-packages/airflow/example_dags/example_trigger_controller_dag.py
[2026-10-01T00:19:06.964+0000] {processor.py:743} INFO - Processing file /home/airflow/.local/lib/python3.7/site-packages/airflow/example_dags/example_trigger_controller_dag.py for tasks to queue
[2026-10-01T00:19:06.965+0000] {logging_mixin.py:137} INFO - [2026-10-01T00:19:06.965+0000] {dagbag.py:538} INFO - Filling up the DagBag from /home/airflow/.local/lib/python3.7/site-packages/airflow/example_dags/example_trigger_controller_dag.py
[2026-10-01T00:19:06.991+0000] {processor.py:753} INFO - DAG(s) dict_keys(['example_trigger_controller_dag']) retrieved from /home/airflow/.local/lib/python3.7/site-packages/airflow/example_dags/example_trigger_controller_dag.py
[2026-10-01T00:19:07.049+0000] {logging_mixin.py:137} INFO - [2026-10-01T00:19:07.049+0000] {dag.py:2676} INFO - Sync 1 DAGs
[2026-10-01T00:19:07.081+0000] {logging_mixin.py:137} INFO - [2026-10-01T00:19:07.081+0000] {dag.py:3427} INFO - Setting next_dagrun for example_trigger_controller_dag to 2021-01-01T00:00:00+00:00, run_after=2021-01-01T00:00:00+00:00
[2026-10-01T00:19:07.109+0000] {processor.py:175} INFO - Processing /home/airflow/.local/lib/python3.7/site-packages/airflow/example_dags/example_trigger_controller_dag.py took 0.154 seconds
[2026-10-01T00:19:37.899+0000] {processor.py:153} INFO - Started process (PID=18143) to work on /home/airflow/.local/lib/python3.7/site-packages/airflow/example_dags/example_trigger_controller_dag.py
[2026-10-01T00:19:37.900+0000] {processor.py:743} INFO - Processing file /home/airflow/.local/lib/python3.7/site-packages/airflow/example_dags/example_trigger_controller_dag.py for tasks to queue
[2026-10-01T00:19:37.901+0000] {logging_mixin.py:137} INFO - [2026-10-01T00:19:37.901+0000] {dagbag.py:538} INFO - Filling up the DagBag from /home/airflow/.local/lib/python3.7/site-packages/airflow/example_dags/example_trigger_controller_dag.py
[2026-10-01T00:19:37.926+0000] {processor.py:753} INFO - DAG(s) dict_keys(['example_trigger_controller_dag']) retrieved from /home/airflow/.local/lib/python3.7/site-packages/airflow/example_dags/example_trigger_controller_dag.py
[2026-10-01T00:19:37.985+0000] {logging_mixin.py:137} INFO - [2026-10-01T00:19:37.985+0000] {dag.py:2676} INFO - Sync 1 DAGs
[2026-10-01T00:19:38.027+0000] {logging_mixin.py:137} INFO - [2026-10-01T00:19:38.027+0000] {dag.py:3427} INFO - Setting next_dagrun for example_trigger_controller_dag to 2021-01-01T00:00:00+00:00, run_after=2021-01-01T00:00:00+00:00
[2026-10-01T00:19:38.053+0000] {processor.py:175} INFO - Processing /home/airflow/.local/lib/python3.7/site-packages/airflow/example_dags/example_trigger_controller_dag.py took 0.159 seconds
[2026-10-01T00:20:08.137+0000] {processor.py:153} INFO - Started process (PID=18233) to work on /home/airflow/.local/lib/python3.7/site-packages/airflow/example_dags/example_trigger_controller_dag.py
[2026-10-01T00:20:08.138+0000] {processor.py:743} INFO - Processing file /home/airflow/.local/lib/python3.7/site-packages/airflow/example_dags/example_trigger_controller_dag.py for tasks to queue
[2026-10-01T00:20:08.139+0000] {logging_mixin.py:137} INFO - [2026-10-01T00:20:08.139+0000] {dagbag.py:538} INFO - Filling up the DagBag from /home/airflow/.local/lib/python3.7/site-packages/airflow/example_dags/example_trigger_controller_dag.py
[2026-10-01T00:20:08.159+0000] {processor.py:753} INFO - DAG(s) dict_keys(['example_trigger_controller_dag']) retrieved from /home/airflow/.local/lib/python3.7/site-packages/airflow/example_dags/example_trigger_controller_dag.py
[2026-10-01T00:20:08.228+0000] {logging_mixin.py:137} INFO - [2026-10-01T00:20:08.228+0000] {dag.py:2676} INFO - Sync 1 DAGs
[2026-10-01T00:20:08.280+0000] {logging_mixin.py:137} INFO - [2026-10-01T00:20:08.280+0000] {dag.py:3427} INFO - Setting next_dagrun for example_trigger_controller_dag to 2021-01-01T00:00:00+00:00, run_after=2021-01-01T00:00:00+00:00
[2026-10-01T00:20:08.301+0000] {processor.py:175} INFO - Processing /home/airflow/.local/lib/python3.7/site-packages/airflow/example_dags/example_trigger_controller_dag.py took 0.167 seconds
[2026-10-01T00:20:38.391+0000] {processor.py:153} INFO - Started process (PID=18312) to work on /home/airflow/.local/lib/python3.7/site-packages/airflow/example_dags/example_trigger_controller_dag.py
[2026-10-01T00:20:38.392+0000] {processor.py:743} INFO - Processing file /home/airflow/.local/lib/python3.7/site-packages/airflow/example_dags/example_trigger_controller_dag.py for tasks to queue
[2026-10-01T00:20:38.393+0000] {logging_mixin.py:137} INFO - [2026-10-01T00:20:38.393+0000] {dagbag.py:538} INFO - Filling up the DagBag from /home/airflow/.local/lib/python3.7/site-packages/airflow/example_dags/example_trigger_controller_dag.py
[2026-10-01T00:20:38.412+0000] {processor.py:753} INFO - DAG(s) dict_keys(['example_trigger_controller_dag']) retrieved from /home/airflow/.local/lib/python3.7/site-packages/airflow/example_dags/example_trigger_controller_dag.py
[2026-10-01T00:20:38.461+0000] {logging_mixin.py:137} INFO - [2026-10-01T00:20:38.461+0000] {dag.py:2676} INFO - Sync 1 DAGs
[2026-10-01T00:20:38.501+0000] {logging_mixin.py:137} INFO - [2026-10-01T00:20:38.501+0000] {dag.py:3427} INFO - Setting next_dagrun for example_trigger_controller_dag to 2021-01-01T00:00:00+00:00, run_after=2021-01-01T00:00:00+00:00
[2026-10-01T00:20:38.526+0000] {processor.py:175} INFO - Processing /home/airflow/.local/lib/python3.7/site-packages/airflow/example_dags/example_trigger_controller_dag.py took 0.139 seconds
