[2026-10-01T00:00:16.563+0000] {processor.py:153} INFO - Started process (PID=14962) to work on /home/airflow/.local/lib/python3.7/site-packages/airflow/example_dags/example_external_task_marker_dag.py
[2026-10-01T00:00:16.564+0000] {processor.py:743} INFO - Processing file /home/airflow/.local/lib/python3.7/site-packages/airflow/example_dags/example_external_task_marker_dag.py for tasks to queue
[2026-10-01T00:00:16.564+0000] {logging_mixin.py:137} INFO - [2026-10-01T00:00:16.564+0000] {dagbag.py:538} INFO - Filling up the DagBag from /home/airflow/.local/lib/python3.7/site-packages/airflow/example_dags/example_external_task_marker_dag.py
[2026-10-01T00:00:16.580+0000] {processor.py:753} INFO - DAG(s) dict_keys(['example_external_task_marker_child', 'example_external_task_marker_parent']) retrieved from /home/airflow/.local/lib/python3.7/site-packages/airflow/example_dags/example_external_task_marker_dag.py
[2026-10-01T00:00:16.626+0000] {logging_mixin.py:137} INFO - [2026-10-01T00:00:16.626+0000] {dag.py:2676} INFO - Sync 2 DAGs
[2026-10-01T00:00:16.653+0000] {logging_mixin.py:137} INFO - [2026-10-01T00:00:16.653+0000] {dag.py:3427} INFO - Setting next_dagrun for example_external_task_marker_child to None, run_after=None
[2026-10-01T00:00:16.656+0000] {logging_mixin.py:137} INFO - [2026-10-01T00:00:16.656+0000] {dag.py:3427} INFO - Setting next_dagrun for example_external_task_marker_parent to None, run_after=None
[2026-10-01T00:00:16.672+0000] {processor.py:175} INFO - Processing /home/airflow/.local/lib/python3.7/site-packages/airflow/example_dags/example_external_task_marker_dag.py took 0.112 seconds
[2026-10-01T00:00:47.610+0000] {processor.py:153} INFO - Started process (PID=15041) to work on /home/airflow/.local/lib/python3.7/site-packages/airflow/example_dags/example_external_task_marker_dag.py
[2026-10-01T00:00:47.611+0000] {processor.py:743} INFO - Processing file /home/airflow/.local/lib/python3.7/site-packages/airflow/example_dags/example_external_task_marker_dag.py for tasks to queue
[2026-10-01T00:00:47.612+0000] {logging_mixin.py:137} INFO - [2026-10-01T00:00:47.612+0000] {dagbag.py:538} INFO - Filling up the DagBag from /home/airflow/.local/lib/python3.7/site-packages/airflow/example_dags/example_external_task_marker_dag.py
[2026-10-01T00:00:47.643+0000] {processor.py:753} INFO - DAG(s) dict_keys(['example_external_task_marker_child', 'example_external_task_marker_parent']) retrieved from /home/airflow/.local/lib/python3.7/site-packages/airflow/example_dags/example_external_task_marker_dag.py
[2026-10-01T00:00:47.707+0000] {logging_mixin.py:137} INFO - [2026-10-01T00:00:47.707+0000] {dag.py:2676} INFO - Sync 2 DAGs
[2026-10-01T00:00:47.745+0000] {logging_mixin.py:137} INFO - [2026-10-01T00:00:47.745+0000] {dag.py:3427} INFO - Setting next_dagrun for example_external_task_marker_child to None, run_after=None
[2026-10-01T00:00:47.751+0000] {logging_mixin.py:137} INFO - [2026-10-01T00:00:47.750+0000] {dag.py:3427} INFO - Setting next_dagrun for example_external_task_marker_parent to None, run_after=None
[2026-10-01T00:00:47.776+0000] {processor.py:175} INFO - Processing /home/airflow/.local/lib/python3.7/site-packages/airflow/example_dags/example_external_task_marker_dag.py took 0.172 seconds
[2026-10-01T00:01:18.364+0000] {processor.py:153} INFO - Started process (PID=15120) to work on /home/airflow/.local/lib/python3.7/site-packages/airflow/example_dags/example_external_task_marker_dag.py
[2026-10-01T00:01:18.366+0000] {processor.py:743} INFO - Processing file /home/airflow/.local/lib/python3.7/site-packages/airflow/example_dags/example_external_task_marker_dag.py for tasks to queue
[2026-10-01T00:01:18.367+0000] {logging_mixin.py:137} INFO - [2026-10-01T00:01:18.367+0000] {dagbag.py:538} INFO - Filling up the DagBag from /home/airflow/.local/lib/python3.7/site-packages/airflow/example_dags/example_external_task_marker_dag.py
[2026-10-01T00:01:18.396+0000] {processor.py:753} INFO - DAG(s) dict_keys(['example_external_task_marker_child', 'example_external_task_marker_parent']) retrieved from /home/airflow/.local/lib/python3.7/site-packages/airflow/example_dags/example_external_task_marker_dag.py
[2026-10-01T00:01:18.465+0000] {logging_mixin.py:137} INFO - [2026-10-01T00:01:18.465+0000] {dag.py:2676} INFO - Sync 2 DAGs
[2026-10-01T00:01:18.499+0000] {logging_mixin.py:137} INFO - [2026-10-01T00:01:18.499+0000] {dag.py:3427} INFO - Setting next_dagrun for example_external_task_marker_child to None, run_after=None
[2026-10-01T00:01:18.503+0000] {logging_mixin.py:137} INFO - [2026-10-01T00:01:18.503+0000] {dag.py:3427} INFO - Setting next_dagrun for example_external_task_marker_parent to None, run_after=None
[2026-10-01T00:01:18.525+0000] {processor.py:175} INFO - Processing /home/airflow/.local/lib/python3.7/site-packages/airflow/example_dags/example_external_task_marker_dag.py took 0.167 seconds
[2026-10-01T00:01:49.278+0000] {processor.py:153} INFO - Started process (PID=15219) to work on /home/airflow/.local/lib/python3.7/site-packages/airflow/example_dags/example_external_task_marker_dag.py
[2026-10-01T00:01:49.279+0000] {processor.py:743} INFO - Processing file /home/airflow/.local/lib/python3.7/site-packages/airflow/example_dags/example_external_task_marker_dag.py for tasks to queue
[2026-10-01T00:01:49.279+0000] {logging_mixin.py:137} INFO - [2026-10-01T00:01:49.279+0000] {dagbag.py:538} INFO - Filling up the DagBag from /home/airflow/.local/lib/python3.7/site-packages/airflow/example_dags/example_external_task_marker_dag.py
[2026-10-01T00:01:49.297+0000] {processor.py:753} INFO - DAG(s) dict_keys(['example_external_task_marker_parent', 'example_external_task_marker_child']) retrieved from /home/airflow/.local/lib/python3.7/site-packages/airflow/example_dags/example_external_task_marker_dag.py
[2026-10-01T00:01:49.348+0000] {logging_mixin.py:137} INFO - [2026-10-01T00:01:49.347+0000] {dag.py:2676} INFO - Sync 2 DAGs
[2026-10-01T00:01:49.388+0000] {logging_mixin.py:137} INFO - [2026-10-01T00:01:49.388+0000] {dag.py:3427} INFO - Setting next_dagrun for example_external_task_marker_child to None, run_after=None
[2026-10-01T00:01:49.392+0000] {logging_mixin.py:137} INFO - [2026-10-01T00:01:49.392+0000] {dag.py:3427} INFO - Setting next_dagrun for example_external_task_marker_parent to None, run_after=None
[2026-10-01T00:01:49.413+0000] {processor.py:175} INFO - Processing /home/airflow/.local/lib/python3.7/site-packages/airflow/example_dags/example_external_task_marker_dag.py took 0.140 seconds
[2026-10-01T00:02:20.062+0000] {processor.py:153} INFO - Started process (PID=15298) to work on /home/airflow/.local/lib/python3.7/site-packages/airflow/example_dags/example_external_task_marker_dag.py
[2026-10-01T00:02:20.065+0000] {processor.py:743} INFO - Processing file /home/airflow/.local/lib/python3.7/site-packages/airflow/example_dags/example_external_task_marker_dag.py for tasks to queue
[2026-10-01T00:02:20.066+0000] {logging_mixin.py:137} INFO - [2026-10-01T00:02:20.066+0000] {dagbag.py:538} INFO - Filling up the DagBag from /home/airflow/.local/lib/python3.7/site-packages/airflow/example_dags/example_external_task_marker_dag.py
[2026-10-01T00:02:20.088+0000] {processor.py:753} INFO - DAG(s) dict_keys(['example_external_task_marker_parent', 'example_external_task_marker_child']) retrieved from /home/airflow/.local/lib/python3.7/site-packages/airflow/example_dags/example_external_task_marker_dag.py
[2026-10-01T00:02:20.159+0000] {logging_mixin.py:137} INFO - [2026-10-01T00:02:20.159+0000] {dag.py:2676} INFO - Sync 2 DAGs
[2026-10-01T00:02:20.209+0000] {logging_mixin.py:137} INFO - [2026-10-01T00:02:20.209+0000] {dag.py:3427} INFO - Setting next_dagrun for example_external_task_marker_child to None, run_after=None
[2026-10-01T00:02:20.215+0000] {logging_mixin.py:137} INFO - [2026-10-01T00:02:20.215+0000] {dag.py:3427} INFO - Setting next_dagrun for example_external_task_marker_parent to None, run_after=None
[2026-10-01T00:02:20.244+0000] {processor.py:175} INFO - Processing /home/airflow/.local/lib/python3.7/site-packages/airflow/example_dags/example_external_task_marker_dag.py took 0.188 seconds
[2026-10-01T00:02:50.416+0000] {processor.py:153} INFO - Started process (PID=15377) to work on /home/airflow/.local/lib/python3.7/site-packages/airflow/example_dags/example_external_task_marker_dag.py
[2026-10-01T00:02:50.418+0000] {processor.py:743} INFO - Processing file /home/airflow/.local/lib/python3.7/site-packages/airflow/example_dags/example_external_task_marker_dag.py for tasks to queue
[2026-10-01T00:02:50.419+0000] {logging_mixin.py:137} INFO - [2026-10-01T00:02:50.419+0000] {dagbag.py:538} INFO - Filling up the DagBag from /home/airflow/.local/lib/python3.7/site-packages/airflow/example_dags/example_external_task_marker_dag.py
[2026-10-01T00:02:50.437+0000] {processor.py:753} INFO - DAG(s) dict_keys(['example_external_task_marker_child', 'example_external_task_marker_parent']) retrieved from /home/airflow/.local/lib/python3.7/site-packages/airflow/example_dags/example_external_task_marker_dag.py
[2026-10-01T00:02:50.486+0000] {logging_mixin.py:137} INFO - [2026-10-01T00:02:50.486+0000] {dag.py:2676} INFO - Sync 2 DAGs
[2026-10-01T00:02:50.517+0000] {logging_mixin.py:137} INFO - [2026-10-01T00:02:50.517+0000] {dag.py:3427} INFO - Setting next_dagrun for example_external_task_marker_child to None, run_after=None
[2026-10-01T00:02:50.521+0000] {logging_mixin.py:137} INFO - [2026-10-01T00:02:50.521+0000] {dag.py:3427} INFO - Setting next_dagrun for example_external_task_marker_parent to None, run_after=None
[2026-10-01T00:02:50.538+0000] {processor.py:175} INFO - Processing /home/airflow/.local/lib/python3.7/site-packages/airflow/example_dags/example_external_task_marker_dag.py took 0.125 seconds
[2026-10-01T00:03:20.656+0000] {processor.py:153} INFO - Started process (PID=15456) to work on /home/airflow/.local/lib/python3.7/site-packages/airflow/example_dags/example_external_task_marker_dag.py
[2026-10-01T00:03:20.657+0000] {processor.py:743} INFO - Processing file /home/airflow/.local/lib/python3.7/site-packages/airflow/example_dags/example_external_task_marker_dag.py for tasks to queue
[2026-10-01T00:03:20.659+0000] {logging_mixin.py:137} INFO - [2026-10-01T00:03:20.658+0000] {dagbag.py:538} INFO - Filling up the DagBag from /home/airflow/.local/lib/python3.7/site-packages/airflow/example_dags/example_external_task_marker_dag.py
[2026-10-01T00:03:20.688+0000] {processor.py:753} INFO - DAG(s) dict_keys(['example_external_task_marker_child', 'example_external_task_marker_parent']) retrieved from /home/airflow/.local/lib/python3.7/site-packages/airflow/example_dags/example_external_task_marker_dag.py
[2026-10-01T00:03:20.752+0000] {logging_mixin.py:137} INFO - [2026-10-01T00:03:20.752+0000] {dag.py:2676} INFO - Sync 2 DAGs
[2026-10-01T00:03:20.784+0000] {logging_mixin.py:137} INFO - [2026-10-01T00:03:20.784+0000] {dag.py:3427} INFO - Setting next_dagrun for example_external_task_marker_child to None, run_after=None
[2026-10-01T00:03:20.787+0000] {logging_mixin.py:137} INFO - [2026-10-01T00:03:20.787+0000] {dag.py:3427} INFO - Setting next_dagrun for example_external_task_marker_parent to None, run_after=None
[2026-10-01T00:03:20.808+0000] {processor.py:175} INFO - Processing /home/airflow/.local/lib/python3.7/site-packages/airflow/example_dags/example_external_task_marker_dag.py took 0.158 seconds
[2026-10-01T00:03:51.107+0000] {processor.py:153} INFO - Started process (PID=15544) to work on /home/airflow/.local/lib/python3.7/site-packages/airflow/example_dags/example_external_task_marker_dag.py
[2026-10-01T00:03:51.108+0000] {processor.py:743} INFO - Processing file /home/airflow/.local/lib/python3.7/site-packages/airflow/example_dags/example_external_task_marker_dag.py for tasks to queue
[2026-10-01T00:03:51.110+0000] {logging_mixin.py:137} INFO - [2026-10-01T00:03:51.109+0000] {dagbag.py:538} INFO - Filling up the DagBag from /home/airflow/.local/lib/python3.7/site-packages/airflow/example_dags/example_external_task_marker_dag.py
[2026-10-01T00:03:51.139+0000] {processor.py:753} INFO - DAG(s) dict_keys(['example_external_task_marker_child', 'example_external_task_marker_parent']) retrieved from /home/airflow/.local/lib/python3.7/site-packages/airflow/example_dags/example_external_task_marker_dag.py
[2026-10-01T00:03:51.204+0000] {logging_mixin.py:137} INFO - [2026-10-01T00:03:51.204+0000] {dag.py:2676} INFO - Sync 2 DAGs
[2026-10-01T00:03:51.235+0000] {logging_mixin.py:137} INFO - [2026-10-01T00:03:51.235+0000] {dag.py:3427} INFO - Setting next_dagrun for example_external_task_marker_child to None, run_after=None
[2026-10-01T00:03:51.239+0000] {logging_mixin.py:137} INFO - [2026-10-01T00:03:51.239+0000] {dag.py:3427} INFO - Setting next_dagrun for example_external_task_marker_parent to None, run_after=None
[2026-10-01T00:03:51.257+0000] {processor.py:175} INFO - Processing /home/airflow/.local/lib/python3.7/site-packages/airflow/example_dags/example_external_task_marker_dag.py took 0.154 seconds
[2026-10-01T00:04:21.384+0000] {processor.py:153} INFO - Started process (PID=15634) to work on /home/airflow/.local/lib/python3.7/site-packages/airflow/example_dags/example_external_task_marker_dag.py
[2026-10-01T00:04:21.385+0000] {processor.py:743} INFO - Processing file /home/airflow/.local/lib/python3.7/site-packages/airflow/example_dags/example_external_task_marker_dag.py for tasks to queue
[2026-10-01T00:04:21.385+0000] {logging_mixin.py:137} INFO - [2026-10-01T00:04:21.385+0000] {dagbag.py:538} INFO - Filling up the DagBag from /home/airflow/.local/lib/python3.7/site-packages/airflow/example_dags/example_external_task_marker_dag.py
[2026-10-01T00:04:21.403+0000] {processor.py:753} INFO - DAG(s) dict_keys(['example_external_task_marker_child', 'example_external_task_marker_parent']) retrieved from /home/airflow/.local/lib/python3.7/site-packages/airflow/example_dags/example_external_task_marker_dag.py
[2026-10-01T00:04:21.464+0000] {logging_mixin.py:137} INFO - [2026-10-01T00:04:21.464+0000] {dag.py:2676} INFO - Sync 2 DAGs
[2026-10-01T00:04:21.498+0000] {logging_mixin.py:137} INFO - [2026-10-01T00:04:21.498+0000] {dag.py:3427} INFO - Setting next_dagrun for example_external_task_marker_child to None, run_after=None
[2026-10-01T00:04:21.503+0000] {logging_mixin.py:137} INFO - [2026-10-01T00:04:21.503+0000] {dag.py:3427} INFO - Setting next_dagrun for example_external_task_marker_parent to None, run_after=None
[2026-10-01T00:04:21.522+0000] {processor.py:175} INFO - Processing /home/airflow/.local/lib/python3.7/site-packages/airflow/example_dags/example_external_task_marker_dag.py took 0.143 seconds
[2026-10-01T00:04:52.358+0000] {processor.py:153} INFO - Started process (PID=15713) to work on /home/airflow/.local/lib/python3.7/site-packages/airflow/example_dags/example_external_task_marker_dag.py
[2026-10-01T00:04:52.360+0000] {processor.py:743} INFO - Processing file /home/airflow/.local/lib/python3.7/site-packages/airflow/example_dags/example_external_task_marker_dag.py for tasks to queue
[2026-10-01T00:04:52.361+0000] {logging_mixin.py:137} INFO - [2026-10-01T00:04:52.361+0000] {dagbag.py:538} INFO - Filling up the DagBag from /home/airflow/.local/lib/python3.7/site-packages/airflow/example_dags/example_external_task_marker_dag.py
[2026-10-01T00:04:52.389+0000] {processor.py:753} INFO - DAG(s) dict_keys(['example_external_task_marker_parent', 'example_external_task_marker_child']) retrieved from /home/airflow/.local/lib/python3.7/site-packages/airflow/example_dags/example_external_task_marker_dag.py
[2026-10-01T00:04:52.468+0000] {logging_mixin.py:137} INFO - [2026-10-01T00:04:52.468+0000] {dag.py:2676} INFO - Sync 2 DAGs
[2026-10-01T00:04:52.515+0000] {logging_mixin.py:137} INFO - [2026-10-01T00:04:52.515+0000] {dag.py:3427} INFO - Setting next_dagrun for example_external_task_marker_child to None, run_after=None
[2026-10-01T00:04:52.520+0000] {logging_mixin.py:137} INFO - [2026-10-01T00:04:52.520+0000] {dag.py:3427} INFO - Setting next_dagrun for example_external_task_marker_parent to None, run_after=None
[2026-10-01T00:04:52.542+0000] {processor.py:175} INFO - Processing /home/airflow/.local/lib/python3.7/site-packages/airflow/example_dags/example_external_task_marker_dag.py took 0.190 seconds
[2026-10-01T00:05:23.301+0000] {processor.py:153} INFO - Started process (PID=15792) to work on /home/airflow/.local/lib/python3.7/site-packages/airflow/example_dags/example_external_task_marker_dag.py
[2026-10-01T00:05:23.302+0000] {processor.py:743} INFO - Processing file /home/airflow/.local/lib/python3.7/site-packages/airflow/example_dags/example_external_task_marker_dag.py for tasks to queue
[2026-10-01T00:05:23.303+0000] {logging_mixin.py:137} INFO - [2026-10-01T00:05:23.303+0000] {dagbag.py:538} INFO - Filling up the DagBag from /home/airflow/.local/lib/python3.7/site-packages/airflow/example_dags/example_external_task_marker_dag.py
[2026-10-01T00:05:23.322+0000] {processor.py:753} INFO - DAG(s) dict_keys(['example_external_task_marker_parent', 'example_external_task_marker_child']) retrieved from /home/airflow/.local/lib/python3.7/site-packages/airflow/example_dags/example_external_task_marker_dag.py
[2026-10-01T00:05:23.386+0000] {logging_mixin.py:137} INFO - [2026-10-01T00:05:23.386+0000] {dag.py:2676} INFO - Sync 2 DAGs
[2026-10-01T00:05:23.417+0000] {logging_mixin.py:137} INFO - [2026-10-01T00:05:23.417+0000] {dag.py:3427} INFO - Setting next_dagrun for example_external_task_marker_child to None, run_after=None
[2026-10-01T00:05:23.422+0000] {logging_mixin.py:137} INFO - [2026-10-01T00:05:23.421+0000] {dag.py:3427} INFO - Setting next_dagrun for example_external_task_marker_parent to None, run_after=None
[2026-10-01T00:05:23.443+0000] {processor.py:175} INFO - Processing /home/airflow/.local/lib/python3.7/site-packages/airflow/example_dags/example_external_task_marker_dag.py took 0.146 seconds
[2026-10-01T00:05:53.942+0000] {processor.py:153} INFO - Started process (PID=15891) to work on /home/airflow/.local/lib/python3.7/site-packages/airflow/example_dags/example_external_task_marker_dag.py
[2026-10-01T00:05:53.943+0000] {processor.py:743} INFO - Processing file /home/airflow/.local/lib/python3.7/site-packages/airflow/example_dags/example_external_task_marker_dag.py for tasks to queue
[2026-10-01T00:05:53.944+0000] {logging_mixin.py:137} INFO - [2026-10-01T00:05:53.944+0000] {dagbag.py:538} INFO - Filling up the DagBag from /home/airflow/.local/lib/python3.7/site-packages/airflow/example_dags/example_external_task_marker_dag.py
[2026-10-01T00:05:53.963+0000] {processor.py:753} INFO - DAG(s) dict_keys(['example_external_task_marker_parent', 'example_external_task_marker_child']) retrieved from /home/airflow/.local/lib/python3.7/site-packages/airflow/example_dags/example_external_task_marker_dag.py
[2026-10-01T00:05:54.030+0000] {logging_mixin.py:137} INFO - [2026-10-01T00:05:54.030+0000] {dag.py:2676} INFO - Sync 2 DAGs
[2026-10-01T00:05:54.074+0000] {logging_mixin.py:137} INFO - [2026-10-01T00:05:54.074+0000] {dag.py:3427} INFO - Setting next_dagrun for example_external_task_marker_child to None, run_after=None
[2026-10-01T00:05:54.079+0000] {logging_mixin.py:137} INFO - [2026-10-01T00:05:54.079+0000] {dag.py:3427} INFO - Setting next_dagrun for example_external_task_marker_parent to None, run_after=None
[2026-10-01T00:05:54.100+0000] {processor.py:175} INFO - Processing /home/airflow/.local/lib/python3.7/site-packages/airflow/example_dags/example_external_task_marker_dag.py took 0.162 seconds
[2026-10-01T00:06:24.181+0000] {processor.py:153} INFO - Started process (PID=15970) to work on /home/airflow/.local/lib/python3.7/site-packages/airflow/example_dags/example_external_task_marker_dag.py
[2026-10-01T00:06:24.182+0000] {processor.py:743} INFO - Processing file /home/airflow/.local/lib/python3.7/site-packages/airflow/example_dags/example_external_task_marker_dag.py for tasks to queue
[2026-10-01T00:06:24.183+0000] {logging_mixin.py:137} INFO - [2026-10-01T00:06:24.183+0000] {dagbag.py:538} INFO - Filling up the DagBag from /home/airflow/.local/lib/python3.7/site-packages/airflow/example_dags/example_external_task_marker_dag.py
[2026-10-01T00:06:24.200+0000] {processor.py:753} INFO - DAG(s) dict_keys(['example_external_task_marker_parent', 'example_external_task_marker_child']) retrieved from /home/airflow/.local/lib/python3.7/site-packages/airflow/example_dags/example_external_task_marker_dag.py
[2026-10-01T00:06:24.248+0000] {logging_mixin.py:137} INFO - [2026-10-01T00:06:24.248+0000] {dag.py:2676} INFO - Sync 2 DAGs
[2026-10-01T00:06:24.277+0000] {logging_mixin.py:137} INFO - [2026-10-01T00:06:24.277+0000] {dag.py:3427} INFO - Setting next_dagrun for example_external_task_marker_child to None, run_after=None
[2026-10-01T00:06:24.281+0000] {logging_mixin.py:137} INFO - [2026-10-01T00:06:24.280+0000] {dag.py:3427} INFO - Setting next_dagrun for example_external_task_marker_parent to None, run_after=None
[2026-10-01T00:06:24.299+0000] {processor.py:175} INFO - Processing /home/airflow/.local/lib/python3.7/site-packages/airflow/example_dags/example_external_task_marker_dag.py took 0.123 seconds
[2026-10-01T00:06:54.421+0000] {processor.py:153} INFO - Started process (PID=16049) to work on /home/airflow/.local/lib/python3.7/site-packages/airflow/example_dags/example_external_task_marker_dag.py
[2026-10-01T00:06:54.422+0000] {processor.py:743} INFO - Processing file /home/airflow/.local/lib/python3.7/site-packages/airflow/example_dags/example_external_task_marker_dag.py for tasks to queue
[2026-10-01T00:06:54.422+0000] {logging_mixin.py:137} INFO - [2026-10-01T00:06:54.422+0000] {dagbag.py:538} INFO - Filling up the DagBag from /home/airflow/.local/lib/python3.7/site-packages/airflow/example_dags/example_external_task_marker_dag.py
[2026-10-01T00:06:54.440+0000] {processor.py:753} INFO - DAG(s) dict_keys(['example_external_task_marker_child', 'example_external_task_marker_parent']) retrieved from /home/airflow/.local/lib/python3.7/site-packages/airflow/example_dags/example_external_task_marker_dag.py
[2026-10-01T00:06:54.494+0000] {logging_mixin.py:137} INFO - [2026-10-01T00:06:54.494+0000] {dag.py:2676} INFO - Sync 2 DAGs
[2026-10-01T00:06:54.531+0000] {logging_mixin.py:137} INFO - [2026-10-01T00:06:54.531+0000] {dag.py:3427} INFO - Setting next_dagrun for example_external_task_marker_child to None, run_after=None
[2026-10-01T00:06:54.535+0000] {logging_mixin.py:137} INFO - [2026-10-01T00:06:54.535+0000] {dag.py:3427} INFO - Setting next_dagrun for example_external_task_marker_parent to None, run_after=None
[2026-10-01T00:06:54.555+0000] {processor.py:175} INFO - Processing /home/airflow/.local/lib/python3.7/site-packages/airflow/example_dags/example_external_task_marker_dag.py took 0.139 seconds
[2026-10-01T00:07:24.736+0000] {processor.py:153} INFO - Started process (PID=16128) to work on /home/airflow/.local/lib/python3.7/site-packages/airflow/example_dags/example_external_task_marker_dag.py
[2026-10-01T00:07:24.738+0000] {processor.py:743} INFO - Processing file /home/airflow/.local/lib/python3.7/site-packages/airflow/example_dags/example_external_task_marker_dag.py for tasks to queue
[2026-10-01T00:07:24.738+0000] {logging_mixin.py:137} INFO - [2026-10-01T00:07:24.738+0000] {dagbag.py:538} INFO - Filling up the DagBag from /home/airflow/.local/lib/python3.7/site-packages/airflow/example_dags/example_external_task_marker_dag.py
[2026-10-01T00:07:24.758+0000] {processor.py:753} INFO - DAG(s) dict_keys(['example_external_task_marker_parent', 'example_external_task_marker_child']) retrieved from /home/airflow/.local/lib/python3.7/site-packages/airflow/example_dags/example_external_task_marker_dag.py
[2026-10-01T00:07:24.817+0000] {logging_mixin.py:137} INFO - [2026-10-01T00:07:24.816+0000] {dag.py:2676} INFO - Sync 2 DAGs
[2026-10-01T00:07:24.850+0000] {logging_mixin.py:137} INFO - [2026-10-01T00:07:24.850+0000] {dag.py:3427} INFO - Setting next_dagrun for example_external_task_marker_child to None, run_after=None
[2026-10-01T00:07:24.854+0000] {logging_mixin.py:137} INFO - [2026-10-01T00:07:24.854+0000] {dag.py:3427} INFO - Setting next_dagrun for example_external_task_marker_parent to None, run_after=None
[2026-10-01T00:07:24.876+0000] {processor.py:175} INFO - Processing /home/airflow/.local/lib/python3.7/site-packages/airflow/example_dags/example_external_task_marker_dag.py took 0.144 seconds
[2026-10-01T00:07:55.448+0000] {processor.py:153} INFO - Started process (PID=16227) to work on /home/airflow/.local/lib/python3.7/site-packages/airflow/example_dags/example_external_task_marker_dag.py
[2026-10-01T00:07:55.449+0000] {processor.py:743} INFO - Processing file /home/airflow/.local/lib/python3.7/site-packages/airflow/example_dags/example_external_task_marker_dag.py for tasks to queue
[2026-10-01T00:07:55.449+0000] {logging_mixin.py:137} INFO - [2026-10-01T00:07:55.449+0000] {dagbag.py:538} INFO - Filling up the DagBag from /home/airflow/.local/lib/python3.7/site-packages/airflow/example_dags/example_external_task_marker_dag.py
[2026-10-01T00:07:55.468+0000] {processor.py:753} INFO - DAG(s) dict_keys(['example_external_task_marker_parent', 'example_external_task_marker_child']) retrieved from /home/airflow/.local/lib/python3.7/site-packages/airflow/example_dags/example_external_task_marker_dag.py
[2026-10-01T00:07:55.515+0000] {logging_mixin.py:137} INFO - [2026-10-01T00:07:55.515+0000] {dag.py:2676} INFO - Sync 2 DAGs
[2026-10-01T00:07:55.546+0000] {logging_mixin.py:137} INFO - [2026-10-01T00:07:55.546+0000] {dag.py:3427} INFO - Setting next_dagrun for example_external_task_marker_child to None, run_after=None
[2026-10-01T00:07:55.550+0000] {logging_mixin.py:137} INFO - [2026-10-01T00:07:55.550+0000] {dag.py:3427} INFO - Setting next_dagrun for example_external_task_marker_parent to None, run_after=None
[2026-10-01T00:07:55.567+0000] {processor.py:175} INFO - Processing /home/airflow/.local/lib/python3.7/site-packages/airflow/example_dags/example_external_task_marker_dag.py took 0.123 seconds
[2026-10-01T00:08:25.660+0000] {processor.py:153} INFO - Started process (PID=16306) to work on /home/airflow/.local/lib/python3.7/site-packages/airflow/example_dags/example_external_task_marker_dag.py
[2026-10-01T00:08:25.661+0000] {processor.py:743} INFO - Processing file /home/airflow/.local/lib/python3.7/site-packages/airflow/example_dags/example_external_task_marker_dag.py for tasks to queue
[2026-10-01T00:08:25.661+0000] {logging_mixin.py:137} INFO - [2026-10-01T00:08:25.661+0000] {dagbag.py:538} INFO - Filling up the DagBag from /home/airflow/.local/lib/python3.7/site-packages/airflow/example_dags/example_external_task_marker_dag.py
[2026-10-01T00:08:25.680+0000] {processor.py:753} INFO - DAG(s) dict_keys(['example_external_task_marker_child', 'example_external_task_marker_parent']) retrieved from /home/airflow/.local/lib/python3.7/site-packages/airflow/example_dags/example_external_task_marker_dag.py
[2026-10-01T00:08:25.734+0000] {logging_mixin.py:137} INFO - [2026-10-01T00:08:25.734+0000] {dag.py:2676} INFO - Sync 2 DAGs
[2026-10-01T00:08:25.765+0000] {logging_mixin.py:137} INFO - [2026-10-01T00:08:25.764+0000] {dag.py:3427} INFO - Setting next_dagrun for example_external_task_marker_child to None, run_after=None
[2026-10-01T00:08:25.768+0000] {logging_mixin.py:137} INFO - [2026-10-01T00:08:25.768+0000] {dag.py:3427} INFO - Setting next_dagrun for example_external_task_marker_parent to None, run_after=None
[2026-10-01T00:08:25.787+0000] {processor.py:175} INFO - Processing /home/airflow/.local/lib/python3.7/site-packages/airflow/example_dags/example_external_task_marker_dag.py took 0.131 seconds
[2026-10-01T00:08:55.831+0000] {processor.py:153} INFO - Started process (PID=16384) to work on /home/airflow/.local/lib/python3.7/site-packages/airflow/example_dags/example_external_task_marker_dag.py
[2026-10-01T00:08:55.832+0000] {processor.py:743} INFO - Processing file /home/airflow/.local/lib/python3.7/site-packages/airflow/example_dags/example_external_task_marker_dag.py for tasks to queue
[2026-10-01T00:08:55.834+0000] {logging_mixin.py:137} INFO - [2026-10-01T00:08:55.833+0000] {dagbag.py:538} INFO - Filling up the DagBag from /home/airflow/.local/lib/python3.7/site-packages/airflow/example_dags/example_external_task_marker_dag.py
[2026-10-01T00:08:55.862+0000] {processor.py:753} INFO - DAG(s) dict_keys(['example_external_task_marker_child', 'example_external_task_marker_parent']) retrieved from /home/airflow/.local/lib/python3.7/site-packages/airflow/example_dags/example_external_task_marker_dag.py
[2026-10-01T00:08:55.941+0000] {logging_mixin.py:137} INFO - [2026-10-01T00:08:55.940+0000] {dag.py:2676} INFO - Sync 2 DAGs
[2026-10-01T00:08:55.989+0000] {logging_mixin.py:137} INFO - [2026-10-01T00:08:55.988+0000] {dag.py:3427} INFO - Setting next_dagrun for example_external_task_marker_child to None, run_after=None
[2026-10-01T00:08:55.995+0000] {logging_mixin.py:137} INFO - [2026-10-01T00:08:55.994+0000] {dag.py:3427} INFO - Setting next_dagrun for example_external_task_marker_parent to None, run_after=None
[2026-10-01T00:08:56.024+0000] {processor.py:175} INFO - Processing /home/airflow/.local/lib/python3.7/site-packages/airflow/example_dags/example_external_task_marker_dag.py took 0.199 seconds
[2026-10-01T00:09:26.438+0000] {processor.py:153} INFO - Started process (PID=16463) to work on /home/airflow/.local/lib/python3.7/site-packages/airflow/example_dags/example_external_task_marker_dag.py
[2026-10-01T00:09:26.439+0000] {processor.py:743} INFO - Processing file /home/airflow/.local/lib/python3.7/site-packages/airflow/example_dags/example_external_task_marker_dag.py for tasks to queue
[2026-10-01T00:09:26.440+0000] {logging_mixin.py:137} INFO - [2026-10-01T00:09:26.440+0000] {dagbag.py:538} INFO - Filling up the DagBag from /home/airflow/.local/lib/python3.7/site-packages/airflow/example_dags/example_external_task_marker_dag.py
[2026-10-01T00:09:26.464+0000] {processor.py:753} INFO - DAG(s) dict_keys(['example_external_task_marker_parent', 'example_external_task_marker_child']) retrieved from /home/airflow/.local/lib/python3.7/site-packages/airflow/example_dags/example_external_task_marker_dag.py
[2026-10-01T00:09:26.533+0000] {logging_mixin.py:137} INFO - [2026-10-01T00:09:26.533+0000] {dag.py:2676} INFO - Sync 2 DAGs
[2026-10-01T00:09:26.568+0000] {logging_mixin.py:137} INFO - [2026-10-01T00:09:26.568+0000] {dag.py:3427} INFO - Setting next_dagrun for example_external_task_marker_child to None, run_after=None
[2026-10-01T00:09:26.571+0000] {logging_mixin.py:137} INFO - [2026-10-01T00:09:26.571+0000] {dag.py:3427} INFO - Setting next_dagrun for example_external_task_marker_parent to None, run_after=None
[2026-10-01T00:09:26.590+0000] {processor.py:175} INFO - Processing /home/airflow/.local/lib/python3.7/site-packages/airflow/example_dags/example_external_task_marker_dag.py took 0.156 seconds
[2026-10-01T00:09:57.785+0000] {processor.py:153} INFO - Started process (PID=16563) to work on /home/airflow/.local/lib/python3.7/site-packages/airflow/example_dags/example_external_task_marker_dag.py
[2026-10-01T00:09:57.787+0000] {processor.py:743} INFO - Processing file /home/airflow/.local/lib/python3.7/site-packages/airflow/example_dags/example_external_task_marker_dag.py for tasks to queue
[2026-10-01T00:09:57.788+0000] {logging_mixin.py:137} INFO - [2026-10-01T00:09:57.788+0000] {dagbag.py:538} INFO - Filling up the DagBag from /home/airflow/.local/lib/python3.7/site-packages/airflow/example_dags/example_external_task_marker_dag.py
[2026-10-01T00:09:57.816+0000] {processor.py:753} INFO - DAG(s) dict_keys(['example_external_task_marker_parent', 'example_external_task_marker_child']) retrieved from /home/airflow/.local/lib/python3.7/site-packages/airflow/example_dags/example_external_task_marker_dag.py
[2026-10-01T00:09:57.884+0000] {logging_mixin.py:137} INFO - [2026-10-01T00:09:57.884+0000] {dag.py:2676} INFO - Sync 2 DAGs
[2026-10-01T00:09:57.921+0000] {logging_mixin.py:137} INFO - [2026-10-01T00:09:57.921+0000] {dag.py:3427} INFO - Setting next_dagrun for example_external_task_marker_child to None, run_after=None
[2026-10-01T00:09:57.925+0000] {logging_mixin.py:137} INFO - [2026-10-01T00:09:57.925+0000] {dag.py:3427} INFO - Setting next_dagrun for example_external_task_marker_parent to None, run_after=None
[2026-10-01T00:09:57.943+0000] {processor.py:175} INFO - Processing /home/airflow/.local/lib/python3.7/site-packages/airflow/example_dags/example_external_task_marker_dag.py took 0.164 seconds
[2026-10-01T00:10:28.005+0000] {processor.py:153} INFO - Started process (PID=16642) to work on /home/airflow/.local/lib/python3.7/site-packages/airflow/example_dags/example_external_task_marker_dag.py
[2026-10-01T00:10:28.006+0000] {processor.py:743} INFO - Processing file /home/airflow/.local/lib/python3.7/site-packages/airflow/example_dags/example_external_task_marker_dag.py for tasks to queue
[2026-10-01T00:10:28.007+0000] {logging_mixin.py:137} INFO - [2026-10-01T00:10:28.007+0000] {dagbag.py:538} INFO - Filling up the DagBag from /home/airflow/.local/lib/python3.7/site-packages/airflow/example_dags/example_external_task_marker_dag.py
[2026-10-01T00:10:28.026+0000] {processor.py:753} INFO - DAG(s) dict_keys(['example_external_task_marker_parent', 'example_external_task_marker_child']) retrieved from /home/airflow/.local/lib/python3.7/site-packages/airflow/example_dags/example_external_task_marker_dag.py
[2026-10-01T00:10:28.077+0000] {logging_mixin.py:137} INFO - [2026-10-01T00:10:28.077+0000] {dag.py:2676} INFO - Sync 2 DAGs
[2026-10-01T00:10:28.109+0000] {logging_mixin.py:137} INFO - [2026-10-01T00:10:28.109+0000] {dag.py:3427} INFO - Setting next_dagrun for example_external_task_marker_child to None, run_after=None
[2026-10-01T00:10:28.113+0000] {logging_mixin.py:137} INFO - [2026-10-01T00:10:28.113+0000] {dag.py:3427} INFO - Setting next_dagrun for example_external_task_marker_parent to None, run_after=None
[2026-10-01T00:10:28.131+0000] {processor.py:175} INFO - Processing /home/airflow/.local/lib/python3.7/site-packages/airflow/example_dags/example_external_task_marker_dag.py took 0.130 seconds
[2026-10-01T00:10:58.925+0000] {processor.py:153} INFO - Started process (PID=16720) to work on /home/airflow/.local/lib/python3.7/site-packages/airflow/example_dags/example_external_task_marker_dag.py
[2026-10-01T00:10:58.926+0000] {processor.py:743} INFO - Processing file /home/airflow/.local/lib/python3.7/site-packages/airflow/example_dags/example_external_task_marker_dag.py for tasks to queue
[2026-10-01T00:10:58.927+0000] {logging_mixin.py:137} INFO - [2026-10-01T00:10:58.927+0000] {dagbag.py:538} INFO - Filling up the DagBag from /home/airflow/.local/lib/python3.7/site-packages/airflow/example_dags/example_external_task_marker_dag.py
[2026-10-01T00:10:58.947+0000] {processor.py:753} INFO - DAG(s) dict_keys(['example_external_task_marker_parent', 'example_external_task_marker_child']) retrieved from /home/airflow/.local/lib/python3.7/site-packages/airflow/example_dags/example_external_task_marker_dag.py
[2026-10-01T00:10:59.015+0000] {logging_mixin.py:137} INFO - [2026-10-01T00:10:59.015+0000] {dag.py:2676} INFO - Sync 2 DAGs
[2026-10-01T00:10:59.058+0000] {logging_mixin.py:137} INFO - [2026-10-01T00:10:59.058+0000] {dag.py:3427} INFO - Setting next_dagrun for example_external_task_marker_child to None, run_after=None
[2026-10-01T00:10:59.065+0000] {logging_mixin.py:137} INFO - [2026-10-01T00:10:59.065+0000] {dag.py:3427} INFO - Setting next_dagrun for example_external_task_marker_parent to None, run_after=None
[2026-10-01T00:10:59.086+0000] {processor.py:175} INFO - Processing /home/airflow/.local/lib/python3.7/site-packages/airflow/example_dags/example_external_task_marker_dag.py took 0.165 seconds
[2026-10-01T00:11:29.129+0000] {processor.py:153} INFO - Started process (PID=16799) to work on /home/airflow/.local/lib/python3.7/site-packages/airflow/example_dags/example_external_task_marker_dag.py
[2026-10-01T00:11:29.130+0000] {processor.py:743} INFO - Processing file /home/airflow/.local/lib/python3.7/site-packages/airflow/example_dags/example_external_task_marker_dag.py for tasks to queue
[2026-10-01T00:11:29.132+0000] {logging_mixin.py:137} INFO - [2026-10-01T00:11:29.132+0000] {dagbag.py:538} INFO - Filling up the DagBag from /home/airflow/.local/lib/python3.7/site-packages/airflow/example_dags/example_external_task_marker_dag.py
[2026-10-01T00:11:29.152+0000] {processor.py:753} INFO - DAG(s) dict_keys(['example_external_task_marker_child', 'example_external_task_marker_parent']) retrieved from /home/airflow/.local/lib/python3.7/site-packages/airflow/example_dags/example_external_task_marker_dag.py
[2026-10-01T00:11:29.217+0000] {logging_mixin.py:137} INFO - [2026-10-01T00:11:29.217+0000] {dag.py:2676} INFO - Sync 2 DAGs
[2026-10-01T00:11:29.259+0000] {logging_mixin.py:137} INFO - [2026-10-01T00:11:29.259+0000] {dag.py:3427} INFO - Setting next_dagrun for example_external_task_marker_child to None, run_after=None
[2026-10-01T00:11:29.264+0000] {logging_mixin.py:137} INFO - [2026-10-01T00:11:29.264+0000] {dag.py:3427} INFO - Setting next_dagrun for example_external_task_marker_parent to None, run_after=None
[2026-10-01T00:11:29.292+0000] {processor.py:175} INFO - Processing /home/airflow/.local/lib/python3.7/site-packages/airflow/example_dags/example_external_task_marker_dag.py took 0.167 seconds
[2026-10-01T00:11:59.479+0000] {processor.py:153} INFO - Started process (PID=16898) to work on /home/airflow/.local/lib/python3.7/site-packages/airflow/example_dags/example_external_task_marker_dag.py
[2026-10-01T00:11:59.480+0000] {processor.py:743} INFO - Processing file /home/airflow/.local/lib/python3.7/site-packages/airflow/example_dags/example_external_task_marker_dag.py for tasks to queue
[2026-10-01T00:11:59.481+0000] {logging_mixin.py:137} INFO - [2026-10-01T00:11:59.481+0000] {dagbag.py:538} INFO - Filling up the DagBag from /home/airflow/.local/lib/python3.7/site-packages/airflow/example_dags/example_external_task_marker_dag.py
[2026-10-01T00:11:59.507+0000] {processor.py:753} INFO - DAG(s) dict_keys(['example_external_task_marker_parent', 'example_external_task_marker_child']) retrieved from /home/airflow/.local/lib/python3.7/site-packages/airflow/example_dags/example_external_task_marker_dag.py
[2026-10-01T00:11:59.557+0000] {logging_mixin.py:137} INFO - [2026-10-01T00:11:59.557+0000] {dag.py:2676} INFO - Sync 2 DAGs
[2026-10-01T00:11:59.589+0000] {logging_mixin.py:137} INFO - [2026-10-01T00:11:59.589+0000] {dag.py:3427} INFO - Setting next_dagrun for example_external_task_marker_child to None, run_after=None
[2026-10-01T00:11:59.593+0000] {logging_mixin.py:137} INFO - [2026-10-01T00:11:59.593+0000] {dag.py:3427} INFO - Setting next_dagrun for example_external_task_marker_parent to None, run_after=None
[2026-10-01T00:11:59.612+0000] {processor.py:175} INFO - Processing /home/airflow/.local/lib/python3.7/site-packages/airflow/example_dags/example_external_task_marker_dag.py took 0.139 seconds
[2026-10-01T00:12:30.785+0000] {processor.py:153} INFO - Started process (PID=16978) to work on /home/airflow/.local/lib/python3.7/site-packages/airflow/example_dags/example_external_task_marker_dag.py
[2026-10-01T00:12:30.787+0000] {processor.py:743} INFO - Processing file /home/airflow/.local/lib/python3.7/site-packages/airflow/example_dags/example_external_task_marker_dag.py for tasks to queue
[2026-10-01T00:12:30.788+0000] {logging_mixin.py:137} INFO - [2026-10-01T00:12:30.788+0000] {dagbag.py:538} INFO - Filling up the DagBag from /home/airflow/.local/lib/python3.7/site-packages/airflow/example_dags/example_external_task_marker_dag.py
[2026-10-01T00:12:30.815+0000] {processor.py:753} INFO - DAG(s) dict_keys(['example_external_task_marker_child', 'example_external_task_marker_parent']) retrieved from /home/airflow/.local/lib/python3.7/site-packages/airflow/example_dags/example_external_task_marker_dag.py
[2026-10-01T00:12:30.879+0000] {logging_mixin.py:137} INFO - [2026-10-01T00:12:30.879+0000] {dag.py:2676} INFO - Sync 2 DAGs
[2026-10-01T00:12:30.911+0000] {logging_mixin.py:137} INFO - [2026-10-01T00:12:30.911+0000] {dag.py:3427} INFO - Setting next_dagrun for example_external_task_marker_child to None, run_after=None
[2026-10-01T00:12:30.915+0000] {logging_mixin.py:137} INFO - [2026-10-01T00:12:30.915+0000] {dag.py:3427} INFO - Setting next_dagrun for example_external_task_marker_parent to None, run_after=None
[2026-10-01T00:12:30.933+0000] {processor.py:175} INFO - Processing /home/airflow/.local/lib/python3.7/site-packages/airflow/example_dags/example_external_task_marker_dag.py took 0.154 seconds
[2026-10-01T00:13:01.447+0000] {processor.py:153} INFO - Started process (PID=17057) to work on /home/airflow/.local/lib/python3.7/site-packages/airflow/example_dags/example_external_task_marker_dag.py
[2026-10-01T00:13:01.448+0000] {processor.py:743} INFO - Processing file /home/airflow/.local/lib/python3.7/site-packages/airflow/example_dags/example_external_task_marker_dag.py for tasks to queue
[2026-10-01T00:13:01.449+0000] {logging_mixin.py:137} INFO - [2026-10-01T00:13:01.449+0000] {dagbag.py:538} INFO - Filling up the DagBag from /home/airflow/.local/lib/python3.7/site-packages/airflow/example_dags/example_external_task_marker_dag.py
[2026-10-01T00:13:01.469+0000] {processor.py:753} INFO - DAG(s) dict_keys(['example_external_task_marker_child', 'example_external_task_marker_parent']) retrieved from /home/airflow/.local/lib/python3.7/site-packages/airflow/example_dags/example_external_task_marker_dag.py
[2026-10-01T00:13:01.536+0000] {logging_mixin.py:137} INFO - [2026-10-01T00:13:01.536+0000] {dag.py:2676} INFO - Sync 2 DAGs
[2026-10-01T00:13:01.577+0000] {logging_mixin.py:137} INFO - [2026-10-01T00:13:01.577+0000] {dag.py:3427} INFO - Setting next_dagrun for example_external_task_marker_child to None, run_after=None
[2026-10-01T00:13:01.583+0000] {logging_mixin.py:137} INFO - [2026-10-01T00:13:01.583+0000] {dag.py:3427} INFO - Setting next_dagrun for example_external_task_marker_parent to None, run_after=None
[2026-10-01T00:13:01.608+0000] {processor.py:175} INFO - Processing /home/airflow/.local/lib/python3.7/site-packages/airflow/example_dags/example_external_task_marker_dag.py took 0.165 seconds
[2026-10-01T00:13:31.678+0000] {processor.py:153} INFO - Started process (PID=17145) to work on /home/airflow/.local/lib/python3.7/site-packages/airflow/example_dags/example_external_task_marker_dag.py
[2026-10-01T00:13:31.679+0000] {processor.py:743} INFO - Processing file /home/airflow/.local/lib/python3.7/site-packages/airflow/example_dags/example_external_task_marker_dag.py for tasks to queue
[2026-10-01T00:13:31.680+0000] {logging_mixin.py:137} INFO - [2026-10-01T00:13:31.680+0000] {dagbag.py:538} INFO - Filling up the DagBag from /home/airflow/.local/lib/python3.7/site-packages/airflow/example_dags/example_external_task_marker_dag.py
[2026-10-01T00:13:31.707+0000] {processor.py:753} INFO - DAG(s) dict_keys(['example_external_task_marker_child', 'example_external_task_marker_parent']) retrieved from /home/airflow/.local/lib/python3.7/site-packages/airflow/example_dags/example_external_task_marker_dag.py
[2026-10-01T00:13:31.759+0000] {logging_mixin.py:137} INFO - [2026-10-01T00:13:31.759+0000] {dag.py:2676} INFO - Sync 2 DAGs
[2026-10-01T00:13:31.795+0000] {logging_mixin.py:137} INFO - [2026-10-01T00:13:31.795+0000] {dag.py:3427} INFO - Setting next_dagrun for example_external_task_marker_child to None, run_after=None
[2026-10-01T00:13:31.800+0000] {logging_mixin.py:137} INFO - [2026-10-01T00:13:31.799+0000] {dag.py:3427} INFO - Setting next_dagrun for example_external_task_marker_parent to None, run_after=None
[2026-10-01T00:13:31.820+0000] {processor.py:175} INFO - Processing /home/airflow/.local/lib/python3.7/site-packages/airflow/example_dags/example_external_task_marker_dag.py took 0.148 seconds
[2026-10-01T00:14:01.981+0000] {processor.py:153} INFO - Started process (PID=17235) to work on /home/airflow/.local/lib/python3.7/site-packages/airflow/example_dags/example_external_task_marker_dag.py
[2026-10-01T00:14:01.982+0000] {processor.py:743} INFO - Processing file /home/airflow/.local/lib/python3.7/site-packages/airflow/example_dags/example_external_task_marker_dag.py for tasks to queue
[2026-10-01T00:14:01.983+0000] {logging_mixin.py:137} INFO - [2026-10-01T00:14:01.983+0000] {dagbag.py:538} INFO - Filling up the DagBag from /home/airflow/.local/lib/python3.7/site-packages/airflow/example_dags/example_external_task_marker_dag.py
[2026-10-01T00:14:02.010+0000] {processor.py:753} INFO - DAG(s) dict_keys(['example_external_task_marker_parent', 'example_external_task_marker_child']) retrieved from /home/airflow/.local/lib/python3.7/site-packages/airflow/example_dags/example_external_task_marker_dag.py
[2026-10-01T00:14:02.074+0000] {logging_mixin.py:137} INFO - [2026-10-01T00:14:02.073+0000] {dag.py:2676} INFO - Sync 2 DAGs
[2026-10-01T00:14:02.112+0000] {logging_mixin.py:137} INFO - [2026-10-01T00:14:02.112+0000] {dag.py:3427} INFO - Setting next_dagrun for example_external_task_marker_child to None, run_after=None
[2026-10-01T00:14:02.116+0000] {logging_mixin.py:137} INFO - [2026-10-01T00:14:02.116+0000] {dag.py:3427} INFO - Setting next_dagrun for example_external_task_marker_parent to None, run_after=None
[2026-10-01T00:14:02.135+0000] {processor.py:175} INFO - Processing /home/airflow/.local/lib/python3.7/site-packages/airflow/example_dags/example_external_task_marker_dag.py took 0.160 seconds
[2026-10-01T00:14:32.889+0000] {processor.py:153} INFO - Started process (PID=17314) to work on /home/airflow/.local/lib/python3.7/site-packages/airflow/example_dags/example_external_task_marker_dag.py
[2026-10-01T00:14:32.890+0000] {processor.py:743} INFO - Processing file /home/airflow/.local/lib/python3.7/site-packages/airflow/example_dags/example_external_task_marker_dag.py for tasks to queue
[2026-10-01T00:14:32.891+0000] {logging_mixin.py:137} INFO - [2026-10-01T00:14:32.891+0000] {dagbag.py:538} INFO - Filling up the DagBag from /home/airflow/.local/lib/python3.7/site-packages/airflow/example_dags/example_external_task_marker_dag.py
[2026-10-01T00:14:32.915+0000] {processor.py:753} INFO - DAG(s) dict_keys(['example_external_task_marker_parent', 'example_external_task_marker_child']) retrieved from /home/airflow/.local/lib/python3.7/site-packages/airflow/example_dags/example_external_task_marker_dag.py
[2026-10-01T00:14:32.997+0000] {logging_mixin.py:137} INFO - [2026-10-01T00:14:32.997+0000] {dag.py:2676} INFO - Sync 2 DAGs
[2026-10-01T00:14:33.043+0000] {logging_mixin.py:137} INFO - [2026-10-01T00:14:33.042+0000] {dag.py:3427} INFO - Setting next_dagrun for example_external_task_marker_child to None, run_after=None
[2026-10-01T00:14:33.049+0000] {logging_mixin.py:137} INFO - [2026-10-01T00:14:33.049+0000] {dag.py:3427} INFO - Setting next_dagrun for example_external_task_marker_parent to None, run_after=None
[2026-10-01T00:14:33.080+0000] {processor.py:175} INFO - Processing /home/airflow/.local/lib/python3.7/site-packages/airflow/example_dags/example_external_task_marker_dag.py took 0.195 seconds
[2026-10-01T00:15:03.258+0000] {processor.py:153} INFO - Started process (PID=17393) to work on /home/airflow/.local/lib/python3.7/site-packages/airflow/example_dags/example_external_task_marker_dag.py
[2026-10-01T00:15:03.259+0000] {processor.py:743} INFO - Processing file /home/airflow/.local/lib/python3.7/site-packages/airflow/example_dags/example_external_task_marker_dag.py for tasks to queue
[2026-10-01T00:15:03.260+0000] {logging_mixin.py:137} INFO - [2026-10-01T00:15:03.260+0000] {dagbag.py:538} INFO - Filling up the DagBag from /home/airflow/.local/lib/python3.7/site-packages/airflow/example_dags/example_external_task_marker_dag.py
[2026-10-01T00:15:03.281+0000] {processor.py:753} INFO - DAG(s) dict_keys(['example_external_task_marker_child', 'example_external_task_marker_parent']) retrieved from /home/airflow/.local/lib/python3.7/site-packages/airflow/example_dags/example_external_task_marker_dag.py
[2026-10-01T00:15:03.338+0000] {logging_mixin.py:137} INFO - [2026-10-01T00:15:03.338+0000] {dag.py:2676} INFO - Sync 2 DAGs
[2026-10-01T00:15:03.385+0000] {logging_mixin.py:137} INFO - [2026-10-01T00:15:03.385+0000] {dag.py:3427} INFO - Setting next_dagrun for example_external_task_marker_child to None, run_after=None
[2026-10-01T00:15:03.389+0000] {logging_mixin.py:137} INFO - [2026-10-01T00:15:03.389+0000] {dag.py:3427} INFO - Setting next_dagrun for example_external_task_marker_parent to None, run_after=None
[2026-10-01T00:15:03.413+0000] {processor.py:175} INFO - Processing /home/airflow/.local/lib/python3.7/site-packages/airflow/example_dags/example_external_task_marker_dag.py took 0.159 seconds
[2026-10-01T00:15:33.516+0000] {processor.py:153} INFO - Started process (PID=17472) to work on /home/airflow/.local/lib/python3.7/site-packages/airflow/example_dags/example_external_task_marker_dag.py
[2026-10-01T00:15:33.517+0000] {processor.py:743} INFO - Processing file /home/airflow/.local/lib/python3.7/site-packages/airflow/example_dags/example_external_task_marker_dag.py for tasks to queue
[2026-10-01T00:15:33.518+0000] {logging_mixin.py:137} INFO - [2026-10-01T00:15:33.518+0000] {dagbag.py:538} INFO - Filling up the DagBag from /home/airflow/.local/lib/python3.7/site-packages/airflow/example_dags/example_external_task_marker_dag.py
[2026-10-01T00:15:33.540+0000] {processor.py:753} INFO - DAG(s) dict_keys(['example_external_task_marker_child', 'example_external_task_marker_parent']) retrieved from /home/airflow/.local/lib/python3.7/site-packages/airflow/example_dags/example_external_task_marker_dag.py
[2026-10-01T00:15:33.597+0000] {logging_mixin.py:137} INFO - [2026-10-01T00:15:33.596+0000] {dag.py:2676} INFO - Sync 2 DAGs
[2026-10-01T00:15:33.634+0000] {logging_mixin.py:137} INFO - [2026-10-01T00:15:33.634+0000] {dag.py:3427} INFO - Setting next_dagrun for example_external_task_marker_child to None, run_after=None
[2026-10-01T00:15:33.640+0000] {logging_mixin.py:137} INFO - [2026-10-01T00:15:33.640+0000] {dag.py:3427} INFO - Setting next_dagrun for example_external_task_marker_parent to None, run_after=None
[2026-10-01T00:15:33.669+0000] {processor.py:175} INFO - Processing /home/airflow/.local/lib/python3.7/site-packages/airflow/example_dags/example_external_task_marker_dag.py took 0.158 seconds
[2026-10-01T00:16:04.268+0000] {processor.py:153} INFO - Started process (PID=17571) to work on /home/airflow/.local/lib/python3.7/site-packages/airflow/example_dags/example_external_task_marker_dag.py
[2026-10-01T00:16:04.269+0000] {processor.py:743} INFO - Processing file /home/airflow/.local/lib/python3.7/site-packages/airflow/example_dags/example_external_task_marker_dag.py for tasks to queue
[2026-10-01T00:16:04.270+0000] {logging_mixin.py:137} INFO - [2026-10-01T00:16:04.270+0000] {dagbag.py:538} INFO - Filling up the DagBag from /home/airflow/.local/lib/python3.7/site-packages/airflow/example_dags/example_external_task_marker_dag.py
[2026-10-01T00:16:04.289+0000] {processor.py:753} INFO - DAG(s) dict_keys(['example_external_task_marker_parent', 'example_external_task_marker_child']) retrieved from /home/airflow/.local/lib/python3.7/site-packages/airflow/example_dags/example_external_task_marker_dag.py
[2026-10-01T00:16:04.342+0000] {logging_mixin.py:137} INFO - [2026-10-01T00:16:04.342+0000] {dag.py:2676} INFO - Sync 2 DAGs
[2026-10-01T00:16:04.380+0000] {logging_mixin.py:137} INFO - [2026-10-01T00:16:04.380+0000] {dag.py:3427} INFO - Setting next_dagrun for example_external_task_marker_child to None, run_after=None
[2026-10-01T00:16:04.385+0000] {logging_mixin.py:137} INFO - [2026-10-01T00:16:04.384+0000] {dag.py:3427} INFO - Setting next_dagrun for example_external_task_marker_parent to None, run_after=None
[2026-10-01T00:16:04.410+0000] {processor.py:175} INFO - Processing /home/airflow/.local/lib/python3.7/site-packages/airflow/example_dags/example_external_task_marker_dag.py took 0.147 seconds
[2026-10-01T00:16:35.204+0000] {processor.py:153} INFO - Started process (PID=17650) to work on /home/airflow/.local/lib/python3.7/site-packages/airflow/example_dags/example_external_task_marker_dag.py
[2026-10-01T00:16:35.205+0000] {processor.py:743} INFO - Processing file /home/airflow/.local/lib/python3.7/site-packages/airflow/example_dags/example_external_task_marker_dag.py for tasks to queue
[2026-10-01T00:16:35.206+0000] {logging_mixin.py:137} INFO - [2026-10-01T00:16:35.206+0000] {dagbag.py:538} INFO - Filling up the DagBag from /home/airflow/.local/lib/python3.7/site-packages/airflow/example_dags/example_external_task_marker_dag.py
[2026-10-01T00:16:35.224+0000] {processor.py:753} INFO - DAG(s) dict_keys(['example_external_task_marker_child', 'example_external_task_marker_parent']) retrieved from /home/airflow/.local/lib/python3.7/site-packages/airflow/example_dags/example_external_task_marker_dag.py
[2026-10-01T00:16:35.275+0000] {logging_mixin.py:137} INFO - [2026-10-01T00:16:35.275+0000] {dag.py:2676} INFO - Sync 2 DAGs
[2026-10-01T00:16:35.315+0000] {logging_mixin.py:137} INFO - [2026-10-01T00:16:35.315+0000] {dag.py:3427} INFO - Setting next_dagrun for example_external_task_marker_child to None, run_after=None
[2026-10-01T00:16:35.320+0000] {logging_mixin.py:137} INFO - [2026-10-01T00:16:35.319+0000] {dag.py:3427} INFO - Setting next_dagrun for example_external_task_marker_parent to None, run_after=None
[2026-10-01T00:16:35.338+0000] {processor.py:175} INFO - Processing /home/airflow/.local/lib/python3.7/site-packages/airflow/example_dags/example_external_task_marker_dag.py took 0.138 seconds
[2026-10-01T00:17:06.114+0000] {processor.py:153} INFO - Started process (PID=17729) to work on /home/airflow/.local/lib/python3.7/site-packages/airflow/example_dags/example_external_task_marker_dag.py
[2026-10-01T00:17:06.115+0000] {processor.py:743} INFO - Processing file /home/airflow/.local/lib/python3.7/site-packages/airflow/example_dags/example_external_task_marker_dag.py for tasks to queue
[2026-10-01T00:17:06.116+0000] {logging_mixin.py:137} INFO - [2026-10-01T00:17:06.116+0000] {dagbag.py:538} INFO - Filling up the DagBag from /home/airflow/.local/lib/python3.7/site-packages/airflow/example_dags/example_external_task_marker_dag.py
[2026-10-01T00:17:06.137+0000] {processor.py:753} INFO - DAG(s) dict_keys(['example_external_task_marker_child', 'example_external_task_marker_parent']) retrieved from /home/airflow/.local/lib/python3.7/site-packages/airflow/example_dags/example_external_task_marker_dag.py
[2026-10-01T00:17:06.191+0000] {logging_mixin.py:137} INFO - [2026-10-01T00:17:06.191+0000] {dag.py:2676} INFO - Sync 2 DAGs
[2026-10-01T00:17:06.224+0000] {logging_mixin.py:137} INFO - [2026-10-01T00:17:06.224+0000] {dag.py:3427} INFO - Setting next_dagrun for example_external_task_marker_child to None, run_after=None
[2026-10-01T00:17:06.228+0000] {logging_mixin.py:137} INFO - [2026-10-01T00:17:06.228+0000] {dag.py:3427} INFO - Setting next_dagrun for example_external_task_marker_parent to None, run_after=None
[2026-10-01T00:17:06.254+0000] {processor.py:175} INFO - Processing /home/airflow/.local/lib/python3.7/site-packages/airflow/example_dags/example_external_task_marker_dag.py took 0.144 seconds
[2026-10-01T00:17:37.284+0000] {processor.py:153} INFO - Started process (PID=17817) to work on /home/airflow/.local/lib/python3.7/site-packages/airflow/example_dags/example_external_task_marker_dag.py
[2026-10-01T00:17:37.284+0000] {processor.py:743} INFO - Processing file /home/airflow/.local/lib/python3.7/site-packages/airflow/example_dags/example_external_task_marker_dag.py for tasks to queue
[2026-10-01T00:17:37.285+0000] {logging_mixin.py:137} INFO - [2026-10-01T00:17:37.285+0000] {dagbag.py:538} INFO - Filling up the DagBag from /home/airflow/.local/lib/python3.7/site-packages/airflow/example_dags/example_external_task_marker_dag.py
[2026-10-01T00:17:37.311+0000] {processor.py:753} INFO - DAG(s) dict_keys(['example_external_task_marker_parent', 'example_external_task_marker_child']) retrieved from /home/airflow/.local/lib/python3.7/site-packages/airflow/example_dags/example_external_task_marker_dag.py
[2026-10-01T00:17:37.383+0000] {logging_mixin.py:137} INFO - [2026-10-01T00:17:37.382+0000] {dag.py:2676} INFO - Sync 2 DAGs
[2026-10-01T00:17:37.421+0000] {logging_mixin.py:137} INFO - [2026-10-01T00:17:37.421+0000] {dag.py:3427} INFO - Setting next_dagrun for example_external_task_marker_child to None, run_after=None
[2026-10-01T00:17:37.426+0000] {logging_mixin.py:137} INFO - [2026-10-01T00:17:37.426+0000] {dag.py:3427} INFO - Setting next_dagrun for example_external_task_marker_parent to None, run_after=None
[2026-10-01T00:17:37.447+0000] {processor.py:175} INFO - Processing /home/airflow/.local/lib/python3.7/site-packages/airflow/example_dags/example_external_task_marker_dag.py took 0.169 seconds
[2026-10-01T00:18:07.564+0000] {processor.py:153} INFO - Started process (PID=17907) to work on /home/airflow/.local/lib/python3.7/site-packages/airflow/example_dags/example_external_task_marker_dag.py
[2026-10-01T00:18:07.566+0000] {processor.py:743} INFO - Processing file /home/airflow/.local/lib/python3.7/site-packages/airflow/example_dags/example_external_task_marker_dag.py for tasks to queue
[2026-10-01T00:18:07.567+0000] {logging_mixin.py:137} INFO - [2026-10-01T00:18:07.567+0000] {dagbag.py:538} INFO - Filling up the DagBag from /home/airflow/.local/lib/python3.7/site-packages/airflow/example_dags/example_external_task_marker_dag.py
[2026-10-01T00:18:07.594+0000] {processor.py:753} INFO - DAG(s) dict_keys(['example_external_task_marker_parent', 'example_external_task_marker_child']) retrieved from /home/airflow/.local/lib/python3.7/site-packages/airflow/example_dags/example_external_task_marker_dag.py
[2026-10-01T00:18:07.653+0000] {logging_mixin.py:137} INFO - [2026-10-01T00:18:07.653+0000] {dag.py:2676} INFO - Sync 2 DAGs
[2026-10-01T00:18:07.689+0000] {logging_mixin.py:137} INFO - [2026-10-01T00:18:07.689+0000] {dag.py:3427} INFO - Setting next_dagrun for example_external_task_marker_child to None, run_after=None
[2026-10-01T00:18:07.695+0000] {logging_mixin.py:137} INFO - [2026-10-01T00:18:07.695+0000] {dag.py:3427} INFO - Setting next_dagrun for example_external_task_marker_parent to None, run_after=None
[2026-10-01T00:18:07.720+0000] {processor.py:175} INFO - Processing /home/airflow/.local/lib/python3.7/site-packages/airflow/example_dags/example_external_task_marker_dag.py took 0.165 seconds
[2026-10-01T00:18:38.069+0000] {processor.py:153} INFO - Started process (PID=17986) to work on /home/airflow/.local/lib/python3.7/site-packages/airflow/example_dags/example_external_task_marker_dag.py
[2026-10-01T00:18:38.070+0000] {processor.py:743} INFO - Processing file /home/airflow/.local/lib/python3.7/site-packages/airflow/example_dags/example_external_task_marker_dag.py for tasks to queue
[2026-10-01T00:18:38.073+0000] {logging_mixin.py:137} INFO - [2026-10-01T00:18:38.072+0000] {dagbag.py:538} INFO - Filling up the DagBag from /home/airflow/.local/lib/python3.7/site-packages/airflow/example_dags/example_external_task_marker_dag.py
[2026-10-01T00:18:38.101+0000] {processor.py:753} INFO - DAG(s) dict_keys(['example_external_task_marker_parent', 'example_external_task_marker_child']) retrieved from /home/airflow/.local/lib/python3.7/site-packages/airflow/example_dags/example_external_task_marker_dag.py
[2026-10-01T00:18:38.168+0000] {logging_mixin.py:137} INFO - [2026-10-01T00:18:38.168+0000] {dag.py:2676} INFO - Sync 2 DAGs
[2026-10-01T00:18:38.211+0000] {logging_mixin.py:137} INFO - [2026-10-01T00:18:38.211+0000] {dag.py:3427} INFO - Setting next_dagrun for example_external_task_marker_child to None, run_after=None
[2026-10-01T00:18:38.216+0000] {logging_mixin.py:137} INFO - [2026-10-01T00:18:38.216+0000] {dag.py:3427} INFO - Setting next_dagrun for example_external_task_marker_parent to None, run_after=None
[2026-10-01T00:18:38.233+0000] {processor.py:175} INFO - Processing /home/airflow/.local/lib/python3.7/site-packages/airflow/example_dags/example_external_task_marker_dag.py took 0.170 seconds
[2026-10-01T00:19:09.085+0000] {processor.py:153} INFO - Started process (PID=18065) to work on /home/airflow/.local/lib/python3.7/site-packages/airflow/example_dags/example_external_task_marker_dag.py
[2026-10-01T00:19:09.086+0000] {processor.py:743} INFO - Processing file /home/airflow/.local/lib/python3.7/site-packages/airflow/example_dags/example_external_task_marker_dag.py for tasks to queue
[2026-10-01T00:19:09.088+0000] {logging_mixin.py:137} INFO - [2026-10-01T00:19:09.087+0000] {dagbag.py:538} INFO - Filling up the DagBag from /home/airflow/.local/lib/python3.7/site-packages/airflow/example_dags/example_external_task_marker_dag.py
[2026-10-01T00:19:09.117+0000] {processor.py:753} INFO - DAG(s) dict_keys(['example_external_task_marker_parent', 'example_external_task_marker_child']) retrieved from /home/airflow/.local/lib/python3.7/site-packages/airflow/example_dags/example_external_task_marker_dag.py
[2026-10-01T00:19:09.180+0000] {logging_mixin.py:137} INFO - [2026-10-01T00:19:09.180+0000] {dag.py:2676} INFO - Sync 2 DAGs
[2026-10-01T00:19:09.236+0000] {logging_mixin.py:137} INFO - [2026-10-01T00:19:09.236+0000] {dag.py:3427} INFO - Setting next_dagrun for example_external_task_marker_child to None, run_after=None
[2026-10-01T00:19:09.242+0000] {logging_mixin.py:137} INFO - [2026-10-01T00:19:09.241+0000] {dag.py:3427} INFO - Setting next_dagrun for example_external_task_marker_parent to None, run_after=None
[2026-10-01T00:19:09.263+0000] {processor.py:175} INFO - Processing /home/airflow/.local/lib/python3.7/site-packages/airflow/example_dags/example_external_task_marker_dag.py took 0.184 seconds
[2026-10-01T00:19:39.975+0000] {processor.py:153} INFO - Started process (PID=18164) to work on /home/airflow/.local/lib/python3.7/site-packages/airflow/example_dags/example_external_task_marker_dag.py
[2026-10-01T00:19:39.976+0000] {processor.py:743} INFO - Processing file /home/airflow/.local/lib/python3.7/site-packages/airflow/example_dags/example_external_task_marker_dag.py for tasks to queue
[2026-10-01T00:19:39.977+0000] {logging_mixin.py:137} INFO - [2026-10-01T00:19:39.977+0000] {dagbag.py:538} INFO - Filling up the DagBag from /home/airflow/.local/lib/python3.7/site-packages/airflow/example_dags/example_external_task_marker_dag.py
[2026-10-01T00:19:39.999+0000] {processor.py:753} INFO - DAG(s) dict_keys(['example_external_task_marker_child', 'example_external_task_marker_parent']) retrieved from /home/airflow/.local/lib/python3.7/site-packages/airflow/example_dags/example_external_task_marker_dag.py
[2026-10-01T00:19:40.056+0000] {logging_mixin.py:137} INFO - [2026-10-01T00:19:40.056+0000] {dag.py:2676} INFO - Sync 2 DAGs
[2026-10-01T00:19:40.100+0000] {logging_mixin.py:137} INFO - [2026-10-01T00:19:40.100+0000] {dag.py:3427} INFO - Setting next_dagrun for example_external_task_marker_child to None, run_after=None
[2026-10-01T00:19:40.106+0000] {logging_mixin.py:137} INFO - [2026-10-01T00:19:40.106+0000] {dag.py:3427} INFO - Setting next_dagrun for example_external_task_marker_parent to None, run_after=None
[2026-10-01T00:19:40.127+0000] {processor.py:175} INFO - Processing /home/airflow/.local/lib/python3.7/site-packages/airflow/example_dags/example_external_task_marker_dag.py took 0.156 seconds
[2026-10-01T00:20:10.217+0000] {processor.py:153} INFO - Started process (PID=18243) to work on /home/airflow/.local/lib/python3.7/site-packages/airflow/example_dags/example_external_task_marker_dag.py
[2026-10-01T00:20:10.218+0000] {processor.py:743} INFO - Processing file /home/airflow/.local/lib/python3.7/site-packages/airflow/example_dags/example_external_task_marker_dag.py for tasks to queue
[2026-10-01T00:20:10.219+0000] {logging_mixin.py:137} INFO - [2026-10-01T00:20:10.219+0000] {dagbag.py:538} INFO - Filling up the DagBag from /home/airflow/.local/lib/python3.7/site-packages/airflow/example_dags/example_external_task_marker_dag.py
[2026-10-01T00:20:10.238+0000] {processor.py:753} INFO - DAG(s) dict_keys(['example_external_task_marker_parent', 'example_external_task_marker_child']) retrieved from /home/airflow/.local/lib/python3.7/site-packages/airflow/example_dags/example_external_task_marker_dag.py
[2026-10-01T00:20:10.292+0000] {logging_mixin.py:137} INFO - [2026-10-01T00:20:10.292+0000] {dag.py:2676} INFO - Sync 2 DAGs
[2026-10-01T00:20:10.338+0000] {logging_mixin.py:137} INFO - [2026-10-01T00:20:10.338+0000] {dag.py:3427} INFO - Setting next_dagrun for example_external_task_marker_child to None, run_after=None
[2026-10-01T00:20:10.345+0000] {logging_mixin.py:137} INFO - [2026-10-01T00:20:10.345+0000] {dag.py:3427} INFO - Setting next_dagrun for example_external_task_marker_parent to None, run_after=None
[2026-10-01T00:20:10.362+0000] {processor.py:175} INFO - Processing /home/airflow/.local/lib/python3.7/site-packages/airflow/example_dags/example_external_task_marker_dag.py took 0.151 seconds
[2026-10-01T00:20:40.682+0000] {processor.py:153} INFO - Started process (PID=18322) to work on /home/airflow/.local/lib/python3.7/site-packages/airflow/example_dags/example_external_task_marker_dag.py
[2026-10-01T00:20:40.683+0000] {processor.py:743} INFO - Processing file /home/airflow/.local/lib/python3.7/site-packages/airflow/example_dags/example_external_task_marker_dag.py for tasks to queue
[2026-10-01T00:20:40.684+0000] {logging_mixin.py:137} INFO - [2026-10-01T00:20:40.684+0000] {dagbag.py:538} INFO - Filling up the DagBag from /home/airflow/.local/lib/python3.7/site-packages/airflow/example_dags/example_external_task_marker_dag.py
[2026-10-01T00:20:40.707+0000] {processor.py:753} INFO - DAG(s) dict_keys(['example_external_task_marker_parent', 'example_external_task_marker_child']) retrieved from /home/airflow/.local/lib/python3.7/site-packages/airflow/example_dags/example_external_task_marker_dag.py
[2026-10-01T00:20:40.778+0000] {logging_mixin.py:137} INFO - [2026-10-01T00:20:40.777+0000] {dag.py:2676} INFO - Sync 2 DAGs
[2026-10-01T00:20:40.816+0000] {logging_mixin.py:137} INFO - [2026-10-01T00:20:40.816+0000] {dag.py:3427} INFO - Setting next_dagrun for example_external_task_marker_child to None, run_after=None
[2026-10-01T00:20:40.823+0000] {logging_mixin.py:137} INFO - [2026-10-01T00:20:40.823+0000] {dag.py:3427} INFO - Setting next_dagrun for example_external_task_marker_parent to None, run_after=None
[2026-10-01T00:20:40.852+0000] {processor.py:175} INFO - Processing /home/airflow/.local/lib/python3.7/site-packages/airflow/example_dags/example_external_task_marker_dag.py took 0.174 seconds
