[2026-10-01T00:00:19.740+0000] {processor.py:153} INFO - Started process (PID=14974) to work on /home/airflow/.local/lib/python3.7/site-packages/airflow/example_dags/example_branch_operator_decorator.py
[2026-10-01T00:00:19.741+0000] {processor.py:743} INFO - Processing file /home/airflow/.local/lib/python3.7/site-packages/airflow/example_dags/example_branch_operator_decorator.py for tasks to queue
[2026-10-01T00:00:19.744+0000] {logging_mixin.py:137} INFO - [2026-10-01T00:00:19.743+0000] {dagbag.py:538} INFO - Filling up the DagBag from /home/airflow/.local/lib/python3.7/site-packages/airflow/example_dags/example_branch_operator_decorator.py
[2026-10-01T00:00:19.795+0000] {processor.py:753} INFO - DAG(s) dict_keys(['example_branch_python_operator_decorator']) retrieved from /home/airflow/.local/lib/python3.7/site-packages/airflow/example_dags/example_branch_operator_decorator.py
[2026-10-01T00:00:19.858+0000] {logging_mixin.py:137} INFO - [2026-10-01T00:00:19.858+0000] {dag.py:2676} INFO - Sync 1 DAGs
[2026-10-01T00:00:19.905+0000] {logging_mixin.py:137} INFO - [2026-10-01T00:00:19.905+0000] {dag.py:3427} INFO - Setting next_dagrun for example_branch_python_operator_decorator to 2026-09-30T00:00:00+00:00, run_after=2026-10-01T00:00:00+00:00
[2026-10-01T00:00:19.924+0000] {processor.py:175} INFO - Processing /home/airflow/.local/lib/python3.7/site-packages/airflow/example_dags/example_branch_operator_decorator.py took 0.190 seconds
[2026-10-01T00:00:50.733+0000] {processor.py:153} INFO - Started process (PID=15053) to work on /home/airflow/.local/lib/python3.7/site-packages/airflow/example_dags/example_branch_operator_decorator.py
[2026-10-01T00:00:50.734+0000] {processor.py:743} INFO - Processing file /home/airflow/.local/lib/python3.7/site-packages/airflow/example_dags/example_branch_operator_decorator.py for tasks to queue
[2026-10-01T00:00:50.735+0000] {logging_mixin.py:137} INFO - [2026-10-01T00:00:50.735+0000] {dagbag.py:538} INFO - Filling up the DagBag from /home/airflow/.local/lib/python3.7/site-packages/airflow/example_dags/example_branch_operator_decorator.py
[2026-10-01T00:00:50.772+0000] {processor.py:753} INFO - DAG(s) dict_keys(['example_branch_python_operator_decorator']) retrieved from /home/airflow/.local/lib/python3.7/site-packages/airflow/example_dags/example_branch_operator_decorator.py
[2026-10-01T00:00:50.825+0000] {logging_mixin.py:137} INFO - [2026-10-01T00:00:50.824+0000] {dag.py:2676} INFO - Sync 1 DAGs
[2026-10-01T00:00:50.863+0000] {logging_mixin.py:137} INFO - [2026-10-01T00:00:50.863+0000] {dag.py:3427} INFO - Setting next_dagrun for example_branch_python_operator_decorator to 2026-09-30T00:00:00+00:00, run_after=2026-10-01T00:00:00+00:00
[2026-10-01T00:00:50.903+0000] {processor.py:175} INFO - Processing /home/airflow/.local/lib/python3.7/site-packages/airflow/example_dags/example_branch_operator_decorator.py took 0.175 seconds
[2026-10-01T00:01:21.454+0000] {processor.py:153} INFO - Started process (PID=15141) to work on /home/airflow/.local/lib/python3.7/site-packages/airflow/example_dags/example_branch_operator_decorator.py
[2026-10-01T00:01:21.455+0000] {processor.py:743} INFO - Processing file /home/airflow/.local/lib/python3.7/site-packages/airflow/example_dags/example_branch_operator_decorator.py for tasks to queue
[2026-10-01T00:01:21.456+0000] {logging_mixin.py:137} INFO - [2026-10-01T00:01:21.456+0000] {dagbag.py:538} INFO - Filling up the DagBag from /home/airflow/.local/lib/python3.7/site-packages/airflow/example_dags/example_branch_operator_decorator.py
[2026-10-01T00:01:21.491+0000] {processor.py:753} INFO - DAG(s) dict_keys(['example_branch_python_operator_decorator']) retrieved from /home/airflow/.local/lib/python3.7/site-packages/airflow/example_dags/example_branch_operator_decorator.py
[2026-10-01T00:01:21.540+0000] {logging_mixin.py:137} INFO - [2026-10-01T00:01:21.540+0000] {dag.py:2676} INFO - Sync 1 DAGs
[2026-10-01T00:01:21.574+0000] {logging_mixin.py:137} INFO - [2026-10-01T00:01:21.574+0000] {dag.py:3427} INFO - Setting next_dagrun for example_branch_python_operator_decorator to 2026-09-30T00:00:00+00:00, run_after=2026-10-01T00:00:00+00:00
[2026-10-01T00:01:21.594+0000] {processor.py:175} INFO - Processing /home/airflow/.local/lib/python3.7/site-packages/airflow/example_dags/example_branch_operator_decorator.py took 0.146 seconds
[2026-10-01T00:01:52.335+0000] {processor.py:153} INFO - Started process (PID=15231) to work on /home/airflow/.local/lib/python3.7/site-packages/airflow/example_dags/example_branch_operator_decorator.py
[2026-10-01T00:01:52.335+0000] {processor.py:743} INFO - Processing file /home/airflow/.local/lib/python3.7/site-packages/airflow/example_dags/example_branch_operator_decorator.py for tasks to queue
[2026-10-01T00:01:52.336+0000] {logging_mixin.py:137} INFO - [2026-10-01T00:01:52.336+0000] {dagbag.py:538} INFO - Filling up the DagBag from /home/airflow/.local/lib/python3.7/site-packages/airflow/example_dags/example_branch_operator_decorator.py
[2026-10-01T00:01:52.368+0000] {processor.py:753} INFO - DAG(s) dict_keys(['example_branch_python_operator_decorator']) retrieved from /home/airflow/.local/lib/python3.7/site-packages/airflow/example_dags/example_branch_operator_decorator.py
[2026-10-01T00:01:52.417+0000] {logging_mixin.py:137} INFO - [2026-10-01T00:01:52.417+0000] {dag.py:2676} INFO - Sync 1 DAGs
[2026-10-01T00:01:52.449+0000] {logging_mixin.py:137} INFO - [2026-10-01T00:01:52.449+0000] {dag.py:3427} INFO - Setting next_dagrun for example_branch_python_operator_decorator to 2026-09-30T00:00:00+00:00, run_after=2026-10-01T00:00:00+00:00
[2026-10-01T00:01:52.473+0000] {processor.py:175} INFO - Processing /home/airflow/.local/lib/python3.7/site-packages/airflow/example_dags/example_branch_operator_decorator.py took 0.142 seconds
[2026-10-01T00:02:23.206+0000] {processor.py:153} INFO - Started process (PID=15310) to work on /home/airflow/.local/lib/python3.7/site-packages/airflow/example_dags/example_branch_operator_decorator.py
[2026-10-01T00:02:23.207+0000] {processor.py:743} INFO - Processing file /home/airflow/.local/lib/python3.7/site-packages/airflow/example_dags/example_branch_operator_decorator.py for tasks to queue
[2026-10-01T00:02:23.207+0000] {logging_mixin.py:137} INFO - [2026-10-01T00:02:23.207+0000] {dagbag.py:538} INFO - Filling up the DagBag from /home/airflow/.local/lib/python3.7/site-packages/airflow/example_dags/example_branch_operator_decorator.py
[2026-10-01T00:02:23.231+0000] {processor.py:753} INFO - DAG(s) dict_keys(['example_branch_python_operator_decorator']) retrieved from /home/airflow/.local/lib/python3.7/site-packages/airflow/example_dags/example_branch_operator_decorator.py
[2026-10-01T00:02:23.268+0000] {logging_mixin.py:137} INFO - [2026-10-01T00:02:23.268+0000] {dag.py:2676} INFO - Sync 1 DAGs
[2026-10-01T00:02:23.294+0000] {logging_mixin.py:137} INFO - [2026-10-01T00:02:23.293+0000] {dag.py:3427} INFO - Setting next_dagrun for example_branch_python_operator_decorator to 2026-09-30T00:00:00+00:00, run_after=2026-10-01T00:00:00+00:00
[2026-10-01T00:02:23.309+0000] {processor.py:175} INFO - Processing /home/airflow/.local/lib/python3.7/site-packages/airflow/example_dags/example_branch_operator_decorator.py took 0.106 seconds
[2026-10-01T00:02:53.547+0000] {processor.py:153} INFO - Started process (PID=15389) to work on /home/airflow/.local/lib/python3.7/site-packages/airflow/example_dags/example_branch_operator_decorator.py
[2026-10-01T00:02:53.548+0000] {processor.py:743} INFO - Processing file /home/airflow/.local/lib/python3.7/site-packages/airflow/example_dags/example_branch_operator_decorator.py for tasks to queue
[2026-10-01T00:02:53.549+0000] {logging_mixin.py:137} INFO - [2026-10-01T00:02:53.548+0000] {dagbag.py:538} INFO - Filling up the DagBag from /home/airflow/.local/lib/python3.7/site-packages/airflow/example_dags/example_branch_operator_decorator.py
[2026-10-01T00:02:53.588+0000] {processor.py:753} INFO - DAG(s) dict_keys(['example_branch_python_operator_decorator']) retrieved from /home/airflow/.local/lib/python3.7/site-packages/airflow/example_dags/example_branch_operator_decorator.py
[2026-10-01T00:02:53.639+0000] {logging_mixin.py:137} INFO - [2026-10-01T00:02:53.639+0000] {dag.py:2676} INFO - Sync 1 DAGs
[2026-10-01T00:02:53.687+0000] {logging_mixin.py:137} INFO - [2026-10-01T00:02:53.687+0000] {dag.py:3427} INFO - Setting next_dagrun for example_branch_python_operator_decorator to 2026-09-30T00:00:00+00:00, run_after=2026-10-01T00:00:00+00:00
[2026-10-01T00:02:53.713+0000] {processor.py:175} INFO - Processing /home/airflow/.local/lib/python3.7/site-packages/airflow/example_dags/example_branch_operator_decorator.py took 0.171 seconds
[2026-10-01T00:03:23.793+0000] {processor.py:153} INFO - Started process (PID=15477) to work on /home/airflow/.local/lib/python3.7/site-packages/airflow/example_dags/example_branch_operator_decorator.py
[2026-10-01T00:03:23.794+0000] {processor.py:743} INFO - Processing file /home/airflow/.local/lib/python3.7/site-packages/airflow/example_dags/example_branch_operator_decorator.py for tasks to queue
[2026-10-01T00:03:23.794+0000] {logging_mixin.py:137} INFO - [2026-10-01T00:03:23.794+0000] {dagbag.py:538} INFO - Filling up the DagBag from /home/airflow/.local/lib/python3.7/site-packages/airflow/example_dags/example_branch_operator_decorator.py
[2026-10-01T00:03:23.831+0000] {processor.py:753} INFO - DAG(s) dict_keys(['example_branch_python_operator_decorator']) retrieved from /home/airflow/.local/lib/python3.7/site-packages/airflow/example_dags/example_branch_operator_decorator.py
[2026-10-01T00:03:23.886+0000] {logging_mixin.py:137} INFO - [2026-10-01T00:03:23.885+0000] {dag.py:2676} INFO - Sync 1 DAGs
[2026-10-01T00:03:23.926+0000] {logging_mixin.py:137} INFO - [2026-10-01T00:03:23.926+0000] {dag.py:3427} INFO - Setting next_dagrun for example_branch_python_operator_decorator to 2026-09-30T00:00:00+00:00, run_after=2026-10-01T00:00:00+00:00
[2026-10-01T00:03:23.949+0000] {processor.py:175} INFO - Processing /home/airflow/.local/lib/python3.7/site-packages/airflow/example_dags/example_branch_operator_decorator.py took 0.160 seconds
[2026-10-01T00:03:54.246+0000] {processor.py:153} INFO - Started process (PID=15567) to work on /home/airflow/.local/lib/python3.7/site-packages/airflow/example_dags/example_branch_operator_decorator.py
[2026-10-01T00:03:54.247+0000] {processor.py:743} INFO - Processing file /home/airflow/.local/lib/python3.7/site-packages/airflow/example_dags/example_branch_operator_decorator.py for tasks to queue
[2026-10-01T00:03:54.248+0000] {logging_mixin.py:137} INFO - [2026-10-01T00:03:54.248+0000] {dagbag.py:538} INFO - Filling up the DagBag from /home/airflow/.local/lib/python3.7/site-packages/airflow/example_dags/example_branch_operator_decorator.py
[2026-10-01T00:03:54.284+0000] {processor.py:753} INFO - DAG(s) dict_keys(['example_branch_python_operator_decorator']) retrieved from /home/airflow/.local/lib/python3.7/site-packages/airflow/example_dags/example_branch_operator_decorator.py
[2026-10-01T00:03:54.334+0000] {logging_mixin.py:137} INFO - [2026-10-01T00:03:54.334+0000] {dag.py:2676} INFO - Sync 1 DAGs
[2026-10-01T00:03:54.369+0000] {logging_mixin.py:137} INFO - [2026-10-01T00:03:54.369+0000] {dag.py:3427} INFO - Setting next_dagrun for example_branch_python_operator_decorator to 2026-09-30T00:00:00+00:00, run_after=2026-10-01T00:00:00+00:00
[2026-10-01T00:03:54.389+0000] {processor.py:175} INFO - Processing /home/airflow/.local/lib/python3.7/site-packages/airflow/example_dags/example_branch_operator_decorator.py took 0.148 seconds
[2026-10-01T00:04:24.533+0000] {processor.py:153} INFO - Started process (PID=15646) to work on /home/airflow/.local/lib/python3.7/site-packages/airflow/example_dags/example_branch_operator_decorator.py
[2026-10-01T00:04:24.534+0000] {processor.py:743} INFO - Processing file /home/airflow/.local/lib/python3.7/site-packages/airflow/example_dags/example_branch_operator_decorator.py for tasks to queue
[2026-10-01T00:04:24.536+0000] {logging_mixin.py:137} INFO - [2026-10-01T00:04:24.536+0000] {dagbag.py:538} INFO - Filling up the DagBag from /home/airflow/.local/lib/python3.7/site-packages/airflow/example_dags/example_branch_operator_decorator.py
[2026-10-01T00:04:24.587+0000] {processor.py:753} INFO - DAG(s) dict_keys(['example_branch_python_operator_decorator']) retrieved from /home/airflow/.local/lib/python3.7/site-packages/airflow/example_dags/example_branch_operator_decorator.py
[2026-10-01T00:04:24.650+0000] {logging_mixin.py:137} INFO - [2026-10-01T00:04:24.650+0000] {dag.py:2676} INFO - Sync 1 DAGs
[2026-10-01T00:04:24.690+0000] {logging_mixin.py:137} INFO - [2026-10-01T00:04:24.690+0000] {dag.py:3427} INFO - Setting next_dagrun for example_branch_python_operator_decorator to 2026-09-30T00:00:00+00:00, run_after=2026-10-01T00:00:00+00:00
[2026-10-01T00:04:24.711+0000] {processor.py:175} INFO - Processing /home/airflow/.local/lib/python3.7/site-packages/airflow/example_dags/example_branch_operator_decorator.py took 0.182 seconds
[2026-10-01T00:04:55.513+0000] {processor.py:153} INFO - Started process (PID=15725) to work on /home/airflow/.local/lib/python3.7/site-packages/airflow/example_dags/example_branch_operator_decorator.py
[2026-10-01T00:04:55.514+0000] {processor.py:743} INFO - Processing file /home/airflow/.local/lib/python3.7/site-packages/airflow/example_dags/example_branch_operator_decorator.py for tasks to queue
[2026-10-01T00:04:55.515+0000] {logging_mixin.py:137} INFO - [2026-10-01T00:04:55.515+0000] {dagbag.py:538} INFO - Filling up the DagBag from /home/airflow/.local/lib/python3.7/site-packages/airflow/example_dags/example_branch_operator_decorator.py
[2026-10-01T00:04:55.553+0000] {processor.py:753} INFO - DAG(s) dict_keys(['example_branch_python_operator_decorator']) retrieved from /home/airflow/.local/lib/python3.7/site-packages/airflow/example_dags/example_branch_operator_decorator.py
[2026-10-01T00:04:55.608+0000] {logging_mixin.py:137} INFO - [2026-10-01T00:04:55.608+0000] {dag.py:2676} INFO - Sync 1 DAGs
[2026-10-01T00:04:55.644+0000] {logging_mixin.py:137} INFO - [2026-10-01T00:04:55.644+0000] {dag.py:3427} INFO - Setting next_dagrun for example_branch_python_operator_decorator to 2026-09-30T00:00:00+00:00, run_after=2026-10-01T00:00:00+00:00
[2026-10-01T00:04:55.670+0000] {processor.py:175} INFO - Processing /home/airflow/.local/lib/python3.7/site-packages/airflow/example_dags/example_branch_operator_decorator.py took 0.161 seconds
[2026-10-01T00:05:25.717+0000] {processor.py:153} INFO - Started process (PID=15813) to work on /home/airflow/.local/lib/python3.7/site-packages/airflow/example_dags/example_branch_operator_decorator.py
[2026-10-01T00:05:25.718+0000] {processor.py:743} INFO - Processing file /home/airflow/.local/lib/python3.7/site-packages/airflow/example_dags/example_branch_operator_decorator.py for tasks to queue
[2026-10-01T00:05:25.719+0000] {logging_mixin.py:137} INFO - [2026-10-01T00:05:25.718+0000] {dagbag.py:538} INFO - Filling up the DagBag from /home/airflow/.local/lib/python3.7/site-packages/airflow/example_dags/example_branch_operator_decorator.py
[2026-10-01T00:05:25.755+0000] {processor.py:753} INFO - DAG(s) dict_keys(['example_branch_python_operator_decorator']) retrieved from /home/airflow/.local/lib/python3.7/site-packages/airflow/example_dags/example_branch_operator_decorator.py
[2026-10-01T00:05:25.804+0000] {logging_mixin.py:137} INFO - [2026-10-01T00:05:25.804+0000] {dag.py:2676} INFO - Sync 1 DAGs
[2026-10-01T00:05:25.863+0000] {logging_mixin.py:137} INFO - [2026-10-01T00:05:25.863+0000] {dag.py:3427} INFO - Setting next_dagrun for example_branch_python_operator_decorator to 2026-09-30T00:00:00+00:00, run_after=2026-10-01T00:00:00+00:00
[2026-10-01T00:05:25.897+0000] {processor.py:175} INFO - Processing /home/airflow/.local/lib/python3.7/site-packages/airflow/example_dags/example_branch_operator_decorator.py took 0.184 seconds
[2026-10-01T00:05:56.286+0000] {processor.py:153} INFO - Started process (PID=15903) to work on /home/airflow/.local/lib/python3.7/site-packages/airflow/example_dags/example_branch_operator_decorator.py
[2026-10-01T00:05:56.287+0000] {processor.py:743} INFO - Processing file /home/airflow/.local/lib/python3.7/site-packages/airflow/example_dags/example_branch_operator_decorator.py for tasks to queue
[2026-10-01T00:05:56.287+0000] {logging_mixin.py:137} INFO - [2026-10-01T00:05:56.287+0000] {dagbag.py:538} INFO - Filling up the DagBag from /home/airflow/.local/lib/python3.7/site-packages/airflow/example_dags/example_branch_operator_decorator.py
[2026-10-01T00:05:56.320+0000] {processor.py:753} INFO - DAG(s) dict_keys(['example_branch_python_operator_decorator']) retrieved from /home/airflow/.local/lib/python3.7/site-packages/airflow/example_dags/example_branch_operator_decorator.py
[2026-10-01T00:05:56.369+0000] {logging_mixin.py:137} INFO - [2026-10-01T00:05:56.369+0000] {dag.py:2676} INFO - Sync 1 DAGs
[2026-10-01T00:05:56.404+0000] {logging_mixin.py:137} INFO - [2026-10-01T00:05:56.404+0000] {dag.py:3427} INFO - Setting next_dagrun for example_branch_python_operator_decorator to 2026-09-30T00:00:00+00:00, run_after=2026-10-01T00:00:00+00:00
[2026-10-01T00:05:56.425+0000] {processor.py:175} INFO - Processing /home/airflow/.local/lib/python3.7/site-packages/airflow/example_dags/example_branch_operator_decorator.py took 0.143 seconds
[2026-10-01T00:06:27.345+0000] {processor.py:153} INFO - Started process (PID=15982) to work on /home/airflow/.local/lib/python3.7/site-packages/airflow/example_dags/example_branch_operator_decorator.py
[2026-10-01T00:06:27.346+0000] {processor.py:743} INFO - Processing file /home/airflow/.local/lib/python3.7/site-packages/airflow/example_dags/example_branch_operator_decorator.py for tasks to queue
[2026-10-01T00:06:27.347+0000] {logging_mixin.py:137} INFO - [2026-10-01T00:06:27.347+0000] {dagbag.py:538} INFO - Filling up the DagBag from /home/airflow/.local/lib/python3.7/site-packages/airflow/example_dags/example_branch_operator_decorator.py
[2026-10-01T00:06:27.395+0000] {processor.py:753} INFO - DAG(s) dict_keys(['example_branch_python_operator_decorator']) retrieved from /home/airflow/.local/lib/python3.7/site-packages/airflow/example_dags/example_branch_operator_decorator.py
[2026-10-01T00:06:27.461+0000] {logging_mixin.py:137} INFO - [2026-10-01T00:06:27.460+0000] {dag.py:2676} INFO - Sync 1 DAGs
[2026-10-01T00:06:27.498+0000] {logging_mixin.py:137} INFO - [2026-10-01T00:06:27.498+0000] {dag.py:3427} INFO - Setting next_dagrun for example_branch_python_operator_decorator to 2026-09-30T00:00:00+00:00, run_after=2026-10-01T00:00:00+00:00
[2026-10-01T00:06:27.527+0000] {processor.py:175} INFO - Processing /home/airflow/.local/lib/python3.7/site-packages/airflow/example_dags/example_branch_operator_decorator.py took 0.186 seconds
[2026-10-01T00:06:57.718+0000] {processor.py:153} INFO - Started process (PID=16061) to work on /home/airflow/.local/lib/python3.7/site-packages/airflow/example_dags/example_branch_operator_decorator.py
[2026-10-01T00:06:57.719+0000] {processor.py:743} INFO - Processing file /home/airflow/.local/lib/python3.7/site-packages/airflow/example_dags/example_branch_operator_decorator.py for tasks to queue
[2026-10-01T00:06:57.720+0000] {logging_mixin.py:137} INFO - [2026-10-01T00:06:57.719+0000] {dagbag.py:538} INFO - Filling up the DagBag from /home/airflow/.local/lib/python3.7/site-packages/airflow/example_dags/example_branch_operator_decorator.py
[2026-10-01T00:06:57.770+0000] {processor.py:753} INFO - DAG(s) dict_keys(['example_branch_python_operator_decorator']) retrieved from /home/airflow/.local/lib/python3.7/site-packages/airflow/example_dags/example_branch_operator_decorator.py
[2026-10-01T00:06:57.836+0000] {logging_mixin.py:137} INFO - [2026-10-01T00:06:57.836+0000] {dag.py:2676} INFO - Sync 1 DAGs
[2026-10-01T00:06:57.873+0000] {logging_mixin.py:137} INFO - [2026-10-01T00:06:57.873+0000] {dag.py:3427} INFO - Setting next_dagrun for example_branch_python_operator_decorator to 2026-09-30T00:00:00+00:00, run_after=2026-10-01T00:00:00+00:00
[2026-10-01T00:06:57.894+0000] {processor.py:175} INFO - Processing /home/airflow/.local/lib/python3.7/site-packages/airflow/example_dags/example_branch_operator_decorator.py took 0.180 seconds
[2026-10-01T00:07:28.009+0000] {processor.py:153} INFO - Started process (PID=16160) to work on /home/airflow/.local/lib/python3.7/site-packages/airflow/example_dags/example_branch_operator_decorator.py
[2026-10-01T00:07:28.010+0000] {processor.py:743} INFO - Processing file /home/airflow/.local/lib/python3.7/site-packages/airflow/example_dags/example_branch_operator_decorator.py for tasks to queue
[2026-10-01T00:07:28.011+0000] {logging_mixin.py:137} INFO - [2026-10-01T00:07:28.010+0000] {dagbag.py:538} INFO - Filling up the DagBag from /home/airflow/.local/lib/python3.7/site-packages/airflow/example_dags/example_branch_operator_decorator.py
[2026-10-01T00:07:28.051+0000] {processor.py:753} INFO - DAG(s) dict_keys(['example_branch_python_operator_decorator']) retrieved from /home/airflow/.local/lib/python3.7/site-packages/airflow/example_dags/example_branch_operator_decorator.py
[2026-10-01T00:07:28.112+0000] {logging_mixin.py:137} INFO - [2026-10-01T00:07:28.112+0000] {dag.py:2676} INFO - Sync 1 DAGs
[2026-10-01T00:07:28.155+0000] {logging_mixin.py:137} INFO - [2026-10-01T00:07:28.155+0000] {dag.py:3427} INFO - Setting next_dagrun for example_branch_python_operator_decorator to 2026-09-30T00:00:00+00:00, run_after=2026-10-01T00:00:00+00:00
[2026-10-01T00:07:28.183+0000] {processor.py:175} INFO - Processing /home/airflow/.local/lib/python3.7/site-packages/airflow/example_dags/example_branch_operator_decorator.py took 0.179 seconds
[2026-10-01T00:07:58.463+0000] {processor.py:153} INFO - Started process (PID=16239) to work on /home/airflow/.local/lib/python3.7/site-packages/airflow/example_dags/example_branch_operator_decorator.py
[2026-10-01T00:07:58.464+0000] {processor.py:743} INFO - Processing file /home/airflow/.local/lib/python3.7/site-packages/airflow/example_dags/example_branch_operator_decorator.py for tasks to queue
[2026-10-01T00:07:58.465+0000] {logging_mixin.py:137} INFO - [2026-10-01T00:07:58.465+0000] {dagbag.py:538} INFO - Filling up the DagBag from /home/airflow/.local/lib/python3.7/site-packages/airflow/example_dags/example_branch_operator_decorator.py
[2026-10-01T00:07:58.517+0000] {processor.py:753} INFO - DAG(s) dict_keys(['example_branch_python_operator_decorator']) retrieved from /home/airflow/.local/lib/python3.7/site-packages/airflow/example_dags/example_branch_operator_decorator.py
[2026-10-01T00:07:58.590+0000] {logging_mixin.py:137} INFO - [2026-10-01T00:07:58.590+0000] {dag.py:2676} INFO - Sync 1 DAGs
[2026-10-01T00:07:58.636+0000] {logging_mixin.py:137} INFO - [2026-10-01T00:07:58.636+0000] {dag.py:3427} INFO - Setting next_dagrun for example_branch_python_operator_decorator to 2026-09-30T00:00:00+00:00, run_after=2026-10-01T00:00:00+00:00
[2026-10-01T00:07:58.665+0000] {processor.py:175} INFO - Processing /home/airflow/.local/lib/python3.7/site-packages/airflow/example_dags/example_branch_operator_decorator.py took 0.208 seconds
[2026-10-01T00:08:28.996+0000] {processor.py:153} INFO - Started process (PID=16318) to work on /home/airflow/.local/lib/python3.7/site-packages/airflow/example_dags/example_branch_operator_decorator.py
[2026-10-01T00:08:28.998+0000] {processor.py:743} INFO - Processing file /home/airflow/.local/lib/python3.7/site-packages/airflow/example_dags/example_branch_operator_decorator.py for tasks to queue
[2026-10-01T00:08:28.998+0000] {logging_mixin.py:137} INFO - [2026-10-01T00:08:28.998+0000] {dagbag.py:538} INFO - Filling up the DagBag from /home/airflow/.local/lib/python3.7/site-packages/airflow/example_dags/example_branch_operator_decorator.py
[2026-10-01T00:08:29.031+0000] {processor.py:753} INFO - DAG(s) dict_keys(['example_branch_python_operator_decorator']) retrieved from /home/airflow/.local/lib/python3.7/site-packages/airflow/example_dags/example_branch_operator_decorator.py
[2026-10-01T00:08:29.079+0000] {logging_mixin.py:137} INFO - [2026-10-01T00:08:29.078+0000] {dag.py:2676} INFO - Sync 1 DAGs
[2026-10-01T00:08:29.110+0000] {logging_mixin.py:137} INFO - [2026-10-01T00:08:29.110+0000] {dag.py:3427} INFO - Setting next_dagrun for example_branch_python_operator_decorator to 2026-09-30T00:00:00+00:00, run_after=2026-10-01T00:00:00+00:00
[2026-10-01T00:08:29.131+0000] {processor.py:175} INFO - Processing /home/airflow/.local/lib/python3.7/site-packages/airflow/example_dags/example_branch_operator_decorator.py took 0.140 seconds
[2026-10-01T00:08:59.516+0000] {processor.py:153} INFO - Started process (PID=16404) to work on /home/airflow/.local/lib/python3.7/site-packages/airflow/example_dags/example_branch_operator_decorator.py
[2026-10-01T00:08:59.517+0000] {processor.py:743} INFO - Processing file /home/airflow/.local/lib/python3.7/site-packages/airflow/example_dags/example_branch_operator_decorator.py for tasks to queue
[2026-10-01T00:08:59.518+0000] {logging_mixin.py:137} INFO - [2026-10-01T00:08:59.518+0000] {dagbag.py:538} INFO - Filling up the DagBag from /home/airflow/.local/lib/python3.7/site-packages/airflow/example_dags/example_branch_operator_decorator.py
[2026-10-01T00:08:59.553+0000] {processor.py:753} INFO - DAG(s) dict_keys(['example_branch_python_operator_decorator']) retrieved from /home/airflow/.local/lib/python3.7/site-packages/airflow/example_dags/example_branch_operator_decorator.py
[2026-10-01T00:08:59.603+0000] {logging_mixin.py:137} INFO - [2026-10-01T00:08:59.603+0000] {dag.py:2676} INFO - Sync 1 DAGs
[2026-10-01T00:08:59.643+0000] {logging_mixin.py:137} INFO - [2026-10-01T00:08:59.643+0000] {dag.py:3427} INFO - Setting next_dagrun for example_branch_python_operator_decorator to 2026-09-30T00:00:00+00:00, run_after=2026-10-01T00:00:00+00:00
[2026-10-01T00:08:59.668+0000] {processor.py:175} INFO - Processing /home/airflow/.local/lib/python3.7/site-packages/airflow/example_dags/example_branch_operator_decorator.py took 0.156 seconds
[2026-10-01T00:09:29.796+0000] {processor.py:153} INFO - Started process (PID=16496) to work on /home/airflow/.local/lib/python3.7/site-packages/airflow/example_dags/example_branch_operator_decorator.py
[2026-10-01T00:09:29.797+0000] {processor.py:743} INFO - Processing file /home/airflow/.local/lib/python3.7/site-packages/airflow/example_dags/example_branch_operator_decorator.py for tasks to queue
[2026-10-01T00:09:29.798+0000] {logging_mixin.py:137} INFO - [2026-10-01T00:09:29.798+0000] {dagbag.py:538} INFO - Filling up the DagBag from /home/airflow/.local/lib/python3.7/site-packages/airflow/example_dags/example_branch_operator_decorator.py
[2026-10-01T00:09:29.831+0000] {processor.py:753} INFO - DAG(s) dict_keys(['example_branch_python_operator_decorator']) retrieved from /home/airflow/.local/lib/python3.7/site-packages/airflow/example_dags/example_branch_operator_decorator.py
[2026-10-01T00:09:29.880+0000] {logging_mixin.py:137} INFO - [2026-10-01T00:09:29.880+0000] {dag.py:2676} INFO - Sync 1 DAGs
[2026-10-01T00:09:29.915+0000] {logging_mixin.py:137} INFO - [2026-10-01T00:09:29.915+0000] {dag.py:3427} INFO - Setting next_dagrun for example_branch_python_operator_decorator to 2026-09-30T00:00:00+00:00, run_after=2026-10-01T00:00:00+00:00
[2026-10-01T00:09:29.943+0000] {processor.py:175} INFO - Processing /home/airflow/.local/lib/python3.7/site-packages/airflow/example_dags/example_branch_operator_decorator.py took 0.151 seconds
[2026-10-01T00:10:00.096+0000] {processor.py:153} INFO - Started process (PID=16575) to work on /home/airflow/.local/lib/python3.7/site-packages/airflow/example_dags/example_branch_operator_decorator.py
[2026-10-01T00:10:00.097+0000] {processor.py:743} INFO - Processing file /home/airflow/.local/lib/python3.7/site-packages/airflow/example_dags/example_branch_operator_decorator.py for tasks to queue
[2026-10-01T00:10:00.098+0000] {logging_mixin.py:137} INFO - [2026-10-01T00:10:00.098+0000] {dagbag.py:538} INFO - Filling up the DagBag from /home/airflow/.local/lib/python3.7/site-packages/airflow/example_dags/example_branch_operator_decorator.py
[2026-10-01T00:10:00.131+0000] {processor.py:753} INFO - DAG(s) dict_keys(['example_branch_python_operator_decorator']) retrieved from /home/airflow/.local/lib/python3.7/site-packages/airflow/example_dags/example_branch_operator_decorator.py
[2026-10-01T00:10:00.184+0000] {logging_mixin.py:137} INFO - [2026-10-01T00:10:00.184+0000] {dag.py:2676} INFO - Sync 1 DAGs
[2026-10-01T00:10:00.230+0000] {logging_mixin.py:137} INFO - [2026-10-01T00:10:00.230+0000] {dag.py:3427} INFO - Setting next_dagrun for example_branch_python_operator_decorator to 2026-09-30T00:00:00+00:00, run_after=2026-10-01T00:00:00+00:00
[2026-10-01T00:10:00.262+0000] {processor.py:175} INFO - Processing /home/airflow/.local/lib/python3.7/site-packages/airflow/example_dags/example_branch_operator_decorator.py took 0.170 seconds
[2026-10-01T00:10:31.163+0000] {processor.py:153} INFO - Started process (PID=16654) to work on /home/airflow/.local/lib/python3.7/site-packages/airflow/example_dags/example_branch_operator_decorator.py
[2026-10-01T00:10:31.164+0000] {processor.py:743} INFO - Processing file /home/airflow/.local/lib/python3.7/site-packages/airflow/example_dags/example_branch_operator_decorator.py for tasks to queue
[2026-10-01T00:10:31.165+0000] {logging_mixin.py:137} INFO - [2026-10-01T00:10:31.165+0000] {dagbag.py:538} INFO - Filling up the DagBag from /home/airflow/.local/lib/python3.7/site-packages/airflow/example_dags/example_branch_operator_decorator.py
[2026-10-01T00:10:31.207+0000] {processor.py:753} INFO - DAG(s) dict_keys(['example_branch_python_operator_decorator']) retrieved from /home/airflow/.local/lib/python3.7/site-packages/airflow/example_dags/example_branch_operator_decorator.py
[2026-10-01T00:10:31.268+0000] {logging_mixin.py:137} INFO - [2026-10-01T00:10:31.268+0000] {dag.py:2676} INFO - Sync 1 DAGs
[2026-10-01T00:10:31.301+0000] {logging_mixin.py:137} INFO - [2026-10-01T00:10:31.301+0000] {dag.py:3427} INFO - Setting next_dagrun for example_branch_python_operator_decorator to 2026-09-30T00:00:00+00:00, run_after=2026-10-01T00:00:00+00:00
[2026-10-01T00:10:31.322+0000] {processor.py:175} INFO - Processing /home/airflow/.local/lib/python3.7/site-packages/airflow/example_dags/example_branch_operator_decorator.py took 0.163 seconds
[2026-10-01T00:11:01.539+0000] {processor.py:153} INFO - Started process (PID=16733) to work on /home/airflow/.local/lib/python3.7/site-packages/airflow/example_dags/example_branch_operator_decorator.py
[2026-10-01T00:11:01.539+0000] {processor.py:743} INFO - Processing file /home/airflow/.local/lib/python3.7/site-packages/airflow/example_dags/example_branch_operator_decorator.py for tasks to queue
[2026-10-01T00:11:01.540+0000] {logging_mixin.py:137} INFO - [2026-10-01T00:11:01.540+0000] {dagbag.py:538} INFO - Filling up the DagBag from /home/airflow/.local/lib/python3.7/site-packages/airflow/example_dags/example_branch_operator_decorator.py
[2026-10-01T00:11:01.580+0000] {processor.py:753} INFO - DAG(s) dict_keys(['example_branch_python_operator_decorator']) retrieved from /home/airflow/.local/lib/python3.7/site-packages/airflow/example_dags/example_branch_operator_decorator.py
[2026-10-01T00:11:01.641+0000] {logging_mixin.py:137} INFO - [2026-10-01T00:11:01.641+0000] {dag.py:2676} INFO - Sync 1 DAGs
[2026-10-01T00:11:01.683+0000] {logging_mixin.py:137} INFO - [2026-10-01T00:11:01.683+0000] {dag.py:3427} INFO - Setting next_dagrun for example_branch_python_operator_decorator to 2026-09-30T00:00:00+00:00, run_after=2026-10-01T00:00:00+00:00
[2026-10-01T00:11:01.711+0000] {processor.py:175} INFO - Processing /home/airflow/.local/lib/python3.7/site-packages/airflow/example_dags/example_branch_operator_decorator.py took 0.176 seconds
[2026-10-01T00:11:32.014+0000] {processor.py:153} INFO - Started process (PID=16832) to work on /home/airflow/.local/lib/python3.7/site-packages/airflow/example_dags/example_branch_operator_decorator.py
[2026-10-01T00:11:32.017+0000] {processor.py:743} INFO - Processing file /home/airflow/.local/lib/python3.7/site-packages/airflow/example_dags/example_branch_operator_decorator.py for tasks to queue
[2026-10-01T00:11:32.018+0000] {logging_mixin.py:137} INFO - [2026-10-01T00:11:32.018+0000] {dagbag.py:538} INFO - Filling up the DagBag from /home/airflow/.local/lib/python3.7/site-packages/airflow/example_dags/example_branch_operator_decorator.py
[2026-10-01T00:11:32.071+0000] {processor.py:753} INFO - DAG(s) dict_keys(['example_branch_python_operator_decorator']) retrieved from /home/airflow/.local/lib/python3.7/site-packages/airflow/example_dags/example_branch_operator_decorator.py
[2026-10-01T00:11:32.132+0000] {logging_mixin.py:137} INFO - [2026-10-01T00:11:32.132+0000] {dag.py:2676} INFO - Sync 1 DAGs
[2026-10-01T00:11:32.166+0000] {logging_mixin.py:137} INFO - [2026-10-01T00:11:32.166+0000] {dag.py:3427} INFO - Setting next_dagrun for example_branch_python_operator_decorator to 2026-09-30T00:00:00+00:00, run_after=2026-10-01T00:00:00+00:00
[2026-10-01T00:11:32.190+0000] {processor.py:175} INFO - Processing /home/airflow/.local/lib/python3.7/site-packages/airflow/example_dags/example_branch_operator_decorator.py took 0.180 seconds
[2026-10-01T00:12:02.709+0000] {processor.py:153} INFO - Started process (PID=16911) to work on /home/airflow/.local/lib/python3.7/site-packages/airflow/example_dags/example_branch_operator_decorator.py
[2026-10-01T00:12:02.710+0000] {processor.py:743} INFO - Processing file /home/airflow/.local/lib/python3.7/site-packages/airflow/example_dags/example_branch_operator_decorator.py for tasks to queue
[2026-10-01T00:12:02.711+0000] {logging_mixin.py:137} INFO - [2026-10-01T00:12:02.711+0000] {dagbag.py:538} INFO - Filling up the DagBag from /home/airflow/.local/lib/python3.7/site-packages/airflow/example_dags/example_branch_operator_decorator.py
[2026-10-01T00:12:02.764+0000] {processor.py:753} INFO - DAG(s) dict_keys(['example_branch_python_operator_decorator']) retrieved from /home/airflow/.local/lib/python3.7/site-packages/airflow/example_dags/example_branch_operator_decorator.py
[2026-10-01T00:12:02.824+0000] {logging_mixin.py:137} INFO - [2026-10-01T00:12:02.824+0000] {dag.py:2676} INFO - Sync 1 DAGs
[2026-10-01T00:12:02.855+0000] {logging_mixin.py:137} INFO - [2026-10-01T00:12:02.855+0000] {dag.py:3427} INFO - Setting next_dagrun for example_branch_python_operator_decorator to 2026-09-30T00:00:00+00:00, run_after=2026-10-01T00:00:00+00:00
[2026-10-01T00:12:02.876+0000] {processor.py:175} INFO - Processing /home/airflow/.local/lib/python3.7/site-packages/airflow/example_dags/example_branch_operator_decorator.py took 0.174 seconds
[2026-10-01T00:12:33.092+0000] {processor.py:153} INFO - Started process (PID=16990) to work on /home/airflow/.local/lib/python3.7/site-packages/airflow/example_dags/example_branch_operator_decorator.py
[2026-10-01T00:12:33.095+0000] {processor.py:743} INFO - Processing file /home/airflow/.local/lib/python3.7/site-packages/airflow/example_dags/example_branch_operator_decorator.py for tasks to queue
[2026-10-01T00:12:33.095+0000] {logging_mixin.py:137} INFO - [2026-10-01T00:12:33.095+0000] {dagbag.py:538} INFO - Filling up the DagBag from /home/airflow/.local/lib/python3.7/site-packages/airflow/example_dags/example_branch_operator_decorator.py
[2026-10-01T00:12:33.135+0000] {processor.py:753} INFO - DAG(s) dict_keys(['example_branch_python_operator_decorator']) retrieved from /home/airflow/.local/lib/python3.7/site-packages/airflow/example_dags/example_branch_operator_decorator.py
[2026-10-01T00:12:33.182+0000] {logging_mixin.py:137} INFO - [2026-10-01T00:12:33.182+0000] {dag.py:2676} INFO - Sync 1 DAGs
[2026-10-01T00:12:33.219+0000] {logging_mixin.py:137} INFO - [2026-10-01T00:12:33.218+0000] {dag.py:3427} INFO - Setting next_dagrun for example_branch_python_operator_decorator to 2026-09-30T00:00:00+00:00, run_after=2026-10-01T00:00:00+00:00
[2026-10-01T00:12:33.245+0000] {processor.py:175} INFO - Processing /home/airflow/.local/lib/python3.7/site-packages/airflow/example_dags/example_branch_operator_decorator.py took 0.156 seconds
[2026-10-01T00:13:03.855+0000] {processor.py:153} INFO - Started process (PID=17069) to work on /home/airflow/.local/lib/python3.7/site-packages/airflow/example_dags/example_branch_operator_decorator.py
[2026-10-01T00:13:03.857+0000] {processor.py:743} INFO - Processing file /home/airflow/.local/lib/python3.7/site-packages/airflow/example_dags/example_branch_operator_decorator.py for tasks to queue
[2026-10-01T00:13:03.858+0000] {logging_mixin.py:137} INFO - [2026-10-01T00:13:03.858+0000] {dagbag.py:538} INFO - Filling up the DagBag from /home/airflow/.local/lib/python3.7/site-packages/airflow/example_dags/example_branch_operator_decorator.py
[2026-10-01T00:13:03.913+0000] {processor.py:753} INFO - DAG(s) dict_keys(['example_branch_python_operator_decorator']) retrieved from /home/airflow/.local/lib/python3.7/site-packages/airflow/example_dags/example_branch_operator_decorator.py
[2026-10-01T00:13:03.962+0000] {logging_mixin.py:137} INFO - [2026-10-01T00:13:03.961+0000] {dag.py:2676} INFO - Sync 1 DAGs
[2026-10-01T00:13:04.005+0000] {logging_mixin.py:137} INFO - [2026-10-01T00:13:04.005+0000] {dag.py:3427} INFO - Setting next_dagrun for example_branch_python_operator_decorator to 2026-09-30T00:00:00+00:00, run_after=2026-10-01T00:00:00+00:00
[2026-10-01T00:13:04.027+0000] {processor.py:175} INFO - Processing /home/airflow/.local/lib/python3.7/site-packages/airflow/example_dags/example_branch_operator_decorator.py took 0.178 seconds
[2026-10-01T00:13:34.336+0000] {processor.py:153} INFO - Started process (PID=17168) to work on /home/airflow/.local/lib/python3.7/site-packages/airflow/example_dags/example_branch_operator_decorator.py
[2026-10-01T00:13:34.338+0000] {processor.py:743} INFO - Processing file /home/airflow/.local/lib/python3.7/site-packages/airflow/example_dags/example_branch_operator_decorator.py for tasks to queue
[2026-10-01T00:13:34.339+0000] {logging_mixin.py:137} INFO - [2026-10-01T00:13:34.339+0000] {dagbag.py:538} INFO - Filling up the DagBag from /home/airflow/.local/lib/python3.7/site-packages/airflow/example_dags/example_branch_operator_decorator.py
[2026-10-01T00:13:34.376+0000] {processor.py:753} INFO - DAG(s) dict_keys(['example_branch_python_operator_decorator']) retrieved from /home/airflow/.local/lib/python3.7/site-packages/airflow/example_dags/example_branch_operator_decorator.py
[2026-10-01T00:13:34.427+0000] {logging_mixin.py:137} INFO - [2026-10-01T00:13:34.427+0000] {dag.py:2676} INFO - Sync 1 DAGs
[2026-10-01T00:13:34.463+0000] {logging_mixin.py:137} INFO - [2026-10-01T00:13:34.463+0000] {dag.py:3427} INFO - Setting next_dagrun for example_branch_python_operator_decorator to 2026-09-30T00:00:00+00:00, run_after=2026-10-01T00:00:00+00:00
[2026-10-01T00:13:34.487+0000] {processor.py:175} INFO - Processing /home/airflow/.local/lib/python3.7/site-packages/airflow/example_dags/example_branch_operator_decorator.py took 0.155 seconds
[2026-10-01T00:14:05.010+0000] {processor.py:153} INFO - Started process (PID=17247) to work on /home/airflow/.local/lib/python3.7/site-packages/airflow/example_dags/example_branch_operator_decorator.py
[2026-10-01T00:14:05.011+0000] {processor.py:743} INFO - Processing file /home/airflow/.local/lib/python3.7/site-packages/airflow/example_dags/example_branch_operator_decorator.py for tasks to queue
[2026-10-01T00:14:05.013+0000] {logging_mixin.py:137} INFO - [2026-10-01T00:14:05.013+0000] {dagbag.py:538} INFO - Filling up the DagBag from /home/airflow/.local/lib/python3.7/site-packages/airflow/example_dags/example_branch_operator_decorator.py
[2026-10-01T00:14:05.066+0000] {processor.py:753} INFO - DAG(s) dict_keys(['example_branch_python_operator_decorator']) retrieved from /home/airflow/.local/lib/python3.7/site-packages/airflow/example_dags/example_branch_operator_decorator.py
[2026-10-01T00:14:05.144+0000] {logging_mixin.py:137} INFO - [2026-10-01T00:14:05.144+0000] {dag.py:2676} INFO - Sync 1 DAGs
[2026-10-01T00:14:05.198+0000] {logging_mixin.py:137} INFO - [2026-10-01T00:14:05.197+0000] {dag.py:3427} INFO - Setting next_dagrun for example_branch_python_operator_decorator to 2026-09-30T00:00:00+00:00, run_after=2026-10-01T00:00:00+00:00
[2026-10-01T00:14:05.224+0000] {processor.py:175} INFO - Processing /home/airflow/.local/lib/python3.7/site-packages/airflow/example_dags/example_branch_operator_decorator.py took 0.220 seconds
[2026-10-01T00:14:35.487+0000] {processor.py:153} INFO - Started process (PID=17326) to work on /home/airflow/.local/lib/python3.7/site-packages/airflow/example_dags/example_branch_operator_decorator.py
[2026-10-01T00:14:35.489+0000] {processor.py:743} INFO - Processing file /home/airflow/.local/lib/python3.7/site-packages/airflow/example_dags/example_branch_operator_decorator.py for tasks to queue
[2026-10-01T00:14:35.489+0000] {logging_mixin.py:137} INFO - [2026-10-01T00:14:35.489+0000] {dagbag.py:538} INFO - Filling up the DagBag from /home/airflow/.local/lib/python3.7/site-packages/airflow/example_dags/example_branch_operator_decorator.py
[2026-10-01T00:14:35.523+0000] {processor.py:753} INFO - DAG(s) dict_keys(['example_branch_python_operator_decorator']) retrieved from /home/airflow/.local/lib/python3.7/site-packages/airflow/example_dags/example_branch_operator_decorator.py
[2026-10-01T00:14:35.575+0000] {logging_mixin.py:137} INFO - [2026-10-01T00:14:35.575+0000] {dag.py:2676} INFO - Sync 1 DAGs
[2026-10-01T00:14:35.611+0000] {logging_mixin.py:137} INFO - [2026-10-01T00:14:35.611+0000] {dag.py:3427} INFO - Setting next_dagrun for example_branch_python_operator_decorator to 2026-09-30T00:00:00+00:00, run_after=2026-10-01T00:00:00+00:00
[2026-10-01T00:14:35.633+0000] {processor.py:175} INFO - Processing /home/airflow/.local/lib/python3.7/site-packages/airflow/example_dags/example_branch_operator_decorator.py took 0.150 seconds
[2026-10-01T00:15:05.862+0000] {processor.py:153} INFO - Started process (PID=17405) to work on /home/airflow/.local/lib/python3.7/site-packages/airflow/example_dags/example_branch_operator_decorator.py
[2026-10-01T00:15:05.863+0000] {processor.py:743} INFO - Processing file /home/airflow/.local/lib/python3.7/site-packages/airflow/example_dags/example_branch_operator_decorator.py for tasks to queue
[2026-10-01T00:15:05.865+0000] {logging_mixin.py:137} INFO - [2026-10-01T00:15:05.864+0000] {dagbag.py:538} INFO - Filling up the DagBag from /home/airflow/.local/lib/python3.7/site-packages/airflow/example_dags/example_branch_operator_decorator.py
[2026-10-01T00:15:05.910+0000] {processor.py:753} INFO - DAG(s) dict_keys(['example_branch_python_operator_decorator']) retrieved from /home/airflow/.local/lib/python3.7/site-packages/airflow/example_dags/example_branch_operator_decorator.py
[2026-10-01T00:15:05.967+0000] {logging_mixin.py:137} INFO - [2026-10-01T00:15:05.967+0000] {dag.py:2676} INFO - Sync 1 DAGs
[2026-10-01T00:15:06.000+0000] {logging_mixin.py:137} INFO - [2026-10-01T00:15:05.999+0000] {dag.py:3427} INFO - Setting next_dagrun for example_branch_python_operator_decorator to 2026-09-30T00:00:00+00:00, run_after=2026-10-01T00:00:00+00:00
[2026-10-01T00:15:06.023+0000] {processor.py:175} INFO - Processing /home/airflow/.local/lib/python3.7/site-packages/airflow/example_dags/example_branch_operator_decorator.py took 0.164 seconds
[2026-10-01T00:15:36.282+0000] {processor.py:153} INFO - Started process (PID=17504) to work on /home/airflow/.local/lib/python3.7/site-packages/airflow/example_dags/example_branch_operator_decorator.py
[2026-10-01T00:15:36.284+0000] {processor.py:743} INFO - Processing file /home/airflow/.local/lib/python3.7/site-packages/airflow/example_dags/example_branch_operator_decorator.py for tasks to queue
[2026-10-01T00:15:36.285+0000] {logging_mixin.py:137} INFO - [2026-10-01T00:15:36.285+0000] {dagbag.py:538} INFO - Filling up the DagBag from /home/airflow/.local/lib/python3.7/site-packages/airflow/example_dags/example_branch_operator_decorator.py
[2026-10-01T00:15:36.336+0000] {processor.py:753} INFO - DAG(s) dict_keys(['example_branch_python_operator_decorator']) retrieved from /home/airflow/.local/lib/python3.7/site-packages/airflow/example_dags/example_branch_operator_decorator.py
[2026-10-01T00:15:36.409+0000] {logging_mixin.py:137} INFO - [2026-10-01T00:15:36.409+0000] {dag.py:2676} INFO - Sync 1 DAGs
[2026-10-01T00:15:36.464+0000] {logging_mixin.py:137} INFO - [2026-10-01T00:15:36.463+0000] {dag.py:3427} INFO - Setting next_dagrun for example_branch_python_operator_decorator to 2026-09-30T00:00:00+00:00, run_after=2026-10-01T00:00:00+00:00
[2026-10-01T00:15:36.500+0000] {processor.py:175} INFO - Processing /home/airflow/.local/lib/python3.7/site-packages/airflow/example_dags/example_branch_operator_decorator.py took 0.225 seconds
[2026-10-01T00:16:06.587+0000] {processor.py:153} INFO - Started process (PID=17583) to work on /home/airflow/.local/lib/python3.7/site-packages/airflow/example_dags/example_branch_operator_decorator.py
[2026-10-01T00:16:06.588+0000] {processor.py:743} INFO - Processing file /home/airflow/.local/lib/python3.7/site-packages/airflow/example_dags/example_branch_operator_decorator.py for tasks to queue
[2026-10-01T00:16:06.589+0000] {logging_mixin.py:137} INFO - [2026-10-01T00:16:06.588+0000] {dagbag.py:538} INFO - Filling up the DagBag from /home/airflow/.local/lib/python3.7/site-packages/airflow/example_dags/example_branch_operator_decorator.py
[2026-10-01T00:16:06.623+0000] {processor.py:753} INFO - DAG(s) dict_keys(['example_branch_python_operator_decorator']) retrieved from /home/airflow/.local/lib/python3.7/site-packages/airflow/example_dags/example_branch_operator_decorator.py
[2026-10-01T00:16:06.678+0000] {logging_mixin.py:137} INFO - [2026-10-01T00:16:06.678+0000] {dag.py:2676} INFO - Sync 1 DAGs
[2026-10-01T00:16:06.717+0000] {logging_mixin.py:137} INFO - [2026-10-01T00:16:06.717+0000] {dag.py:3427} INFO - Setting next_dagrun for example_branch_python_operator_decorator to 2026-09-30T00:00:00+00:00, run_after=2026-10-01T00:00:00+00:00
[2026-10-01T00:16:06.740+0000] {processor.py:175} INFO - Processing /home/airflow/.local/lib/python3.7/site-packages/airflow/example_dags/example_branch_operator_decorator.py took 0.157 seconds
[2026-10-01T00:16:37.275+0000] {processor.py:153} INFO - Started process (PID=17662) to work on /home/airflow/.local/lib/python3.7/site-packages/airflow/example_dags/example_branch_operator_decorator.py
[2026-10-01T00:16:37.276+0000] {processor.py:743} INFO - Processing file /home/airflow/.local/lib/python3.7/site-packages/airflow/example_dags/example_branch_operator_decorator.py for tasks to queue
[2026-10-01T00:16:37.277+0000] {logging_mixin.py:137} INFO - [2026-10-01T00:16:37.276+0000] {dagbag.py:538} INFO - Filling up the DagBag from /home/airflow/.local/lib/python3.7/site-packages/airflow/example_dags/example_branch_operator_decorator.py
[2026-10-01T00:16:37.319+0000] {processor.py:753} INFO - DAG(s) dict_keys(['example_branch_python_operator_decorator']) retrieved from /home/airflow/.local/lib/python3.7/site-packages/airflow/example_dags/example_branch_operator_decorator.py
[2026-10-01T00:16:37.386+0000] {logging_mixin.py:137} INFO - [2026-10-01T00:16:37.385+0000] {dag.py:2676} INFO - Sync 1 DAGs
[2026-10-01T00:16:37.425+0000] {logging_mixin.py:137} INFO - [2026-10-01T00:16:37.425+0000] {dag.py:3427} INFO - Setting next_dagrun for example_branch_python_operator_decorator to 2026-09-30T00:00:00+00:00, run_after=2026-10-01T00:00:00+00:00
[2026-10-01T00:16:37.453+0000] {processor.py:175} INFO - Processing /home/airflow/.local/lib/python3.7/site-packages/airflow/example_dags/example_branch_operator_decorator.py took 0.182 seconds
[2026-10-01T00:17:08.639+0000] {processor.py:153} INFO - Started process (PID=17741) to work on /home/airflow/.local/lib/python3.7/site-packages/airflow/example_dags/example_branch_operator_decorator.py
[2026-10-01T00:17:08.640+0000] {processor.py:743} INFO - Processing file /home/airflow/.local/lib/python3.7/site-packages/airflow/example_dags/example_branch_operator_decorator.py for tasks to queue
[2026-10-01T00:17:08.641+0000] {logging_mixin.py:137} INFO - [2026-10-01T00:17:08.641+0000] {dagbag.py:538} INFO - Filling up the DagBag from /home/airflow/.local/lib/python3.7/site-packages/airflow/example_dags/example_branch_operator_decorator.py
[2026-10-01T00:17:08.690+0000] {processor.py:753} INFO - DAG(s) dict_keys(['example_branch_python_operator_decorator']) retrieved from /home/airflow/.local/lib/python3.7/site-packages/airflow/example_dags/example_branch_operator_decorator.py
[2026-10-01T00:17:08.738+0000] {logging_mixin.py:137} INFO - [2026-10-01T00:17:08.738+0000] {dag.py:2676} INFO - Sync 1 DAGs
[2026-10-01T00:17:08.771+0000] {logging_mixin.py:137} INFO - [2026-10-01T00:17:08.771+0000] {dag.py:3427} INFO - Setting next_dagrun for example_branch_python_operator_decorator to 2026-09-30T00:00:00+00:00, run_after=2026-10-01T00:00:00+00:00
[2026-10-01T00:17:08.795+0000] {processor.py:175} INFO - Processing /home/airflow/.local/lib/python3.7/site-packages/airflow/example_dags/example_branch_operator_decorator.py took 0.162 seconds
[2026-10-01T00:17:38.862+0000] {processor.py:153} INFO - Started process (PID=17840) to work on /home/airflow/.local/lib/python3.7/site-packages/airflow/example_dags/example_branch_operator_decorator.py
[2026-10-01T00:17:38.863+0000] {processor.py:743} INFO - Processing file /home/airflow/.local/lib/python3.7/site-packages/airflow/example_dags/example_branch_operator_decorator.py for tasks to queue
[2026-10-01T00:17:38.864+0000] {logging_mixin.py:137} INFO - [2026-10-01T00:17:38.864+0000] {dagbag.py:538} INFO - Filling up the DagBag from /home/airflow/.local/lib/python3.7/site-packages/airflow/example_dags/example_branch_operator_decorator.py
[2026-10-01T00:17:38.898+0000] {processor.py:753} INFO - DAG(s) dict_keys(['example_branch_python_operator_decorator']) retrieved from /home/airflow/.local/lib/python3.7/site-packages/airflow/example_dags/example_branch_operator_decorator.py
[2026-10-01T00:17:38.945+0000] {logging_mixin.py:137} INFO - [2026-10-01T00:17:38.945+0000] {dag.py:2676} INFO - Sync 1 DAGs
[2026-10-01T00:17:38.981+0000] {logging_mixin.py:137} INFO - [2026-10-01T00:17:38.981+0000] {dag.py:3427} INFO - Setting next_dagrun for example_branch_python_operator_decorator to 2026-09-30T00:00:00+00:00, run_after=2026-10-01T00:00:00+00:00
[2026-10-01T00:17:39.005+0000] {processor.py:175} INFO - Processing /home/airflow/.local/lib/python3.7/site-packages/airflow/example_dags/example_branch_operator_decorator.py took 0.147 seconds
[2026-10-01T00:18:09.213+0000] {processor.py:153} INFO - Started process (PID=17919) to work on /home/airflow/.local/lib/python3.7/site-packages/airflow/example_dags/example_branch_operator_decorator.py
[2026-10-01T00:18:09.214+0000] {processor.py:743} INFO - Processing file /home/airflow/.local/lib/python3.7/site-packages/airflow/example_dags/example_branch_operator_decorator.py for tasks to queue
[2026-10-01T00:18:09.215+0000] {logging_mixin.py:137} INFO - [2026-10-01T00:18:09.215+0000] {dagbag.py:538} INFO - Filling up the DagBag from /home/airflow/.local/lib/python3.7/site-packages/airflow/example_dags/example_branch_operator_decorator.py
[2026-10-01T00:18:09.263+0000] {processor.py:753} INFO - DAG(s) dict_keys(['example_branch_python_operator_decorator']) retrieved from /home/airflow/.local/lib/python3.7/site-packages/airflow/example_dags/example_branch_operator_decorator.py
[2026-10-01T00:18:09.322+0000] {logging_mixin.py:137} INFO - [2026-10-01T00:18:09.322+0000] {dag.py:2676} INFO - Sync 1 DAGs
[2026-10-01T00:18:09.359+0000] {logging_mixin.py:137} INFO - [2026-10-01T00:18:09.359+0000] {dag.py:3427} INFO - Setting next_dagrun for example_branch_python_operator_decorator to 2026-09-30T00:00:00+00:00, run_after=2026-10-01T00:00:00+00:00
[2026-10-01T00:18:09.390+0000] {processor.py:175} INFO - Processing /home/airflow/.local/lib/python3.7/site-packages/airflow/example_dags/example_branch_operator_decorator.py took 0.181 seconds
[2026-10-01T00:18:39.519+0000] {processor.py:153} INFO - Started process (PID=17998) to work on /home/airflow/.local/lib/python3.7/site-packages/airflow/example_dags/example_branch_operator_decorator.py
[2026-10-01T00:18:39.521+0000] {processor.py:743} INFO - Processing file /home/airflow/.local/lib/python3.7/site-packages/airflow/example_dags/example_branch_operator_decorator.py for tasks to queue
[2026-10-01T00:18:39.522+0000] {logging_mixin.py:137} INFO - [2026-10-01T00:18:39.522+0000] {dagbag.py:538} INFO - Filling up the DagBag from /home/airflow/.local/lib/python3.7/site-packages/airflow/example_dags/example_branch_operator_decorator.py
[2026-10-01T00:18:39.560+0000] {processor.py:753} INFO - DAG(s) dict_keys(['example_branch_python_operator_decorator']) retrieved from /home/airflow/.local/lib/python3.7/site-packages/airflow/example_dags/example_branch_operator_decorator.py
[2026-10-01T00:18:39.620+0000] {logging_mixin.py:137} INFO - [2026-10-01T00:18:39.619+0000] {dag.py:2676} INFO - Sync 1 DAGs
[2026-10-01T00:18:39.669+0000] {logging_mixin.py:137} INFO - [2026-10-01T00:18:39.669+0000] {dag.py:3427} INFO - Setting next_dagrun for example_branch_python_operator_decorator to 2026-09-30T00:00:00+00:00, run_after=2026-10-01T00:00:00+00:00
[2026-10-01T00:18:39.703+0000] {processor.py:175} INFO - Processing /home/airflow/.local/lib/python3.7/site-packages/airflow/example_dags/example_branch_operator_decorator.py took 0.190 seconds
[2026-10-01T00:19:10.926+0000] {processor.py:153} INFO - Started process (PID=18086) to work on /home/airflow/.local/lib/python3.7/site-packages/airflow/example_dags/example_branch_operator_decorator.py
[2026-10-01T00:19:10.928+0000] {processor.py:743} INFO - Processing file /home/airflow/.local/lib/python3.7/site-packages/airflow/example_dags/example_branch_operator_decorator.py for tasks to queue
[2026-10-01T00:19:10.929+0000] {logging_mixin.py:137} INFO - [2026-10-01T00:19:10.929+0000] {dagbag.py:538} INFO - Filling up the DagBag from /home/airflow/.local/lib/python3.7/site-packages/airflow/example_dags/example_branch_operator_decorator.py
[2026-10-01T00:19:10.981+0000] {processor.py:753} INFO - DAG(s) dict_keys(['example_branch_python_operator_decorator']) retrieved from /home/airflow/.local/lib/python3.7/site-packages/airflow/example_dags/example_branch_operator_decorator.py
[2026-10-01T00:19:11.033+0000] {logging_mixin.py:137} INFO - [2026-10-01T00:19:11.032+0000] {dag.py:2676} INFO - Sync 1 DAGs
[2026-10-01T00:19:11.075+0000] {logging_mixin.py:137} INFO - [2026-10-01T00:19:11.075+0000] {dag.py:3427} INFO - Setting next_dagrun for example_branch_python_operator_decorator to 2026-09-30T00:00:00+00:00, run_after=2026-10-01T00:00:00+00:00
[2026-10-01T00:19:11.100+0000] {processor.py:175} INFO - Processing /home/airflow/.local/lib/python3.7/site-packages/airflow/example_dags/example_branch_operator_decorator.py took 0.180 seconds
[2026-10-01T00:19:41.268+0000] {processor.py:153} INFO - Started process (PID=18176) to work on /home/airflow/.local/lib/python3.7/site-packages/airflow/example_dags/example_branch_operator_decorator.py
[2026-10-01T00:19:41.269+0000] {processor.py:743} INFO - Processing file /home/airflow/.local/lib/python3.7/site-packages/airflow/example_dags/example_branch_operator_decorator.py for tasks to queue
[2026-10-01T00:19:41.270+0000] {logging_mixin.py:137} INFO - [2026-10-01T00:19:41.270+0000] {dagbag.py:538} INFO - Filling up the DagBag from /home/airflow/.local/lib/python3.7/site-packages/airflow/example_dags/example_branch_operator_decorator.py
[2026-10-01T00:19:41.307+0000] {processor.py:753} INFO - DAG(s) dict_keys(['example_branch_python_operator_decorator']) retrieved from /home/airflow/.local/lib/python3.7/site-packages/airflow/example_dags/example_branch_operator_decorator.py
[2026-10-01T00:19:41.355+0000] {logging_mixin.py:137} INFO - [2026-10-01T00:19:41.354+0000] {dag.py:2676} INFO - Sync 1 DAGs
[2026-10-01T00:19:41.393+0000] {logging_mixin.py:137} INFO - [2026-10-01T00:19:41.393+0000] {dag.py:3427} INFO - Setting next_dagrun for example_branch_python_operator_decorator to 2026-09-30T00:00:00+00:00, run_after=2026-10-01T00:00:00+00:00
[2026-10-01T00:19:41.419+0000] {processor.py:175} INFO - Processing /home/airflow/.local/lib/python3.7/site-packages/airflow/example_dags/example_branch_operator_decorator.py took 0.155 seconds
[2026-10-01T00:20:11.485+0000] {processor.py:153} INFO - Started process (PID=18255) to work on /home/airflow/.local/lib/python3.7/site-packages/airflow/example_dags/example_branch_operator_decorator.py
[2026-10-01T00:20:11.486+0000] {processor.py:743} INFO - Processing file /home/airflow/.local/lib/python3.7/site-packages/airflow/example_dags/example_branch_operator_decorator.py for tasks to queue
[2026-10-01T00:20:11.487+0000] {logging_mixin.py:137} INFO - [2026-10-01T00:20:11.487+0000] {dagbag.py:538} INFO - Filling up the DagBag from /home/airflow/.local/lib/python3.7/site-packages/airflow/example_dags/example_branch_operator_decorator.py
[2026-10-01T00:20:11.524+0000] {processor.py:753} INFO - DAG(s) dict_keys(['example_branch_python_operator_decorator']) retrieved from /home/airflow/.local/lib/python3.7/site-packages/airflow/example_dags/example_branch_operator_decorator.py
[2026-10-01T00:20:11.588+0000] {logging_mixin.py:137} INFO - [2026-10-01T00:20:11.588+0000] {dag.py:2676} INFO - Sync 1 DAGs
[2026-10-01T00:20:11.626+0000] {logging_mixin.py:137} INFO - [2026-10-01T00:20:11.625+0000] {dag.py:3427} INFO - Setting next_dagrun for example_branch_python_operator_decorator to 2026-09-30T00:00:00+00:00, run_after=2026-10-01T00:00:00+00:00
[2026-10-01T00:20:11.661+0000] {processor.py:175} INFO - Processing /home/airflow/.local/lib/python3.7/site-packages/airflow/example_dags/example_branch_operator_decorator.py took 0.180 seconds
[2026-10-01T00:20:42.056+0000] {processor.py:153} INFO - Started process (PID=18334) to work on /home/airflow/.local/lib/python3.7/site-packages/airflow/example_dags/example_branch_operator_decorator.py
[2026-10-01T00:20:42.057+0000] {processor.py:743} INFO - Processing file /home/airflow/.local/lib/python3.7/site-packages/airflow/example_dags/example_branch_operator_decorator.py for tasks to queue
[2026-10-01T00:20:42.057+0000] {logging_mixin.py:137} INFO - [2026-10-01T00:20:42.057+0000] {dagbag.py:538} INFO - Filling up the DagBag from /home/airflow/.local/lib/python3.7/site-packages/airflow/example_dags/example_branch_operator_decorator.py
[2026-10-01T00:20:42.091+0000] {processor.py:753} INFO - DAG(s) dict_keys(['example_branch_python_operator_decorator']) retrieved from /home/airflow/.local/lib/python3.7/site-packages/airflow/example_dags/example_branch_operator_decorator.py
[2026-10-01T00:20:42.146+0000] {logging_mixin.py:137} INFO - [2026-10-01T00:20:42.145+0000] {dag.py:2676} INFO - Sync 1 DAGs
[2026-10-01T00:20:42.182+0000] {logging_mixin.py:137} INFO - [2026-10-01T00:20:42.182+0000] {dag.py:3427} INFO - Setting next_dagrun for example_branch_python_operator_decorator to 2026-09-30T00:00:00+00:00, run_after=2026-10-01T00:00:00+00:00
[2026-10-01T00:20:42.205+0000] {processor.py:175} INFO - Processing /home/airflow/.local/lib/python3.7/site-packages/airflow/example_dags/example_branch_operator_decorator.py took 0.153 seconds
