[2026-10-01T00:00:16.574+0000] {processor.py:153} INFO - Started process (PID=14963) to work on /home/airflow/.local/lib/python3.7/site-packages/airflow/example_dags/tutorial_dag.py
[2026-10-01T00:00:16.574+0000] {processor.py:743} INFO - Processing file /home/airflow/.local/lib/python3.7/site-packages/airflow/example_dags/tutorial_dag.py for tasks to queue
[2026-10-01T00:00:16.575+0000] {logging_mixin.py:137} INFO - [2026-10-01T00:00:16.575+0000] {dagbag.py:538} INFO - Filling up the DagBag from /home/airflow/.local/lib/python3.7/site-packages/airflow/example_dags/tutorial_dag.py
[2026-10-01T00:00:16.589+0000] {processor.py:753} INFO - DAG(s) dict_keys(['tutorial_dag']) retrieved from /home/airflow/.local/lib/python3.7/site-packages/airflow/example_dags/tutorial_dag.py
[2026-10-01T00:00:16.630+0000] {logging_mixin.py:137} INFO - [2026-10-01T00:00:16.630+0000] {dag.py:2676} INFO - Sync 1 DAGs
[2026-10-01T00:00:16.655+0000] {logging_mixin.py:137} INFO - [2026-10-01T00:00:16.655+0000] {dag.py:3427} INFO - Setting next_dagrun for tutorial_dag to None, run_after=None
[2026-10-01T00:00:16.672+0000] {processor.py:175} INFO - Processing /home/airflow/.local/lib/python3.7/site-packages/airflow/example_dags/tutorial_dag.py took 0.102 seconds
[2026-10-01T00:00:47.621+0000] {processor.py:153} INFO - Started process (PID=15042) to work on /home/airflow/.local/lib/python3.7/site-packages/airflow/example_dags/tutorial_dag.py
[2026-10-01T00:00:47.622+0000] {processor.py:743} INFO - Processing file /home/airflow/.local/lib/python3.7/site-packages/airflow/example_dags/tutorial_dag.py for tasks to queue
[2026-10-01T00:00:47.623+0000] {logging_mixin.py:137} INFO - [2026-10-01T00:00:47.623+0000] {dagbag.py:538} INFO - Filling up the DagBag from /home/airflow/.local/lib/python3.7/site-packages/airflow/example_dags/tutorial_dag.py
[2026-10-01T00:00:47.641+0000] {processor.py:753} INFO - DAG(s) dict_keys(['tutorial_dag']) retrieved from /home/airflow/.local/lib/python3.7/site-packages/airflow/example_dags/tutorial_dag.py
[2026-10-01T00:00:47.690+0000] {logging_mixin.py:137} INFO - [2026-10-01T00:00:47.690+0000] {dag.py:2676} INFO - Sync 1 DAGs
[2026-10-01T00:00:47.721+0000] {logging_mixin.py:137} INFO - [2026-10-01T00:00:47.721+0000] {dag.py:3427} INFO - Setting next_dagrun for tutorial_dag to None, run_after=None
[2026-10-01T00:00:47.744+0000] {processor.py:175} INFO - Processing /home/airflow/.local/lib/python3.7/site-packages/airflow/example_dags/tutorial_dag.py took 0.127 seconds
[2026-10-01T00:01:18.531+0000] {processor.py:153} INFO - Started process (PID=15121) to work on /home/airflow/.local/lib/python3.7/site-packages/airflow/example_dags/tutorial_dag.py
[2026-10-01T00:01:18.532+0000] {processor.py:743} INFO - Processing file /home/airflow/.local/lib/python3.7/site-packages/airflow/example_dags/tutorial_dag.py for tasks to queue
[2026-10-01T00:01:18.533+0000] {logging_mixin.py:137} INFO - [2026-10-01T00:01:18.533+0000] {dagbag.py:538} INFO - Filling up the DagBag from /home/airflow/.local/lib/python3.7/site-packages/airflow/example_dags/tutorial_dag.py
[2026-10-01T00:01:18.553+0000] {processor.py:753} INFO - DAG(s) dict_keys(['tutorial_dag']) retrieved from /home/airflow/.local/lib/python3.7/site-packages/airflow/example_dags/tutorial_dag.py
[2026-10-01T00:01:18.612+0000] {logging_mixin.py:137} INFO - [2026-10-01T00:01:18.612+0000] {dag.py:2676} INFO - Sync 1 DAGs
[2026-10-01T00:01:18.648+0000] {logging_mixin.py:137} INFO - [2026-10-01T00:01:18.648+0000] {dag.py:3427} INFO - Setting next_dagrun for tutorial_dag to None, run_after=None
[2026-10-01T00:01:18.672+0000] {processor.py:175} INFO - Processing /home/airflow/.local/lib/python3.7/site-packages/airflow/example_dags/tutorial_dag.py took 0.146 seconds
[2026-10-01T00:01:49.449+0000] {processor.py:153} INFO - Started process (PID=15220) to work on /home/airflow/.local/lib/python3.7/site-packages/airflow/example_dags/tutorial_dag.py
[2026-10-01T00:01:49.450+0000] {processor.py:743} INFO - Processing file /home/airflow/.local/lib/python3.7/site-packages/airflow/example_dags/tutorial_dag.py for tasks to queue
[2026-10-01T00:01:49.450+0000] {logging_mixin.py:137} INFO - [2026-10-01T00:01:49.450+0000] {dagbag.py:538} INFO - Filling up the DagBag from /home/airflow/.local/lib/python3.7/site-packages/airflow/example_dags/tutorial_dag.py
[2026-10-01T00:01:49.466+0000] {processor.py:753} INFO - DAG(s) dict_keys(['tutorial_dag']) retrieved from /home/airflow/.local/lib/python3.7/site-packages/airflow/example_dags/tutorial_dag.py
[2026-10-01T00:01:49.532+0000] {logging_mixin.py:137} INFO - [2026-10-01T00:01:49.532+0000] {dag.py:2676} INFO - Sync 1 DAGs
[2026-10-01T00:01:49.580+0000] {logging_mixin.py:137} INFO - [2026-10-01T00:01:49.580+0000] {dag.py:3427} INFO - Setting next_dagrun for tutorial_dag to None, run_after=None
[2026-10-01T00:01:49.607+0000] {processor.py:175} INFO - Processing /home/airflow/.local/lib/python3.7/site-packages/airflow/example_dags/tutorial_dag.py took 0.162 seconds
[2026-10-01T00:02:20.073+0000] {processor.py:153} INFO - Started process (PID=15299) to work on /home/airflow/.local/lib/python3.7/site-packages/airflow/example_dags/tutorial_dag.py
[2026-10-01T00:02:20.074+0000] {processor.py:743} INFO - Processing file /home/airflow/.local/lib/python3.7/site-packages/airflow/example_dags/tutorial_dag.py for tasks to queue
[2026-10-01T00:02:20.075+0000] {logging_mixin.py:137} INFO - [2026-10-01T00:02:20.075+0000] {dagbag.py:538} INFO - Filling up the DagBag from /home/airflow/.local/lib/python3.7/site-packages/airflow/example_dags/tutorial_dag.py
[2026-10-01T00:02:20.091+0000] {processor.py:753} INFO - DAG(s) dict_keys(['tutorial_dag']) retrieved from /home/airflow/.local/lib/python3.7/site-packages/airflow/example_dags/tutorial_dag.py
[2026-10-01T00:02:20.142+0000] {logging_mixin.py:137} INFO - [2026-10-01T00:02:20.142+0000] {dag.py:2676} INFO - Sync 1 DAGs
[2026-10-01T00:02:20.190+0000] {logging_mixin.py:137} INFO - [2026-10-01T00:02:20.190+0000] {dag.py:3427} INFO - Setting next_dagrun for tutorial_dag to None, run_after=None
[2026-10-01T00:02:20.224+0000] {processor.py:175} INFO - Processing /home/airflow/.local/lib/python3.7/site-packages/airflow/example_dags/tutorial_dag.py took 0.157 seconds
[2026-10-01T00:02:50.429+0000] {processor.py:153} INFO - Started process (PID=15378) to work on /home/airflow/.local/lib/python3.7/site-packages/airflow/example_dags/tutorial_dag.py
[2026-10-01T00:02:50.430+0000] {processor.py:743} INFO - Processing file /home/airflow/.local/lib/python3.7/site-packages/airflow/example_dags/tutorial_dag.py for tasks to queue
[2026-10-01T00:02:50.431+0000] {logging_mixin.py:137} INFO - [2026-10-01T00:02:50.431+0000] {dagbag.py:538} INFO - Filling up the DagBag from /home/airflow/.local/lib/python3.7/site-packages/airflow/example_dags/tutorial_dag.py
[2026-10-01T00:02:50.447+0000] {processor.py:753} INFO - DAG(s) dict_keys(['tutorial_dag']) retrieved from /home/airflow/.local/lib/python3.7/site-packages/airflow/example_dags/tutorial_dag.py
[2026-10-01T00:02:50.493+0000] {logging_mixin.py:137} INFO - [2026-10-01T00:02:50.493+0000] {dag.py:2676} INFO - Sync 1 DAGs
[2026-10-01T00:02:50.521+0000] {logging_mixin.py:137} INFO - [2026-10-01T00:02:50.521+0000] {dag.py:3427} INFO - Setting next_dagrun for tutorial_dag to None, run_after=None
[2026-10-01T00:02:50.542+0000] {processor.py:175} INFO - Processing /home/airflow/.local/lib/python3.7/site-packages/airflow/example_dags/tutorial_dag.py took 0.119 seconds
[2026-10-01T00:03:20.751+0000] {processor.py:153} INFO - Started process (PID=15457) to work on /home/airflow/.local/lib/python3.7/site-packages/airflow/example_dags/tutorial_dag.py
[2026-10-01T00:03:20.753+0000] {processor.py:743} INFO - Processing file /home/airflow/.local/lib/python3.7/site-packages/airflow/example_dags/tutorial_dag.py for tasks to queue
[2026-10-01T00:03:20.753+0000] {logging_mixin.py:137} INFO - [2026-10-01T00:03:20.753+0000] {dagbag.py:538} INFO - Filling up the DagBag from /home/airflow/.local/lib/python3.7/site-packages/airflow/example_dags/tutorial_dag.py
[2026-10-01T00:03:20.779+0000] {processor.py:753} INFO - DAG(s) dict_keys(['tutorial_dag']) retrieved from /home/airflow/.local/lib/python3.7/site-packages/airflow/example_dags/tutorial_dag.py
[2026-10-01T00:03:20.846+0000] {logging_mixin.py:137} INFO - [2026-10-01T00:03:20.845+0000] {dag.py:2676} INFO - Sync 1 DAGs
[2026-10-01T00:03:20.881+0000] {logging_mixin.py:137} INFO - [2026-10-01T00:03:20.881+0000] {dag.py:3427} INFO - Setting next_dagrun for tutorial_dag to None, run_after=None
[2026-10-01T00:03:20.908+0000] {processor.py:175} INFO - Processing /home/airflow/.local/lib/python3.7/site-packages/airflow/example_dags/tutorial_dag.py took 0.162 seconds
[2026-10-01T00:03:51.165+0000] {processor.py:153} INFO - Started process (PID=15545) to work on /home/airflow/.local/lib/python3.7/site-packages/airflow/example_dags/tutorial_dag.py
[2026-10-01T00:03:51.166+0000] {processor.py:743} INFO - Processing file /home/airflow/.local/lib/python3.7/site-packages/airflow/example_dags/tutorial_dag.py for tasks to queue
[2026-10-01T00:03:51.167+0000] {logging_mixin.py:137} INFO - [2026-10-01T00:03:51.167+0000] {dagbag.py:538} INFO - Filling up the DagBag from /home/airflow/.local/lib/python3.7/site-packages/airflow/example_dags/tutorial_dag.py
[2026-10-01T00:03:51.195+0000] {processor.py:753} INFO - DAG(s) dict_keys(['tutorial_dag']) retrieved from /home/airflow/.local/lib/python3.7/site-packages/airflow/example_dags/tutorial_dag.py
[2026-10-01T00:03:51.253+0000] {logging_mixin.py:137} INFO - [2026-10-01T00:03:51.253+0000] {dag.py:2676} INFO - Sync 1 DAGs
[2026-10-01T00:03:51.286+0000] {logging_mixin.py:137} INFO - [2026-10-01T00:03:51.286+0000] {dag.py:3427} INFO - Setting next_dagrun for tutorial_dag to None, run_after=None
[2026-10-01T00:03:51.310+0000] {processor.py:175} INFO - Processing /home/airflow/.local/lib/python3.7/site-packages/airflow/example_dags/tutorial_dag.py took 0.152 seconds
[2026-10-01T00:04:21.462+0000] {processor.py:153} INFO - Started process (PID=15635) to work on /home/airflow/.local/lib/python3.7/site-packages/airflow/example_dags/tutorial_dag.py
[2026-10-01T00:04:21.464+0000] {processor.py:743} INFO - Processing file /home/airflow/.local/lib/python3.7/site-packages/airflow/example_dags/tutorial_dag.py for tasks to queue
[2026-10-01T00:04:21.465+0000] {logging_mixin.py:137} INFO - [2026-10-01T00:04:21.465+0000] {dagbag.py:538} INFO - Filling up the DagBag from /home/airflow/.local/lib/python3.7/site-packages/airflow/example_dags/tutorial_dag.py
[2026-10-01T00:04:21.490+0000] {processor.py:753} INFO - DAG(s) dict_keys(['tutorial_dag']) retrieved from /home/airflow/.local/lib/python3.7/site-packages/airflow/example_dags/tutorial_dag.py
[2026-10-01T00:04:21.548+0000] {logging_mixin.py:137} INFO - [2026-10-01T00:04:21.548+0000] {dag.py:2676} INFO - Sync 1 DAGs
[2026-10-01T00:04:21.587+0000] {logging_mixin.py:137} INFO - [2026-10-01T00:04:21.587+0000] {dag.py:3427} INFO - Setting next_dagrun for tutorial_dag to None, run_after=None
[2026-10-01T00:04:21.621+0000] {processor.py:175} INFO - Processing /home/airflow/.local/lib/python3.7/site-packages/airflow/example_dags/tutorial_dag.py took 0.165 seconds
[2026-10-01T00:04:52.427+0000] {processor.py:153} INFO - Started process (PID=15714) to work on /home/airflow/.local/lib/python3.7/site-packages/airflow/example_dags/tutorial_dag.py
[2026-10-01T00:04:52.428+0000] {processor.py:743} INFO - Processing file /home/airflow/.local/lib/python3.7/site-packages/airflow/example_dags/tutorial_dag.py for tasks to queue
[2026-10-01T00:04:52.429+0000] {logging_mixin.py:137} INFO - [2026-10-01T00:04:52.429+0000] {dagbag.py:538} INFO - Filling up the DagBag from /home/airflow/.local/lib/python3.7/site-packages/airflow/example_dags/tutorial_dag.py
[2026-10-01T00:04:52.446+0000] {processor.py:753} INFO - DAG(s) dict_keys(['tutorial_dag']) retrieved from /home/airflow/.local/lib/python3.7/site-packages/airflow/example_dags/tutorial_dag.py
[2026-10-01T00:04:52.492+0000] {logging_mixin.py:137} INFO - [2026-10-01T00:04:52.492+0000] {dag.py:2676} INFO - Sync 1 DAGs
[2026-10-01T00:04:52.522+0000] {logging_mixin.py:137} INFO - [2026-10-01T00:04:52.522+0000] {dag.py:3427} INFO - Setting next_dagrun for tutorial_dag to None, run_after=None
[2026-10-01T00:04:52.545+0000] {processor.py:175} INFO - Processing /home/airflow/.local/lib/python3.7/site-packages/airflow/example_dags/tutorial_dag.py took 0.122 seconds
[2026-10-01T00:05:23.477+0000] {processor.py:153} INFO - Started process (PID=15793) to work on /home/airflow/.local/lib/python3.7/site-packages/airflow/example_dags/tutorial_dag.py
[2026-10-01T00:05:23.478+0000] {processor.py:743} INFO - Processing file /home/airflow/.local/lib/python3.7/site-packages/airflow/example_dags/tutorial_dag.py for tasks to queue
[2026-10-01T00:05:23.479+0000] {logging_mixin.py:137} INFO - [2026-10-01T00:05:23.479+0000] {dagbag.py:538} INFO - Filling up the DagBag from /home/airflow/.local/lib/python3.7/site-packages/airflow/example_dags/tutorial_dag.py
[2026-10-01T00:05:23.497+0000] {processor.py:753} INFO - DAG(s) dict_keys(['tutorial_dag']) retrieved from /home/airflow/.local/lib/python3.7/site-packages/airflow/example_dags/tutorial_dag.py
[2026-10-01T00:05:23.546+0000] {logging_mixin.py:137} INFO - [2026-10-01T00:05:23.546+0000] {dag.py:2676} INFO - Sync 1 DAGs
[2026-10-01T00:05:23.577+0000] {logging_mixin.py:137} INFO - [2026-10-01T00:05:23.577+0000] {dag.py:3427} INFO - Setting next_dagrun for tutorial_dag to None, run_after=None
[2026-10-01T00:05:23.602+0000] {processor.py:175} INFO - Processing /home/airflow/.local/lib/python3.7/site-packages/airflow/example_dags/tutorial_dag.py took 0.129 seconds
[2026-10-01T00:05:54.139+0000] {processor.py:153} INFO - Started process (PID=15892) to work on /home/airflow/.local/lib/python3.7/site-packages/airflow/example_dags/tutorial_dag.py
[2026-10-01T00:05:54.140+0000] {processor.py:743} INFO - Processing file /home/airflow/.local/lib/python3.7/site-packages/airflow/example_dags/tutorial_dag.py for tasks to queue
[2026-10-01T00:05:54.141+0000] {logging_mixin.py:137} INFO - [2026-10-01T00:05:54.141+0000] {dagbag.py:538} INFO - Filling up the DagBag from /home/airflow/.local/lib/python3.7/site-packages/airflow/example_dags/tutorial_dag.py
[2026-10-01T00:05:54.164+0000] {processor.py:753} INFO - DAG(s) dict_keys(['tutorial_dag']) retrieved from /home/airflow/.local/lib/python3.7/site-packages/airflow/example_dags/tutorial_dag.py
[2026-10-01T00:05:54.235+0000] {logging_mixin.py:137} INFO - [2026-10-01T00:05:54.234+0000] {dag.py:2676} INFO - Sync 1 DAGs
[2026-10-01T00:05:54.275+0000] {logging_mixin.py:137} INFO - [2026-10-01T00:05:54.274+0000] {dag.py:3427} INFO - Setting next_dagrun for tutorial_dag to None, run_after=None
[2026-10-01T00:05:54.299+0000] {processor.py:175} INFO - Processing /home/airflow/.local/lib/python3.7/site-packages/airflow/example_dags/tutorial_dag.py took 0.164 seconds
[2026-10-01T00:06:25.199+0000] {processor.py:153} INFO - Started process (PID=15971) to work on /home/airflow/.local/lib/python3.7/site-packages/airflow/example_dags/tutorial_dag.py
[2026-10-01T00:06:25.201+0000] {processor.py:743} INFO - Processing file /home/airflow/.local/lib/python3.7/site-packages/airflow/example_dags/tutorial_dag.py for tasks to queue
[2026-10-01T00:06:25.202+0000] {logging_mixin.py:137} INFO - [2026-10-01T00:06:25.202+0000] {dagbag.py:538} INFO - Filling up the DagBag from /home/airflow/.local/lib/python3.7/site-packages/airflow/example_dags/tutorial_dag.py
[2026-10-01T00:06:25.224+0000] {processor.py:753} INFO - DAG(s) dict_keys(['tutorial_dag']) retrieved from /home/airflow/.local/lib/python3.7/site-packages/airflow/example_dags/tutorial_dag.py
[2026-10-01T00:06:25.271+0000] {logging_mixin.py:137} INFO - [2026-10-01T00:06:25.271+0000] {dag.py:2676} INFO - Sync 1 DAGs
[2026-10-01T00:06:25.301+0000] {logging_mixin.py:137} INFO - [2026-10-01T00:06:25.300+0000] {dag.py:3427} INFO - Setting next_dagrun for tutorial_dag to None, run_after=None
[2026-10-01T00:06:25.325+0000] {processor.py:175} INFO - Processing /home/airflow/.local/lib/python3.7/site-packages/airflow/example_dags/tutorial_dag.py took 0.130 seconds
[2026-10-01T00:06:55.520+0000] {processor.py:153} INFO - Started process (PID=16050) to work on /home/airflow/.local/lib/python3.7/site-packages/airflow/example_dags/tutorial_dag.py
[2026-10-01T00:06:55.521+0000] {processor.py:743} INFO - Processing file /home/airflow/.local/lib/python3.7/site-packages/airflow/example_dags/tutorial_dag.py for tasks to queue
[2026-10-01T00:06:55.522+0000] {logging_mixin.py:137} INFO - [2026-10-01T00:06:55.522+0000] {dagbag.py:538} INFO - Filling up the DagBag from /home/airflow/.local/lib/python3.7/site-packages/airflow/example_dags/tutorial_dag.py
[2026-10-01T00:06:55.547+0000] {processor.py:753} INFO - DAG(s) dict_keys(['tutorial_dag']) retrieved from /home/airflow/.local/lib/python3.7/site-packages/airflow/example_dags/tutorial_dag.py
[2026-10-01T00:06:55.611+0000] {logging_mixin.py:137} INFO - [2026-10-01T00:06:55.611+0000] {dag.py:2676} INFO - Sync 1 DAGs
[2026-10-01T00:06:55.644+0000] {logging_mixin.py:137} INFO - [2026-10-01T00:06:55.644+0000] {dag.py:3427} INFO - Setting next_dagrun for tutorial_dag to None, run_after=None
[2026-10-01T00:06:55.667+0000] {processor.py:175} INFO - Processing /home/airflow/.local/lib/python3.7/site-packages/airflow/example_dags/tutorial_dag.py took 0.153 seconds
[2026-10-01T00:07:25.856+0000] {processor.py:153} INFO - Started process (PID=16138) to work on /home/airflow/.local/lib/python3.7/site-packages/airflow/example_dags/tutorial_dag.py
[2026-10-01T00:07:25.857+0000] {processor.py:743} INFO - Processing file /home/airflow/.local/lib/python3.7/site-packages/airflow/example_dags/tutorial_dag.py for tasks to queue
[2026-10-01T00:07:25.858+0000] {logging_mixin.py:137} INFO - [2026-10-01T00:07:25.858+0000] {dagbag.py:538} INFO - Filling up the DagBag from /home/airflow/.local/lib/python3.7/site-packages/airflow/example_dags/tutorial_dag.py
[2026-10-01T00:07:25.878+0000] {processor.py:753} INFO - DAG(s) dict_keys(['tutorial_dag']) retrieved from /home/airflow/.local/lib/python3.7/site-packages/airflow/example_dags/tutorial_dag.py
[2026-10-01T00:07:25.945+0000] {logging_mixin.py:137} INFO - [2026-10-01T00:07:25.944+0000] {dag.py:2676} INFO - Sync 1 DAGs
[2026-10-01T00:07:25.983+0000] {logging_mixin.py:137} INFO - [2026-10-01T00:07:25.983+0000] {dag.py:3427} INFO - Setting next_dagrun for tutorial_dag to None, run_after=None
[2026-10-01T00:07:26.006+0000] {processor.py:175} INFO - Processing /home/airflow/.local/lib/python3.7/site-packages/airflow/example_dags/tutorial_dag.py took 0.154 seconds
[2026-10-01T00:07:56.475+0000] {processor.py:153} INFO - Started process (PID=16228) to work on /home/airflow/.local/lib/python3.7/site-packages/airflow/example_dags/tutorial_dag.py
[2026-10-01T00:07:56.476+0000] {processor.py:743} INFO - Processing file /home/airflow/.local/lib/python3.7/site-packages/airflow/example_dags/tutorial_dag.py for tasks to queue
[2026-10-01T00:07:56.477+0000] {logging_mixin.py:137} INFO - [2026-10-01T00:07:56.476+0000] {dagbag.py:538} INFO - Filling up the DagBag from /home/airflow/.local/lib/python3.7/site-packages/airflow/example_dags/tutorial_dag.py
[2026-10-01T00:07:56.494+0000] {processor.py:753} INFO - DAG(s) dict_keys(['tutorial_dag']) retrieved from /home/airflow/.local/lib/python3.7/site-packages/airflow/example_dags/tutorial_dag.py
[2026-10-01T00:07:56.545+0000] {logging_mixin.py:137} INFO - [2026-10-01T00:07:56.545+0000] {dag.py:2676} INFO - Sync 1 DAGs
[2026-10-01T00:07:56.586+0000] {logging_mixin.py:137} INFO - [2026-10-01T00:07:56.586+0000] {dag.py:3427} INFO - Setting next_dagrun for tutorial_dag to None, run_after=None
[2026-10-01T00:07:56.612+0000] {processor.py:175} INFO - Processing /home/airflow/.local/lib/python3.7/site-packages/airflow/example_dags/tutorial_dag.py took 0.141 seconds
[2026-10-01T00:08:26.835+0000] {processor.py:153} INFO - Started process (PID=16307) to work on /home/airflow/.local/lib/python3.7/site-packages/airflow/example_dags/tutorial_dag.py
[2026-10-01T00:08:26.838+0000] {processor.py:743} INFO - Processing file /home/airflow/.local/lib/python3.7/site-packages/airflow/example_dags/tutorial_dag.py for tasks to queue
[2026-10-01T00:08:26.839+0000] {logging_mixin.py:137} INFO - [2026-10-01T00:08:26.839+0000] {dagbag.py:538} INFO - Filling up the DagBag from /home/airflow/.local/lib/python3.7/site-packages/airflow/example_dags/tutorial_dag.py
[2026-10-01T00:08:26.867+0000] {processor.py:753} INFO - DAG(s) dict_keys(['tutorial_dag']) retrieved from /home/airflow/.local/lib/python3.7/site-packages/airflow/example_dags/tutorial_dag.py
[2026-10-01T00:08:26.925+0000] {logging_mixin.py:137} INFO - [2026-10-01T00:08:26.925+0000] {dag.py:2676} INFO - Sync 1 DAGs
[2026-10-01T00:08:26.959+0000] {logging_mixin.py:137} INFO - [2026-10-01T00:08:26.958+0000] {dag.py:3427} INFO - Setting next_dagrun for tutorial_dag to None, run_after=None
[2026-10-01T00:08:26.978+0000] {processor.py:175} INFO - Processing /home/airflow/.local/lib/python3.7/site-packages/airflow/example_dags/tutorial_dag.py took 0.149 seconds
[2026-10-01T00:08:57.095+0000] {processor.py:153} INFO - Started process (PID=16386) to work on /home/airflow/.local/lib/python3.7/site-packages/airflow/example_dags/tutorial_dag.py
[2026-10-01T00:08:57.097+0000] {processor.py:743} INFO - Processing file /home/airflow/.local/lib/python3.7/site-packages/airflow/example_dags/tutorial_dag.py for tasks to queue
[2026-10-01T00:08:57.097+0000] {logging_mixin.py:137} INFO - [2026-10-01T00:08:57.097+0000] {dagbag.py:538} INFO - Filling up the DagBag from /home/airflow/.local/lib/python3.7/site-packages/airflow/example_dags/tutorial_dag.py
[2026-10-01T00:08:57.115+0000] {processor.py:753} INFO - DAG(s) dict_keys(['tutorial_dag']) retrieved from /home/airflow/.local/lib/python3.7/site-packages/airflow/example_dags/tutorial_dag.py
[2026-10-01T00:08:57.172+0000] {logging_mixin.py:137} INFO - [2026-10-01T00:08:57.172+0000] {dag.py:2676} INFO - Sync 1 DAGs
[2026-10-01T00:08:57.219+0000] {logging_mixin.py:137} INFO - [2026-10-01T00:08:57.219+0000] {dag.py:3427} INFO - Setting next_dagrun for tutorial_dag to None, run_after=None
[2026-10-01T00:08:57.249+0000] {processor.py:175} INFO - Processing /home/airflow/.local/lib/python3.7/site-packages/airflow/example_dags/tutorial_dag.py took 0.159 seconds
[2026-10-01T00:09:27.639+0000] {processor.py:153} INFO - Started process (PID=16474) to work on /home/airflow/.local/lib/python3.7/site-packages/airflow/example_dags/tutorial_dag.py
[2026-10-01T00:09:27.640+0000] {processor.py:743} INFO - Processing file /home/airflow/.local/lib/python3.7/site-packages/airflow/example_dags/tutorial_dag.py for tasks to queue
[2026-10-01T00:09:27.641+0000] {logging_mixin.py:137} INFO - [2026-10-01T00:09:27.640+0000] {dagbag.py:538} INFO - Filling up the DagBag from /home/airflow/.local/lib/python3.7/site-packages/airflow/example_dags/tutorial_dag.py
[2026-10-01T00:09:27.659+0000] {processor.py:753} INFO - DAG(s) dict_keys(['tutorial_dag']) retrieved from /home/airflow/.local/lib/python3.7/site-packages/airflow/example_dags/tutorial_dag.py
[2026-10-01T00:09:27.709+0000] {logging_mixin.py:137} INFO - [2026-10-01T00:09:27.709+0000] {dag.py:2676} INFO - Sync 1 DAGs
[2026-10-01T00:09:27.748+0000] {logging_mixin.py:137} INFO - [2026-10-01T00:09:27.748+0000] {dag.py:3427} INFO - Setting next_dagrun for tutorial_dag to None, run_after=None
[2026-10-01T00:09:27.776+0000] {processor.py:175} INFO - Processing /home/airflow/.local/lib/python3.7/site-packages/airflow/example_dags/tutorial_dag.py took 0.142 seconds
[2026-10-01T00:09:57.943+0000] {processor.py:153} INFO - Started process (PID=16564) to work on /home/airflow/.local/lib/python3.7/site-packages/airflow/example_dags/tutorial_dag.py
[2026-10-01T00:09:57.944+0000] {processor.py:743} INFO - Processing file /home/airflow/.local/lib/python3.7/site-packages/airflow/example_dags/tutorial_dag.py for tasks to queue
[2026-10-01T00:09:57.945+0000] {logging_mixin.py:137} INFO - [2026-10-01T00:09:57.944+0000] {dagbag.py:538} INFO - Filling up the DagBag from /home/airflow/.local/lib/python3.7/site-packages/airflow/example_dags/tutorial_dag.py
[2026-10-01T00:09:57.968+0000] {processor.py:753} INFO - DAG(s) dict_keys(['tutorial_dag']) retrieved from /home/airflow/.local/lib/python3.7/site-packages/airflow/example_dags/tutorial_dag.py
[2026-10-01T00:09:58.023+0000] {logging_mixin.py:137} INFO - [2026-10-01T00:09:58.023+0000] {dag.py:2676} INFO - Sync 1 DAGs
[2026-10-01T00:09:58.054+0000] {logging_mixin.py:137} INFO - [2026-10-01T00:09:58.054+0000] {dag.py:3427} INFO - Setting next_dagrun for tutorial_dag to None, run_after=None
[2026-10-01T00:09:58.075+0000] {processor.py:175} INFO - Processing /home/airflow/.local/lib/python3.7/site-packages/airflow/example_dags/tutorial_dag.py took 0.136 seconds
[2026-10-01T00:10:28.165+0000] {processor.py:153} INFO - Started process (PID=16643) to work on /home/airflow/.local/lib/python3.7/site-packages/airflow/example_dags/tutorial_dag.py
[2026-10-01T00:10:28.166+0000] {processor.py:743} INFO - Processing file /home/airflow/.local/lib/python3.7/site-packages/airflow/example_dags/tutorial_dag.py for tasks to queue
[2026-10-01T00:10:28.167+0000] {logging_mixin.py:137} INFO - [2026-10-01T00:10:28.167+0000] {dagbag.py:538} INFO - Filling up the DagBag from /home/airflow/.local/lib/python3.7/site-packages/airflow/example_dags/tutorial_dag.py
[2026-10-01T00:10:28.184+0000] {processor.py:753} INFO - DAG(s) dict_keys(['tutorial_dag']) retrieved from /home/airflow/.local/lib/python3.7/site-packages/airflow/example_dags/tutorial_dag.py
[2026-10-01T00:10:28.233+0000] {logging_mixin.py:137} INFO - [2026-10-01T00:10:28.232+0000] {dag.py:2676} INFO - Sync 1 DAGs
[2026-10-01T00:10:28.267+0000] {logging_mixin.py:137} INFO - [2026-10-01T00:10:28.266+0000] {dag.py:3427} INFO - Setting next_dagrun for tutorial_dag to None, run_after=None
[2026-10-01T00:10:28.291+0000] {processor.py:175} INFO - Processing /home/airflow/.local/lib/python3.7/site-packages/airflow/example_dags/tutorial_dag.py took 0.130 seconds
[2026-10-01T00:10:59.134+0000] {processor.py:153} INFO - Started process (PID=16722) to work on /home/airflow/.local/lib/python3.7/site-packages/airflow/example_dags/tutorial_dag.py
[2026-10-01T00:10:59.135+0000] {processor.py:743} INFO - Processing file /home/airflow/.local/lib/python3.7/site-packages/airflow/example_dags/tutorial_dag.py for tasks to queue
[2026-10-01T00:10:59.136+0000] {logging_mixin.py:137} INFO - [2026-10-01T00:10:59.136+0000] {dagbag.py:538} INFO - Filling up the DagBag from /home/airflow/.local/lib/python3.7/site-packages/airflow/example_dags/tutorial_dag.py
[2026-10-01T00:10:59.154+0000] {processor.py:753} INFO - DAG(s) dict_keys(['tutorial_dag']) retrieved from /home/airflow/.local/lib/python3.7/site-packages/airflow/example_dags/tutorial_dag.py
[2026-10-01T00:10:59.203+0000] {logging_mixin.py:137} INFO - [2026-10-01T00:10:59.203+0000] {dag.py:2676} INFO - Sync 1 DAGs
[2026-10-01T00:10:59.235+0000] {logging_mixin.py:137} INFO - [2026-10-01T00:10:59.235+0000] {dag.py:3427} INFO - Setting next_dagrun for tutorial_dag to None, run_after=None
[2026-10-01T00:10:59.255+0000] {processor.py:175} INFO - Processing /home/airflow/.local/lib/python3.7/site-packages/airflow/example_dags/tutorial_dag.py took 0.126 seconds
[2026-10-01T00:11:29.353+0000] {processor.py:153} INFO - Started process (PID=16801) to work on /home/airflow/.local/lib/python3.7/site-packages/airflow/example_dags/tutorial_dag.py
[2026-10-01T00:11:29.354+0000] {processor.py:743} INFO - Processing file /home/airflow/.local/lib/python3.7/site-packages/airflow/example_dags/tutorial_dag.py for tasks to queue
[2026-10-01T00:11:29.355+0000] {logging_mixin.py:137} INFO - [2026-10-01T00:11:29.355+0000] {dagbag.py:538} INFO - Filling up the DagBag from /home/airflow/.local/lib/python3.7/site-packages/airflow/example_dags/tutorial_dag.py
[2026-10-01T00:11:29.377+0000] {processor.py:753} INFO - DAG(s) dict_keys(['tutorial_dag']) retrieved from /home/airflow/.local/lib/python3.7/site-packages/airflow/example_dags/tutorial_dag.py
[2026-10-01T00:11:29.429+0000] {logging_mixin.py:137} INFO - [2026-10-01T00:11:29.429+0000] {dag.py:2676} INFO - Sync 1 DAGs
[2026-10-01T00:11:29.467+0000] {logging_mixin.py:137} INFO - [2026-10-01T00:11:29.466+0000] {dag.py:3427} INFO - Setting next_dagrun for tutorial_dag to None, run_after=None
[2026-10-01T00:11:29.495+0000] {processor.py:175} INFO - Processing /home/airflow/.local/lib/python3.7/site-packages/airflow/example_dags/tutorial_dag.py took 0.148 seconds
[2026-10-01T00:11:59.656+0000] {processor.py:153} INFO - Started process (PID=16900) to work on /home/airflow/.local/lib/python3.7/site-packages/airflow/example_dags/tutorial_dag.py
[2026-10-01T00:11:59.657+0000] {processor.py:743} INFO - Processing file /home/airflow/.local/lib/python3.7/site-packages/airflow/example_dags/tutorial_dag.py for tasks to queue
[2026-10-01T00:11:59.658+0000] {logging_mixin.py:137} INFO - [2026-10-01T00:11:59.658+0000] {dagbag.py:538} INFO - Filling up the DagBag from /home/airflow/.local/lib/python3.7/site-packages/airflow/example_dags/tutorial_dag.py
[2026-10-01T00:11:59.674+0000] {processor.py:753} INFO - DAG(s) dict_keys(['tutorial_dag']) retrieved from /home/airflow/.local/lib/python3.7/site-packages/airflow/example_dags/tutorial_dag.py
[2026-10-01T00:11:59.723+0000] {logging_mixin.py:137} INFO - [2026-10-01T00:11:59.723+0000] {dag.py:2676} INFO - Sync 1 DAGs
[2026-10-01T00:11:59.758+0000] {logging_mixin.py:137} INFO - [2026-10-01T00:11:59.758+0000] {dag.py:3427} INFO - Setting next_dagrun for tutorial_dag to None, run_after=None
[2026-10-01T00:11:59.791+0000] {processor.py:175} INFO - Processing /home/airflow/.local/lib/python3.7/site-packages/airflow/example_dags/tutorial_dag.py took 0.139 seconds
[2026-10-01T00:12:30.791+0000] {processor.py:153} INFO - Started process (PID=16979) to work on /home/airflow/.local/lib/python3.7/site-packages/airflow/example_dags/tutorial_dag.py
[2026-10-01T00:12:30.792+0000] {processor.py:743} INFO - Processing file /home/airflow/.local/lib/python3.7/site-packages/airflow/example_dags/tutorial_dag.py for tasks to queue
[2026-10-01T00:12:30.793+0000] {logging_mixin.py:137} INFO - [2026-10-01T00:12:30.793+0000] {dagbag.py:538} INFO - Filling up the DagBag from /home/airflow/.local/lib/python3.7/site-packages/airflow/example_dags/tutorial_dag.py
[2026-10-01T00:12:30.810+0000] {processor.py:753} INFO - DAG(s) dict_keys(['tutorial_dag']) retrieved from /home/airflow/.local/lib/python3.7/site-packages/airflow/example_dags/tutorial_dag.py
[2026-10-01T00:12:30.859+0000] {logging_mixin.py:137} INFO - [2026-10-01T00:12:30.859+0000] {dag.py:2676} INFO - Sync 1 DAGs
[2026-10-01T00:12:30.889+0000] {logging_mixin.py:137} INFO - [2026-10-01T00:12:30.889+0000] {dag.py:3427} INFO - Setting next_dagrun for tutorial_dag to None, run_after=None
[2026-10-01T00:12:30.919+0000] {processor.py:175} INFO - Processing /home/airflow/.local/lib/python3.7/site-packages/airflow/example_dags/tutorial_dag.py took 0.132 seconds
[2026-10-01T00:13:01.458+0000] {processor.py:153} INFO - Started process (PID=17058) to work on /home/airflow/.local/lib/python3.7/site-packages/airflow/example_dags/tutorial_dag.py
[2026-10-01T00:13:01.459+0000] {processor.py:743} INFO - Processing file /home/airflow/.local/lib/python3.7/site-packages/airflow/example_dags/tutorial_dag.py for tasks to queue
[2026-10-01T00:13:01.460+0000] {logging_mixin.py:137} INFO - [2026-10-01T00:13:01.460+0000] {dagbag.py:538} INFO - Filling up the DagBag from /home/airflow/.local/lib/python3.7/site-packages/airflow/example_dags/tutorial_dag.py
[2026-10-01T00:13:01.477+0000] {processor.py:753} INFO - DAG(s) dict_keys(['tutorial_dag']) retrieved from /home/airflow/.local/lib/python3.7/site-packages/airflow/example_dags/tutorial_dag.py
[2026-10-01T00:13:01.535+0000] {logging_mixin.py:137} INFO - [2026-10-01T00:13:01.535+0000] {dag.py:2676} INFO - Sync 1 DAGs
[2026-10-01T00:13:01.579+0000] {logging_mixin.py:137} INFO - [2026-10-01T00:13:01.579+0000] {dag.py:3427} INFO - Setting next_dagrun for tutorial_dag to None, run_after=None
[2026-10-01T00:13:01.603+0000] {processor.py:175} INFO - Processing /home/airflow/.local/lib/python3.7/site-packages/airflow/example_dags/tutorial_dag.py took 0.149 seconds
[2026-10-01T00:13:31.763+0000] {processor.py:153} INFO - Started process (PID=17146) to work on /home/airflow/.local/lib/python3.7/site-packages/airflow/example_dags/tutorial_dag.py
[2026-10-01T00:13:31.763+0000] {processor.py:743} INFO - Processing file /home/airflow/.local/lib/python3.7/site-packages/airflow/example_dags/tutorial_dag.py for tasks to queue
[2026-10-01T00:13:31.764+0000] {logging_mixin.py:137} INFO - [2026-10-01T00:13:31.764+0000] {dagbag.py:538} INFO - Filling up the DagBag from /home/airflow/.local/lib/python3.7/site-packages/airflow/example_dags/tutorial_dag.py
[2026-10-01T00:13:31.786+0000] {processor.py:753} INFO - DAG(s) dict_keys(['tutorial_dag']) retrieved from /home/airflow/.local/lib/python3.7/site-packages/airflow/example_dags/tutorial_dag.py
[2026-10-01T00:13:31.847+0000] {logging_mixin.py:137} INFO - [2026-10-01T00:13:31.847+0000] {dag.py:2676} INFO - Sync 1 DAGs
[2026-10-01T00:13:31.888+0000] {logging_mixin.py:137} INFO - [2026-10-01T00:13:31.888+0000] {dag.py:3427} INFO - Setting next_dagrun for tutorial_dag to None, run_after=None
[2026-10-01T00:13:31.915+0000] {processor.py:175} INFO - Processing /home/airflow/.local/lib/python3.7/site-packages/airflow/example_dags/tutorial_dag.py took 0.156 seconds
[2026-10-01T00:14:02.012+0000] {processor.py:153} INFO - Started process (PID=17236) to work on /home/airflow/.local/lib/python3.7/site-packages/airflow/example_dags/tutorial_dag.py
[2026-10-01T00:14:02.013+0000] {processor.py:743} INFO - Processing file /home/airflow/.local/lib/python3.7/site-packages/airflow/example_dags/tutorial_dag.py for tasks to queue
[2026-10-01T00:14:02.014+0000] {logging_mixin.py:137} INFO - [2026-10-01T00:14:02.014+0000] {dagbag.py:538} INFO - Filling up the DagBag from /home/airflow/.local/lib/python3.7/site-packages/airflow/example_dags/tutorial_dag.py
[2026-10-01T00:14:02.036+0000] {processor.py:753} INFO - DAG(s) dict_keys(['tutorial_dag']) retrieved from /home/airflow/.local/lib/python3.7/site-packages/airflow/example_dags/tutorial_dag.py
[2026-10-01T00:14:02.098+0000] {logging_mixin.py:137} INFO - [2026-10-01T00:14:02.097+0000] {dag.py:2676} INFO - Sync 1 DAGs
[2026-10-01T00:14:02.142+0000] {logging_mixin.py:137} INFO - [2026-10-01T00:14:02.141+0000] {dag.py:3427} INFO - Setting next_dagrun for tutorial_dag to None, run_after=None
[2026-10-01T00:14:02.169+0000] {processor.py:175} INFO - Processing /home/airflow/.local/lib/python3.7/site-packages/airflow/example_dags/tutorial_dag.py took 0.162 seconds
[2026-10-01T00:14:33.075+0000] {processor.py:153} INFO - Started process (PID=17315) to work on /home/airflow/.local/lib/python3.7/site-packages/airflow/example_dags/tutorial_dag.py
[2026-10-01T00:14:33.076+0000] {processor.py:743} INFO - Processing file /home/airflow/.local/lib/python3.7/site-packages/airflow/example_dags/tutorial_dag.py for tasks to queue
[2026-10-01T00:14:33.077+0000] {logging_mixin.py:137} INFO - [2026-10-01T00:14:33.077+0000] {dagbag.py:538} INFO - Filling up the DagBag from /home/airflow/.local/lib/python3.7/site-packages/airflow/example_dags/tutorial_dag.py
[2026-10-01T00:14:33.104+0000] {processor.py:753} INFO - DAG(s) dict_keys(['tutorial_dag']) retrieved from /home/airflow/.local/lib/python3.7/site-packages/airflow/example_dags/tutorial_dag.py
[2026-10-01T00:14:33.175+0000] {logging_mixin.py:137} INFO - [2026-10-01T00:14:33.175+0000] {dag.py:2676} INFO - Sync 1 DAGs
[2026-10-01T00:14:33.211+0000] {logging_mixin.py:137} INFO - [2026-10-01T00:14:33.211+0000] {dag.py:3427} INFO - Setting next_dagrun for tutorial_dag to None, run_after=None
[2026-10-01T00:14:33.233+0000] {processor.py:175} INFO - Processing /home/airflow/.local/lib/python3.7/site-packages/airflow/example_dags/tutorial_dag.py took 0.164 seconds
[2026-10-01T00:15:03.450+0000] {processor.py:153} INFO - Started process (PID=17394) to work on /home/airflow/.local/lib/python3.7/site-packages/airflow/example_dags/tutorial_dag.py
[2026-10-01T00:15:03.451+0000] {processor.py:743} INFO - Processing file /home/airflow/.local/lib/python3.7/site-packages/airflow/example_dags/tutorial_dag.py for tasks to queue
[2026-10-01T00:15:03.451+0000] {logging_mixin.py:137} INFO - [2026-10-01T00:15:03.451+0000] {dagbag.py:538} INFO - Filling up the DagBag from /home/airflow/.local/lib/python3.7/site-packages/airflow/example_dags/tutorial_dag.py
[2026-10-01T00:15:03.471+0000] {processor.py:753} INFO - DAG(s) dict_keys(['tutorial_dag']) retrieved from /home/airflow/.local/lib/python3.7/site-packages/airflow/example_dags/tutorial_dag.py
[2026-10-01T00:15:03.524+0000] {logging_mixin.py:137} INFO - [2026-10-01T00:15:03.524+0000] {dag.py:2676} INFO - Sync 1 DAGs
[2026-10-01T00:15:03.565+0000] {logging_mixin.py:137} INFO - [2026-10-01T00:15:03.565+0000] {dag.py:3427} INFO - Setting next_dagrun for tutorial_dag to None, run_after=None
[2026-10-01T00:15:03.584+0000] {processor.py:175} INFO - Processing /home/airflow/.local/lib/python3.7/site-packages/airflow/example_dags/tutorial_dag.py took 0.139 seconds
[2026-10-01T00:15:33.697+0000] {processor.py:153} INFO - Started process (PID=17480) to work on /home/airflow/.local/lib/python3.7/site-packages/airflow/example_dags/tutorial_dag.py
[2026-10-01T00:15:33.699+0000] {processor.py:743} INFO - Processing file /home/airflow/.local/lib/python3.7/site-packages/airflow/example_dags/tutorial_dag.py for tasks to queue
[2026-10-01T00:15:33.699+0000] {logging_mixin.py:137} INFO - [2026-10-01T00:15:33.699+0000] {dagbag.py:538} INFO - Filling up the DagBag from /home/airflow/.local/lib/python3.7/site-packages/airflow/example_dags/tutorial_dag.py
[2026-10-01T00:15:33.718+0000] {processor.py:753} INFO - DAG(s) dict_keys(['tutorial_dag']) retrieved from /home/airflow/.local/lib/python3.7/site-packages/airflow/example_dags/tutorial_dag.py
[2026-10-01T00:15:33.802+0000] {logging_mixin.py:137} INFO - [2026-10-01T00:15:33.802+0000] {dag.py:2676} INFO - Sync 1 DAGs
[2026-10-01T00:15:33.842+0000] {logging_mixin.py:137} INFO - [2026-10-01T00:15:33.842+0000] {dag.py:3427} INFO - Setting next_dagrun for tutorial_dag to None, run_after=None
[2026-10-01T00:15:33.877+0000] {processor.py:175} INFO - Processing /home/airflow/.local/lib/python3.7/site-packages/airflow/example_dags/tutorial_dag.py took 0.184 seconds
[2026-10-01T00:16:04.447+0000] {processor.py:153} INFO - Started process (PID=17572) to work on /home/airflow/.local/lib/python3.7/site-packages/airflow/example_dags/tutorial_dag.py
[2026-10-01T00:16:04.449+0000] {processor.py:743} INFO - Processing file /home/airflow/.local/lib/python3.7/site-packages/airflow/example_dags/tutorial_dag.py for tasks to queue
[2026-10-01T00:16:04.450+0000] {logging_mixin.py:137} INFO - [2026-10-01T00:16:04.449+0000] {dagbag.py:538} INFO - Filling up the DagBag from /home/airflow/.local/lib/python3.7/site-packages/airflow/example_dags/tutorial_dag.py
[2026-10-01T00:16:04.470+0000] {processor.py:753} INFO - DAG(s) dict_keys(['tutorial_dag']) retrieved from /home/airflow/.local/lib/python3.7/site-packages/airflow/example_dags/tutorial_dag.py
[2026-10-01T00:16:04.523+0000] {logging_mixin.py:137} INFO - [2026-10-01T00:16:04.522+0000] {dag.py:2676} INFO - Sync 1 DAGs
[2026-10-01T00:16:04.555+0000] {logging_mixin.py:137} INFO - [2026-10-01T00:16:04.555+0000] {dag.py:3427} INFO - Setting next_dagrun for tutorial_dag to None, run_after=None
[2026-10-01T00:16:04.580+0000] {processor.py:175} INFO - Processing /home/airflow/.local/lib/python3.7/site-packages/airflow/example_dags/tutorial_dag.py took 0.138 seconds
[2026-10-01T00:16:35.346+0000] {processor.py:153} INFO - Started process (PID=17651) to work on /home/airflow/.local/lib/python3.7/site-packages/airflow/example_dags/tutorial_dag.py
[2026-10-01T00:16:35.347+0000] {processor.py:743} INFO - Processing file /home/airflow/.local/lib/python3.7/site-packages/airflow/example_dags/tutorial_dag.py for tasks to queue
[2026-10-01T00:16:35.347+0000] {logging_mixin.py:137} INFO - [2026-10-01T00:16:35.347+0000] {dagbag.py:538} INFO - Filling up the DagBag from /home/airflow/.local/lib/python3.7/site-packages/airflow/example_dags/tutorial_dag.py
[2026-10-01T00:16:35.365+0000] {processor.py:753} INFO - DAG(s) dict_keys(['tutorial_dag']) retrieved from /home/airflow/.local/lib/python3.7/site-packages/airflow/example_dags/tutorial_dag.py
[2026-10-01T00:16:35.419+0000] {logging_mixin.py:137} INFO - [2026-10-01T00:16:35.419+0000] {dag.py:2676} INFO - Sync 1 DAGs
[2026-10-01T00:16:35.450+0000] {logging_mixin.py:137} INFO - [2026-10-01T00:16:35.450+0000] {dag.py:3427} INFO - Setting next_dagrun for tutorial_dag to None, run_after=None
[2026-10-01T00:16:35.472+0000] {processor.py:175} INFO - Processing /home/airflow/.local/lib/python3.7/site-packages/airflow/example_dags/tutorial_dag.py took 0.130 seconds
[2026-10-01T00:17:06.295+0000] {processor.py:153} INFO - Started process (PID=17730) to work on /home/airflow/.local/lib/python3.7/site-packages/airflow/example_dags/tutorial_dag.py
[2026-10-01T00:17:06.296+0000] {processor.py:743} INFO - Processing file /home/airflow/.local/lib/python3.7/site-packages/airflow/example_dags/tutorial_dag.py for tasks to queue
[2026-10-01T00:17:06.297+0000] {logging_mixin.py:137} INFO - [2026-10-01T00:17:06.297+0000] {dagbag.py:538} INFO - Filling up the DagBag from /home/airflow/.local/lib/python3.7/site-packages/airflow/example_dags/tutorial_dag.py
[2026-10-01T00:17:06.314+0000] {processor.py:753} INFO - DAG(s) dict_keys(['tutorial_dag']) retrieved from /home/airflow/.local/lib/python3.7/site-packages/airflow/example_dags/tutorial_dag.py
[2026-10-01T00:17:06.367+0000] {logging_mixin.py:137} INFO - [2026-10-01T00:17:06.367+0000] {dag.py:2676} INFO - Sync 1 DAGs
[2026-10-01T00:17:06.406+0000] {logging_mixin.py:137} INFO - [2026-10-01T00:17:06.405+0000] {dag.py:3427} INFO - Setting next_dagrun for tutorial_dag to None, run_after=None
[2026-10-01T00:17:06.434+0000] {processor.py:175} INFO - Processing /home/airflow/.local/lib/python3.7/site-packages/airflow/example_dags/tutorial_dag.py took 0.144 seconds
[2026-10-01T00:17:37.482+0000] {processor.py:153} INFO - Started process (PID=17818) to work on /home/airflow/.local/lib/python3.7/site-packages/airflow/example_dags/tutorial_dag.py
[2026-10-01T00:17:37.483+0000] {processor.py:743} INFO - Processing file /home/airflow/.local/lib/python3.7/site-packages/airflow/example_dags/tutorial_dag.py for tasks to queue
[2026-10-01T00:17:37.484+0000] {logging_mixin.py:137} INFO - [2026-10-01T00:17:37.484+0000] {dagbag.py:538} INFO - Filling up the DagBag from /home/airflow/.local/lib/python3.7/site-packages/airflow/example_dags/tutorial_dag.py
[2026-10-01T00:17:37.514+0000] {processor.py:753} INFO - DAG(s) dict_keys(['tutorial_dag']) retrieved from /home/airflow/.local/lib/python3.7/site-packages/airflow/example_dags/tutorial_dag.py
[2026-10-01T00:17:37.565+0000] {logging_mixin.py:137} INFO - [2026-10-01T00:17:37.565+0000] {dag.py:2676} INFO - Sync 1 DAGs
[2026-10-01T00:17:37.599+0000] {logging_mixin.py:137} INFO - [2026-10-01T00:17:37.598+0000] {dag.py:3427} INFO - Setting next_dagrun for tutorial_dag to None, run_after=None
[2026-10-01T00:17:37.629+0000] {processor.py:175} INFO - Processing /home/airflow/.local/lib/python3.7/site-packages/airflow/example_dags/tutorial_dag.py took 0.151 seconds
[2026-10-01T00:18:07.730+0000] {processor.py:153} INFO - Started process (PID=17908) to work on /home/airflow/.local/lib/python3.7/site-packages/airflow/example_dags/tutorial_dag.py
[2026-10-01T00:18:07.731+0000] {processor.py:743} INFO - Processing file /home/airflow/.local/lib/python3.7/site-packages/airflow/example_dags/tutorial_dag.py for tasks to queue
[2026-10-01T00:18:07.732+0000] {logging_mixin.py:137} INFO - [2026-10-01T00:18:07.731+0000] {dagbag.py:538} INFO - Filling up the DagBag from /home/airflow/.local/lib/python3.7/site-packages/airflow/example_dags/tutorial_dag.py
[2026-10-01T00:18:07.750+0000] {processor.py:753} INFO - DAG(s) dict_keys(['tutorial_dag']) retrieved from /home/airflow/.local/lib/python3.7/site-packages/airflow/example_dags/tutorial_dag.py
[2026-10-01T00:18:07.801+0000] {logging_mixin.py:137} INFO - [2026-10-01T00:18:07.801+0000] {dag.py:2676} INFO - Sync 1 DAGs
[2026-10-01T00:18:07.835+0000] {logging_mixin.py:137} INFO - [2026-10-01T00:18:07.835+0000] {dag.py:3427} INFO - Setting next_dagrun for tutorial_dag to None, run_after=None
[2026-10-01T00:18:07.856+0000] {processor.py:175} INFO - Processing /home/airflow/.local/lib/python3.7/site-packages/airflow/example_dags/tutorial_dag.py took 0.132 seconds
[2026-10-01T00:18:38.213+0000] {processor.py:153} INFO - Started process (PID=17987) to work on /home/airflow/.local/lib/python3.7/site-packages/airflow/example_dags/tutorial_dag.py
[2026-10-01T00:18:38.214+0000] {processor.py:743} INFO - Processing file /home/airflow/.local/lib/python3.7/site-packages/airflow/example_dags/tutorial_dag.py for tasks to queue
[2026-10-01T00:18:38.214+0000] {logging_mixin.py:137} INFO - [2026-10-01T00:18:38.214+0000] {dagbag.py:538} INFO - Filling up the DagBag from /home/airflow/.local/lib/python3.7/site-packages/airflow/example_dags/tutorial_dag.py
[2026-10-01T00:18:38.234+0000] {processor.py:753} INFO - DAG(s) dict_keys(['tutorial_dag']) retrieved from /home/airflow/.local/lib/python3.7/site-packages/airflow/example_dags/tutorial_dag.py
[2026-10-01T00:18:38.293+0000] {logging_mixin.py:137} INFO - [2026-10-01T00:18:38.293+0000] {dag.py:2676} INFO - Sync 1 DAGs
[2026-10-01T00:18:38.327+0000] {logging_mixin.py:137} INFO - [2026-10-01T00:18:38.327+0000] {dag.py:3427} INFO - Setting next_dagrun for tutorial_dag to None, run_after=None
[2026-10-01T00:18:38.350+0000] {processor.py:175} INFO - Processing /home/airflow/.local/lib/python3.7/site-packages/airflow/example_dags/tutorial_dag.py took 0.142 seconds
[2026-10-01T00:19:09.299+0000] {processor.py:153} INFO - Started process (PID=18066) to work on /home/airflow/.local/lib/python3.7/site-packages/airflow/example_dags/tutorial_dag.py
[2026-10-01T00:19:09.300+0000] {processor.py:743} INFO - Processing file /home/airflow/.local/lib/python3.7/site-packages/airflow/example_dags/tutorial_dag.py for tasks to queue
[2026-10-01T00:19:09.301+0000] {logging_mixin.py:137} INFO - [2026-10-01T00:19:09.300+0000] {dagbag.py:538} INFO - Filling up the DagBag from /home/airflow/.local/lib/python3.7/site-packages/airflow/example_dags/tutorial_dag.py
[2026-10-01T00:19:09.320+0000] {processor.py:753} INFO - DAG(s) dict_keys(['tutorial_dag']) retrieved from /home/airflow/.local/lib/python3.7/site-packages/airflow/example_dags/tutorial_dag.py
[2026-10-01T00:19:09.383+0000] {logging_mixin.py:137} INFO - [2026-10-01T00:19:09.383+0000] {dag.py:2676} INFO - Sync 1 DAGs
[2026-10-01T00:19:09.420+0000] {logging_mixin.py:137} INFO - [2026-10-01T00:19:09.419+0000] {dag.py:3427} INFO - Setting next_dagrun for tutorial_dag to None, run_after=None
[2026-10-01T00:19:09.444+0000] {processor.py:175} INFO - Processing /home/airflow/.local/lib/python3.7/site-packages/airflow/example_dags/tutorial_dag.py took 0.149 seconds
[2026-10-01T00:19:40.067+0000] {processor.py:153} INFO - Started process (PID=18165) to work on /home/airflow/.local/lib/python3.7/site-packages/airflow/example_dags/tutorial_dag.py
[2026-10-01T00:19:40.068+0000] {processor.py:743} INFO - Processing file /home/airflow/.local/lib/python3.7/site-packages/airflow/example_dags/tutorial_dag.py for tasks to queue
[2026-10-01T00:19:40.069+0000] {logging_mixin.py:137} INFO - [2026-10-01T00:19:40.069+0000] {dagbag.py:538} INFO - Filling up the DagBag from /home/airflow/.local/lib/python3.7/site-packages/airflow/example_dags/tutorial_dag.py
[2026-10-01T00:19:40.098+0000] {processor.py:753} INFO - DAG(s) dict_keys(['tutorial_dag']) retrieved from /home/airflow/.local/lib/python3.7/site-packages/airflow/example_dags/tutorial_dag.py
[2026-10-01T00:19:40.158+0000] {logging_mixin.py:137} INFO - [2026-10-01T00:19:40.158+0000] {dag.py:2676} INFO - Sync 1 DAGs
[2026-10-01T00:19:40.197+0000] {logging_mixin.py:137} INFO - [2026-10-01T00:19:40.197+0000] {dag.py:3427} INFO - Setting next_dagrun for tutorial_dag to None, run_after=None
[2026-10-01T00:19:40.234+0000] {processor.py:175} INFO - Processing /home/airflow/.local/lib/python3.7/site-packages/airflow/example_dags/tutorial_dag.py took 0.171 seconds
[2026-10-01T00:20:10.325+0000] {processor.py:153} INFO - Started process (PID=18244) to work on /home/airflow/.local/lib/python3.7/site-packages/airflow/example_dags/tutorial_dag.py
[2026-10-01T00:20:10.327+0000] {processor.py:743} INFO - Processing file /home/airflow/.local/lib/python3.7/site-packages/airflow/example_dags/tutorial_dag.py for tasks to queue
[2026-10-01T00:20:10.328+0000] {logging_mixin.py:137} INFO - [2026-10-01T00:20:10.328+0000] {dagbag.py:538} INFO - Filling up the DagBag from /home/airflow/.local/lib/python3.7/site-packages/airflow/example_dags/tutorial_dag.py
[2026-10-01T00:20:10.358+0000] {processor.py:753} INFO - DAG(s) dict_keys(['tutorial_dag']) retrieved from /home/airflow/.local/lib/python3.7/site-packages/airflow/example_dags/tutorial_dag.py
[2026-10-01T00:20:10.423+0000] {logging_mixin.py:137} INFO - [2026-10-01T00:20:10.423+0000] {dag.py:2676} INFO - Sync 1 DAGs
[2026-10-01T00:20:10.472+0000] {logging_mixin.py:137} INFO - [2026-10-01T00:20:10.472+0000] {dag.py:3427} INFO - Setting next_dagrun for tutorial_dag to None, run_after=None
[2026-10-01T00:20:10.493+0000] {processor.py:175} INFO - Processing /home/airflow/.local/lib/python3.7/site-packages/airflow/example_dags/tutorial_dag.py took 0.173 seconds
[2026-10-01T00:20:40.808+0000] {processor.py:153} INFO - Started process (PID=18323) to work on /home/airflow/.local/lib/python3.7/site-packages/airflow/example_dags/tutorial_dag.py
[2026-10-01T00:20:40.809+0000] {processor.py:743} INFO - Processing file /home/airflow/.local/lib/python3.7/site-packages/airflow/example_dags/tutorial_dag.py for tasks to queue
[2026-10-01T00:20:40.810+0000] {logging_mixin.py:137} INFO - [2026-10-01T00:20:40.810+0000] {dagbag.py:538} INFO - Filling up the DagBag from /home/airflow/.local/lib/python3.7/site-packages/airflow/example_dags/tutorial_dag.py
[2026-10-01T00:20:40.834+0000] {processor.py:753} INFO - DAG(s) dict_keys(['tutorial_dag']) retrieved from /home/airflow/.local/lib/python3.7/site-packages/airflow/example_dags/tutorial_dag.py
[2026-10-01T00:20:40.893+0000] {logging_mixin.py:137} INFO - [2026-10-01T00:20:40.893+0000] {dag.py:2676} INFO - Sync 1 DAGs
[2026-10-01T00:20:40.935+0000] {logging_mixin.py:137} INFO - [2026-10-01T00:20:40.935+0000] {dag.py:3427} INFO - Setting next_dagrun for tutorial_dag to None, run_after=None
[2026-10-01T00:20:40.967+0000] {processor.py:175} INFO - Processing /home/airflow/.local/lib/python3.7/site-packages/airflow/example_dags/tutorial_dag.py took 0.163 seconds
