[2026-10-01T00:00:14.729+0000] {processor.py:153} INFO - Started process (PID=14953) to work on /home/airflow/.local/lib/python3.7/site-packages/airflow/example_dags/tutorial.py
[2026-10-01T00:00:14.730+0000] {processor.py:743} INFO - Processing file /home/airflow/.local/lib/python3.7/site-packages/airflow/example_dags/tutorial.py for tasks to queue
[2026-10-01T00:00:14.731+0000] {logging_mixin.py:137} INFO - [2026-10-01T00:00:14.730+0000] {dagbag.py:538} INFO - Filling up the DagBag from /home/airflow/.local/lib/python3.7/site-packages/airflow/example_dags/tutorial.py
[2026-10-01T00:00:14.744+0000] {processor.py:753} INFO - DAG(s) dict_keys(['tutorial']) retrieved from /home/airflow/.local/lib/python3.7/site-packages/airflow/example_dags/tutorial.py
[2026-10-01T00:00:14.782+0000] {logging_mixin.py:137} INFO - [2026-10-01T00:00:14.782+0000] {dag.py:2676} INFO - Sync 1 DAGs
[2026-10-01T00:00:14.804+0000] {logging_mixin.py:137} INFO - [2026-10-01T00:00:14.804+0000] {dag.py:3427} INFO - Setting next_dagrun for tutorial to 2026-09-30T00:00:14.804231+00:00, run_after=2026-10-01T00:00:14.804231+00:00
[2026-10-01T00:00:14.821+0000] {processor.py:175} INFO - Processing /home/airflow/.local/lib/python3.7/site-packages/airflow/example_dags/tutorial.py took 0.094 seconds
[2026-10-01T00:00:45.538+0000] {processor.py:153} INFO - Started process (PID=15032) to work on /home/airflow/.local/lib/python3.7/site-packages/airflow/example_dags/tutorial.py
[2026-10-01T00:00:45.540+0000] {processor.py:743} INFO - Processing file /home/airflow/.local/lib/python3.7/site-packages/airflow/example_dags/tutorial.py for tasks to queue
[2026-10-01T00:00:45.541+0000] {logging_mixin.py:137} INFO - [2026-10-01T00:00:45.541+0000] {dagbag.py:538} INFO - Filling up the DagBag from /home/airflow/.local/lib/python3.7/site-packages/airflow/example_dags/tutorial.py
[2026-10-01T00:00:45.567+0000] {processor.py:753} INFO - DAG(s) dict_keys(['tutorial']) retrieved from /home/airflow/.local/lib/python3.7/site-packages/airflow/example_dags/tutorial.py
[2026-10-01T00:00:45.640+0000] {logging_mixin.py:137} INFO - [2026-10-01T00:00:45.640+0000] {dag.py:2676} INFO - Sync 1 DAGs
[2026-10-01T00:00:45.685+0000] {logging_mixin.py:137} INFO - [2026-10-01T00:00:45.685+0000] {dag.py:3427} INFO - Setting next_dagrun for tutorial to 2026-09-30T00:00:45.685253+00:00, run_after=2026-10-01T00:00:45.685253+00:00
[2026-10-01T00:00:45.710+0000] {processor.py:175} INFO - Processing /home/airflow/.local/lib/python3.7/site-packages/airflow/example_dags/tutorial.py took 0.177 seconds
[2026-10-01T00:01:16.524+0000] {processor.py:153} INFO - Started process (PID=15111) to work on /home/airflow/.local/lib/python3.7/site-packages/airflow/example_dags/tutorial.py
[2026-10-01T00:01:16.525+0000] {processor.py:743} INFO - Processing file /home/airflow/.local/lib/python3.7/site-packages/airflow/example_dags/tutorial.py for tasks to queue
[2026-10-01T00:01:16.526+0000] {logging_mixin.py:137} INFO - [2026-10-01T00:01:16.526+0000] {dagbag.py:538} INFO - Filling up the DagBag from /home/airflow/.local/lib/python3.7/site-packages/airflow/example_dags/tutorial.py
[2026-10-01T00:01:16.545+0000] {processor.py:753} INFO - DAG(s) dict_keys(['tutorial']) retrieved from /home/airflow/.local/lib/python3.7/site-packages/airflow/example_dags/tutorial.py
[2026-10-01T00:01:16.600+0000] {logging_mixin.py:137} INFO - [2026-10-01T00:01:16.600+0000] {dag.py:2676} INFO - Sync 1 DAGs
[2026-10-01T00:01:16.638+0000] {logging_mixin.py:137} INFO - [2026-10-01T00:01:16.638+0000] {dag.py:3427} INFO - Setting next_dagrun for tutorial to 2026-09-30T00:01:16.637730+00:00, run_after=2026-10-01T00:01:16.637730+00:00
[2026-10-01T00:01:16.661+0000] {processor.py:175} INFO - Processing /home/airflow/.local/lib/python3.7/site-packages/airflow/example_dags/tutorial.py took 0.140 seconds
[2026-10-01T00:01:47.301+0000] {processor.py:153} INFO - Started process (PID=15197) to work on /home/airflow/.local/lib/python3.7/site-packages/airflow/example_dags/tutorial.py
[2026-10-01T00:01:47.302+0000] {processor.py:743} INFO - Processing file /home/airflow/.local/lib/python3.7/site-packages/airflow/example_dags/tutorial.py for tasks to queue
[2026-10-01T00:01:47.303+0000] {logging_mixin.py:137} INFO - [2026-10-01T00:01:47.303+0000] {dagbag.py:538} INFO - Filling up the DagBag from /home/airflow/.local/lib/python3.7/site-packages/airflow/example_dags/tutorial.py
[2026-10-01T00:01:47.323+0000] {processor.py:753} INFO - DAG(s) dict_keys(['tutorial']) retrieved from /home/airflow/.local/lib/python3.7/site-packages/airflow/example_dags/tutorial.py
[2026-10-01T00:01:47.375+0000] {logging_mixin.py:137} INFO - [2026-10-01T00:01:47.374+0000] {dag.py:2676} INFO - Sync 1 DAGs
[2026-10-01T00:01:47.412+0000] {logging_mixin.py:137} INFO - [2026-10-01T00:01:47.411+0000] {dag.py:3427} INFO - Setting next_dagrun for tutorial to 2026-09-30T00:01:47.411634+00:00, run_after=2026-10-01T00:01:47.411634+00:00
[2026-10-01T00:01:47.438+0000] {processor.py:175} INFO - Processing /home/airflow/.local/lib/python3.7/site-packages/airflow/example_dags/tutorial.py took 0.141 seconds
[2026-10-01T00:02:18.048+0000] {processor.py:153} INFO - Started process (PID=15289) to work on /home/airflow/.local/lib/python3.7/site-packages/airflow/example_dags/tutorial.py
[2026-10-01T00:02:18.049+0000] {processor.py:743} INFO - Processing file /home/airflow/.local/lib/python3.7/site-packages/airflow/example_dags/tutorial.py for tasks to queue
[2026-10-01T00:02:18.049+0000] {logging_mixin.py:137} INFO - [2026-10-01T00:02:18.049+0000] {dagbag.py:538} INFO - Filling up the DagBag from /home/airflow/.local/lib/python3.7/site-packages/airflow/example_dags/tutorial.py
[2026-10-01T00:02:18.068+0000] {processor.py:753} INFO - DAG(s) dict_keys(['tutorial']) retrieved from /home/airflow/.local/lib/python3.7/site-packages/airflow/example_dags/tutorial.py
[2026-10-01T00:02:18.128+0000] {logging_mixin.py:137} INFO - [2026-10-01T00:02:18.128+0000] {dag.py:2676} INFO - Sync 1 DAGs
[2026-10-01T00:02:18.165+0000] {logging_mixin.py:137} INFO - [2026-10-01T00:02:18.164+0000] {dag.py:3427} INFO - Setting next_dagrun for tutorial to 2026-09-30T00:02:18.164585+00:00, run_after=2026-10-01T00:02:18.164585+00:00
[2026-10-01T00:02:18.188+0000] {processor.py:175} INFO - Processing /home/airflow/.local/lib/python3.7/site-packages/airflow/example_dags/tutorial.py took 0.144 seconds
[2026-10-01T00:02:49.209+0000] {processor.py:153} INFO - Started process (PID=15368) to work on /home/airflow/.local/lib/python3.7/site-packages/airflow/example_dags/tutorial.py
[2026-10-01T00:02:49.210+0000] {processor.py:743} INFO - Processing file /home/airflow/.local/lib/python3.7/site-packages/airflow/example_dags/tutorial.py for tasks to queue
[2026-10-01T00:02:49.211+0000] {logging_mixin.py:137} INFO - [2026-10-01T00:02:49.211+0000] {dagbag.py:538} INFO - Filling up the DagBag from /home/airflow/.local/lib/python3.7/site-packages/airflow/example_dags/tutorial.py
[2026-10-01T00:02:49.241+0000] {processor.py:753} INFO - DAG(s) dict_keys(['tutorial']) retrieved from /home/airflow/.local/lib/python3.7/site-packages/airflow/example_dags/tutorial.py
[2026-10-01T00:02:49.315+0000] {logging_mixin.py:137} INFO - [2026-10-01T00:02:49.315+0000] {dag.py:2676} INFO - Sync 1 DAGs
[2026-10-01T00:02:49.363+0000] {logging_mixin.py:137} INFO - [2026-10-01T00:02:49.362+0000] {dag.py:3427} INFO - Setting next_dagrun for tutorial to 2026-09-30T00:02:49.362311+00:00, run_after=2026-10-01T00:02:49.362311+00:00
[2026-10-01T00:02:49.396+0000] {processor.py:175} INFO - Processing /home/airflow/.local/lib/python3.7/site-packages/airflow/example_dags/tutorial.py took 0.191 seconds
[2026-10-01T00:03:19.552+0000] {processor.py:153} INFO - Started process (PID=15447) to work on /home/airflow/.local/lib/python3.7/site-packages/airflow/example_dags/tutorial.py
[2026-10-01T00:03:19.553+0000] {processor.py:743} INFO - Processing file /home/airflow/.local/lib/python3.7/site-packages/airflow/example_dags/tutorial.py for tasks to queue
[2026-10-01T00:03:19.554+0000] {logging_mixin.py:137} INFO - [2026-10-01T00:03:19.554+0000] {dagbag.py:538} INFO - Filling up the DagBag from /home/airflow/.local/lib/python3.7/site-packages/airflow/example_dags/tutorial.py
[2026-10-01T00:03:19.577+0000] {processor.py:753} INFO - DAG(s) dict_keys(['tutorial']) retrieved from /home/airflow/.local/lib/python3.7/site-packages/airflow/example_dags/tutorial.py
[2026-10-01T00:03:19.622+0000] {logging_mixin.py:137} INFO - [2026-10-01T00:03:19.622+0000] {dag.py:2676} INFO - Sync 1 DAGs
[2026-10-01T00:03:19.660+0000] {logging_mixin.py:137} INFO - [2026-10-01T00:03:19.659+0000] {dag.py:3427} INFO - Setting next_dagrun for tutorial to 2026-09-30T00:03:19.659696+00:00, run_after=2026-10-01T00:03:19.659696+00:00
[2026-10-01T00:03:19.686+0000] {processor.py:175} INFO - Processing /home/airflow/.local/lib/python3.7/site-packages/airflow/example_dags/tutorial.py took 0.140 seconds
[2026-10-01T00:03:49.888+0000] {processor.py:153} INFO - Started process (PID=15526) to work on /home/airflow/.local/lib/python3.7/site-packages/airflow/example_dags/tutorial.py
[2026-10-01T00:03:49.889+0000] {processor.py:743} INFO - Processing file /home/airflow/.local/lib/python3.7/site-packages/airflow/example_dags/tutorial.py for tasks to queue
[2026-10-01T00:03:49.890+0000] {logging_mixin.py:137} INFO - [2026-10-01T00:03:49.890+0000] {dagbag.py:538} INFO - Filling up the DagBag from /home/airflow/.local/lib/python3.7/site-packages/airflow/example_dags/tutorial.py
[2026-10-01T00:03:49.909+0000] {processor.py:753} INFO - DAG(s) dict_keys(['tutorial']) retrieved from /home/airflow/.local/lib/python3.7/site-packages/airflow/example_dags/tutorial.py
[2026-10-01T00:03:49.965+0000] {logging_mixin.py:137} INFO - [2026-10-01T00:03:49.964+0000] {dag.py:2676} INFO - Sync 1 DAGs
[2026-10-01T00:03:50.000+0000] {logging_mixin.py:137} INFO - [2026-10-01T00:03:50.000+0000] {dag.py:3427} INFO - Setting next_dagrun for tutorial to 2026-09-30T00:03:50.000148+00:00, run_after=2026-10-01T00:03:50.000148+00:00
[2026-10-01T00:03:50.035+0000] {processor.py:175} INFO - Processing /home/airflow/.local/lib/python3.7/site-packages/airflow/example_dags/tutorial.py took 0.151 seconds
[2026-10-01T00:04:20.378+0000] {processor.py:153} INFO - Started process (PID=15625) to work on /home/airflow/.local/lib/python3.7/site-packages/airflow/example_dags/tutorial.py
[2026-10-01T00:04:20.379+0000] {processor.py:743} INFO - Processing file /home/airflow/.local/lib/python3.7/site-packages/airflow/example_dags/tutorial.py for tasks to queue
[2026-10-01T00:04:20.380+0000] {logging_mixin.py:137} INFO - [2026-10-01T00:04:20.380+0000] {dagbag.py:538} INFO - Filling up the DagBag from /home/airflow/.local/lib/python3.7/site-packages/airflow/example_dags/tutorial.py
[2026-10-01T00:04:20.410+0000] {processor.py:753} INFO - DAG(s) dict_keys(['tutorial']) retrieved from /home/airflow/.local/lib/python3.7/site-packages/airflow/example_dags/tutorial.py
[2026-10-01T00:04:20.474+0000] {logging_mixin.py:137} INFO - [2026-10-01T00:04:20.473+0000] {dag.py:2676} INFO - Sync 1 DAGs
[2026-10-01T00:04:20.517+0000] {logging_mixin.py:137} INFO - [2026-10-01T00:04:20.517+0000] {dag.py:3427} INFO - Setting next_dagrun for tutorial to 2026-09-30T00:04:20.517039+00:00, run_after=2026-10-01T00:04:20.517039+00:00
[2026-10-01T00:04:20.556+0000] {processor.py:175} INFO - Processing /home/airflow/.local/lib/python3.7/site-packages/airflow/example_dags/tutorial.py took 0.184 seconds
[2026-10-01T00:04:51.423+0000] {processor.py:153} INFO - Started process (PID=15704) to work on /home/airflow/.local/lib/python3.7/site-packages/airflow/example_dags/tutorial.py
[2026-10-01T00:04:51.425+0000] {processor.py:743} INFO - Processing file /home/airflow/.local/lib/python3.7/site-packages/airflow/example_dags/tutorial.py for tasks to queue
[2026-10-01T00:04:51.426+0000] {logging_mixin.py:137} INFO - [2026-10-01T00:04:51.426+0000] {dagbag.py:538} INFO - Filling up the DagBag from /home/airflow/.local/lib/python3.7/site-packages/airflow/example_dags/tutorial.py
[2026-10-01T00:04:51.455+0000] {processor.py:753} INFO - DAG(s) dict_keys(['tutorial']) retrieved from /home/airflow/.local/lib/python3.7/site-packages/airflow/example_dags/tutorial.py
[2026-10-01T00:04:51.520+0000] {logging_mixin.py:137} INFO - [2026-10-01T00:04:51.520+0000] {dag.py:2676} INFO - Sync 1 DAGs
[2026-10-01T00:04:51.559+0000] {logging_mixin.py:137} INFO - [2026-10-01T00:04:51.558+0000] {dag.py:3427} INFO - Setting next_dagrun for tutorial to 2026-09-30T00:04:51.558455+00:00, run_after=2026-10-01T00:04:51.558455+00:00
[2026-10-01T00:04:51.591+0000] {processor.py:175} INFO - Processing /home/airflow/.local/lib/python3.7/site-packages/airflow/example_dags/tutorial.py took 0.174 seconds
[2026-10-01T00:05:22.259+0000] {processor.py:153} INFO - Started process (PID=15783) to work on /home/airflow/.local/lib/python3.7/site-packages/airflow/example_dags/tutorial.py
[2026-10-01T00:05:22.260+0000] {processor.py:743} INFO - Processing file /home/airflow/.local/lib/python3.7/site-packages/airflow/example_dags/tutorial.py for tasks to queue
[2026-10-01T00:05:22.261+0000] {logging_mixin.py:137} INFO - [2026-10-01T00:05:22.261+0000] {dagbag.py:538} INFO - Filling up the DagBag from /home/airflow/.local/lib/python3.7/site-packages/airflow/example_dags/tutorial.py
[2026-10-01T00:05:22.280+0000] {processor.py:753} INFO - DAG(s) dict_keys(['tutorial']) retrieved from /home/airflow/.local/lib/python3.7/site-packages/airflow/example_dags/tutorial.py
[2026-10-01T00:05:22.339+0000] {logging_mixin.py:137} INFO - [2026-10-01T00:05:22.339+0000] {dag.py:2676} INFO - Sync 1 DAGs
[2026-10-01T00:05:22.375+0000] {logging_mixin.py:137} INFO - [2026-10-01T00:05:22.375+0000] {dag.py:3427} INFO - Setting next_dagrun for tutorial to 2026-09-30T00:05:22.374833+00:00, run_after=2026-10-01T00:05:22.374833+00:00
[2026-10-01T00:05:22.400+0000] {processor.py:175} INFO - Processing /home/airflow/.local/lib/python3.7/site-packages/airflow/example_dags/tutorial.py took 0.145 seconds
[2026-10-01T00:05:52.736+0000] {processor.py:153} INFO - Started process (PID=15871) to work on /home/airflow/.local/lib/python3.7/site-packages/airflow/example_dags/tutorial.py
[2026-10-01T00:05:52.738+0000] {processor.py:743} INFO - Processing file /home/airflow/.local/lib/python3.7/site-packages/airflow/example_dags/tutorial.py for tasks to queue
[2026-10-01T00:05:52.739+0000] {logging_mixin.py:137} INFO - [2026-10-01T00:05:52.739+0000] {dagbag.py:538} INFO - Filling up the DagBag from /home/airflow/.local/lib/python3.7/site-packages/airflow/example_dags/tutorial.py
[2026-10-01T00:05:52.770+0000] {processor.py:753} INFO - DAG(s) dict_keys(['tutorial']) retrieved from /home/airflow/.local/lib/python3.7/site-packages/airflow/example_dags/tutorial.py
[2026-10-01T00:05:52.828+0000] {logging_mixin.py:137} INFO - [2026-10-01T00:05:52.828+0000] {dag.py:2676} INFO - Sync 1 DAGs
[2026-10-01T00:05:52.864+0000] {logging_mixin.py:137} INFO - [2026-10-01T00:05:52.863+0000] {dag.py:3427} INFO - Setting next_dagrun for tutorial to 2026-09-30T00:05:52.863633+00:00, run_after=2026-10-01T00:05:52.863633+00:00
[2026-10-01T00:05:52.885+0000] {processor.py:175} INFO - Processing /home/airflow/.local/lib/python3.7/site-packages/airflow/example_dags/tutorial.py took 0.153 seconds
[2026-10-01T00:06:23.085+0000] {processor.py:153} INFO - Started process (PID=15961) to work on /home/airflow/.local/lib/python3.7/site-packages/airflow/example_dags/tutorial.py
[2026-10-01T00:06:23.085+0000] {processor.py:743} INFO - Processing file /home/airflow/.local/lib/python3.7/site-packages/airflow/example_dags/tutorial.py for tasks to queue
[2026-10-01T00:06:23.086+0000] {logging_mixin.py:137} INFO - [2026-10-01T00:06:23.086+0000] {dagbag.py:538} INFO - Filling up the DagBag from /home/airflow/.local/lib/python3.7/site-packages/airflow/example_dags/tutorial.py
[2026-10-01T00:06:23.105+0000] {processor.py:753} INFO - DAG(s) dict_keys(['tutorial']) retrieved from /home/airflow/.local/lib/python3.7/site-packages/airflow/example_dags/tutorial.py
[2026-10-01T00:06:23.151+0000] {logging_mixin.py:137} INFO - [2026-10-01T00:06:23.151+0000] {dag.py:2676} INFO - Sync 1 DAGs
[2026-10-01T00:06:23.182+0000] {logging_mixin.py:137} INFO - [2026-10-01T00:06:23.182+0000] {dag.py:3427} INFO - Setting next_dagrun for tutorial to 2026-09-30T00:06:23.182258+00:00, run_after=2026-10-01T00:06:23.182258+00:00
[2026-10-01T00:06:23.207+0000] {processor.py:175} INFO - Processing /home/airflow/.local/lib/python3.7/site-packages/airflow/example_dags/tutorial.py took 0.126 seconds
[2026-10-01T00:06:53.534+0000] {processor.py:153} INFO - Started process (PID=16040) to work on /home/airflow/.local/lib/python3.7/site-packages/airflow/example_dags/tutorial.py
[2026-10-01T00:06:53.535+0000] {processor.py:743} INFO - Processing file /home/airflow/.local/lib/python3.7/site-packages/airflow/example_dags/tutorial.py for tasks to queue
[2026-10-01T00:06:53.536+0000] {logging_mixin.py:137} INFO - [2026-10-01T00:06:53.536+0000] {dagbag.py:538} INFO - Filling up the DagBag from /home/airflow/.local/lib/python3.7/site-packages/airflow/example_dags/tutorial.py
[2026-10-01T00:06:53.557+0000] {processor.py:753} INFO - DAG(s) dict_keys(['tutorial']) retrieved from /home/airflow/.local/lib/python3.7/site-packages/airflow/example_dags/tutorial.py
[2026-10-01T00:06:53.608+0000] {logging_mixin.py:137} INFO - [2026-10-01T00:06:53.607+0000] {dag.py:2676} INFO - Sync 1 DAGs
[2026-10-01T00:06:53.641+0000] {logging_mixin.py:137} INFO - [2026-10-01T00:06:53.641+0000] {dag.py:3427} INFO - Setting next_dagrun for tutorial to 2026-09-30T00:06:53.640793+00:00, run_after=2026-10-01T00:06:53.640793+00:00
[2026-10-01T00:06:53.663+0000] {processor.py:175} INFO - Processing /home/airflow/.local/lib/python3.7/site-packages/airflow/example_dags/tutorial.py took 0.134 seconds
[2026-10-01T00:07:23.794+0000] {processor.py:153} INFO - Started process (PID=16119) to work on /home/airflow/.local/lib/python3.7/site-packages/airflow/example_dags/tutorial.py
[2026-10-01T00:07:23.795+0000] {processor.py:743} INFO - Processing file /home/airflow/.local/lib/python3.7/site-packages/airflow/example_dags/tutorial.py for tasks to queue
[2026-10-01T00:07:23.796+0000] {logging_mixin.py:137} INFO - [2026-10-01T00:07:23.796+0000] {dagbag.py:538} INFO - Filling up the DagBag from /home/airflow/.local/lib/python3.7/site-packages/airflow/example_dags/tutorial.py
[2026-10-01T00:07:23.817+0000] {processor.py:753} INFO - DAG(s) dict_keys(['tutorial']) retrieved from /home/airflow/.local/lib/python3.7/site-packages/airflow/example_dags/tutorial.py
[2026-10-01T00:07:23.864+0000] {logging_mixin.py:137} INFO - [2026-10-01T00:07:23.864+0000] {dag.py:2676} INFO - Sync 1 DAGs
[2026-10-01T00:07:23.898+0000] {logging_mixin.py:137} INFO - [2026-10-01T00:07:23.898+0000] {dag.py:3427} INFO - Setting next_dagrun for tutorial to 2026-09-30T00:07:23.898302+00:00, run_after=2026-10-01T00:07:23.898302+00:00
[2026-10-01T00:07:23.921+0000] {processor.py:175} INFO - Processing /home/airflow/.local/lib/python3.7/site-packages/airflow/example_dags/tutorial.py took 0.132 seconds
[2026-10-01T00:07:54.280+0000] {processor.py:153} INFO - Started process (PID=16207) to work on /home/airflow/.local/lib/python3.7/site-packages/airflow/example_dags/tutorial.py
[2026-10-01T00:07:54.281+0000] {processor.py:743} INFO - Processing file /home/airflow/.local/lib/python3.7/site-packages/airflow/example_dags/tutorial.py for tasks to queue
[2026-10-01T00:07:54.282+0000] {logging_mixin.py:137} INFO - [2026-10-01T00:07:54.282+0000] {dagbag.py:538} INFO - Filling up the DagBag from /home/airflow/.local/lib/python3.7/site-packages/airflow/example_dags/tutorial.py
[2026-10-01T00:07:54.302+0000] {processor.py:753} INFO - DAG(s) dict_keys(['tutorial']) retrieved from /home/airflow/.local/lib/python3.7/site-packages/airflow/example_dags/tutorial.py
[2026-10-01T00:07:54.352+0000] {logging_mixin.py:137} INFO - [2026-10-01T00:07:54.351+0000] {dag.py:2676} INFO - Sync 1 DAGs
[2026-10-01T00:07:54.387+0000] {logging_mixin.py:137} INFO - [2026-10-01T00:07:54.386+0000] {dag.py:3427} INFO - Setting next_dagrun for tutorial to 2026-09-30T00:07:54.386439+00:00, run_after=2026-10-01T00:07:54.386439+00:00
[2026-10-01T00:07:54.424+0000] {processor.py:175} INFO - Processing /home/airflow/.local/lib/python3.7/site-packages/airflow/example_dags/tutorial.py took 0.147 seconds
[2026-10-01T00:08:24.505+0000] {processor.py:153} INFO - Started process (PID=16297) to work on /home/airflow/.local/lib/python3.7/site-packages/airflow/example_dags/tutorial.py
[2026-10-01T00:08:24.506+0000] {processor.py:743} INFO - Processing file /home/airflow/.local/lib/python3.7/site-packages/airflow/example_dags/tutorial.py for tasks to queue
[2026-10-01T00:08:24.507+0000] {logging_mixin.py:137} INFO - [2026-10-01T00:08:24.507+0000] {dagbag.py:538} INFO - Filling up the DagBag from /home/airflow/.local/lib/python3.7/site-packages/airflow/example_dags/tutorial.py
[2026-10-01T00:08:24.537+0000] {processor.py:753} INFO - DAG(s) dict_keys(['tutorial']) retrieved from /home/airflow/.local/lib/python3.7/site-packages/airflow/example_dags/tutorial.py
[2026-10-01T00:08:24.605+0000] {logging_mixin.py:137} INFO - [2026-10-01T00:08:24.605+0000] {dag.py:2676} INFO - Sync 1 DAGs
[2026-10-01T00:08:24.644+0000] {logging_mixin.py:137} INFO - [2026-10-01T00:08:24.644+0000] {dag.py:3427} INFO - Setting next_dagrun for tutorial to 2026-09-30T00:08:24.644254+00:00, run_after=2026-10-01T00:08:24.644254+00:00
[2026-10-01T00:08:24.666+0000] {processor.py:175} INFO - Processing /home/airflow/.local/lib/python3.7/site-packages/airflow/example_dags/tutorial.py took 0.164 seconds
[2026-10-01T00:08:54.971+0000] {processor.py:153} INFO - Started process (PID=16376) to work on /home/airflow/.local/lib/python3.7/site-packages/airflow/example_dags/tutorial.py
[2026-10-01T00:08:54.972+0000] {processor.py:743} INFO - Processing file /home/airflow/.local/lib/python3.7/site-packages/airflow/example_dags/tutorial.py for tasks to queue
[2026-10-01T00:08:54.972+0000] {logging_mixin.py:137} INFO - [2026-10-01T00:08:54.972+0000] {dagbag.py:538} INFO - Filling up the DagBag from /home/airflow/.local/lib/python3.7/site-packages/airflow/example_dags/tutorial.py
[2026-10-01T00:08:54.993+0000] {processor.py:753} INFO - DAG(s) dict_keys(['tutorial']) retrieved from /home/airflow/.local/lib/python3.7/site-packages/airflow/example_dags/tutorial.py
[2026-10-01T00:08:55.061+0000] {logging_mixin.py:137} INFO - [2026-10-01T00:08:55.061+0000] {dag.py:2676} INFO - Sync 1 DAGs
[2026-10-01T00:08:55.101+0000] {logging_mixin.py:137} INFO - [2026-10-01T00:08:55.101+0000] {dag.py:3427} INFO - Setting next_dagrun for tutorial to 2026-09-30T00:08:55.100898+00:00, run_after=2026-10-01T00:08:55.100898+00:00
[2026-10-01T00:08:55.125+0000] {processor.py:175} INFO - Processing /home/airflow/.local/lib/python3.7/site-packages/airflow/example_dags/tutorial.py took 0.158 seconds
[2026-10-01T00:09:25.600+0000] {processor.py:153} INFO - Started process (PID=16455) to work on /home/airflow/.local/lib/python3.7/site-packages/airflow/example_dags/tutorial.py
[2026-10-01T00:09:25.601+0000] {processor.py:743} INFO - Processing file /home/airflow/.local/lib/python3.7/site-packages/airflow/example_dags/tutorial.py for tasks to queue
[2026-10-01T00:09:25.601+0000] {logging_mixin.py:137} INFO - [2026-10-01T00:09:25.601+0000] {dagbag.py:538} INFO - Filling up the DagBag from /home/airflow/.local/lib/python3.7/site-packages/airflow/example_dags/tutorial.py
[2026-10-01T00:09:25.621+0000] {processor.py:753} INFO - DAG(s) dict_keys(['tutorial']) retrieved from /home/airflow/.local/lib/python3.7/site-packages/airflow/example_dags/tutorial.py
[2026-10-01T00:09:25.668+0000] {logging_mixin.py:137} INFO - [2026-10-01T00:09:25.668+0000] {dag.py:2676} INFO - Sync 1 DAGs
[2026-10-01T00:09:25.700+0000] {logging_mixin.py:137} INFO - [2026-10-01T00:09:25.700+0000] {dag.py:3427} INFO - Setting next_dagrun for tutorial to 2026-09-30T00:09:25.699712+00:00, run_after=2026-10-01T00:09:25.699712+00:00
[2026-10-01T00:09:25.724+0000] {processor.py:175} INFO - Processing /home/airflow/.local/lib/python3.7/site-packages/airflow/example_dags/tutorial.py took 0.129 seconds
[2026-10-01T00:09:56.586+0000] {processor.py:153} INFO - Started process (PID=16554) to work on /home/airflow/.local/lib/python3.7/site-packages/airflow/example_dags/tutorial.py
[2026-10-01T00:09:56.588+0000] {processor.py:743} INFO - Processing file /home/airflow/.local/lib/python3.7/site-packages/airflow/example_dags/tutorial.py for tasks to queue
[2026-10-01T00:09:56.589+0000] {logging_mixin.py:137} INFO - [2026-10-01T00:09:56.589+0000] {dagbag.py:538} INFO - Filling up the DagBag from /home/airflow/.local/lib/python3.7/site-packages/airflow/example_dags/tutorial.py
[2026-10-01T00:09:56.614+0000] {processor.py:753} INFO - DAG(s) dict_keys(['tutorial']) retrieved from /home/airflow/.local/lib/python3.7/site-packages/airflow/example_dags/tutorial.py
[2026-10-01T00:09:56.683+0000] {logging_mixin.py:137} INFO - [2026-10-01T00:09:56.683+0000] {dag.py:2676} INFO - Sync 1 DAGs
[2026-10-01T00:09:56.733+0000] {logging_mixin.py:137} INFO - [2026-10-01T00:09:56.732+0000] {dag.py:3427} INFO - Setting next_dagrun for tutorial to 2026-09-30T00:09:56.732693+00:00, run_after=2026-10-01T00:09:56.732693+00:00
[2026-10-01T00:09:56.763+0000] {processor.py:175} INFO - Processing /home/airflow/.local/lib/python3.7/site-packages/airflow/example_dags/tutorial.py took 0.180 seconds
[2026-10-01T00:10:26.931+0000] {processor.py:153} INFO - Started process (PID=16633) to work on /home/airflow/.local/lib/python3.7/site-packages/airflow/example_dags/tutorial.py
[2026-10-01T00:10:26.932+0000] {processor.py:743} INFO - Processing file /home/airflow/.local/lib/python3.7/site-packages/airflow/example_dags/tutorial.py for tasks to queue
[2026-10-01T00:10:26.933+0000] {logging_mixin.py:137} INFO - [2026-10-01T00:10:26.933+0000] {dagbag.py:538} INFO - Filling up the DagBag from /home/airflow/.local/lib/python3.7/site-packages/airflow/example_dags/tutorial.py
[2026-10-01T00:10:26.952+0000] {processor.py:753} INFO - DAG(s) dict_keys(['tutorial']) retrieved from /home/airflow/.local/lib/python3.7/site-packages/airflow/example_dags/tutorial.py
[2026-10-01T00:10:27.001+0000] {logging_mixin.py:137} INFO - [2026-10-01T00:10:27.001+0000] {dag.py:2676} INFO - Sync 1 DAGs
[2026-10-01T00:10:27.042+0000] {logging_mixin.py:137} INFO - [2026-10-01T00:10:27.042+0000] {dag.py:3427} INFO - Setting next_dagrun for tutorial to 2026-09-30T00:10:27.041562+00:00, run_after=2026-10-01T00:10:27.041562+00:00
[2026-10-01T00:10:27.072+0000] {processor.py:175} INFO - Processing /home/airflow/.local/lib/python3.7/site-packages/airflow/example_dags/tutorial.py took 0.146 seconds
[2026-10-01T00:10:57.966+0000] {processor.py:153} INFO - Started process (PID=16712) to work on /home/airflow/.local/lib/python3.7/site-packages/airflow/example_dags/tutorial.py
[2026-10-01T00:10:57.967+0000] {processor.py:743} INFO - Processing file /home/airflow/.local/lib/python3.7/site-packages/airflow/example_dags/tutorial.py for tasks to queue
[2026-10-01T00:10:57.968+0000] {logging_mixin.py:137} INFO - [2026-10-01T00:10:57.968+0000] {dagbag.py:538} INFO - Filling up the DagBag from /home/airflow/.local/lib/python3.7/site-packages/airflow/example_dags/tutorial.py
[2026-10-01T00:10:57.996+0000] {processor.py:753} INFO - DAG(s) dict_keys(['tutorial']) retrieved from /home/airflow/.local/lib/python3.7/site-packages/airflow/example_dags/tutorial.py
[2026-10-01T00:10:58.064+0000] {logging_mixin.py:137} INFO - [2026-10-01T00:10:58.064+0000] {dag.py:2676} INFO - Sync 1 DAGs
[2026-10-01T00:10:58.109+0000] {logging_mixin.py:137} INFO - [2026-10-01T00:10:58.109+0000] {dag.py:3427} INFO - Setting next_dagrun for tutorial to 2026-09-30T00:10:58.109312+00:00, run_after=2026-10-01T00:10:58.109312+00:00
[2026-10-01T00:10:58.132+0000] {processor.py:175} INFO - Processing /home/airflow/.local/lib/python3.7/site-packages/airflow/example_dags/tutorial.py took 0.171 seconds
[2026-10-01T00:11:28.298+0000] {processor.py:153} INFO - Started process (PID=16791) to work on /home/airflow/.local/lib/python3.7/site-packages/airflow/example_dags/tutorial.py
[2026-10-01T00:11:28.299+0000] {processor.py:743} INFO - Processing file /home/airflow/.local/lib/python3.7/site-packages/airflow/example_dags/tutorial.py for tasks to queue
[2026-10-01T00:11:28.300+0000] {logging_mixin.py:137} INFO - [2026-10-01T00:11:28.300+0000] {dagbag.py:538} INFO - Filling up the DagBag from /home/airflow/.local/lib/python3.7/site-packages/airflow/example_dags/tutorial.py
[2026-10-01T00:11:28.322+0000] {processor.py:753} INFO - DAG(s) dict_keys(['tutorial']) retrieved from /home/airflow/.local/lib/python3.7/site-packages/airflow/example_dags/tutorial.py
[2026-10-01T00:11:28.374+0000] {logging_mixin.py:137} INFO - [2026-10-01T00:11:28.373+0000] {dag.py:2676} INFO - Sync 1 DAGs
[2026-10-01T00:11:28.407+0000] {logging_mixin.py:137} INFO - [2026-10-01T00:11:28.407+0000] {dag.py:3427} INFO - Setting next_dagrun for tutorial to 2026-09-30T00:11:28.407296+00:00, run_after=2026-10-01T00:11:28.407296+00:00
[2026-10-01T00:11:28.430+0000] {processor.py:175} INFO - Processing /home/airflow/.local/lib/python3.7/site-packages/airflow/example_dags/tutorial.py took 0.135 seconds
[2026-10-01T00:11:58.586+0000] {processor.py:153} INFO - Started process (PID=16879) to work on /home/airflow/.local/lib/python3.7/site-packages/airflow/example_dags/tutorial.py
[2026-10-01T00:11:58.588+0000] {processor.py:743} INFO - Processing file /home/airflow/.local/lib/python3.7/site-packages/airflow/example_dags/tutorial.py for tasks to queue
[2026-10-01T00:11:58.589+0000] {logging_mixin.py:137} INFO - [2026-10-01T00:11:58.589+0000] {dagbag.py:538} INFO - Filling up the DagBag from /home/airflow/.local/lib/python3.7/site-packages/airflow/example_dags/tutorial.py
[2026-10-01T00:11:58.620+0000] {processor.py:753} INFO - DAG(s) dict_keys(['tutorial']) retrieved from /home/airflow/.local/lib/python3.7/site-packages/airflow/example_dags/tutorial.py
[2026-10-01T00:11:58.694+0000] {logging_mixin.py:137} INFO - [2026-10-01T00:11:58.693+0000] {dag.py:2676} INFO - Sync 1 DAGs
[2026-10-01T00:11:58.745+0000] {logging_mixin.py:137} INFO - [2026-10-01T00:11:58.745+0000] {dag.py:3427} INFO - Setting next_dagrun for tutorial to 2026-09-30T00:11:58.745209+00:00, run_after=2026-10-01T00:11:58.745209+00:00
[2026-10-01T00:11:58.776+0000] {processor.py:175} INFO - Processing /home/airflow/.local/lib/python3.7/site-packages/airflow/example_dags/tutorial.py took 0.196 seconds
[2026-10-01T00:12:29.610+0000] {processor.py:153} INFO - Started process (PID=16969) to work on /home/airflow/.local/lib/python3.7/site-packages/airflow/example_dags/tutorial.py
[2026-10-01T00:12:29.611+0000] {processor.py:743} INFO - Processing file /home/airflow/.local/lib/python3.7/site-packages/airflow/example_dags/tutorial.py for tasks to queue
[2026-10-01T00:12:29.611+0000] {logging_mixin.py:137} INFO - [2026-10-01T00:12:29.611+0000] {dagbag.py:538} INFO - Filling up the DagBag from /home/airflow/.local/lib/python3.7/site-packages/airflow/example_dags/tutorial.py
[2026-10-01T00:12:29.633+0000] {processor.py:753} INFO - DAG(s) dict_keys(['tutorial']) retrieved from /home/airflow/.local/lib/python3.7/site-packages/airflow/example_dags/tutorial.py
[2026-10-01T00:12:29.684+0000] {logging_mixin.py:137} INFO - [2026-10-01T00:12:29.684+0000] {dag.py:2676} INFO - Sync 1 DAGs
[2026-10-01T00:12:29.718+0000] {logging_mixin.py:137} INFO - [2026-10-01T00:12:29.718+0000] {dag.py:3427} INFO - Setting next_dagrun for tutorial to 2026-09-30T00:12:29.717771+00:00, run_after=2026-10-01T00:12:29.717771+00:00
[2026-10-01T00:12:29.740+0000] {processor.py:175} INFO - Processing /home/airflow/.local/lib/python3.7/site-packages/airflow/example_dags/tutorial.py took 0.134 seconds
[2026-10-01T00:12:59.999+0000] {processor.py:153} INFO - Started process (PID=17048) to work on /home/airflow/.local/lib/python3.7/site-packages/airflow/example_dags/tutorial.py
[2026-10-01T00:13:00.001+0000] {processor.py:743} INFO - Processing file /home/airflow/.local/lib/python3.7/site-packages/airflow/example_dags/tutorial.py for tasks to queue
[2026-10-01T00:13:00.001+0000] {logging_mixin.py:137} INFO - [2026-10-01T00:13:00.001+0000] {dagbag.py:538} INFO - Filling up the DagBag from /home/airflow/.local/lib/python3.7/site-packages/airflow/example_dags/tutorial.py
[2026-10-01T00:13:00.021+0000] {processor.py:753} INFO - DAG(s) dict_keys(['tutorial']) retrieved from /home/airflow/.local/lib/python3.7/site-packages/airflow/example_dags/tutorial.py
[2026-10-01T00:13:00.080+0000] {logging_mixin.py:137} INFO - [2026-10-01T00:13:00.080+0000] {dag.py:2676} INFO - Sync 1 DAGs
[2026-10-01T00:13:00.114+0000] {logging_mixin.py:137} INFO - [2026-10-01T00:13:00.113+0000] {dag.py:3427} INFO - Setting next_dagrun for tutorial to 2026-09-30T00:13:00.113188+00:00, run_after=2026-10-01T00:13:00.113188+00:00
[2026-10-01T00:13:00.135+0000] {processor.py:175} INFO - Processing /home/airflow/.local/lib/python3.7/site-packages/airflow/example_dags/tutorial.py took 0.140 seconds
[2026-10-01T00:13:30.672+0000] {processor.py:153} INFO - Started process (PID=17127) to work on /home/airflow/.local/lib/python3.7/site-packages/airflow/example_dags/tutorial.py
[2026-10-01T00:13:30.673+0000] {processor.py:743} INFO - Processing file /home/airflow/.local/lib/python3.7/site-packages/airflow/example_dags/tutorial.py for tasks to queue
[2026-10-01T00:13:30.674+0000] {logging_mixin.py:137} INFO - [2026-10-01T00:13:30.674+0000] {dagbag.py:538} INFO - Filling up the DagBag from /home/airflow/.local/lib/python3.7/site-packages/airflow/example_dags/tutorial.py
[2026-10-01T00:13:30.705+0000] {processor.py:753} INFO - DAG(s) dict_keys(['tutorial']) retrieved from /home/airflow/.local/lib/python3.7/site-packages/airflow/example_dags/tutorial.py
[2026-10-01T00:13:30.759+0000] {logging_mixin.py:137} INFO - [2026-10-01T00:13:30.759+0000] {dag.py:2676} INFO - Sync 1 DAGs
[2026-10-01T00:13:30.791+0000] {logging_mixin.py:137} INFO - [2026-10-01T00:13:30.791+0000] {dag.py:3427} INFO - Setting next_dagrun for tutorial to 2026-09-30T00:13:30.791410+00:00, run_after=2026-10-01T00:13:30.791410+00:00
[2026-10-01T00:13:30.816+0000] {processor.py:175} INFO - Processing /home/airflow/.local/lib/python3.7/site-packages/airflow/example_dags/tutorial.py took 0.148 seconds
[2026-10-01T00:14:00.997+0000] {processor.py:153} INFO - Started process (PID=17226) to work on /home/airflow/.local/lib/python3.7/site-packages/airflow/example_dags/tutorial.py
[2026-10-01T00:14:00.998+0000] {processor.py:743} INFO - Processing file /home/airflow/.local/lib/python3.7/site-packages/airflow/example_dags/tutorial.py for tasks to queue
[2026-10-01T00:14:00.999+0000] {logging_mixin.py:137} INFO - [2026-10-01T00:14:00.999+0000] {dagbag.py:538} INFO - Filling up the DagBag from /home/airflow/.local/lib/python3.7/site-packages/airflow/example_dags/tutorial.py
[2026-10-01T00:14:01.034+0000] {processor.py:753} INFO - DAG(s) dict_keys(['tutorial']) retrieved from /home/airflow/.local/lib/python3.7/site-packages/airflow/example_dags/tutorial.py
[2026-10-01T00:14:01.097+0000] {logging_mixin.py:137} INFO - [2026-10-01T00:14:01.096+0000] {dag.py:2676} INFO - Sync 1 DAGs
[2026-10-01T00:14:01.131+0000] {logging_mixin.py:137} INFO - [2026-10-01T00:14:01.131+0000] {dag.py:3427} INFO - Setting next_dagrun for tutorial to 2026-09-30T00:14:01.131041+00:00, run_after=2026-10-01T00:14:01.131041+00:00
[2026-10-01T00:14:01.154+0000] {processor.py:175} INFO - Processing /home/airflow/.local/lib/python3.7/site-packages/airflow/example_dags/tutorial.py took 0.162 seconds
[2026-10-01T00:14:31.955+0000] {processor.py:153} INFO - Started process (PID=17305) to work on /home/airflow/.local/lib/python3.7/site-packages/airflow/example_dags/tutorial.py
[2026-10-01T00:14:31.956+0000] {processor.py:743} INFO - Processing file /home/airflow/.local/lib/python3.7/site-packages/airflow/example_dags/tutorial.py for tasks to queue
[2026-10-01T00:14:31.957+0000] {logging_mixin.py:137} INFO - [2026-10-01T00:14:31.957+0000] {dagbag.py:538} INFO - Filling up the DagBag from /home/airflow/.local/lib/python3.7/site-packages/airflow/example_dags/tutorial.py
[2026-10-01T00:14:31.978+0000] {processor.py:753} INFO - DAG(s) dict_keys(['tutorial']) retrieved from /home/airflow/.local/lib/python3.7/site-packages/airflow/example_dags/tutorial.py
[2026-10-01T00:14:32.052+0000] {logging_mixin.py:137} INFO - [2026-10-01T00:14:32.051+0000] {dag.py:2676} INFO - Sync 1 DAGs
[2026-10-01T00:14:32.101+0000] {logging_mixin.py:137} INFO - [2026-10-01T00:14:32.101+0000] {dag.py:3427} INFO - Setting next_dagrun for tutorial to 2026-09-30T00:14:32.100681+00:00, run_after=2026-10-01T00:14:32.100681+00:00
[2026-10-01T00:14:32.133+0000] {processor.py:175} INFO - Processing /home/airflow/.local/lib/python3.7/site-packages/airflow/example_dags/tutorial.py took 0.182 seconds
[2026-10-01T00:15:02.410+0000] {processor.py:153} INFO - Started process (PID=17384) to work on /home/airflow/.local/lib/python3.7/site-packages/airflow/example_dags/tutorial.py
[2026-10-01T00:15:02.412+0000] {processor.py:743} INFO - Processing file /home/airflow/.local/lib/python3.7/site-packages/airflow/example_dags/tutorial.py for tasks to queue
[2026-10-01T00:15:02.413+0000] {logging_mixin.py:137} INFO - [2026-10-01T00:15:02.413+0000] {dagbag.py:538} INFO - Filling up the DagBag from /home/airflow/.local/lib/python3.7/site-packages/airflow/example_dags/tutorial.py
[2026-10-01T00:15:02.438+0000] {processor.py:753} INFO - DAG(s) dict_keys(['tutorial']) retrieved from /home/airflow/.local/lib/python3.7/site-packages/airflow/example_dags/tutorial.py
[2026-10-01T00:15:02.495+0000] {logging_mixin.py:137} INFO - [2026-10-01T00:15:02.495+0000] {dag.py:2676} INFO - Sync 1 DAGs
[2026-10-01T00:15:02.530+0000] {logging_mixin.py:137} INFO - [2026-10-01T00:15:02.530+0000] {dag.py:3427} INFO - Setting next_dagrun for tutorial to 2026-09-30T00:15:02.529892+00:00, run_after=2026-10-01T00:15:02.529892+00:00
[2026-10-01T00:15:02.551+0000] {processor.py:175} INFO - Processing /home/airflow/.local/lib/python3.7/site-packages/airflow/example_dags/tutorial.py took 0.147 seconds
[2026-10-01T00:15:32.683+0000] {processor.py:153} INFO - Started process (PID=17463) to work on /home/airflow/.local/lib/python3.7/site-packages/airflow/example_dags/tutorial.py
[2026-10-01T00:15:32.684+0000] {processor.py:743} INFO - Processing file /home/airflow/.local/lib/python3.7/site-packages/airflow/example_dags/tutorial.py for tasks to queue
[2026-10-01T00:15:32.684+0000] {logging_mixin.py:137} INFO - [2026-10-01T00:15:32.684+0000] {dagbag.py:538} INFO - Filling up the DagBag from /home/airflow/.local/lib/python3.7/site-packages/airflow/example_dags/tutorial.py
[2026-10-01T00:15:32.705+0000] {processor.py:753} INFO - DAG(s) dict_keys(['tutorial']) retrieved from /home/airflow/.local/lib/python3.7/site-packages/airflow/example_dags/tutorial.py
[2026-10-01T00:15:32.761+0000] {logging_mixin.py:137} INFO - [2026-10-01T00:15:32.761+0000] {dag.py:2676} INFO - Sync 1 DAGs
[2026-10-01T00:15:32.798+0000] {logging_mixin.py:137} INFO - [2026-10-01T00:15:32.798+0000] {dag.py:3427} INFO - Setting next_dagrun for tutorial to 2026-09-30T00:15:32.797849+00:00, run_after=2026-10-01T00:15:32.797849+00:00
[2026-10-01T00:15:32.831+0000] {processor.py:175} INFO - Processing /home/airflow/.local/lib/python3.7/site-packages/airflow/example_dags/tutorial.py took 0.155 seconds
[2026-10-01T00:16:03.308+0000] {processor.py:153} INFO - Started process (PID=17562) to work on /home/airflow/.local/lib/python3.7/site-packages/airflow/example_dags/tutorial.py
[2026-10-01T00:16:03.309+0000] {processor.py:743} INFO - Processing file /home/airflow/.local/lib/python3.7/site-packages/airflow/example_dags/tutorial.py for tasks to queue
[2026-10-01T00:16:03.310+0000] {logging_mixin.py:137} INFO - [2026-10-01T00:16:03.310+0000] {dagbag.py:538} INFO - Filling up the DagBag from /home/airflow/.local/lib/python3.7/site-packages/airflow/example_dags/tutorial.py
[2026-10-01T00:16:03.333+0000] {processor.py:753} INFO - DAG(s) dict_keys(['tutorial']) retrieved from /home/airflow/.local/lib/python3.7/site-packages/airflow/example_dags/tutorial.py
[2026-10-01T00:16:03.382+0000] {logging_mixin.py:137} INFO - [2026-10-01T00:16:03.382+0000] {dag.py:2676} INFO - Sync 1 DAGs
[2026-10-01T00:16:03.418+0000] {logging_mixin.py:137} INFO - [2026-10-01T00:16:03.418+0000] {dag.py:3427} INFO - Setting next_dagrun for tutorial to 2026-09-30T00:16:03.418372+00:00, run_after=2026-10-01T00:16:03.418372+00:00
[2026-10-01T00:16:03.439+0000] {processor.py:175} INFO - Processing /home/airflow/.local/lib/python3.7/site-packages/airflow/example_dags/tutorial.py took 0.138 seconds
[2026-10-01T00:16:34.304+0000] {processor.py:153} INFO - Started process (PID=17641) to work on /home/airflow/.local/lib/python3.7/site-packages/airflow/example_dags/tutorial.py
[2026-10-01T00:16:34.305+0000] {processor.py:743} INFO - Processing file /home/airflow/.local/lib/python3.7/site-packages/airflow/example_dags/tutorial.py for tasks to queue
[2026-10-01T00:16:34.306+0000] {logging_mixin.py:137} INFO - [2026-10-01T00:16:34.306+0000] {dagbag.py:538} INFO - Filling up the DagBag from /home/airflow/.local/lib/python3.7/site-packages/airflow/example_dags/tutorial.py
[2026-10-01T00:16:34.326+0000] {processor.py:753} INFO - DAG(s) dict_keys(['tutorial']) retrieved from /home/airflow/.local/lib/python3.7/site-packages/airflow/example_dags/tutorial.py
[2026-10-01T00:16:34.372+0000] {logging_mixin.py:137} INFO - [2026-10-01T00:16:34.372+0000] {dag.py:2676} INFO - Sync 1 DAGs
[2026-10-01T00:16:34.405+0000] {logging_mixin.py:137} INFO - [2026-10-01T00:16:34.405+0000] {dag.py:3427} INFO - Setting next_dagrun for tutorial to 2026-09-30T00:16:34.405207+00:00, run_after=2026-10-01T00:16:34.405207+00:00
[2026-10-01T00:16:34.431+0000] {processor.py:175} INFO - Processing /home/airflow/.local/lib/python3.7/site-packages/airflow/example_dags/tutorial.py took 0.130 seconds
[2026-10-01T00:17:05.033+0000] {processor.py:153} INFO - Started process (PID=17720) to work on /home/airflow/.local/lib/python3.7/site-packages/airflow/example_dags/tutorial.py
[2026-10-01T00:17:05.035+0000] {processor.py:743} INFO - Processing file /home/airflow/.local/lib/python3.7/site-packages/airflow/example_dags/tutorial.py for tasks to queue
[2026-10-01T00:17:05.036+0000] {logging_mixin.py:137} INFO - [2026-10-01T00:17:05.036+0000] {dagbag.py:538} INFO - Filling up the DagBag from /home/airflow/.local/lib/python3.7/site-packages/airflow/example_dags/tutorial.py
[2026-10-01T00:17:05.061+0000] {processor.py:753} INFO - DAG(s) dict_keys(['tutorial']) retrieved from /home/airflow/.local/lib/python3.7/site-packages/airflow/example_dags/tutorial.py
[2026-10-01T00:17:05.112+0000] {logging_mixin.py:137} INFO - [2026-10-01T00:17:05.112+0000] {dag.py:2676} INFO - Sync 1 DAGs
[2026-10-01T00:17:05.152+0000] {logging_mixin.py:137} INFO - [2026-10-01T00:17:05.152+0000] {dag.py:3427} INFO - Setting next_dagrun for tutorial to 2026-09-30T00:17:05.151799+00:00, run_after=2026-10-01T00:17:05.151799+00:00
[2026-10-01T00:17:05.187+0000] {processor.py:175} INFO - Processing /home/airflow/.local/lib/python3.7/site-packages/airflow/example_dags/tutorial.py took 0.160 seconds
[2026-10-01T00:17:35.288+0000] {processor.py:153} INFO - Started process (PID=17799) to work on /home/airflow/.local/lib/python3.7/site-packages/airflow/example_dags/tutorial.py
[2026-10-01T00:17:35.289+0000] {processor.py:743} INFO - Processing file /home/airflow/.local/lib/python3.7/site-packages/airflow/example_dags/tutorial.py for tasks to queue
[2026-10-01T00:17:35.291+0000] {logging_mixin.py:137} INFO - [2026-10-01T00:17:35.290+0000] {dagbag.py:538} INFO - Filling up the DagBag from /home/airflow/.local/lib/python3.7/site-packages/airflow/example_dags/tutorial.py
[2026-10-01T00:17:35.323+0000] {processor.py:753} INFO - DAG(s) dict_keys(['tutorial']) retrieved from /home/airflow/.local/lib/python3.7/site-packages/airflow/example_dags/tutorial.py
[2026-10-01T00:17:35.379+0000] {logging_mixin.py:137} INFO - [2026-10-01T00:17:35.379+0000] {dag.py:2676} INFO - Sync 1 DAGs
[2026-10-01T00:17:35.417+0000] {logging_mixin.py:137} INFO - [2026-10-01T00:17:35.417+0000] {dag.py:3427} INFO - Setting next_dagrun for tutorial to 2026-09-30T00:17:35.417016+00:00, run_after=2026-10-01T00:17:35.417016+00:00
[2026-10-01T00:17:35.443+0000] {processor.py:175} INFO - Processing /home/airflow/.local/lib/python3.7/site-packages/airflow/example_dags/tutorial.py took 0.163 seconds
[2026-10-01T00:18:05.672+0000] {processor.py:153} INFO - Started process (PID=17898) to work on /home/airflow/.local/lib/python3.7/site-packages/airflow/example_dags/tutorial.py
[2026-10-01T00:18:05.673+0000] {processor.py:743} INFO - Processing file /home/airflow/.local/lib/python3.7/site-packages/airflow/example_dags/tutorial.py for tasks to queue
[2026-10-01T00:18:05.674+0000] {logging_mixin.py:137} INFO - [2026-10-01T00:18:05.673+0000] {dagbag.py:538} INFO - Filling up the DagBag from /home/airflow/.local/lib/python3.7/site-packages/airflow/example_dags/tutorial.py
[2026-10-01T00:18:05.696+0000] {processor.py:753} INFO - DAG(s) dict_keys(['tutorial']) retrieved from /home/airflow/.local/lib/python3.7/site-packages/airflow/example_dags/tutorial.py
[2026-10-01T00:18:05.749+0000] {logging_mixin.py:137} INFO - [2026-10-01T00:18:05.749+0000] {dag.py:2676} INFO - Sync 1 DAGs
[2026-10-01T00:18:05.789+0000] {logging_mixin.py:137} INFO - [2026-10-01T00:18:05.789+0000] {dag.py:3427} INFO - Setting next_dagrun for tutorial to 2026-09-30T00:18:05.788700+00:00, run_after=2026-10-01T00:18:05.788700+00:00
[2026-10-01T00:18:05.816+0000] {processor.py:175} INFO - Processing /home/airflow/.local/lib/python3.7/site-packages/airflow/example_dags/tutorial.py took 0.148 seconds
[2026-10-01T00:18:36.146+0000] {processor.py:153} INFO - Started process (PID=17977) to work on /home/airflow/.local/lib/python3.7/site-packages/airflow/example_dags/tutorial.py
[2026-10-01T00:18:36.147+0000] {processor.py:743} INFO - Processing file /home/airflow/.local/lib/python3.7/site-packages/airflow/example_dags/tutorial.py for tasks to queue
[2026-10-01T00:18:36.148+0000] {logging_mixin.py:137} INFO - [2026-10-01T00:18:36.148+0000] {dagbag.py:538} INFO - Filling up the DagBag from /home/airflow/.local/lib/python3.7/site-packages/airflow/example_dags/tutorial.py
[2026-10-01T00:18:36.179+0000] {processor.py:753} INFO - DAG(s) dict_keys(['tutorial']) retrieved from /home/airflow/.local/lib/python3.7/site-packages/airflow/example_dags/tutorial.py
[2026-10-01T00:18:36.249+0000] {logging_mixin.py:137} INFO - [2026-10-01T00:18:36.248+0000] {dag.py:2676} INFO - Sync 1 DAGs
[2026-10-01T00:18:36.303+0000] {logging_mixin.py:137} INFO - [2026-10-01T00:18:36.303+0000] {dag.py:3427} INFO - Setting next_dagrun for tutorial to 2026-09-30T00:18:36.303029+00:00, run_after=2026-10-01T00:18:36.303029+00:00
[2026-10-01T00:18:36.325+0000] {processor.py:175} INFO - Processing /home/airflow/.local/lib/python3.7/site-packages/airflow/example_dags/tutorial.py took 0.184 seconds
[2026-10-01T00:19:06.974+0000] {processor.py:153} INFO - Started process (PID=18056) to work on /home/airflow/.local/lib/python3.7/site-packages/airflow/example_dags/tutorial.py
[2026-10-01T00:19:06.975+0000] {processor.py:743} INFO - Processing file /home/airflow/.local/lib/python3.7/site-packages/airflow/example_dags/tutorial.py for tasks to queue
[2026-10-01T00:19:06.976+0000] {logging_mixin.py:137} INFO - [2026-10-01T00:19:06.976+0000] {dagbag.py:538} INFO - Filling up the DagBag from /home/airflow/.local/lib/python3.7/site-packages/airflow/example_dags/tutorial.py
[2026-10-01T00:19:06.996+0000] {processor.py:753} INFO - DAG(s) dict_keys(['tutorial']) retrieved from /home/airflow/.local/lib/python3.7/site-packages/airflow/example_dags/tutorial.py
[2026-10-01T00:19:07.047+0000] {logging_mixin.py:137} INFO - [2026-10-01T00:19:07.047+0000] {dag.py:2676} INFO - Sync 1 DAGs
[2026-10-01T00:19:07.078+0000] {logging_mixin.py:137} INFO - [2026-10-01T00:19:07.078+0000] {dag.py:3427} INFO - Setting next_dagrun for tutorial to 2026-09-30T00:19:07.077971+00:00, run_after=2026-10-01T00:19:07.077971+00:00
[2026-10-01T00:19:07.099+0000] {processor.py:175} INFO - Processing /home/airflow/.local/lib/python3.7/site-packages/airflow/example_dags/tutorial.py took 0.129 seconds
[2026-10-01T00:19:37.908+0000] {processor.py:153} INFO - Started process (PID=18144) to work on /home/airflow/.local/lib/python3.7/site-packages/airflow/example_dags/tutorial.py
[2026-10-01T00:19:37.909+0000] {processor.py:743} INFO - Processing file /home/airflow/.local/lib/python3.7/site-packages/airflow/example_dags/tutorial.py for tasks to queue
[2026-10-01T00:19:37.910+0000] {logging_mixin.py:137} INFO - [2026-10-01T00:19:37.910+0000] {dagbag.py:538} INFO - Filling up the DagBag from /home/airflow/.local/lib/python3.7/site-packages/airflow/example_dags/tutorial.py
[2026-10-01T00:19:37.930+0000] {processor.py:753} INFO - DAG(s) dict_keys(['tutorial']) retrieved from /home/airflow/.local/lib/python3.7/site-packages/airflow/example_dags/tutorial.py
[2026-10-01T00:19:37.988+0000] {logging_mixin.py:137} INFO - [2026-10-01T00:19:37.987+0000] {dag.py:2676} INFO - Sync 1 DAGs
[2026-10-01T00:19:38.029+0000] {logging_mixin.py:137} INFO - [2026-10-01T00:19:38.029+0000] {dag.py:3427} INFO - Setting next_dagrun for tutorial to 2026-09-30T00:19:38.028662+00:00, run_after=2026-10-01T00:19:38.028662+00:00
[2026-10-01T00:19:38.059+0000] {processor.py:175} INFO - Processing /home/airflow/.local/lib/python3.7/site-packages/airflow/example_dags/tutorial.py took 0.154 seconds
[2026-10-01T00:20:08.154+0000] {processor.py:153} INFO - Started process (PID=18234) to work on /home/airflow/.local/lib/python3.7/site-packages/airflow/example_dags/tutorial.py
[2026-10-01T00:20:08.156+0000] {processor.py:743} INFO - Processing file /home/airflow/.local/lib/python3.7/site-packages/airflow/example_dags/tutorial.py for tasks to queue
[2026-10-01T00:20:08.156+0000] {logging_mixin.py:137} INFO - [2026-10-01T00:20:08.156+0000] {dagbag.py:538} INFO - Filling up the DagBag from /home/airflow/.local/lib/python3.7/site-packages/airflow/example_dags/tutorial.py
[2026-10-01T00:20:08.177+0000] {processor.py:753} INFO - DAG(s) dict_keys(['tutorial']) retrieved from /home/airflow/.local/lib/python3.7/site-packages/airflow/example_dags/tutorial.py
[2026-10-01T00:20:08.225+0000] {logging_mixin.py:137} INFO - [2026-10-01T00:20:08.225+0000] {dag.py:2676} INFO - Sync 1 DAGs
[2026-10-01T00:20:08.265+0000] {logging_mixin.py:137} INFO - [2026-10-01T00:20:08.265+0000] {dag.py:3427} INFO - Setting next_dagrun for tutorial to 2026-09-30T00:20:08.264522+00:00, run_after=2026-10-01T00:20:08.264522+00:00
[2026-10-01T00:20:08.293+0000] {processor.py:175} INFO - Processing /home/airflow/.local/lib/python3.7/site-packages/airflow/example_dags/tutorial.py took 0.145 seconds
[2026-10-01T00:20:38.402+0000] {processor.py:153} INFO - Started process (PID=18313) to work on /home/airflow/.local/lib/python3.7/site-packages/airflow/example_dags/tutorial.py
[2026-10-01T00:20:38.403+0000] {processor.py:743} INFO - Processing file /home/airflow/.local/lib/python3.7/site-packages/airflow/example_dags/tutorial.py for tasks to queue
[2026-10-01T00:20:38.403+0000] {logging_mixin.py:137} INFO - [2026-10-01T00:20:38.403+0000] {dagbag.py:538} INFO - Filling up the DagBag from /home/airflow/.local/lib/python3.7/site-packages/airflow/example_dags/tutorial.py
[2026-10-01T00:20:38.424+0000] {processor.py:753} INFO - DAG(s) dict_keys(['tutorial']) retrieved from /home/airflow/.local/lib/python3.7/site-packages/airflow/example_dags/tutorial.py
[2026-10-01T00:20:38.476+0000] {logging_mixin.py:137} INFO - [2026-10-01T00:20:38.476+0000] {dag.py:2676} INFO - Sync 1 DAGs
[2026-10-01T00:20:38.516+0000] {logging_mixin.py:137} INFO - [2026-10-01T00:20:38.515+0000] {dag.py:3427} INFO - Setting next_dagrun for tutorial to 2026-09-30T00:20:38.515569+00:00, run_after=2026-10-01T00:20:38.515569+00:00
[2026-10-01T00:20:38.535+0000] {processor.py:175} INFO - Processing /home/airflow/.local/lib/python3.7/site-packages/airflow/example_dags/tutorial.py took 0.137 seconds
