[2026-10-01T00:00:21.393+0000] {processor.py:153} INFO - Started process (PID=14981) to work on /home/airflow/.local/lib/python3.7/site-packages/airflow/example_dags/tutorial_taskflow_api.py
[2026-10-01T00:00:21.394+0000] {processor.py:743} INFO - Processing file /home/airflow/.local/lib/python3.7/site-packages/airflow/example_dags/tutorial_taskflow_api.py for tasks to queue
[2026-10-01T00:00:21.394+0000] {logging_mixin.py:137} INFO - [2026-10-01T00:00:21.394+0000] {dagbag.py:538} INFO - Filling up the DagBag from /home/airflow/.local/lib/python3.7/site-packages/airflow/example_dags/tutorial_taskflow_api.py
[2026-10-01T00:00:21.425+0000] {processor.py:753} INFO - DAG(s) dict_keys(['tutorial_taskflow_api']) retrieved from /home/airflow/.local/lib/python3.7/site-packages/airflow/example_dags/tutorial_taskflow_api.py
[2026-10-01T00:00:21.499+0000] {logging_mixin.py:137} INFO - [2026-10-01T00:00:21.499+0000] {dag.py:2676} INFO - Sync 1 DAGs
[2026-10-01T00:00:21.530+0000] {logging_mixin.py:137} INFO - [2026-10-01T00:00:21.530+0000] {dag.py:3427} INFO - Setting next_dagrun for tutorial_taskflow_api to None, run_after=None
[2026-10-01T00:00:21.551+0000] {processor.py:175} INFO - Processing /home/airflow/.local/lib/python3.7/site-packages/airflow/example_dags/tutorial_taskflow_api.py took 0.162 seconds
[2026-10-01T00:00:52.238+0000] {processor.py:153} INFO - Started process (PID=15060) to work on /home/airflow/.local/lib/python3.7/site-packages/airflow/example_dags/tutorial_taskflow_api.py
[2026-10-01T00:00:52.239+0000] {processor.py:743} INFO - Processing file /home/airflow/.local/lib/python3.7/site-packages/airflow/example_dags/tutorial_taskflow_api.py for tasks to queue
[2026-10-01T00:00:52.240+0000] {logging_mixin.py:137} INFO - [2026-10-01T00:00:52.239+0000] {dagbag.py:538} INFO - Filling up the DagBag from /home/airflow/.local/lib/python3.7/site-packages/airflow/example_dags/tutorial_taskflow_api.py
[2026-10-01T00:00:52.264+0000] {processor.py:753} INFO - DAG(s) dict_keys(['tutorial_taskflow_api']) retrieved from /home/airflow/.local/lib/python3.7/site-packages/airflow/example_dags/tutorial_taskflow_api.py
[2026-10-01T00:00:52.302+0000] {logging_mixin.py:137} INFO - [2026-10-01T00:00:52.302+0000] {dag.py:2676} INFO - Sync 1 DAGs
[2026-10-01T00:00:52.326+0000] {logging_mixin.py:137} INFO - [2026-10-01T00:00:52.326+0000] {dag.py:3427} INFO - Setting next_dagrun for tutorial_taskflow_api to None, run_after=None
[2026-10-01T00:00:52.345+0000] {processor.py:175} INFO - Processing /home/airflow/.local/lib/python3.7/site-packages/airflow/example_dags/tutorial_taskflow_api.py took 0.111 seconds
[2026-10-01T00:01:23.238+0000] {processor.py:153} INFO - Started process (PID=15159) to work on /home/airflow/.local/lib/python3.7/site-packages/airflow/example_dags/tutorial_taskflow_api.py
[2026-10-01T00:01:23.239+0000] {processor.py:743} INFO - Processing file /home/airflow/.local/lib/python3.7/site-packages/airflow/example_dags/tutorial_taskflow_api.py for tasks to queue
[2026-10-01T00:01:23.240+0000] {logging_mixin.py:137} INFO - [2026-10-01T00:01:23.240+0000] {dagbag.py:538} INFO - Filling up the DagBag from /home/airflow/.local/lib/python3.7/site-packages/airflow/example_dags/tutorial_taskflow_api.py
[2026-10-01T00:01:23.270+0000] {processor.py:753} INFO - DAG(s) dict_keys(['tutorial_taskflow_api']) retrieved from /home/airflow/.local/lib/python3.7/site-packages/airflow/example_dags/tutorial_taskflow_api.py
[2026-10-01T00:01:23.318+0000] {logging_mixin.py:137} INFO - [2026-10-01T00:01:23.318+0000] {dag.py:2676} INFO - Sync 1 DAGs
[2026-10-01T00:01:23.356+0000] {logging_mixin.py:137} INFO - [2026-10-01T00:01:23.356+0000] {dag.py:3427} INFO - Setting next_dagrun for tutorial_taskflow_api to None, run_after=None
[2026-10-01T00:01:23.377+0000] {processor.py:175} INFO - Processing /home/airflow/.local/lib/python3.7/site-packages/airflow/example_dags/tutorial_taskflow_api.py took 0.144 seconds
[2026-10-01T00:01:54.152+0000] {processor.py:153} INFO - Started process (PID=15238) to work on /home/airflow/.local/lib/python3.7/site-packages/airflow/example_dags/tutorial_taskflow_api.py
[2026-10-01T00:01:54.153+0000] {processor.py:743} INFO - Processing file /home/airflow/.local/lib/python3.7/site-packages/airflow/example_dags/tutorial_taskflow_api.py for tasks to queue
[2026-10-01T00:01:54.153+0000] {logging_mixin.py:137} INFO - [2026-10-01T00:01:54.153+0000] {dagbag.py:538} INFO - Filling up the DagBag from /home/airflow/.local/lib/python3.7/site-packages/airflow/example_dags/tutorial_taskflow_api.py
[2026-10-01T00:01:54.192+0000] {processor.py:753} INFO - DAG(s) dict_keys(['tutorial_taskflow_api']) retrieved from /home/airflow/.local/lib/python3.7/site-packages/airflow/example_dags/tutorial_taskflow_api.py
[2026-10-01T00:01:54.258+0000] {logging_mixin.py:137} INFO - [2026-10-01T00:01:54.258+0000] {dag.py:2676} INFO - Sync 1 DAGs
[2026-10-01T00:01:54.305+0000] {logging_mixin.py:137} INFO - [2026-10-01T00:01:54.305+0000] {dag.py:3427} INFO - Setting next_dagrun for tutorial_taskflow_api to None, run_after=None
[2026-10-01T00:01:54.332+0000] {processor.py:175} INFO - Processing /home/airflow/.local/lib/python3.7/site-packages/airflow/example_dags/tutorial_taskflow_api.py took 0.184 seconds
[2026-10-01T00:02:24.942+0000] {processor.py:153} INFO - Started process (PID=15317) to work on /home/airflow/.local/lib/python3.7/site-packages/airflow/example_dags/tutorial_taskflow_api.py
[2026-10-01T00:02:24.943+0000] {processor.py:743} INFO - Processing file /home/airflow/.local/lib/python3.7/site-packages/airflow/example_dags/tutorial_taskflow_api.py for tasks to queue
[2026-10-01T00:02:24.944+0000] {logging_mixin.py:137} INFO - [2026-10-01T00:02:24.944+0000] {dagbag.py:538} INFO - Filling up the DagBag from /home/airflow/.local/lib/python3.7/site-packages/airflow/example_dags/tutorial_taskflow_api.py
[2026-10-01T00:02:24.974+0000] {processor.py:753} INFO - DAG(s) dict_keys(['tutorial_taskflow_api']) retrieved from /home/airflow/.local/lib/python3.7/site-packages/airflow/example_dags/tutorial_taskflow_api.py
[2026-10-01T00:02:25.027+0000] {logging_mixin.py:137} INFO - [2026-10-01T00:02:25.027+0000] {dag.py:2676} INFO - Sync 1 DAGs
[2026-10-01T00:02:25.060+0000] {logging_mixin.py:137} INFO - [2026-10-01T00:02:25.060+0000] {dag.py:3427} INFO - Setting next_dagrun for tutorial_taskflow_api to None, run_after=None
[2026-10-01T00:02:25.083+0000] {processor.py:175} INFO - Processing /home/airflow/.local/lib/python3.7/site-packages/airflow/example_dags/tutorial_taskflow_api.py took 0.145 seconds
[2026-10-01T00:02:55.403+0000] {processor.py:153} INFO - Started process (PID=15396) to work on /home/airflow/.local/lib/python3.7/site-packages/airflow/example_dags/tutorial_taskflow_api.py
[2026-10-01T00:02:55.405+0000] {processor.py:743} INFO - Processing file /home/airflow/.local/lib/python3.7/site-packages/airflow/example_dags/tutorial_taskflow_api.py for tasks to queue
[2026-10-01T00:02:55.406+0000] {logging_mixin.py:137} INFO - [2026-10-01T00:02:55.406+0000] {dagbag.py:538} INFO - Filling up the DagBag from /home/airflow/.local/lib/python3.7/site-packages/airflow/example_dags/tutorial_taskflow_api.py
[2026-10-01T00:02:55.451+0000] {processor.py:753} INFO - DAG(s) dict_keys(['tutorial_taskflow_api']) retrieved from /home/airflow/.local/lib/python3.7/site-packages/airflow/example_dags/tutorial_taskflow_api.py
[2026-10-01T00:02:55.521+0000] {logging_mixin.py:137} INFO - [2026-10-01T00:02:55.521+0000] {dag.py:2676} INFO - Sync 1 DAGs
[2026-10-01T00:02:55.566+0000] {logging_mixin.py:137} INFO - [2026-10-01T00:02:55.566+0000] {dag.py:3427} INFO - Setting next_dagrun for tutorial_taskflow_api to None, run_after=None
[2026-10-01T00:02:55.599+0000] {processor.py:175} INFO - Processing /home/airflow/.local/lib/python3.7/site-packages/airflow/example_dags/tutorial_taskflow_api.py took 0.200 seconds
[2026-10-01T00:03:25.665+0000] {processor.py:153} INFO - Started process (PID=15495) to work on /home/airflow/.local/lib/python3.7/site-packages/airflow/example_dags/tutorial_taskflow_api.py
[2026-10-01T00:03:25.666+0000] {processor.py:743} INFO - Processing file /home/airflow/.local/lib/python3.7/site-packages/airflow/example_dags/tutorial_taskflow_api.py for tasks to queue
[2026-10-01T00:03:25.667+0000] {logging_mixin.py:137} INFO - [2026-10-01T00:03:25.667+0000] {dagbag.py:538} INFO - Filling up the DagBag from /home/airflow/.local/lib/python3.7/site-packages/airflow/example_dags/tutorial_taskflow_api.py
[2026-10-01T00:03:25.700+0000] {processor.py:753} INFO - DAG(s) dict_keys(['tutorial_taskflow_api']) retrieved from /home/airflow/.local/lib/python3.7/site-packages/airflow/example_dags/tutorial_taskflow_api.py
[2026-10-01T00:03:25.766+0000] {logging_mixin.py:137} INFO - [2026-10-01T00:03:25.766+0000] {dag.py:2676} INFO - Sync 1 DAGs
[2026-10-01T00:03:25.813+0000] {logging_mixin.py:137} INFO - [2026-10-01T00:03:25.812+0000] {dag.py:3427} INFO - Setting next_dagrun for tutorial_taskflow_api to None, run_after=None
[2026-10-01T00:03:25.837+0000] {processor.py:175} INFO - Processing /home/airflow/.local/lib/python3.7/site-packages/airflow/example_dags/tutorial_taskflow_api.py took 0.176 seconds
[2026-10-01T00:03:56.177+0000] {processor.py:153} INFO - Started process (PID=15574) to work on /home/airflow/.local/lib/python3.7/site-packages/airflow/example_dags/tutorial_taskflow_api.py
[2026-10-01T00:03:56.178+0000] {processor.py:743} INFO - Processing file /home/airflow/.local/lib/python3.7/site-packages/airflow/example_dags/tutorial_taskflow_api.py for tasks to queue
[2026-10-01T00:03:56.179+0000] {logging_mixin.py:137} INFO - [2026-10-01T00:03:56.179+0000] {dagbag.py:538} INFO - Filling up the DagBag from /home/airflow/.local/lib/python3.7/site-packages/airflow/example_dags/tutorial_taskflow_api.py
[2026-10-01T00:03:56.210+0000] {processor.py:753} INFO - DAG(s) dict_keys(['tutorial_taskflow_api']) retrieved from /home/airflow/.local/lib/python3.7/site-packages/airflow/example_dags/tutorial_taskflow_api.py
[2026-10-01T00:03:56.262+0000] {logging_mixin.py:137} INFO - [2026-10-01T00:03:56.262+0000] {dag.py:2676} INFO - Sync 1 DAGs
[2026-10-01T00:03:56.295+0000] {logging_mixin.py:137} INFO - [2026-10-01T00:03:56.294+0000] {dag.py:3427} INFO - Setting next_dagrun for tutorial_taskflow_api to None, run_after=None
[2026-10-01T00:03:56.315+0000] {processor.py:175} INFO - Processing /home/airflow/.local/lib/python3.7/site-packages/airflow/example_dags/tutorial_taskflow_api.py took 0.141 seconds
[2026-10-01T00:04:26.469+0000] {processor.py:153} INFO - Started process (PID=15653) to work on /home/airflow/.local/lib/python3.7/site-packages/airflow/example_dags/tutorial_taskflow_api.py
[2026-10-01T00:04:26.470+0000] {processor.py:743} INFO - Processing file /home/airflow/.local/lib/python3.7/site-packages/airflow/example_dags/tutorial_taskflow_api.py for tasks to queue
[2026-10-01T00:04:26.471+0000] {logging_mixin.py:137} INFO - [2026-10-01T00:04:26.471+0000] {dagbag.py:538} INFO - Filling up the DagBag from /home/airflow/.local/lib/python3.7/site-packages/airflow/example_dags/tutorial_taskflow_api.py
[2026-10-01T00:04:26.499+0000] {processor.py:753} INFO - DAG(s) dict_keys(['tutorial_taskflow_api']) retrieved from /home/airflow/.local/lib/python3.7/site-packages/airflow/example_dags/tutorial_taskflow_api.py
[2026-10-01T00:04:26.558+0000] {logging_mixin.py:137} INFO - [2026-10-01T00:04:26.557+0000] {dag.py:2676} INFO - Sync 1 DAGs
[2026-10-01T00:04:26.588+0000] {logging_mixin.py:137} INFO - [2026-10-01T00:04:26.588+0000] {dag.py:3427} INFO - Setting next_dagrun for tutorial_taskflow_api to None, run_after=None
[2026-10-01T00:04:26.609+0000] {processor.py:175} INFO - Processing /home/airflow/.local/lib/python3.7/site-packages/airflow/example_dags/tutorial_taskflow_api.py took 0.144 seconds
[2026-10-01T00:04:57.243+0000] {processor.py:153} INFO - Started process (PID=15732) to work on /home/airflow/.local/lib/python3.7/site-packages/airflow/example_dags/tutorial_taskflow_api.py
[2026-10-01T00:04:57.244+0000] {processor.py:743} INFO - Processing file /home/airflow/.local/lib/python3.7/site-packages/airflow/example_dags/tutorial_taskflow_api.py for tasks to queue
[2026-10-01T00:04:57.245+0000] {logging_mixin.py:137} INFO - [2026-10-01T00:04:57.245+0000] {dagbag.py:538} INFO - Filling up the DagBag from /home/airflow/.local/lib/python3.7/site-packages/airflow/example_dags/tutorial_taskflow_api.py
[2026-10-01T00:04:57.276+0000] {processor.py:753} INFO - DAG(s) dict_keys(['tutorial_taskflow_api']) retrieved from /home/airflow/.local/lib/python3.7/site-packages/airflow/example_dags/tutorial_taskflow_api.py
[2026-10-01T00:04:57.326+0000] {logging_mixin.py:137} INFO - [2026-10-01T00:04:57.326+0000] {dag.py:2676} INFO - Sync 1 DAGs
[2026-10-01T00:04:57.360+0000] {logging_mixin.py:137} INFO - [2026-10-01T00:04:57.360+0000] {dag.py:3427} INFO - Setting next_dagrun for tutorial_taskflow_api to None, run_after=None
[2026-10-01T00:04:57.384+0000] {processor.py:175} INFO - Processing /home/airflow/.local/lib/python3.7/site-packages/airflow/example_dags/tutorial_taskflow_api.py took 0.145 seconds
[2026-10-01T00:05:27.572+0000] {processor.py:153} INFO - Started process (PID=15831) to work on /home/airflow/.local/lib/python3.7/site-packages/airflow/example_dags/tutorial_taskflow_api.py
[2026-10-01T00:05:27.573+0000] {processor.py:743} INFO - Processing file /home/airflow/.local/lib/python3.7/site-packages/airflow/example_dags/tutorial_taskflow_api.py for tasks to queue
[2026-10-01T00:05:27.574+0000] {logging_mixin.py:137} INFO - [2026-10-01T00:05:27.573+0000] {dagbag.py:538} INFO - Filling up the DagBag from /home/airflow/.local/lib/python3.7/site-packages/airflow/example_dags/tutorial_taskflow_api.py
[2026-10-01T00:05:27.612+0000] {processor.py:753} INFO - DAG(s) dict_keys(['tutorial_taskflow_api']) retrieved from /home/airflow/.local/lib/python3.7/site-packages/airflow/example_dags/tutorial_taskflow_api.py
[2026-10-01T00:05:27.667+0000] {logging_mixin.py:137} INFO - [2026-10-01T00:05:27.667+0000] {dag.py:2676} INFO - Sync 1 DAGs
[2026-10-01T00:05:27.711+0000] {logging_mixin.py:137} INFO - [2026-10-01T00:05:27.711+0000] {dag.py:3427} INFO - Setting next_dagrun for tutorial_taskflow_api to None, run_after=None
[2026-10-01T00:05:27.735+0000] {processor.py:175} INFO - Processing /home/airflow/.local/lib/python3.7/site-packages/airflow/example_dags/tutorial_taskflow_api.py took 0.167 seconds
[2026-10-01T00:05:58.158+0000] {processor.py:153} INFO - Started process (PID=15910) to work on /home/airflow/.local/lib/python3.7/site-packages/airflow/example_dags/tutorial_taskflow_api.py
[2026-10-01T00:05:58.159+0000] {processor.py:743} INFO - Processing file /home/airflow/.local/lib/python3.7/site-packages/airflow/example_dags/tutorial_taskflow_api.py for tasks to queue
[2026-10-01T00:05:58.160+0000] {logging_mixin.py:137} INFO - [2026-10-01T00:05:58.160+0000] {dagbag.py:538} INFO - Filling up the DagBag from /home/airflow/.local/lib/python3.7/site-packages/airflow/example_dags/tutorial_taskflow_api.py
[2026-10-01T00:05:58.191+0000] {processor.py:753} INFO - DAG(s) dict_keys(['tutorial_taskflow_api']) retrieved from /home/airflow/.local/lib/python3.7/site-packages/airflow/example_dags/tutorial_taskflow_api.py
[2026-10-01T00:05:58.239+0000] {logging_mixin.py:137} INFO - [2026-10-01T00:05:58.239+0000] {dag.py:2676} INFO - Sync 1 DAGs
[2026-10-01T00:05:58.271+0000] {logging_mixin.py:137} INFO - [2026-10-01T00:05:58.270+0000] {dag.py:3427} INFO - Setting next_dagrun for tutorial_taskflow_api to None, run_after=None
[2026-10-01T00:05:58.290+0000] {processor.py:175} INFO - Processing /home/airflow/.local/lib/python3.7/site-packages/airflow/example_dags/tutorial_taskflow_api.py took 0.136 seconds
[2026-10-01T00:06:28.403+0000] {processor.py:153} INFO - Started process (PID=15989) to work on /home/airflow/.local/lib/python3.7/site-packages/airflow/example_dags/tutorial_taskflow_api.py
[2026-10-01T00:06:28.404+0000] {processor.py:743} INFO - Processing file /home/airflow/.local/lib/python3.7/site-packages/airflow/example_dags/tutorial_taskflow_api.py for tasks to queue
[2026-10-01T00:06:28.405+0000] {logging_mixin.py:137} INFO - [2026-10-01T00:06:28.405+0000] {dagbag.py:538} INFO - Filling up the DagBag from /home/airflow/.local/lib/python3.7/site-packages/airflow/example_dags/tutorial_taskflow_api.py
[2026-10-01T00:06:28.431+0000] {processor.py:753} INFO - DAG(s) dict_keys(['tutorial_taskflow_api']) retrieved from /home/airflow/.local/lib/python3.7/site-packages/airflow/example_dags/tutorial_taskflow_api.py
[2026-10-01T00:06:28.480+0000] {logging_mixin.py:137} INFO - [2026-10-01T00:06:28.480+0000] {dag.py:2676} INFO - Sync 1 DAGs
[2026-10-01T00:06:28.521+0000] {logging_mixin.py:137} INFO - [2026-10-01T00:06:28.521+0000] {dag.py:3427} INFO - Setting next_dagrun for tutorial_taskflow_api to None, run_after=None
[2026-10-01T00:06:28.545+0000] {processor.py:175} INFO - Processing /home/airflow/.local/lib/python3.7/site-packages/airflow/example_dags/tutorial_taskflow_api.py took 0.148 seconds
[2026-10-01T00:06:58.746+0000] {processor.py:153} INFO - Started process (PID=16068) to work on /home/airflow/.local/lib/python3.7/site-packages/airflow/example_dags/tutorial_taskflow_api.py
[2026-10-01T00:06:58.747+0000] {processor.py:743} INFO - Processing file /home/airflow/.local/lib/python3.7/site-packages/airflow/example_dags/tutorial_taskflow_api.py for tasks to queue
[2026-10-01T00:06:58.748+0000] {logging_mixin.py:137} INFO - [2026-10-01T00:06:58.748+0000] {dagbag.py:538} INFO - Filling up the DagBag from /home/airflow/.local/lib/python3.7/site-packages/airflow/example_dags/tutorial_taskflow_api.py
[2026-10-01T00:06:58.778+0000] {processor.py:753} INFO - DAG(s) dict_keys(['tutorial_taskflow_api']) retrieved from /home/airflow/.local/lib/python3.7/site-packages/airflow/example_dags/tutorial_taskflow_api.py
[2026-10-01T00:06:58.829+0000] {logging_mixin.py:137} INFO - [2026-10-01T00:06:58.828+0000] {dag.py:2676} INFO - Sync 1 DAGs
[2026-10-01T00:06:58.876+0000] {logging_mixin.py:137} INFO - [2026-10-01T00:06:58.875+0000] {dag.py:3427} INFO - Setting next_dagrun for tutorial_taskflow_api to None, run_after=None
[2026-10-01T00:06:58.907+0000] {processor.py:175} INFO - Processing /home/airflow/.local/lib/python3.7/site-packages/airflow/example_dags/tutorial_taskflow_api.py took 0.165 seconds
[2026-10-01T00:07:29.029+0000] {processor.py:153} INFO - Started process (PID=16167) to work on /home/airflow/.local/lib/python3.7/site-packages/airflow/example_dags/tutorial_taskflow_api.py
[2026-10-01T00:07:29.031+0000] {processor.py:743} INFO - Processing file /home/airflow/.local/lib/python3.7/site-packages/airflow/example_dags/tutorial_taskflow_api.py for tasks to queue
[2026-10-01T00:07:29.032+0000] {logging_mixin.py:137} INFO - [2026-10-01T00:07:29.032+0000] {dagbag.py:538} INFO - Filling up the DagBag from /home/airflow/.local/lib/python3.7/site-packages/airflow/example_dags/tutorial_taskflow_api.py
[2026-10-01T00:07:29.067+0000] {processor.py:753} INFO - DAG(s) dict_keys(['tutorial_taskflow_api']) retrieved from /home/airflow/.local/lib/python3.7/site-packages/airflow/example_dags/tutorial_taskflow_api.py
[2026-10-01T00:07:29.118+0000] {logging_mixin.py:137} INFO - [2026-10-01T00:07:29.118+0000] {dag.py:2676} INFO - Sync 1 DAGs
[2026-10-01T00:07:29.156+0000] {logging_mixin.py:137} INFO - [2026-10-01T00:07:29.156+0000] {dag.py:3427} INFO - Setting next_dagrun for tutorial_taskflow_api to None, run_after=None
[2026-10-01T00:07:29.176+0000] {processor.py:175} INFO - Processing /home/airflow/.local/lib/python3.7/site-packages/airflow/example_dags/tutorial_taskflow_api.py took 0.154 seconds
[2026-10-01T00:07:59.299+0000] {processor.py:153} INFO - Started process (PID=16246) to work on /home/airflow/.local/lib/python3.7/site-packages/airflow/example_dags/tutorial_taskflow_api.py
[2026-10-01T00:07:59.300+0000] {processor.py:743} INFO - Processing file /home/airflow/.local/lib/python3.7/site-packages/airflow/example_dags/tutorial_taskflow_api.py for tasks to queue
[2026-10-01T00:07:59.301+0000] {logging_mixin.py:137} INFO - [2026-10-01T00:07:59.301+0000] {dagbag.py:538} INFO - Filling up the DagBag from /home/airflow/.local/lib/python3.7/site-packages/airflow/example_dags/tutorial_taskflow_api.py
[2026-10-01T00:07:59.344+0000] {processor.py:753} INFO - DAG(s) dict_keys(['tutorial_taskflow_api']) retrieved from /home/airflow/.local/lib/python3.7/site-packages/airflow/example_dags/tutorial_taskflow_api.py
[2026-10-01T00:07:59.407+0000] {logging_mixin.py:137} INFO - [2026-10-01T00:07:59.407+0000] {dag.py:2676} INFO - Sync 1 DAGs
[2026-10-01T00:07:59.436+0000] {logging_mixin.py:137} INFO - [2026-10-01T00:07:59.436+0000] {dag.py:3427} INFO - Setting next_dagrun for tutorial_taskflow_api to None, run_after=None
[2026-10-01T00:07:59.455+0000] {processor.py:175} INFO - Processing /home/airflow/.local/lib/python3.7/site-packages/airflow/example_dags/tutorial_taskflow_api.py took 0.160 seconds
[2026-10-01T00:08:30.004+0000] {processor.py:153} INFO - Started process (PID=16325) to work on /home/airflow/.local/lib/python3.7/site-packages/airflow/example_dags/tutorial_taskflow_api.py
[2026-10-01T00:08:30.005+0000] {processor.py:743} INFO - Processing file /home/airflow/.local/lib/python3.7/site-packages/airflow/example_dags/tutorial_taskflow_api.py for tasks to queue
[2026-10-01T00:08:30.005+0000] {logging_mixin.py:137} INFO - [2026-10-01T00:08:30.005+0000] {dagbag.py:538} INFO - Filling up the DagBag from /home/airflow/.local/lib/python3.7/site-packages/airflow/example_dags/tutorial_taskflow_api.py
[2026-10-01T00:08:30.035+0000] {processor.py:753} INFO - DAG(s) dict_keys(['tutorial_taskflow_api']) retrieved from /home/airflow/.local/lib/python3.7/site-packages/airflow/example_dags/tutorial_taskflow_api.py
[2026-10-01T00:08:30.086+0000] {logging_mixin.py:137} INFO - [2026-10-01T00:08:30.086+0000] {dag.py:2676} INFO - Sync 1 DAGs
[2026-10-01T00:08:30.123+0000] {logging_mixin.py:137} INFO - [2026-10-01T00:08:30.123+0000] {dag.py:3427} INFO - Setting next_dagrun for tutorial_taskflow_api to None, run_after=None
[2026-10-01T00:08:30.148+0000] {processor.py:175} INFO - Processing /home/airflow/.local/lib/python3.7/site-packages/airflow/example_dags/tutorial_taskflow_api.py took 0.148 seconds
[2026-10-01T00:09:00.593+0000] {processor.py:153} INFO - Started process (PID=16413) to work on /home/airflow/.local/lib/python3.7/site-packages/airflow/example_dags/tutorial_taskflow_api.py
[2026-10-01T00:09:00.593+0000] {processor.py:743} INFO - Processing file /home/airflow/.local/lib/python3.7/site-packages/airflow/example_dags/tutorial_taskflow_api.py for tasks to queue
[2026-10-01T00:09:00.594+0000] {logging_mixin.py:137} INFO - [2026-10-01T00:09:00.594+0000] {dagbag.py:538} INFO - Filling up the DagBag from /home/airflow/.local/lib/python3.7/site-packages/airflow/example_dags/tutorial_taskflow_api.py
[2026-10-01T00:09:00.630+0000] {processor.py:753} INFO - DAG(s) dict_keys(['tutorial_taskflow_api']) retrieved from /home/airflow/.local/lib/python3.7/site-packages/airflow/example_dags/tutorial_taskflow_api.py
[2026-10-01T00:09:00.696+0000] {logging_mixin.py:137} INFO - [2026-10-01T00:09:00.696+0000] {dag.py:2676} INFO - Sync 1 DAGs
[2026-10-01T00:09:00.739+0000] {logging_mixin.py:137} INFO - [2026-10-01T00:09:00.739+0000] {dag.py:3427} INFO - Setting next_dagrun for tutorial_taskflow_api to None, run_after=None
[2026-10-01T00:09:00.762+0000] {processor.py:175} INFO - Processing /home/airflow/.local/lib/python3.7/site-packages/airflow/example_dags/tutorial_taskflow_api.py took 0.174 seconds
[2026-10-01T00:09:31.398+0000] {processor.py:153} INFO - Started process (PID=16503) to work on /home/airflow/.local/lib/python3.7/site-packages/airflow/example_dags/tutorial_taskflow_api.py
[2026-10-01T00:09:31.399+0000] {processor.py:743} INFO - Processing file /home/airflow/.local/lib/python3.7/site-packages/airflow/example_dags/tutorial_taskflow_api.py for tasks to queue
[2026-10-01T00:09:31.400+0000] {logging_mixin.py:137} INFO - [2026-10-01T00:09:31.400+0000] {dagbag.py:538} INFO - Filling up the DagBag from /home/airflow/.local/lib/python3.7/site-packages/airflow/example_dags/tutorial_taskflow_api.py
[2026-10-01T00:09:31.439+0000] {processor.py:753} INFO - DAG(s) dict_keys(['tutorial_taskflow_api']) retrieved from /home/airflow/.local/lib/python3.7/site-packages/airflow/example_dags/tutorial_taskflow_api.py
[2026-10-01T00:09:31.496+0000] {logging_mixin.py:137} INFO - [2026-10-01T00:09:31.496+0000] {dag.py:2676} INFO - Sync 1 DAGs
[2026-10-01T00:09:31.531+0000] {logging_mixin.py:137} INFO - [2026-10-01T00:09:31.531+0000] {dag.py:3427} INFO - Setting next_dagrun for tutorial_taskflow_api to None, run_after=None
[2026-10-01T00:09:31.552+0000] {processor.py:175} INFO - Processing /home/airflow/.local/lib/python3.7/site-packages/airflow/example_dags/tutorial_taskflow_api.py took 0.158 seconds
[2026-10-01T00:10:01.770+0000] {processor.py:153} INFO - Started process (PID=16582) to work on /home/airflow/.local/lib/python3.7/site-packages/airflow/example_dags/tutorial_taskflow_api.py
[2026-10-01T00:10:01.771+0000] {processor.py:743} INFO - Processing file /home/airflow/.local/lib/python3.7/site-packages/airflow/example_dags/tutorial_taskflow_api.py for tasks to queue
[2026-10-01T00:10:01.772+0000] {logging_mixin.py:137} INFO - [2026-10-01T00:10:01.772+0000] {dagbag.py:538} INFO - Filling up the DagBag from /home/airflow/.local/lib/python3.7/site-packages/airflow/example_dags/tutorial_taskflow_api.py
[2026-10-01T00:10:01.816+0000] {processor.py:753} INFO - DAG(s) dict_keys(['tutorial_taskflow_api']) retrieved from /home/airflow/.local/lib/python3.7/site-packages/airflow/example_dags/tutorial_taskflow_api.py
[2026-10-01T00:10:01.880+0000] {logging_mixin.py:137} INFO - [2026-10-01T00:10:01.879+0000] {dag.py:2676} INFO - Sync 1 DAGs
[2026-10-01T00:10:01.910+0000] {logging_mixin.py:137} INFO - [2026-10-01T00:10:01.910+0000] {dag.py:3427} INFO - Setting next_dagrun for tutorial_taskflow_api to None, run_after=None
[2026-10-01T00:10:01.931+0000] {processor.py:175} INFO - Processing /home/airflow/.local/lib/python3.7/site-packages/airflow/example_dags/tutorial_taskflow_api.py took 0.167 seconds
[2026-10-01T00:10:32.734+0000] {processor.py:153} INFO - Started process (PID=16661) to work on /home/airflow/.local/lib/python3.7/site-packages/airflow/example_dags/tutorial_taskflow_api.py
[2026-10-01T00:10:32.735+0000] {processor.py:743} INFO - Processing file /home/airflow/.local/lib/python3.7/site-packages/airflow/example_dags/tutorial_taskflow_api.py for tasks to queue
[2026-10-01T00:10:32.736+0000] {logging_mixin.py:137} INFO - [2026-10-01T00:10:32.736+0000] {dagbag.py:538} INFO - Filling up the DagBag from /home/airflow/.local/lib/python3.7/site-packages/airflow/example_dags/tutorial_taskflow_api.py
[2026-10-01T00:10:32.765+0000] {processor.py:753} INFO - DAG(s) dict_keys(['tutorial_taskflow_api']) retrieved from /home/airflow/.local/lib/python3.7/site-packages/airflow/example_dags/tutorial_taskflow_api.py
[2026-10-01T00:10:32.827+0000] {logging_mixin.py:137} INFO - [2026-10-01T00:10:32.827+0000] {dag.py:2676} INFO - Sync 1 DAGs
[2026-10-01T00:10:32.858+0000] {logging_mixin.py:137} INFO - [2026-10-01T00:10:32.858+0000] {dag.py:3427} INFO - Setting next_dagrun for tutorial_taskflow_api to None, run_after=None
[2026-10-01T00:10:32.879+0000] {processor.py:175} INFO - Processing /home/airflow/.local/lib/python3.7/site-packages/airflow/example_dags/tutorial_taskflow_api.py took 0.149 seconds
[2026-10-01T00:11:03.203+0000] {processor.py:153} INFO - Started process (PID=16749) to work on /home/airflow/.local/lib/python3.7/site-packages/airflow/example_dags/tutorial_taskflow_api.py
[2026-10-01T00:11:03.205+0000] {processor.py:743} INFO - Processing file /home/airflow/.local/lib/python3.7/site-packages/airflow/example_dags/tutorial_taskflow_api.py for tasks to queue
[2026-10-01T00:11:03.206+0000] {logging_mixin.py:137} INFO - [2026-10-01T00:11:03.206+0000] {dagbag.py:538} INFO - Filling up the DagBag from /home/airflow/.local/lib/python3.7/site-packages/airflow/example_dags/tutorial_taskflow_api.py
[2026-10-01T00:11:03.249+0000] {processor.py:753} INFO - DAG(s) dict_keys(['tutorial_taskflow_api']) retrieved from /home/airflow/.local/lib/python3.7/site-packages/airflow/example_dags/tutorial_taskflow_api.py
[2026-10-01T00:11:03.296+0000] {logging_mixin.py:137} INFO - [2026-10-01T00:11:03.296+0000] {dag.py:2676} INFO - Sync 1 DAGs
[2026-10-01T00:11:03.329+0000] {logging_mixin.py:137} INFO - [2026-10-01T00:11:03.329+0000] {dag.py:3427} INFO - Setting next_dagrun for tutorial_taskflow_api to None, run_after=None
[2026-10-01T00:11:03.354+0000] {processor.py:175} INFO - Processing /home/airflow/.local/lib/python3.7/site-packages/airflow/example_dags/tutorial_taskflow_api.py took 0.156 seconds
[2026-10-01T00:11:33.639+0000] {processor.py:153} INFO - Started process (PID=16839) to work on /home/airflow/.local/lib/python3.7/site-packages/airflow/example_dags/tutorial_taskflow_api.py
[2026-10-01T00:11:33.640+0000] {processor.py:743} INFO - Processing file /home/airflow/.local/lib/python3.7/site-packages/airflow/example_dags/tutorial_taskflow_api.py for tasks to queue
[2026-10-01T00:11:33.641+0000] {logging_mixin.py:137} INFO - [2026-10-01T00:11:33.641+0000] {dagbag.py:538} INFO - Filling up the DagBag from /home/airflow/.local/lib/python3.7/site-packages/airflow/example_dags/tutorial_taskflow_api.py
[2026-10-01T00:11:33.683+0000] {processor.py:753} INFO - DAG(s) dict_keys(['tutorial_taskflow_api']) retrieved from /home/airflow/.local/lib/python3.7/site-packages/airflow/example_dags/tutorial_taskflow_api.py
[2026-10-01T00:11:33.738+0000] {logging_mixin.py:137} INFO - [2026-10-01T00:11:33.738+0000] {dag.py:2676} INFO - Sync 1 DAGs
[2026-10-01T00:11:33.776+0000] {logging_mixin.py:137} INFO - [2026-10-01T00:11:33.776+0000] {dag.py:3427} INFO - Setting next_dagrun for tutorial_taskflow_api to None, run_after=None
[2026-10-01T00:11:33.801+0000] {processor.py:175} INFO - Processing /home/airflow/.local/lib/python3.7/site-packages/airflow/example_dags/tutorial_taskflow_api.py took 0.166 seconds
[2026-10-01T00:12:04.396+0000] {processor.py:153} INFO - Started process (PID=16918) to work on /home/airflow/.local/lib/python3.7/site-packages/airflow/example_dags/tutorial_taskflow_api.py
[2026-10-01T00:12:04.397+0000] {processor.py:743} INFO - Processing file /home/airflow/.local/lib/python3.7/site-packages/airflow/example_dags/tutorial_taskflow_api.py for tasks to queue
[2026-10-01T00:12:04.398+0000] {logging_mixin.py:137} INFO - [2026-10-01T00:12:04.398+0000] {dagbag.py:538} INFO - Filling up the DagBag from /home/airflow/.local/lib/python3.7/site-packages/airflow/example_dags/tutorial_taskflow_api.py
[2026-10-01T00:12:04.442+0000] {processor.py:753} INFO - DAG(s) dict_keys(['tutorial_taskflow_api']) retrieved from /home/airflow/.local/lib/python3.7/site-packages/airflow/example_dags/tutorial_taskflow_api.py
[2026-10-01T00:12:04.516+0000] {logging_mixin.py:137} INFO - [2026-10-01T00:12:04.516+0000] {dag.py:2676} INFO - Sync 1 DAGs
[2026-10-01T00:12:04.549+0000] {logging_mixin.py:137} INFO - [2026-10-01T00:12:04.549+0000] {dag.py:3427} INFO - Setting next_dagrun for tutorial_taskflow_api to None, run_after=None
[2026-10-01T00:12:04.579+0000] {processor.py:175} INFO - Processing /home/airflow/.local/lib/python3.7/site-packages/airflow/example_dags/tutorial_taskflow_api.py took 0.190 seconds
[2026-10-01T00:12:34.686+0000] {processor.py:153} INFO - Started process (PID=16997) to work on /home/airflow/.local/lib/python3.7/site-packages/airflow/example_dags/tutorial_taskflow_api.py
[2026-10-01T00:12:34.688+0000] {processor.py:743} INFO - Processing file /home/airflow/.local/lib/python3.7/site-packages/airflow/example_dags/tutorial_taskflow_api.py for tasks to queue
[2026-10-01T00:12:34.689+0000] {logging_mixin.py:137} INFO - [2026-10-01T00:12:34.689+0000] {dagbag.py:538} INFO - Filling up the DagBag from /home/airflow/.local/lib/python3.7/site-packages/airflow/example_dags/tutorial_taskflow_api.py
[2026-10-01T00:12:34.724+0000] {processor.py:753} INFO - DAG(s) dict_keys(['tutorial_taskflow_api']) retrieved from /home/airflow/.local/lib/python3.7/site-packages/airflow/example_dags/tutorial_taskflow_api.py
[2026-10-01T00:12:34.777+0000] {logging_mixin.py:137} INFO - [2026-10-01T00:12:34.776+0000] {dag.py:2676} INFO - Sync 1 DAGs
[2026-10-01T00:12:34.816+0000] {logging_mixin.py:137} INFO - [2026-10-01T00:12:34.816+0000] {dag.py:3427} INFO - Setting next_dagrun for tutorial_taskflow_api to None, run_after=None
[2026-10-01T00:12:34.843+0000] {processor.py:175} INFO - Processing /home/airflow/.local/lib/python3.7/site-packages/airflow/example_dags/tutorial_taskflow_api.py took 0.164 seconds
[2026-10-01T00:13:05.494+0000] {processor.py:153} INFO - Started process (PID=17085) to work on /home/airflow/.local/lib/python3.7/site-packages/airflow/example_dags/tutorial_taskflow_api.py
[2026-10-01T00:13:05.495+0000] {processor.py:743} INFO - Processing file /home/airflow/.local/lib/python3.7/site-packages/airflow/example_dags/tutorial_taskflow_api.py for tasks to queue
[2026-10-01T00:13:05.496+0000] {logging_mixin.py:137} INFO - [2026-10-01T00:13:05.496+0000] {dagbag.py:538} INFO - Filling up the DagBag from /home/airflow/.local/lib/python3.7/site-packages/airflow/example_dags/tutorial_taskflow_api.py
[2026-10-01T00:13:05.542+0000] {processor.py:753} INFO - DAG(s) dict_keys(['tutorial_taskflow_api']) retrieved from /home/airflow/.local/lib/python3.7/site-packages/airflow/example_dags/tutorial_taskflow_api.py
[2026-10-01T00:13:05.606+0000] {logging_mixin.py:137} INFO - [2026-10-01T00:13:05.606+0000] {dag.py:2676} INFO - Sync 1 DAGs
[2026-10-01T00:13:05.654+0000] {logging_mixin.py:137} INFO - [2026-10-01T00:13:05.654+0000] {dag.py:3427} INFO - Setting next_dagrun for tutorial_taskflow_api to None, run_after=None
[2026-10-01T00:13:05.683+0000] {processor.py:175} INFO - Processing /home/airflow/.local/lib/python3.7/site-packages/airflow/example_dags/tutorial_taskflow_api.py took 0.195 seconds
[2026-10-01T00:13:35.938+0000] {processor.py:153} INFO - Started process (PID=17175) to work on /home/airflow/.local/lib/python3.7/site-packages/airflow/example_dags/tutorial_taskflow_api.py
[2026-10-01T00:13:35.939+0000] {processor.py:743} INFO - Processing file /home/airflow/.local/lib/python3.7/site-packages/airflow/example_dags/tutorial_taskflow_api.py for tasks to queue
[2026-10-01T00:13:35.940+0000] {logging_mixin.py:137} INFO - [2026-10-01T00:13:35.940+0000] {dagbag.py:538} INFO - Filling up the DagBag from /home/airflow/.local/lib/python3.7/site-packages/airflow/example_dags/tutorial_taskflow_api.py
[2026-10-01T00:13:35.986+0000] {processor.py:753} INFO - DAG(s) dict_keys(['tutorial_taskflow_api']) retrieved from /home/airflow/.local/lib/python3.7/site-packages/airflow/example_dags/tutorial_taskflow_api.py
[2026-10-01T00:13:36.061+0000] {logging_mixin.py:137} INFO - [2026-10-01T00:13:36.061+0000] {dag.py:2676} INFO - Sync 1 DAGs
[2026-10-01T00:13:36.103+0000] {logging_mixin.py:137} INFO - [2026-10-01T00:13:36.102+0000] {dag.py:3427} INFO - Setting next_dagrun for tutorial_taskflow_api to None, run_after=None
[2026-10-01T00:13:36.132+0000] {processor.py:175} INFO - Processing /home/airflow/.local/lib/python3.7/site-packages/airflow/example_dags/tutorial_taskflow_api.py took 0.200 seconds
[2026-10-01T00:14:06.707+0000] {processor.py:153} INFO - Started process (PID=17254) to work on /home/airflow/.local/lib/python3.7/site-packages/airflow/example_dags/tutorial_taskflow_api.py
[2026-10-01T00:14:06.708+0000] {processor.py:743} INFO - Processing file /home/airflow/.local/lib/python3.7/site-packages/airflow/example_dags/tutorial_taskflow_api.py for tasks to queue
[2026-10-01T00:14:06.709+0000] {logging_mixin.py:137} INFO - [2026-10-01T00:14:06.709+0000] {dagbag.py:538} INFO - Filling up the DagBag from /home/airflow/.local/lib/python3.7/site-packages/airflow/example_dags/tutorial_taskflow_api.py
[2026-10-01T00:14:06.752+0000] {processor.py:753} INFO - DAG(s) dict_keys(['tutorial_taskflow_api']) retrieved from /home/airflow/.local/lib/python3.7/site-packages/airflow/example_dags/tutorial_taskflow_api.py
[2026-10-01T00:14:06.822+0000] {logging_mixin.py:137} INFO - [2026-10-01T00:14:06.822+0000] {dag.py:2676} INFO - Sync 1 DAGs
[2026-10-01T00:14:06.873+0000] {logging_mixin.py:137} INFO - [2026-10-01T00:14:06.873+0000] {dag.py:3427} INFO - Setting next_dagrun for tutorial_taskflow_api to None, run_after=None
[2026-10-01T00:14:06.902+0000] {processor.py:175} INFO - Processing /home/airflow/.local/lib/python3.7/site-packages/airflow/example_dags/tutorial_taskflow_api.py took 0.201 seconds
[2026-10-01T00:14:37.112+0000] {processor.py:153} INFO - Started process (PID=17333) to work on /home/airflow/.local/lib/python3.7/site-packages/airflow/example_dags/tutorial_taskflow_api.py
[2026-10-01T00:14:37.113+0000] {processor.py:743} INFO - Processing file /home/airflow/.local/lib/python3.7/site-packages/airflow/example_dags/tutorial_taskflow_api.py for tasks to queue
[2026-10-01T00:14:37.114+0000] {logging_mixin.py:137} INFO - [2026-10-01T00:14:37.114+0000] {dagbag.py:538} INFO - Filling up the DagBag from /home/airflow/.local/lib/python3.7/site-packages/airflow/example_dags/tutorial_taskflow_api.py
[2026-10-01T00:14:37.159+0000] {processor.py:753} INFO - DAG(s) dict_keys(['tutorial_taskflow_api']) retrieved from /home/airflow/.local/lib/python3.7/site-packages/airflow/example_dags/tutorial_taskflow_api.py
[2026-10-01T00:14:37.236+0000] {logging_mixin.py:137} INFO - [2026-10-01T00:14:37.235+0000] {dag.py:2676} INFO - Sync 1 DAGs
[2026-10-01T00:14:37.278+0000] {logging_mixin.py:137} INFO - [2026-10-01T00:14:37.278+0000] {dag.py:3427} INFO - Setting next_dagrun for tutorial_taskflow_api to None, run_after=None
[2026-10-01T00:14:37.302+0000] {processor.py:175} INFO - Processing /home/airflow/.local/lib/python3.7/site-packages/airflow/example_dags/tutorial_taskflow_api.py took 0.197 seconds
[2026-10-01T00:15:07.485+0000] {processor.py:153} INFO - Started process (PID=17421) to work on /home/airflow/.local/lib/python3.7/site-packages/airflow/example_dags/tutorial_taskflow_api.py
[2026-10-01T00:15:07.486+0000] {processor.py:743} INFO - Processing file /home/airflow/.local/lib/python3.7/site-packages/airflow/example_dags/tutorial_taskflow_api.py for tasks to queue
[2026-10-01T00:15:07.487+0000] {logging_mixin.py:137} INFO - [2026-10-01T00:15:07.487+0000] {dagbag.py:538} INFO - Filling up the DagBag from /home/airflow/.local/lib/python3.7/site-packages/airflow/example_dags/tutorial_taskflow_api.py
[2026-10-01T00:15:07.532+0000] {processor.py:753} INFO - DAG(s) dict_keys(['tutorial_taskflow_api']) retrieved from /home/airflow/.local/lib/python3.7/site-packages/airflow/example_dags/tutorial_taskflow_api.py
[2026-10-01T00:15:07.583+0000] {logging_mixin.py:137} INFO - [2026-10-01T00:15:07.583+0000] {dag.py:2676} INFO - Sync 1 DAGs
[2026-10-01T00:15:07.616+0000] {logging_mixin.py:137} INFO - [2026-10-01T00:15:07.616+0000] {dag.py:3427} INFO - Setting next_dagrun for tutorial_taskflow_api to None, run_after=None
[2026-10-01T00:15:07.642+0000] {processor.py:175} INFO - Processing /home/airflow/.local/lib/python3.7/site-packages/airflow/example_dags/tutorial_taskflow_api.py took 0.164 seconds
[2026-10-01T00:15:38.039+0000] {processor.py:153} INFO - Started process (PID=17511) to work on /home/airflow/.local/lib/python3.7/site-packages/airflow/example_dags/tutorial_taskflow_api.py
[2026-10-01T00:15:38.041+0000] {processor.py:743} INFO - Processing file /home/airflow/.local/lib/python3.7/site-packages/airflow/example_dags/tutorial_taskflow_api.py for tasks to queue
[2026-10-01T00:15:38.042+0000] {logging_mixin.py:137} INFO - [2026-10-01T00:15:38.042+0000] {dagbag.py:538} INFO - Filling up the DagBag from /home/airflow/.local/lib/python3.7/site-packages/airflow/example_dags/tutorial_taskflow_api.py
[2026-10-01T00:15:38.085+0000] {processor.py:753} INFO - DAG(s) dict_keys(['tutorial_taskflow_api']) retrieved from /home/airflow/.local/lib/python3.7/site-packages/airflow/example_dags/tutorial_taskflow_api.py
[2026-10-01T00:15:38.132+0000] {logging_mixin.py:137} INFO - [2026-10-01T00:15:38.132+0000] {dag.py:2676} INFO - Sync 1 DAGs
[2026-10-01T00:15:38.179+0000] {logging_mixin.py:137} INFO - [2026-10-01T00:15:38.179+0000] {dag.py:3427} INFO - Setting next_dagrun for tutorial_taskflow_api to None, run_after=None
[2026-10-01T00:15:38.202+0000] {processor.py:175} INFO - Processing /home/airflow/.local/lib/python3.7/site-packages/airflow/example_dags/tutorial_taskflow_api.py took 0.169 seconds
[2026-10-01T00:16:08.432+0000] {processor.py:153} INFO - Started process (PID=17590) to work on /home/airflow/.local/lib/python3.7/site-packages/airflow/example_dags/tutorial_taskflow_api.py
[2026-10-01T00:16:08.433+0000] {processor.py:743} INFO - Processing file /home/airflow/.local/lib/python3.7/site-packages/airflow/example_dags/tutorial_taskflow_api.py for tasks to queue
[2026-10-01T00:16:08.434+0000] {logging_mixin.py:137} INFO - [2026-10-01T00:16:08.434+0000] {dagbag.py:538} INFO - Filling up the DagBag from /home/airflow/.local/lib/python3.7/site-packages/airflow/example_dags/tutorial_taskflow_api.py
[2026-10-01T00:16:08.470+0000] {processor.py:753} INFO - DAG(s) dict_keys(['tutorial_taskflow_api']) retrieved from /home/airflow/.local/lib/python3.7/site-packages/airflow/example_dags/tutorial_taskflow_api.py
[2026-10-01T00:16:08.527+0000] {logging_mixin.py:137} INFO - [2026-10-01T00:16:08.527+0000] {dag.py:2676} INFO - Sync 1 DAGs
[2026-10-01T00:16:08.560+0000] {logging_mixin.py:137} INFO - [2026-10-01T00:16:08.559+0000] {dag.py:3427} INFO - Setting next_dagrun for tutorial_taskflow_api to None, run_after=None
[2026-10-01T00:16:08.587+0000] {processor.py:175} INFO - Processing /home/airflow/.local/lib/python3.7/site-packages/airflow/example_dags/tutorial_taskflow_api.py took 0.160 seconds
[2026-10-01T00:16:38.936+0000] {processor.py:153} INFO - Started process (PID=17669) to work on /home/airflow/.local/lib/python3.7/site-packages/airflow/example_dags/tutorial_taskflow_api.py
[2026-10-01T00:16:38.937+0000] {processor.py:743} INFO - Processing file /home/airflow/.local/lib/python3.7/site-packages/airflow/example_dags/tutorial_taskflow_api.py for tasks to queue
[2026-10-01T00:16:38.938+0000] {logging_mixin.py:137} INFO - [2026-10-01T00:16:38.938+0000] {dagbag.py:538} INFO - Filling up the DagBag from /home/airflow/.local/lib/python3.7/site-packages/airflow/example_dags/tutorial_taskflow_api.py
[2026-10-01T00:16:38.967+0000] {processor.py:753} INFO - DAG(s) dict_keys(['tutorial_taskflow_api']) retrieved from /home/airflow/.local/lib/python3.7/site-packages/airflow/example_dags/tutorial_taskflow_api.py
[2026-10-01T00:16:39.024+0000] {logging_mixin.py:137} INFO - [2026-10-01T00:16:39.024+0000] {dag.py:2676} INFO - Sync 1 DAGs
[2026-10-01T00:16:39.055+0000] {logging_mixin.py:137} INFO - [2026-10-01T00:16:39.055+0000] {dag.py:3427} INFO - Setting next_dagrun for tutorial_taskflow_api to None, run_after=None
[2026-10-01T00:16:39.074+0000] {processor.py:175} INFO - Processing /home/airflow/.local/lib/python3.7/site-packages/airflow/example_dags/tutorial_taskflow_api.py took 0.141 seconds
[2026-10-01T00:17:09.250+0000] {processor.py:153} INFO - Started process (PID=17755) to work on /home/airflow/.local/lib/python3.7/site-packages/airflow/example_dags/tutorial_taskflow_api.py
[2026-10-01T00:17:09.251+0000] {processor.py:743} INFO - Processing file /home/airflow/.local/lib/python3.7/site-packages/airflow/example_dags/tutorial_taskflow_api.py for tasks to queue
[2026-10-01T00:17:09.252+0000] {logging_mixin.py:137} INFO - [2026-10-01T00:17:09.251+0000] {dagbag.py:538} INFO - Filling up the DagBag from /home/airflow/.local/lib/python3.7/site-packages/airflow/example_dags/tutorial_taskflow_api.py
[2026-10-01T00:17:09.282+0000] {processor.py:753} INFO - DAG(s) dict_keys(['tutorial_taskflow_api']) retrieved from /home/airflow/.local/lib/python3.7/site-packages/airflow/example_dags/tutorial_taskflow_api.py
[2026-10-01T00:17:09.336+0000] {logging_mixin.py:137} INFO - [2026-10-01T00:17:09.335+0000] {dag.py:2676} INFO - Sync 1 DAGs
[2026-10-01T00:17:09.378+0000] {logging_mixin.py:137} INFO - [2026-10-01T00:17:09.378+0000] {dag.py:3427} INFO - Setting next_dagrun for tutorial_taskflow_api to None, run_after=None
[2026-10-01T00:17:09.406+0000] {processor.py:175} INFO - Processing /home/airflow/.local/lib/python3.7/site-packages/airflow/example_dags/tutorial_taskflow_api.py took 0.160 seconds
[2026-10-01T00:17:39.466+0000] {processor.py:153} INFO - Started process (PID=17847) to work on /home/airflow/.local/lib/python3.7/site-packages/airflow/example_dags/tutorial_taskflow_api.py
[2026-10-01T00:17:39.468+0000] {processor.py:743} INFO - Processing file /home/airflow/.local/lib/python3.7/site-packages/airflow/example_dags/tutorial_taskflow_api.py for tasks to queue
[2026-10-01T00:17:39.468+0000] {logging_mixin.py:137} INFO - [2026-10-01T00:17:39.468+0000] {dagbag.py:538} INFO - Filling up the DagBag from /home/airflow/.local/lib/python3.7/site-packages/airflow/example_dags/tutorial_taskflow_api.py
[2026-10-01T00:17:39.504+0000] {processor.py:753} INFO - DAG(s) dict_keys(['tutorial_taskflow_api']) retrieved from /home/airflow/.local/lib/python3.7/site-packages/airflow/example_dags/tutorial_taskflow_api.py
[2026-10-01T00:17:39.551+0000] {logging_mixin.py:137} INFO - [2026-10-01T00:17:39.551+0000] {dag.py:2676} INFO - Sync 1 DAGs
[2026-10-01T00:17:39.584+0000] {logging_mixin.py:137} INFO - [2026-10-01T00:17:39.584+0000] {dag.py:3427} INFO - Setting next_dagrun for tutorial_taskflow_api to None, run_after=None
[2026-10-01T00:17:39.604+0000] {processor.py:175} INFO - Processing /home/airflow/.local/lib/python3.7/site-packages/airflow/example_dags/tutorial_taskflow_api.py took 0.142 seconds
[2026-10-01T00:18:10.231+0000] {processor.py:153} INFO - Started process (PID=17926) to work on /home/airflow/.local/lib/python3.7/site-packages/airflow/example_dags/tutorial_taskflow_api.py
[2026-10-01T00:18:10.232+0000] {processor.py:743} INFO - Processing file /home/airflow/.local/lib/python3.7/site-packages/airflow/example_dags/tutorial_taskflow_api.py for tasks to queue
[2026-10-01T00:18:10.232+0000] {logging_mixin.py:137} INFO - [2026-10-01T00:18:10.232+0000] {dagbag.py:538} INFO - Filling up the DagBag from /home/airflow/.local/lib/python3.7/site-packages/airflow/example_dags/tutorial_taskflow_api.py
[2026-10-01T00:18:10.269+0000] {processor.py:753} INFO - DAG(s) dict_keys(['tutorial_taskflow_api']) retrieved from /home/airflow/.local/lib/python3.7/site-packages/airflow/example_dags/tutorial_taskflow_api.py
[2026-10-01T00:18:10.318+0000] {logging_mixin.py:137} INFO - [2026-10-01T00:18:10.318+0000] {dag.py:2676} INFO - Sync 1 DAGs
[2026-10-01T00:18:10.359+0000] {logging_mixin.py:137} INFO - [2026-10-01T00:18:10.359+0000] {dag.py:3427} INFO - Setting next_dagrun for tutorial_taskflow_api to None, run_after=None
[2026-10-01T00:18:10.386+0000] {processor.py:175} INFO - Processing /home/airflow/.local/lib/python3.7/site-packages/airflow/example_dags/tutorial_taskflow_api.py took 0.159 seconds
[2026-10-01T00:18:40.727+0000] {processor.py:153} INFO - Started process (PID=18005) to work on /home/airflow/.local/lib/python3.7/site-packages/airflow/example_dags/tutorial_taskflow_api.py
[2026-10-01T00:18:40.728+0000] {processor.py:743} INFO - Processing file /home/airflow/.local/lib/python3.7/site-packages/airflow/example_dags/tutorial_taskflow_api.py for tasks to queue
[2026-10-01T00:18:40.729+0000] {logging_mixin.py:137} INFO - [2026-10-01T00:18:40.729+0000] {dagbag.py:538} INFO - Filling up the DagBag from /home/airflow/.local/lib/python3.7/site-packages/airflow/example_dags/tutorial_taskflow_api.py
[2026-10-01T00:18:40.759+0000] {processor.py:753} INFO - DAG(s) dict_keys(['tutorial_taskflow_api']) retrieved from /home/airflow/.local/lib/python3.7/site-packages/airflow/example_dags/tutorial_taskflow_api.py
[2026-10-01T00:18:40.818+0000] {logging_mixin.py:137} INFO - [2026-10-01T00:18:40.818+0000] {dag.py:2676} INFO - Sync 1 DAGs
[2026-10-01T00:18:40.867+0000] {logging_mixin.py:137} INFO - [2026-10-01T00:18:40.867+0000] {dag.py:3427} INFO - Setting next_dagrun for tutorial_taskflow_api to None, run_after=None
[2026-10-01T00:18:40.901+0000] {processor.py:175} INFO - Processing /home/airflow/.local/lib/python3.7/site-packages/airflow/example_dags/tutorial_taskflow_api.py took 0.178 seconds
[2026-10-01T00:19:11.805+0000] {processor.py:153} INFO - Started process (PID=18104) to work on /home/airflow/.local/lib/python3.7/site-packages/airflow/example_dags/tutorial_taskflow_api.py
[2026-10-01T00:19:11.806+0000] {processor.py:743} INFO - Processing file /home/airflow/.local/lib/python3.7/site-packages/airflow/example_dags/tutorial_taskflow_api.py for tasks to queue
[2026-10-01T00:19:11.807+0000] {logging_mixin.py:137} INFO - [2026-10-01T00:19:11.807+0000] {dagbag.py:538} INFO - Filling up the DagBag from /home/airflow/.local/lib/python3.7/site-packages/airflow/example_dags/tutorial_taskflow_api.py
[2026-10-01T00:19:11.838+0000] {processor.py:753} INFO - DAG(s) dict_keys(['tutorial_taskflow_api']) retrieved from /home/airflow/.local/lib/python3.7/site-packages/airflow/example_dags/tutorial_taskflow_api.py
[2026-10-01T00:19:11.907+0000] {logging_mixin.py:137} INFO - [2026-10-01T00:19:11.907+0000] {dag.py:2676} INFO - Sync 1 DAGs
[2026-10-01T00:19:11.954+0000] {logging_mixin.py:137} INFO - [2026-10-01T00:19:11.954+0000] {dag.py:3427} INFO - Setting next_dagrun for tutorial_taskflow_api to None, run_after=None
[2026-10-01T00:19:11.983+0000] {processor.py:175} INFO - Processing /home/airflow/.local/lib/python3.7/site-packages/airflow/example_dags/tutorial_taskflow_api.py took 0.181 seconds
[2026-10-01T00:19:42.057+0000] {processor.py:153} INFO - Started process (PID=18183) to work on /home/airflow/.local/lib/python3.7/site-packages/airflow/example_dags/tutorial_taskflow_api.py
[2026-10-01T00:19:42.059+0000] {processor.py:743} INFO - Processing file /home/airflow/.local/lib/python3.7/site-packages/airflow/example_dags/tutorial_taskflow_api.py for tasks to queue
[2026-10-01T00:19:42.059+0000] {logging_mixin.py:137} INFO - [2026-10-01T00:19:42.059+0000] {dagbag.py:538} INFO - Filling up the DagBag from /home/airflow/.local/lib/python3.7/site-packages/airflow/example_dags/tutorial_taskflow_api.py
[2026-10-01T00:19:42.091+0000] {processor.py:753} INFO - DAG(s) dict_keys(['tutorial_taskflow_api']) retrieved from /home/airflow/.local/lib/python3.7/site-packages/airflow/example_dags/tutorial_taskflow_api.py
[2026-10-01T00:19:42.138+0000] {logging_mixin.py:137} INFO - [2026-10-01T00:19:42.138+0000] {dag.py:2676} INFO - Sync 1 DAGs
[2026-10-01T00:19:42.175+0000] {logging_mixin.py:137} INFO - [2026-10-01T00:19:42.175+0000] {dag.py:3427} INFO - Setting next_dagrun for tutorial_taskflow_api to None, run_after=None
[2026-10-01T00:19:42.195+0000] {processor.py:175} INFO - Processing /home/airflow/.local/lib/python3.7/site-packages/airflow/example_dags/tutorial_taskflow_api.py took 0.143 seconds
[2026-10-01T00:20:12.289+0000] {processor.py:153} INFO - Started process (PID=18262) to work on /home/airflow/.local/lib/python3.7/site-packages/airflow/example_dags/tutorial_taskflow_api.py
[2026-10-01T00:20:12.290+0000] {processor.py:743} INFO - Processing file /home/airflow/.local/lib/python3.7/site-packages/airflow/example_dags/tutorial_taskflow_api.py for tasks to queue
[2026-10-01T00:20:12.291+0000] {logging_mixin.py:137} INFO - [2026-10-01T00:20:12.290+0000] {dagbag.py:538} INFO - Filling up the DagBag from /home/airflow/.local/lib/python3.7/site-packages/airflow/example_dags/tutorial_taskflow_api.py
[2026-10-01T00:20:12.322+0000] {processor.py:753} INFO - DAG(s) dict_keys(['tutorial_taskflow_api']) retrieved from /home/airflow/.local/lib/python3.7/site-packages/airflow/example_dags/tutorial_taskflow_api.py
[2026-10-01T00:20:12.383+0000] {logging_mixin.py:137} INFO - [2026-10-01T00:20:12.382+0000] {dag.py:2676} INFO - Sync 1 DAGs
[2026-10-01T00:20:12.415+0000] {logging_mixin.py:137} INFO - [2026-10-01T00:20:12.415+0000] {dag.py:3427} INFO - Setting next_dagrun for tutorial_taskflow_api to None, run_after=None
[2026-10-01T00:20:12.441+0000] {processor.py:175} INFO - Processing /home/airflow/.local/lib/python3.7/site-packages/airflow/example_dags/tutorial_taskflow_api.py took 0.156 seconds
[2026-10-01T00:20:42.840+0000] {processor.py:153} INFO - Started process (PID=18341) to work on /home/airflow/.local/lib/python3.7/site-packages/airflow/example_dags/tutorial_taskflow_api.py
[2026-10-01T00:20:42.841+0000] {processor.py:743} INFO - Processing file /home/airflow/.local/lib/python3.7/site-packages/airflow/example_dags/tutorial_taskflow_api.py for tasks to queue
[2026-10-01T00:20:42.841+0000] {logging_mixin.py:137} INFO - [2026-10-01T00:20:42.841+0000] {dagbag.py:538} INFO - Filling up the DagBag from /home/airflow/.local/lib/python3.7/site-packages/airflow/example_dags/tutorial_taskflow_api.py
[2026-10-01T00:20:42.870+0000] {processor.py:753} INFO - DAG(s) dict_keys(['tutorial_taskflow_api']) retrieved from /home/airflow/.local/lib/python3.7/site-packages/airflow/example_dags/tutorial_taskflow_api.py
[2026-10-01T00:20:42.919+0000] {logging_mixin.py:137} INFO - [2026-10-01T00:20:42.919+0000] {dag.py:2676} INFO - Sync 1 DAGs
[2026-10-01T00:20:42.953+0000] {logging_mixin.py:137} INFO - [2026-10-01T00:20:42.953+0000] {dag.py:3427} INFO - Setting next_dagrun for tutorial_taskflow_api to None, run_after=None
[2026-10-01T00:20:42.976+0000] {processor.py:175} INFO - Processing /home/airflow/.local/lib/python3.7/site-packages/airflow/example_dags/tutorial_taskflow_api.py took 0.141 seconds
