[2026-10-01T00:00:14.852+0000] {processor.py:153} INFO - Started process (PID=14955) to work on /home/airflow/.local/lib/python3.7/site-packages/airflow/example_dags/tutorial_taskflow_api_virtualenv.py
[2026-10-01T00:00:14.853+0000] {processor.py:743} INFO - Processing file /home/airflow/.local/lib/python3.7/site-packages/airflow/example_dags/tutorial_taskflow_api_virtualenv.py for tasks to queue
[2026-10-01T00:00:14.853+0000] {logging_mixin.py:137} INFO - [2026-10-01T00:00:14.853+0000] {dagbag.py:538} INFO - Filling up the DagBag from /home/airflow/.local/lib/python3.7/site-packages/airflow/example_dags/tutorial_taskflow_api_virtualenv.py
[2026-10-01T00:00:14.875+0000] {processor.py:753} INFO - DAG(s) dict_keys(['tutorial_taskflow_api_virtualenv']) retrieved from /home/airflow/.local/lib/python3.7/site-packages/airflow/example_dags/tutorial_taskflow_api_virtualenv.py
[2026-10-01T00:00:14.913+0000] {logging_mixin.py:137} INFO - [2026-10-01T00:00:14.913+0000] {dag.py:2676} INFO - Sync 1 DAGs
[2026-10-01T00:00:14.938+0000] {logging_mixin.py:137} INFO - [2026-10-01T00:00:14.938+0000] {dag.py:3427} INFO - Setting next_dagrun for tutorial_taskflow_api_virtualenv to None, run_after=None
[2026-10-01T00:00:14.961+0000] {processor.py:175} INFO - Processing /home/airflow/.local/lib/python3.7/site-packages/airflow/example_dags/tutorial_taskflow_api_virtualenv.py took 0.112 seconds
[2026-10-01T00:00:45.749+0000] {processor.py:153} INFO - Started process (PID=15034) to work on /home/airflow/.local/lib/python3.7/site-packages/airflow/example_dags/tutorial_taskflow_api_virtualenv.py
[2026-10-01T00:00:45.750+0000] {processor.py:743} INFO - Processing file /home/airflow/.local/lib/python3.7/site-packages/airflow/example_dags/tutorial_taskflow_api_virtualenv.py for tasks to queue
[2026-10-01T00:00:45.750+0000] {logging_mixin.py:137} INFO - [2026-10-01T00:00:45.750+0000] {dagbag.py:538} INFO - Filling up the DagBag from /home/airflow/.local/lib/python3.7/site-packages/airflow/example_dags/tutorial_taskflow_api_virtualenv.py
[2026-10-01T00:00:45.780+0000] {processor.py:753} INFO - DAG(s) dict_keys(['tutorial_taskflow_api_virtualenv']) retrieved from /home/airflow/.local/lib/python3.7/site-packages/airflow/example_dags/tutorial_taskflow_api_virtualenv.py
[2026-10-01T00:00:45.833+0000] {logging_mixin.py:137} INFO - [2026-10-01T00:00:45.832+0000] {dag.py:2676} INFO - Sync 1 DAGs
[2026-10-01T00:00:45.874+0000] {logging_mixin.py:137} INFO - [2026-10-01T00:00:45.873+0000] {dag.py:3427} INFO - Setting next_dagrun for tutorial_taskflow_api_virtualenv to None, run_after=None
[2026-10-01T00:00:45.907+0000] {processor.py:175} INFO - Processing /home/airflow/.local/lib/python3.7/site-packages/airflow/example_dags/tutorial_taskflow_api_virtualenv.py took 0.164 seconds
[2026-10-01T00:01:16.874+0000] {processor.py:153} INFO - Started process (PID=15113) to work on /home/airflow/.local/lib/python3.7/site-packages/airflow/example_dags/tutorial_taskflow_api_virtualenv.py
[2026-10-01T00:01:16.876+0000] {processor.py:743} INFO - Processing file /home/airflow/.local/lib/python3.7/site-packages/airflow/example_dags/tutorial_taskflow_api_virtualenv.py for tasks to queue
[2026-10-01T00:01:16.877+0000] {logging_mixin.py:137} INFO - [2026-10-01T00:01:16.877+0000] {dagbag.py:538} INFO - Filling up the DagBag from /home/airflow/.local/lib/python3.7/site-packages/airflow/example_dags/tutorial_taskflow_api_virtualenv.py
[2026-10-01T00:01:16.921+0000] {processor.py:753} INFO - DAG(s) dict_keys(['tutorial_taskflow_api_virtualenv']) retrieved from /home/airflow/.local/lib/python3.7/site-packages/airflow/example_dags/tutorial_taskflow_api_virtualenv.py
[2026-10-01T00:01:16.975+0000] {logging_mixin.py:137} INFO - [2026-10-01T00:01:16.974+0000] {dag.py:2676} INFO - Sync 1 DAGs
[2026-10-01T00:01:17.007+0000] {logging_mixin.py:137} INFO - [2026-10-01T00:01:17.007+0000] {dag.py:3427} INFO - Setting next_dagrun for tutorial_taskflow_api_virtualenv to None, run_after=None
[2026-10-01T00:01:17.029+0000] {processor.py:175} INFO - Processing /home/airflow/.local/lib/python3.7/site-packages/airflow/example_dags/tutorial_taskflow_api_virtualenv.py took 0.161 seconds
[2026-10-01T00:01:47.482+0000] {processor.py:153} INFO - Started process (PID=15199) to work on /home/airflow/.local/lib/python3.7/site-packages/airflow/example_dags/tutorial_taskflow_api_virtualenv.py
[2026-10-01T00:01:47.483+0000] {processor.py:743} INFO - Processing file /home/airflow/.local/lib/python3.7/site-packages/airflow/example_dags/tutorial_taskflow_api_virtualenv.py for tasks to queue
[2026-10-01T00:01:47.484+0000] {logging_mixin.py:137} INFO - [2026-10-01T00:01:47.484+0000] {dagbag.py:538} INFO - Filling up the DagBag from /home/airflow/.local/lib/python3.7/site-packages/airflow/example_dags/tutorial_taskflow_api_virtualenv.py
[2026-10-01T00:01:47.530+0000] {processor.py:753} INFO - DAG(s) dict_keys(['tutorial_taskflow_api_virtualenv']) retrieved from /home/airflow/.local/lib/python3.7/site-packages/airflow/example_dags/tutorial_taskflow_api_virtualenv.py
[2026-10-01T00:01:47.606+0000] {logging_mixin.py:137} INFO - [2026-10-01T00:01:47.606+0000] {dag.py:2676} INFO - Sync 1 DAGs
[2026-10-01T00:01:47.653+0000] {logging_mixin.py:137} INFO - [2026-10-01T00:01:47.653+0000] {dag.py:3427} INFO - Setting next_dagrun for tutorial_taskflow_api_virtualenv to None, run_after=None
[2026-10-01T00:01:47.687+0000] {processor.py:175} INFO - Processing /home/airflow/.local/lib/python3.7/site-packages/airflow/example_dags/tutorial_taskflow_api_virtualenv.py took 0.210 seconds
[2026-10-01T00:02:18.224+0000] {processor.py:153} INFO - Started process (PID=15291) to work on /home/airflow/.local/lib/python3.7/site-packages/airflow/example_dags/tutorial_taskflow_api_virtualenv.py
[2026-10-01T00:02:18.225+0000] {processor.py:743} INFO - Processing file /home/airflow/.local/lib/python3.7/site-packages/airflow/example_dags/tutorial_taskflow_api_virtualenv.py for tasks to queue
[2026-10-01T00:02:18.225+0000] {logging_mixin.py:137} INFO - [2026-10-01T00:02:18.225+0000] {dagbag.py:538} INFO - Filling up the DagBag from /home/airflow/.local/lib/python3.7/site-packages/airflow/example_dags/tutorial_taskflow_api_virtualenv.py
[2026-10-01T00:02:18.260+0000] {processor.py:753} INFO - DAG(s) dict_keys(['tutorial_taskflow_api_virtualenv']) retrieved from /home/airflow/.local/lib/python3.7/site-packages/airflow/example_dags/tutorial_taskflow_api_virtualenv.py
[2026-10-01T00:02:18.310+0000] {logging_mixin.py:137} INFO - [2026-10-01T00:02:18.310+0000] {dag.py:2676} INFO - Sync 1 DAGs
[2026-10-01T00:02:18.341+0000] {logging_mixin.py:137} INFO - [2026-10-01T00:02:18.341+0000] {dag.py:3427} INFO - Setting next_dagrun for tutorial_taskflow_api_virtualenv to None, run_after=None
[2026-10-01T00:02:18.364+0000] {processor.py:175} INFO - Processing /home/airflow/.local/lib/python3.7/site-packages/airflow/example_dags/tutorial_taskflow_api_virtualenv.py took 0.144 seconds
[2026-10-01T00:02:49.455+0000] {processor.py:153} INFO - Started process (PID=15370) to work on /home/airflow/.local/lib/python3.7/site-packages/airflow/example_dags/tutorial_taskflow_api_virtualenv.py
[2026-10-01T00:02:49.456+0000] {processor.py:743} INFO - Processing file /home/airflow/.local/lib/python3.7/site-packages/airflow/example_dags/tutorial_taskflow_api_virtualenv.py for tasks to queue
[2026-10-01T00:02:49.457+0000] {logging_mixin.py:137} INFO - [2026-10-01T00:02:49.457+0000] {dagbag.py:538} INFO - Filling up the DagBag from /home/airflow/.local/lib/python3.7/site-packages/airflow/example_dags/tutorial_taskflow_api_virtualenv.py
[2026-10-01T00:02:49.491+0000] {processor.py:753} INFO - DAG(s) dict_keys(['tutorial_taskflow_api_virtualenv']) retrieved from /home/airflow/.local/lib/python3.7/site-packages/airflow/example_dags/tutorial_taskflow_api_virtualenv.py
[2026-10-01T00:02:49.551+0000] {logging_mixin.py:137} INFO - [2026-10-01T00:02:49.551+0000] {dag.py:2676} INFO - Sync 1 DAGs
[2026-10-01T00:02:49.591+0000] {logging_mixin.py:137} INFO - [2026-10-01T00:02:49.591+0000] {dag.py:3427} INFO - Setting next_dagrun for tutorial_taskflow_api_virtualenv to None, run_after=None
[2026-10-01T00:02:49.619+0000] {processor.py:175} INFO - Processing /home/airflow/.local/lib/python3.7/site-packages/airflow/example_dags/tutorial_taskflow_api_virtualenv.py took 0.168 seconds
[2026-10-01T00:03:19.881+0000] {processor.py:153} INFO - Started process (PID=15449) to work on /home/airflow/.local/lib/python3.7/site-packages/airflow/example_dags/tutorial_taskflow_api_virtualenv.py
[2026-10-01T00:03:19.882+0000] {processor.py:743} INFO - Processing file /home/airflow/.local/lib/python3.7/site-packages/airflow/example_dags/tutorial_taskflow_api_virtualenv.py for tasks to queue
[2026-10-01T00:03:19.883+0000] {logging_mixin.py:137} INFO - [2026-10-01T00:03:19.883+0000] {dagbag.py:538} INFO - Filling up the DagBag from /home/airflow/.local/lib/python3.7/site-packages/airflow/example_dags/tutorial_taskflow_api_virtualenv.py
[2026-10-01T00:03:19.911+0000] {processor.py:753} INFO - DAG(s) dict_keys(['tutorial_taskflow_api_virtualenv']) retrieved from /home/airflow/.local/lib/python3.7/site-packages/airflow/example_dags/tutorial_taskflow_api_virtualenv.py
[2026-10-01T00:03:19.965+0000] {logging_mixin.py:137} INFO - [2026-10-01T00:03:19.965+0000] {dag.py:2676} INFO - Sync 1 DAGs
[2026-10-01T00:03:20.006+0000] {logging_mixin.py:137} INFO - [2026-10-01T00:03:20.005+0000] {dag.py:3427} INFO - Setting next_dagrun for tutorial_taskflow_api_virtualenv to None, run_after=None
[2026-10-01T00:03:20.025+0000] {processor.py:175} INFO - Processing /home/airflow/.local/lib/python3.7/site-packages/airflow/example_dags/tutorial_taskflow_api_virtualenv.py took 0.148 seconds
[2026-10-01T00:03:50.077+0000] {processor.py:153} INFO - Started process (PID=15534) to work on /home/airflow/.local/lib/python3.7/site-packages/airflow/example_dags/tutorial_taskflow_api_virtualenv.py
[2026-10-01T00:03:50.078+0000] {processor.py:743} INFO - Processing file /home/airflow/.local/lib/python3.7/site-packages/airflow/example_dags/tutorial_taskflow_api_virtualenv.py for tasks to queue
[2026-10-01T00:03:50.078+0000] {logging_mixin.py:137} INFO - [2026-10-01T00:03:50.078+0000] {dagbag.py:538} INFO - Filling up the DagBag from /home/airflow/.local/lib/python3.7/site-packages/airflow/example_dags/tutorial_taskflow_api_virtualenv.py
[2026-10-01T00:03:50.110+0000] {processor.py:753} INFO - DAG(s) dict_keys(['tutorial_taskflow_api_virtualenv']) retrieved from /home/airflow/.local/lib/python3.7/site-packages/airflow/example_dags/tutorial_taskflow_api_virtualenv.py
[2026-10-01T00:03:50.171+0000] {logging_mixin.py:137} INFO - [2026-10-01T00:03:50.171+0000] {dag.py:2676} INFO - Sync 1 DAGs
[2026-10-01T00:03:50.203+0000] {logging_mixin.py:137} INFO - [2026-10-01T00:03:50.203+0000] {dag.py:3427} INFO - Setting next_dagrun for tutorial_taskflow_api_virtualenv to None, run_after=None
[2026-10-01T00:03:50.225+0000] {processor.py:175} INFO - Processing /home/airflow/.local/lib/python3.7/site-packages/airflow/example_dags/tutorial_taskflow_api_virtualenv.py took 0.151 seconds
[2026-10-01T00:04:20.564+0000] {processor.py:153} INFO - Started process (PID=15627) to work on /home/airflow/.local/lib/python3.7/site-packages/airflow/example_dags/tutorial_taskflow_api_virtualenv.py
[2026-10-01T00:04:20.565+0000] {processor.py:743} INFO - Processing file /home/airflow/.local/lib/python3.7/site-packages/airflow/example_dags/tutorial_taskflow_api_virtualenv.py for tasks to queue
[2026-10-01T00:04:20.566+0000] {logging_mixin.py:137} INFO - [2026-10-01T00:04:20.566+0000] {dagbag.py:538} INFO - Filling up the DagBag from /home/airflow/.local/lib/python3.7/site-packages/airflow/example_dags/tutorial_taskflow_api_virtualenv.py
[2026-10-01T00:04:20.599+0000] {processor.py:753} INFO - DAG(s) dict_keys(['tutorial_taskflow_api_virtualenv']) retrieved from /home/airflow/.local/lib/python3.7/site-packages/airflow/example_dags/tutorial_taskflow_api_virtualenv.py
[2026-10-01T00:04:20.649+0000] {logging_mixin.py:137} INFO - [2026-10-01T00:04:20.649+0000] {dag.py:2676} INFO - Sync 1 DAGs
[2026-10-01T00:04:20.678+0000] {logging_mixin.py:137} INFO - [2026-10-01T00:04:20.678+0000] {dag.py:3427} INFO - Setting next_dagrun for tutorial_taskflow_api_virtualenv to None, run_after=None
[2026-10-01T00:04:20.698+0000] {processor.py:175} INFO - Processing /home/airflow/.local/lib/python3.7/site-packages/airflow/example_dags/tutorial_taskflow_api_virtualenv.py took 0.138 seconds
[2026-10-01T00:04:51.751+0000] {processor.py:153} INFO - Started process (PID=15707) to work on /home/airflow/.local/lib/python3.7/site-packages/airflow/example_dags/tutorial_taskflow_api_virtualenv.py
[2026-10-01T00:04:51.753+0000] {processor.py:743} INFO - Processing file /home/airflow/.local/lib/python3.7/site-packages/airflow/example_dags/tutorial_taskflow_api_virtualenv.py for tasks to queue
[2026-10-01T00:04:51.754+0000] {logging_mixin.py:137} INFO - [2026-10-01T00:04:51.754+0000] {dagbag.py:538} INFO - Filling up the DagBag from /home/airflow/.local/lib/python3.7/site-packages/airflow/example_dags/tutorial_taskflow_api_virtualenv.py
[2026-10-01T00:04:51.798+0000] {processor.py:753} INFO - DAG(s) dict_keys(['tutorial_taskflow_api_virtualenv']) retrieved from /home/airflow/.local/lib/python3.7/site-packages/airflow/example_dags/tutorial_taskflow_api_virtualenv.py
[2026-10-01T00:04:51.857+0000] {logging_mixin.py:137} INFO - [2026-10-01T00:04:51.857+0000] {dag.py:2676} INFO - Sync 1 DAGs
[2026-10-01T00:04:51.886+0000] {logging_mixin.py:137} INFO - [2026-10-01T00:04:51.886+0000] {dag.py:3427} INFO - Setting next_dagrun for tutorial_taskflow_api_virtualenv to None, run_after=None
[2026-10-01T00:04:51.906+0000] {processor.py:175} INFO - Processing /home/airflow/.local/lib/python3.7/site-packages/airflow/example_dags/tutorial_taskflow_api_virtualenv.py took 0.160 seconds
[2026-10-01T00:05:22.665+0000] {processor.py:153} INFO - Started process (PID=15786) to work on /home/airflow/.local/lib/python3.7/site-packages/airflow/example_dags/tutorial_taskflow_api_virtualenv.py
[2026-10-01T00:05:22.666+0000] {processor.py:743} INFO - Processing file /home/airflow/.local/lib/python3.7/site-packages/airflow/example_dags/tutorial_taskflow_api_virtualenv.py for tasks to queue
[2026-10-01T00:05:22.667+0000] {logging_mixin.py:137} INFO - [2026-10-01T00:05:22.667+0000] {dagbag.py:538} INFO - Filling up the DagBag from /home/airflow/.local/lib/python3.7/site-packages/airflow/example_dags/tutorial_taskflow_api_virtualenv.py
[2026-10-01T00:05:22.698+0000] {processor.py:753} INFO - DAG(s) dict_keys(['tutorial_taskflow_api_virtualenv']) retrieved from /home/airflow/.local/lib/python3.7/site-packages/airflow/example_dags/tutorial_taskflow_api_virtualenv.py
[2026-10-01T00:05:22.761+0000] {logging_mixin.py:137} INFO - [2026-10-01T00:05:22.761+0000] {dag.py:2676} INFO - Sync 1 DAGs
[2026-10-01T00:05:22.808+0000] {logging_mixin.py:137} INFO - [2026-10-01T00:05:22.808+0000] {dag.py:3427} INFO - Setting next_dagrun for tutorial_taskflow_api_virtualenv to None, run_after=None
[2026-10-01T00:05:22.830+0000] {processor.py:175} INFO - Processing /home/airflow/.local/lib/python3.7/site-packages/airflow/example_dags/tutorial_taskflow_api_virtualenv.py took 0.171 seconds
[2026-10-01T00:05:53.174+0000] {processor.py:153} INFO - Started process (PID=15874) to work on /home/airflow/.local/lib/python3.7/site-packages/airflow/example_dags/tutorial_taskflow_api_virtualenv.py
[2026-10-01T00:05:53.175+0000] {processor.py:743} INFO - Processing file /home/airflow/.local/lib/python3.7/site-packages/airflow/example_dags/tutorial_taskflow_api_virtualenv.py for tasks to queue
[2026-10-01T00:05:53.175+0000] {logging_mixin.py:137} INFO - [2026-10-01T00:05:53.175+0000] {dagbag.py:538} INFO - Filling up the DagBag from /home/airflow/.local/lib/python3.7/site-packages/airflow/example_dags/tutorial_taskflow_api_virtualenv.py
[2026-10-01T00:05:53.205+0000] {processor.py:753} INFO - DAG(s) dict_keys(['tutorial_taskflow_api_virtualenv']) retrieved from /home/airflow/.local/lib/python3.7/site-packages/airflow/example_dags/tutorial_taskflow_api_virtualenv.py
[2026-10-01T00:05:53.257+0000] {logging_mixin.py:137} INFO - [2026-10-01T00:05:53.257+0000] {dag.py:2676} INFO - Sync 1 DAGs
[2026-10-01T00:05:53.300+0000] {logging_mixin.py:137} INFO - [2026-10-01T00:05:53.299+0000] {dag.py:3427} INFO - Setting next_dagrun for tutorial_taskflow_api_virtualenv to None, run_after=None
[2026-10-01T00:05:53.322+0000] {processor.py:175} INFO - Processing /home/airflow/.local/lib/python3.7/site-packages/airflow/example_dags/tutorial_taskflow_api_virtualenv.py took 0.153 seconds
[2026-10-01T00:06:23.414+0000] {processor.py:153} INFO - Started process (PID=15964) to work on /home/airflow/.local/lib/python3.7/site-packages/airflow/example_dags/tutorial_taskflow_api_virtualenv.py
[2026-10-01T00:06:23.415+0000] {processor.py:743} INFO - Processing file /home/airflow/.local/lib/python3.7/site-packages/airflow/example_dags/tutorial_taskflow_api_virtualenv.py for tasks to queue
[2026-10-01T00:06:23.416+0000] {logging_mixin.py:137} INFO - [2026-10-01T00:06:23.416+0000] {dagbag.py:538} INFO - Filling up the DagBag from /home/airflow/.local/lib/python3.7/site-packages/airflow/example_dags/tutorial_taskflow_api_virtualenv.py
[2026-10-01T00:06:23.450+0000] {processor.py:753} INFO - DAG(s) dict_keys(['tutorial_taskflow_api_virtualenv']) retrieved from /home/airflow/.local/lib/python3.7/site-packages/airflow/example_dags/tutorial_taskflow_api_virtualenv.py
[2026-10-01T00:06:23.499+0000] {logging_mixin.py:137} INFO - [2026-10-01T00:06:23.499+0000] {dag.py:2676} INFO - Sync 1 DAGs
[2026-10-01T00:06:23.529+0000] {logging_mixin.py:137} INFO - [2026-10-01T00:06:23.529+0000] {dag.py:3427} INFO - Setting next_dagrun for tutorial_taskflow_api_virtualenv to None, run_after=None
[2026-10-01T00:06:23.550+0000] {processor.py:175} INFO - Processing /home/airflow/.local/lib/python3.7/site-packages/airflow/example_dags/tutorial_taskflow_api_virtualenv.py took 0.140 seconds
[2026-10-01T00:06:53.881+0000] {processor.py:153} INFO - Started process (PID=16043) to work on /home/airflow/.local/lib/python3.7/site-packages/airflow/example_dags/tutorial_taskflow_api_virtualenv.py
[2026-10-01T00:06:53.882+0000] {processor.py:743} INFO - Processing file /home/airflow/.local/lib/python3.7/site-packages/airflow/example_dags/tutorial_taskflow_api_virtualenv.py for tasks to queue
[2026-10-01T00:06:53.883+0000] {logging_mixin.py:137} INFO - [2026-10-01T00:06:53.883+0000] {dagbag.py:538} INFO - Filling up the DagBag from /home/airflow/.local/lib/python3.7/site-packages/airflow/example_dags/tutorial_taskflow_api_virtualenv.py
[2026-10-01T00:06:53.914+0000] {processor.py:753} INFO - DAG(s) dict_keys(['tutorial_taskflow_api_virtualenv']) retrieved from /home/airflow/.local/lib/python3.7/site-packages/airflow/example_dags/tutorial_taskflow_api_virtualenv.py
[2026-10-01T00:06:53.965+0000] {logging_mixin.py:137} INFO - [2026-10-01T00:06:53.965+0000] {dag.py:2676} INFO - Sync 1 DAGs
[2026-10-01T00:06:53.997+0000] {logging_mixin.py:137} INFO - [2026-10-01T00:06:53.997+0000] {dag.py:3427} INFO - Setting next_dagrun for tutorial_taskflow_api_virtualenv to None, run_after=None
[2026-10-01T00:06:54.021+0000] {processor.py:175} INFO - Processing /home/airflow/.local/lib/python3.7/site-packages/airflow/example_dags/tutorial_taskflow_api_virtualenv.py took 0.145 seconds
[2026-10-01T00:07:24.101+0000] {processor.py:153} INFO - Started process (PID=16122) to work on /home/airflow/.local/lib/python3.7/site-packages/airflow/example_dags/tutorial_taskflow_api_virtualenv.py
[2026-10-01T00:07:24.102+0000] {processor.py:743} INFO - Processing file /home/airflow/.local/lib/python3.7/site-packages/airflow/example_dags/tutorial_taskflow_api_virtualenv.py for tasks to queue
[2026-10-01T00:07:24.103+0000] {logging_mixin.py:137} INFO - [2026-10-01T00:07:24.103+0000] {dagbag.py:538} INFO - Filling up the DagBag from /home/airflow/.local/lib/python3.7/site-packages/airflow/example_dags/tutorial_taskflow_api_virtualenv.py
[2026-10-01T00:07:24.138+0000] {processor.py:753} INFO - DAG(s) dict_keys(['tutorial_taskflow_api_virtualenv']) retrieved from /home/airflow/.local/lib/python3.7/site-packages/airflow/example_dags/tutorial_taskflow_api_virtualenv.py
[2026-10-01T00:07:24.197+0000] {logging_mixin.py:137} INFO - [2026-10-01T00:07:24.197+0000] {dag.py:2676} INFO - Sync 1 DAGs
[2026-10-01T00:07:24.238+0000] {logging_mixin.py:137} INFO - [2026-10-01T00:07:24.237+0000] {dag.py:3427} INFO - Setting next_dagrun for tutorial_taskflow_api_virtualenv to None, run_after=None
[2026-10-01T00:07:24.266+0000] {processor.py:175} INFO - Processing /home/airflow/.local/lib/python3.7/site-packages/airflow/example_dags/tutorial_taskflow_api_virtualenv.py took 0.170 seconds
[2026-10-01T00:07:54.701+0000] {processor.py:153} INFO - Started process (PID=16221) to work on /home/airflow/.local/lib/python3.7/site-packages/airflow/example_dags/tutorial_taskflow_api_virtualenv.py
[2026-10-01T00:07:54.702+0000] {processor.py:743} INFO - Processing file /home/airflow/.local/lib/python3.7/site-packages/airflow/example_dags/tutorial_taskflow_api_virtualenv.py for tasks to queue
[2026-10-01T00:07:54.703+0000] {logging_mixin.py:137} INFO - [2026-10-01T00:07:54.703+0000] {dagbag.py:538} INFO - Filling up the DagBag from /home/airflow/.local/lib/python3.7/site-packages/airflow/example_dags/tutorial_taskflow_api_virtualenv.py
[2026-10-01T00:07:54.732+0000] {processor.py:753} INFO - DAG(s) dict_keys(['tutorial_taskflow_api_virtualenv']) retrieved from /home/airflow/.local/lib/python3.7/site-packages/airflow/example_dags/tutorial_taskflow_api_virtualenv.py
[2026-10-01T00:07:54.779+0000] {logging_mixin.py:137} INFO - [2026-10-01T00:07:54.779+0000] {dag.py:2676} INFO - Sync 1 DAGs
[2026-10-01T00:07:54.811+0000] {logging_mixin.py:137} INFO - [2026-10-01T00:07:54.811+0000] {dag.py:3427} INFO - Setting next_dagrun for tutorial_taskflow_api_virtualenv to None, run_after=None
[2026-10-01T00:07:54.833+0000] {processor.py:175} INFO - Processing /home/airflow/.local/lib/python3.7/site-packages/airflow/example_dags/tutorial_taskflow_api_virtualenv.py took 0.135 seconds
[2026-10-01T00:08:24.930+0000] {processor.py:153} INFO - Started process (PID=16300) to work on /home/airflow/.local/lib/python3.7/site-packages/airflow/example_dags/tutorial_taskflow_api_virtualenv.py
[2026-10-01T00:08:24.931+0000] {processor.py:743} INFO - Processing file /home/airflow/.local/lib/python3.7/site-packages/airflow/example_dags/tutorial_taskflow_api_virtualenv.py for tasks to queue
[2026-10-01T00:08:24.932+0000] {logging_mixin.py:137} INFO - [2026-10-01T00:08:24.932+0000] {dagbag.py:538} INFO - Filling up the DagBag from /home/airflow/.local/lib/python3.7/site-packages/airflow/example_dags/tutorial_taskflow_api_virtualenv.py
[2026-10-01T00:08:24.961+0000] {processor.py:753} INFO - DAG(s) dict_keys(['tutorial_taskflow_api_virtualenv']) retrieved from /home/airflow/.local/lib/python3.7/site-packages/airflow/example_dags/tutorial_taskflow_api_virtualenv.py
[2026-10-01T00:08:25.010+0000] {logging_mixin.py:137} INFO - [2026-10-01T00:08:25.010+0000] {dag.py:2676} INFO - Sync 1 DAGs
[2026-10-01T00:08:25.043+0000] {logging_mixin.py:137} INFO - [2026-10-01T00:08:25.042+0000] {dag.py:3427} INFO - Setting next_dagrun for tutorial_taskflow_api_virtualenv to None, run_after=None
[2026-10-01T00:08:25.063+0000] {processor.py:175} INFO - Processing /home/airflow/.local/lib/python3.7/site-packages/airflow/example_dags/tutorial_taskflow_api_virtualenv.py took 0.137 seconds
[2026-10-01T00:08:55.273+0000] {processor.py:153} INFO - Started process (PID=16379) to work on /home/airflow/.local/lib/python3.7/site-packages/airflow/example_dags/tutorial_taskflow_api_virtualenv.py
[2026-10-01T00:08:55.274+0000] {processor.py:743} INFO - Processing file /home/airflow/.local/lib/python3.7/site-packages/airflow/example_dags/tutorial_taskflow_api_virtualenv.py for tasks to queue
[2026-10-01T00:08:55.275+0000] {logging_mixin.py:137} INFO - [2026-10-01T00:08:55.275+0000] {dagbag.py:538} INFO - Filling up the DagBag from /home/airflow/.local/lib/python3.7/site-packages/airflow/example_dags/tutorial_taskflow_api_virtualenv.py
[2026-10-01T00:08:55.302+0000] {processor.py:753} INFO - DAG(s) dict_keys(['tutorial_taskflow_api_virtualenv']) retrieved from /home/airflow/.local/lib/python3.7/site-packages/airflow/example_dags/tutorial_taskflow_api_virtualenv.py
[2026-10-01T00:08:55.349+0000] {logging_mixin.py:137} INFO - [2026-10-01T00:08:55.348+0000] {dag.py:2676} INFO - Sync 1 DAGs
[2026-10-01T00:08:55.384+0000] {logging_mixin.py:137} INFO - [2026-10-01T00:08:55.384+0000] {dag.py:3427} INFO - Setting next_dagrun for tutorial_taskflow_api_virtualenv to None, run_after=None
[2026-10-01T00:08:55.404+0000] {processor.py:175} INFO - Processing /home/airflow/.local/lib/python3.7/site-packages/airflow/example_dags/tutorial_taskflow_api_virtualenv.py took 0.135 seconds
[2026-10-01T00:09:25.928+0000] {processor.py:153} INFO - Started process (PID=16458) to work on /home/airflow/.local/lib/python3.7/site-packages/airflow/example_dags/tutorial_taskflow_api_virtualenv.py
[2026-10-01T00:09:25.929+0000] {processor.py:743} INFO - Processing file /home/airflow/.local/lib/python3.7/site-packages/airflow/example_dags/tutorial_taskflow_api_virtualenv.py for tasks to queue
[2026-10-01T00:09:25.930+0000] {logging_mixin.py:137} INFO - [2026-10-01T00:09:25.930+0000] {dagbag.py:538} INFO - Filling up the DagBag from /home/airflow/.local/lib/python3.7/site-packages/airflow/example_dags/tutorial_taskflow_api_virtualenv.py
[2026-10-01T00:09:25.959+0000] {processor.py:753} INFO - DAG(s) dict_keys(['tutorial_taskflow_api_virtualenv']) retrieved from /home/airflow/.local/lib/python3.7/site-packages/airflow/example_dags/tutorial_taskflow_api_virtualenv.py
[2026-10-01T00:09:26.013+0000] {logging_mixin.py:137} INFO - [2026-10-01T00:09:26.012+0000] {dag.py:2676} INFO - Sync 1 DAGs
[2026-10-01T00:09:26.050+0000] {logging_mixin.py:137} INFO - [2026-10-01T00:09:26.050+0000] {dag.py:3427} INFO - Setting next_dagrun for tutorial_taskflow_api_virtualenv to None, run_after=None
[2026-10-01T00:09:26.069+0000] {processor.py:175} INFO - Processing /home/airflow/.local/lib/python3.7/site-packages/airflow/example_dags/tutorial_taskflow_api_virtualenv.py took 0.145 seconds
[2026-10-01T00:09:57.129+0000] {processor.py:153} INFO - Started process (PID=16557) to work on /home/airflow/.local/lib/python3.7/site-packages/airflow/example_dags/tutorial_taskflow_api_virtualenv.py
[2026-10-01T00:09:57.130+0000] {processor.py:743} INFO - Processing file /home/airflow/.local/lib/python3.7/site-packages/airflow/example_dags/tutorial_taskflow_api_virtualenv.py for tasks to queue
[2026-10-01T00:09:57.131+0000] {logging_mixin.py:137} INFO - [2026-10-01T00:09:57.130+0000] {dagbag.py:538} INFO - Filling up the DagBag from /home/airflow/.local/lib/python3.7/site-packages/airflow/example_dags/tutorial_taskflow_api_virtualenv.py
[2026-10-01T00:09:57.163+0000] {processor.py:753} INFO - DAG(s) dict_keys(['tutorial_taskflow_api_virtualenv']) retrieved from /home/airflow/.local/lib/python3.7/site-packages/airflow/example_dags/tutorial_taskflow_api_virtualenv.py
[2026-10-01T00:09:57.223+0000] {logging_mixin.py:137} INFO - [2026-10-01T00:09:57.223+0000] {dag.py:2676} INFO - Sync 1 DAGs
[2026-10-01T00:09:57.262+0000] {logging_mixin.py:137} INFO - [2026-10-01T00:09:57.262+0000] {dag.py:3427} INFO - Setting next_dagrun for tutorial_taskflow_api_virtualenv to None, run_after=None
[2026-10-01T00:09:57.285+0000] {processor.py:175} INFO - Processing /home/airflow/.local/lib/python3.7/site-packages/airflow/example_dags/tutorial_taskflow_api_virtualenv.py took 0.160 seconds
[2026-10-01T00:10:27.383+0000] {processor.py:153} INFO - Started process (PID=16636) to work on /home/airflow/.local/lib/python3.7/site-packages/airflow/example_dags/tutorial_taskflow_api_virtualenv.py
[2026-10-01T00:10:27.384+0000] {processor.py:743} INFO - Processing file /home/airflow/.local/lib/python3.7/site-packages/airflow/example_dags/tutorial_taskflow_api_virtualenv.py for tasks to queue
[2026-10-01T00:10:27.385+0000] {logging_mixin.py:137} INFO - [2026-10-01T00:10:27.384+0000] {dagbag.py:538} INFO - Filling up the DagBag from /home/airflow/.local/lib/python3.7/site-packages/airflow/example_dags/tutorial_taskflow_api_virtualenv.py
[2026-10-01T00:10:27.428+0000] {processor.py:753} INFO - DAG(s) dict_keys(['tutorial_taskflow_api_virtualenv']) retrieved from /home/airflow/.local/lib/python3.7/site-packages/airflow/example_dags/tutorial_taskflow_api_virtualenv.py
[2026-10-01T00:10:27.494+0000] {logging_mixin.py:137} INFO - [2026-10-01T00:10:27.494+0000] {dag.py:2676} INFO - Sync 1 DAGs
[2026-10-01T00:10:27.539+0000] {logging_mixin.py:137} INFO - [2026-10-01T00:10:27.539+0000] {dag.py:3427} INFO - Setting next_dagrun for tutorial_taskflow_api_virtualenv to None, run_after=None
[2026-10-01T00:10:27.565+0000] {processor.py:175} INFO - Processing /home/airflow/.local/lib/python3.7/site-packages/airflow/example_dags/tutorial_taskflow_api_virtualenv.py took 0.186 seconds
[2026-10-01T00:10:58.176+0000] {processor.py:153} INFO - Started process (PID=16715) to work on /home/airflow/.local/lib/python3.7/site-packages/airflow/example_dags/tutorial_taskflow_api_virtualenv.py
[2026-10-01T00:10:58.177+0000] {processor.py:743} INFO - Processing file /home/airflow/.local/lib/python3.7/site-packages/airflow/example_dags/tutorial_taskflow_api_virtualenv.py for tasks to queue
[2026-10-01T00:10:58.178+0000] {logging_mixin.py:137} INFO - [2026-10-01T00:10:58.178+0000] {dagbag.py:538} INFO - Filling up the DagBag from /home/airflow/.local/lib/python3.7/site-packages/airflow/example_dags/tutorial_taskflow_api_virtualenv.py
[2026-10-01T00:10:58.212+0000] {processor.py:753} INFO - DAG(s) dict_keys(['tutorial_taskflow_api_virtualenv']) retrieved from /home/airflow/.local/lib/python3.7/site-packages/airflow/example_dags/tutorial_taskflow_api_virtualenv.py
[2026-10-01T00:10:58.276+0000] {logging_mixin.py:137} INFO - [2026-10-01T00:10:58.276+0000] {dag.py:2676} INFO - Sync 1 DAGs
[2026-10-01T00:10:58.316+0000] {logging_mixin.py:137} INFO - [2026-10-01T00:10:58.315+0000] {dag.py:3427} INFO - Setting next_dagrun for tutorial_taskflow_api_virtualenv to None, run_after=None
[2026-10-01T00:10:58.343+0000] {processor.py:175} INFO - Processing /home/airflow/.local/lib/python3.7/site-packages/airflow/example_dags/tutorial_taskflow_api_virtualenv.py took 0.174 seconds
[2026-10-01T00:11:28.620+0000] {processor.py:153} INFO - Started process (PID=16794) to work on /home/airflow/.local/lib/python3.7/site-packages/airflow/example_dags/tutorial_taskflow_api_virtualenv.py
[2026-10-01T00:11:28.621+0000] {processor.py:743} INFO - Processing file /home/airflow/.local/lib/python3.7/site-packages/airflow/example_dags/tutorial_taskflow_api_virtualenv.py for tasks to queue
[2026-10-01T00:11:28.621+0000] {logging_mixin.py:137} INFO - [2026-10-01T00:11:28.621+0000] {dagbag.py:538} INFO - Filling up the DagBag from /home/airflow/.local/lib/python3.7/site-packages/airflow/example_dags/tutorial_taskflow_api_virtualenv.py
[2026-10-01T00:11:28.651+0000] {processor.py:753} INFO - DAG(s) dict_keys(['tutorial_taskflow_api_virtualenv']) retrieved from /home/airflow/.local/lib/python3.7/site-packages/airflow/example_dags/tutorial_taskflow_api_virtualenv.py
[2026-10-01T00:11:28.705+0000] {logging_mixin.py:137} INFO - [2026-10-01T00:11:28.705+0000] {dag.py:2676} INFO - Sync 1 DAGs
[2026-10-01T00:11:28.740+0000] {logging_mixin.py:137} INFO - [2026-10-01T00:11:28.740+0000] {dag.py:3427} INFO - Setting next_dagrun for tutorial_taskflow_api_virtualenv to None, run_after=None
[2026-10-01T00:11:28.762+0000] {processor.py:175} INFO - Processing /home/airflow/.local/lib/python3.7/site-packages/airflow/example_dags/tutorial_taskflow_api_virtualenv.py took 0.147 seconds
[2026-10-01T00:11:58.915+0000] {processor.py:153} INFO - Started process (PID=16893) to work on /home/airflow/.local/lib/python3.7/site-packages/airflow/example_dags/tutorial_taskflow_api_virtualenv.py
[2026-10-01T00:11:58.916+0000] {processor.py:743} INFO - Processing file /home/airflow/.local/lib/python3.7/site-packages/airflow/example_dags/tutorial_taskflow_api_virtualenv.py for tasks to queue
[2026-10-01T00:11:58.917+0000] {logging_mixin.py:137} INFO - [2026-10-01T00:11:58.917+0000] {dagbag.py:538} INFO - Filling up the DagBag from /home/airflow/.local/lib/python3.7/site-packages/airflow/example_dags/tutorial_taskflow_api_virtualenv.py
[2026-10-01T00:11:58.956+0000] {processor.py:753} INFO - DAG(s) dict_keys(['tutorial_taskflow_api_virtualenv']) retrieved from /home/airflow/.local/lib/python3.7/site-packages/airflow/example_dags/tutorial_taskflow_api_virtualenv.py
[2026-10-01T00:11:59.025+0000] {logging_mixin.py:137} INFO - [2026-10-01T00:11:59.024+0000] {dag.py:2676} INFO - Sync 1 DAGs
[2026-10-01T00:11:59.067+0000] {logging_mixin.py:137} INFO - [2026-10-01T00:11:59.066+0000] {dag.py:3427} INFO - Setting next_dagrun for tutorial_taskflow_api_virtualenv to None, run_after=None
[2026-10-01T00:11:59.085+0000] {processor.py:175} INFO - Processing /home/airflow/.local/lib/python3.7/site-packages/airflow/example_dags/tutorial_taskflow_api_virtualenv.py took 0.174 seconds
[2026-10-01T00:12:30.035+0000] {processor.py:153} INFO - Started process (PID=16972) to work on /home/airflow/.local/lib/python3.7/site-packages/airflow/example_dags/tutorial_taskflow_api_virtualenv.py
[2026-10-01T00:12:30.036+0000] {processor.py:743} INFO - Processing file /home/airflow/.local/lib/python3.7/site-packages/airflow/example_dags/tutorial_taskflow_api_virtualenv.py for tasks to queue
[2026-10-01T00:12:30.037+0000] {logging_mixin.py:137} INFO - [2026-10-01T00:12:30.037+0000] {dagbag.py:538} INFO - Filling up the DagBag from /home/airflow/.local/lib/python3.7/site-packages/airflow/example_dags/tutorial_taskflow_api_virtualenv.py
[2026-10-01T00:12:30.069+0000] {processor.py:753} INFO - DAG(s) dict_keys(['tutorial_taskflow_api_virtualenv']) retrieved from /home/airflow/.local/lib/python3.7/site-packages/airflow/example_dags/tutorial_taskflow_api_virtualenv.py
[2026-10-01T00:12:30.120+0000] {logging_mixin.py:137} INFO - [2026-10-01T00:12:30.120+0000] {dag.py:2676} INFO - Sync 1 DAGs
[2026-10-01T00:12:30.152+0000] {logging_mixin.py:137} INFO - [2026-10-01T00:12:30.152+0000] {dag.py:3427} INFO - Setting next_dagrun for tutorial_taskflow_api_virtualenv to None, run_after=None
[2026-10-01T00:12:30.176+0000] {processor.py:175} INFO - Processing /home/airflow/.local/lib/python3.7/site-packages/airflow/example_dags/tutorial_taskflow_api_virtualenv.py took 0.144 seconds
[2026-10-01T00:13:00.468+0000] {processor.py:153} INFO - Started process (PID=17051) to work on /home/airflow/.local/lib/python3.7/site-packages/airflow/example_dags/tutorial_taskflow_api_virtualenv.py
[2026-10-01T00:13:00.470+0000] {processor.py:743} INFO - Processing file /home/airflow/.local/lib/python3.7/site-packages/airflow/example_dags/tutorial_taskflow_api_virtualenv.py for tasks to queue
[2026-10-01T00:13:00.471+0000] {logging_mixin.py:137} INFO - [2026-10-01T00:13:00.471+0000] {dagbag.py:538} INFO - Filling up the DagBag from /home/airflow/.local/lib/python3.7/site-packages/airflow/example_dags/tutorial_taskflow_api_virtualenv.py
[2026-10-01T00:13:00.512+0000] {processor.py:753} INFO - DAG(s) dict_keys(['tutorial_taskflow_api_virtualenv']) retrieved from /home/airflow/.local/lib/python3.7/site-packages/airflow/example_dags/tutorial_taskflow_api_virtualenv.py
[2026-10-01T00:13:00.583+0000] {logging_mixin.py:137} INFO - [2026-10-01T00:13:00.582+0000] {dag.py:2676} INFO - Sync 1 DAGs
[2026-10-01T00:13:00.631+0000] {logging_mixin.py:137} INFO - [2026-10-01T00:13:00.630+0000] {dag.py:3427} INFO - Setting next_dagrun for tutorial_taskflow_api_virtualenv to None, run_after=None
[2026-10-01T00:13:00.664+0000] {processor.py:175} INFO - Processing /home/airflow/.local/lib/python3.7/site-packages/airflow/example_dags/tutorial_taskflow_api_virtualenv.py took 0.202 seconds
[2026-10-01T00:13:31.017+0000] {processor.py:153} INFO - Started process (PID=17130) to work on /home/airflow/.local/lib/python3.7/site-packages/airflow/example_dags/tutorial_taskflow_api_virtualenv.py
[2026-10-01T00:13:31.018+0000] {processor.py:743} INFO - Processing file /home/airflow/.local/lib/python3.7/site-packages/airflow/example_dags/tutorial_taskflow_api_virtualenv.py for tasks to queue
[2026-10-01T00:13:31.019+0000] {logging_mixin.py:137} INFO - [2026-10-01T00:13:31.019+0000] {dagbag.py:538} INFO - Filling up the DagBag from /home/airflow/.local/lib/python3.7/site-packages/airflow/example_dags/tutorial_taskflow_api_virtualenv.py
[2026-10-01T00:13:31.065+0000] {processor.py:753} INFO - DAG(s) dict_keys(['tutorial_taskflow_api_virtualenv']) retrieved from /home/airflow/.local/lib/python3.7/site-packages/airflow/example_dags/tutorial_taskflow_api_virtualenv.py
[2026-10-01T00:13:31.126+0000] {logging_mixin.py:137} INFO - [2026-10-01T00:13:31.125+0000] {dag.py:2676} INFO - Sync 1 DAGs
[2026-10-01T00:13:31.156+0000] {logging_mixin.py:137} INFO - [2026-10-01T00:13:31.156+0000] {dag.py:3427} INFO - Setting next_dagrun for tutorial_taskflow_api_virtualenv to None, run_after=None
[2026-10-01T00:13:31.176+0000] {processor.py:175} INFO - Processing /home/airflow/.local/lib/python3.7/site-packages/airflow/example_dags/tutorial_taskflow_api_virtualenv.py took 0.166 seconds
[2026-10-01T00:14:01.308+0000] {processor.py:153} INFO - Started process (PID=17229) to work on /home/airflow/.local/lib/python3.7/site-packages/airflow/example_dags/tutorial_taskflow_api_virtualenv.py
[2026-10-01T00:14:01.309+0000] {processor.py:743} INFO - Processing file /home/airflow/.local/lib/python3.7/site-packages/airflow/example_dags/tutorial_taskflow_api_virtualenv.py for tasks to queue
[2026-10-01T00:14:01.309+0000] {logging_mixin.py:137} INFO - [2026-10-01T00:14:01.309+0000] {dagbag.py:538} INFO - Filling up the DagBag from /home/airflow/.local/lib/python3.7/site-packages/airflow/example_dags/tutorial_taskflow_api_virtualenv.py
[2026-10-01T00:14:01.337+0000] {processor.py:753} INFO - DAG(s) dict_keys(['tutorial_taskflow_api_virtualenv']) retrieved from /home/airflow/.local/lib/python3.7/site-packages/airflow/example_dags/tutorial_taskflow_api_virtualenv.py
[2026-10-01T00:14:01.386+0000] {logging_mixin.py:137} INFO - [2026-10-01T00:14:01.385+0000] {dag.py:2676} INFO - Sync 1 DAGs
[2026-10-01T00:14:01.417+0000] {logging_mixin.py:137} INFO - [2026-10-01T00:14:01.417+0000] {dag.py:3427} INFO - Setting next_dagrun for tutorial_taskflow_api_virtualenv to None, run_after=None
[2026-10-01T00:14:01.437+0000] {processor.py:175} INFO - Processing /home/airflow/.local/lib/python3.7/site-packages/airflow/example_dags/tutorial_taskflow_api_virtualenv.py took 0.133 seconds
[2026-10-01T00:14:32.214+0000] {processor.py:153} INFO - Started process (PID=17308) to work on /home/airflow/.local/lib/python3.7/site-packages/airflow/example_dags/tutorial_taskflow_api_virtualenv.py
[2026-10-01T00:14:32.215+0000] {processor.py:743} INFO - Processing file /home/airflow/.local/lib/python3.7/site-packages/airflow/example_dags/tutorial_taskflow_api_virtualenv.py for tasks to queue
[2026-10-01T00:14:32.216+0000] {logging_mixin.py:137} INFO - [2026-10-01T00:14:32.216+0000] {dagbag.py:538} INFO - Filling up the DagBag from /home/airflow/.local/lib/python3.7/site-packages/airflow/example_dags/tutorial_taskflow_api_virtualenv.py
[2026-10-01T00:14:32.261+0000] {processor.py:753} INFO - DAG(s) dict_keys(['tutorial_taskflow_api_virtualenv']) retrieved from /home/airflow/.local/lib/python3.7/site-packages/airflow/example_dags/tutorial_taskflow_api_virtualenv.py
[2026-10-01T00:14:32.316+0000] {logging_mixin.py:137} INFO - [2026-10-01T00:14:32.316+0000] {dag.py:2676} INFO - Sync 1 DAGs
[2026-10-01T00:14:32.350+0000] {logging_mixin.py:137} INFO - [2026-10-01T00:14:32.349+0000] {dag.py:3427} INFO - Setting next_dagrun for tutorial_taskflow_api_virtualenv to None, run_after=None
[2026-10-01T00:14:32.373+0000] {processor.py:175} INFO - Processing /home/airflow/.local/lib/python3.7/site-packages/airflow/example_dags/tutorial_taskflow_api_virtualenv.py took 0.166 seconds
[2026-10-01T00:15:02.605+0000] {processor.py:153} INFO - Started process (PID=17387) to work on /home/airflow/.local/lib/python3.7/site-packages/airflow/example_dags/tutorial_taskflow_api_virtualenv.py
[2026-10-01T00:15:02.606+0000] {processor.py:743} INFO - Processing file /home/airflow/.local/lib/python3.7/site-packages/airflow/example_dags/tutorial_taskflow_api_virtualenv.py for tasks to queue
[2026-10-01T00:15:02.606+0000] {logging_mixin.py:137} INFO - [2026-10-01T00:15:02.606+0000] {dagbag.py:538} INFO - Filling up the DagBag from /home/airflow/.local/lib/python3.7/site-packages/airflow/example_dags/tutorial_taskflow_api_virtualenv.py
[2026-10-01T00:15:02.637+0000] {processor.py:753} INFO - DAG(s) dict_keys(['tutorial_taskflow_api_virtualenv']) retrieved from /home/airflow/.local/lib/python3.7/site-packages/airflow/example_dags/tutorial_taskflow_api_virtualenv.py
[2026-10-01T00:15:02.688+0000] {logging_mixin.py:137} INFO - [2026-10-01T00:15:02.687+0000] {dag.py:2676} INFO - Sync 1 DAGs
[2026-10-01T00:15:02.718+0000] {logging_mixin.py:137} INFO - [2026-10-01T00:15:02.718+0000] {dag.py:3427} INFO - Setting next_dagrun for tutorial_taskflow_api_virtualenv to None, run_after=None
[2026-10-01T00:15:02.739+0000] {processor.py:175} INFO - Processing /home/airflow/.local/lib/python3.7/site-packages/airflow/example_dags/tutorial_taskflow_api_virtualenv.py took 0.138 seconds
[2026-10-01T00:15:32.868+0000] {processor.py:153} INFO - Started process (PID=17465) to work on /home/airflow/.local/lib/python3.7/site-packages/airflow/example_dags/tutorial_taskflow_api_virtualenv.py
[2026-10-01T00:15:32.869+0000] {processor.py:743} INFO - Processing file /home/airflow/.local/lib/python3.7/site-packages/airflow/example_dags/tutorial_taskflow_api_virtualenv.py for tasks to queue
[2026-10-01T00:15:32.870+0000] {logging_mixin.py:137} INFO - [2026-10-01T00:15:32.869+0000] {dagbag.py:538} INFO - Filling up the DagBag from /home/airflow/.local/lib/python3.7/site-packages/airflow/example_dags/tutorial_taskflow_api_virtualenv.py
[2026-10-01T00:15:32.900+0000] {processor.py:753} INFO - DAG(s) dict_keys(['tutorial_taskflow_api_virtualenv']) retrieved from /home/airflow/.local/lib/python3.7/site-packages/airflow/example_dags/tutorial_taskflow_api_virtualenv.py
[2026-10-01T00:15:32.949+0000] {logging_mixin.py:137} INFO - [2026-10-01T00:15:32.949+0000] {dag.py:2676} INFO - Sync 1 DAGs
[2026-10-01T00:15:32.980+0000] {logging_mixin.py:137} INFO - [2026-10-01T00:15:32.979+0000] {dag.py:3427} INFO - Setting next_dagrun for tutorial_taskflow_api_virtualenv to None, run_after=None
[2026-10-01T00:15:33.013+0000] {processor.py:175} INFO - Processing /home/airflow/.local/lib/python3.7/site-packages/airflow/example_dags/tutorial_taskflow_api_virtualenv.py took 0.149 seconds
[2026-10-01T00:16:03.528+0000] {processor.py:153} INFO - Started process (PID=17565) to work on /home/airflow/.local/lib/python3.7/site-packages/airflow/example_dags/tutorial_taskflow_api_virtualenv.py
[2026-10-01T00:16:03.529+0000] {processor.py:743} INFO - Processing file /home/airflow/.local/lib/python3.7/site-packages/airflow/example_dags/tutorial_taskflow_api_virtualenv.py for tasks to queue
[2026-10-01T00:16:03.530+0000] {logging_mixin.py:137} INFO - [2026-10-01T00:16:03.530+0000] {dagbag.py:538} INFO - Filling up the DagBag from /home/airflow/.local/lib/python3.7/site-packages/airflow/example_dags/tutorial_taskflow_api_virtualenv.py
[2026-10-01T00:16:03.562+0000] {processor.py:753} INFO - DAG(s) dict_keys(['tutorial_taskflow_api_virtualenv']) retrieved from /home/airflow/.local/lib/python3.7/site-packages/airflow/example_dags/tutorial_taskflow_api_virtualenv.py
[2026-10-01T00:16:03.618+0000] {logging_mixin.py:137} INFO - [2026-10-01T00:16:03.618+0000] {dag.py:2676} INFO - Sync 1 DAGs
[2026-10-01T00:16:03.654+0000] {logging_mixin.py:137} INFO - [2026-10-01T00:16:03.654+0000] {dag.py:3427} INFO - Setting next_dagrun for tutorial_taskflow_api_virtualenv to None, run_after=None
[2026-10-01T00:16:03.676+0000] {processor.py:175} INFO - Processing /home/airflow/.local/lib/python3.7/site-packages/airflow/example_dags/tutorial_taskflow_api_virtualenv.py took 0.154 seconds
[2026-10-01T00:16:34.635+0000] {processor.py:153} INFO - Started process (PID=17644) to work on /home/airflow/.local/lib/python3.7/site-packages/airflow/example_dags/tutorial_taskflow_api_virtualenv.py
[2026-10-01T00:16:34.635+0000] {processor.py:743} INFO - Processing file /home/airflow/.local/lib/python3.7/site-packages/airflow/example_dags/tutorial_taskflow_api_virtualenv.py for tasks to queue
[2026-10-01T00:16:34.636+0000] {logging_mixin.py:137} INFO - [2026-10-01T00:16:34.636+0000] {dagbag.py:538} INFO - Filling up the DagBag from /home/airflow/.local/lib/python3.7/site-packages/airflow/example_dags/tutorial_taskflow_api_virtualenv.py
[2026-10-01T00:16:34.668+0000] {processor.py:753} INFO - DAG(s) dict_keys(['tutorial_taskflow_api_virtualenv']) retrieved from /home/airflow/.local/lib/python3.7/site-packages/airflow/example_dags/tutorial_taskflow_api_virtualenv.py
[2026-10-01T00:16:34.718+0000] {logging_mixin.py:137} INFO - [2026-10-01T00:16:34.718+0000] {dag.py:2676} INFO - Sync 1 DAGs
[2026-10-01T00:16:34.751+0000] {logging_mixin.py:137} INFO - [2026-10-01T00:16:34.751+0000] {dag.py:3427} INFO - Setting next_dagrun for tutorial_taskflow_api_virtualenv to None, run_after=None
[2026-10-01T00:16:34.773+0000] {processor.py:175} INFO - Processing /home/airflow/.local/lib/python3.7/site-packages/airflow/example_dags/tutorial_taskflow_api_virtualenv.py took 0.142 seconds
[2026-10-01T00:17:05.464+0000] {processor.py:153} INFO - Started process (PID=17723) to work on /home/airflow/.local/lib/python3.7/site-packages/airflow/example_dags/tutorial_taskflow_api_virtualenv.py
[2026-10-01T00:17:05.466+0000] {processor.py:743} INFO - Processing file /home/airflow/.local/lib/python3.7/site-packages/airflow/example_dags/tutorial_taskflow_api_virtualenv.py for tasks to queue
[2026-10-01T00:17:05.467+0000] {logging_mixin.py:137} INFO - [2026-10-01T00:17:05.467+0000] {dagbag.py:538} INFO - Filling up the DagBag from /home/airflow/.local/lib/python3.7/site-packages/airflow/example_dags/tutorial_taskflow_api_virtualenv.py
[2026-10-01T00:17:05.514+0000] {processor.py:753} INFO - DAG(s) dict_keys(['tutorial_taskflow_api_virtualenv']) retrieved from /home/airflow/.local/lib/python3.7/site-packages/airflow/example_dags/tutorial_taskflow_api_virtualenv.py
[2026-10-01T00:17:05.580+0000] {logging_mixin.py:137} INFO - [2026-10-01T00:17:05.580+0000] {dag.py:2676} INFO - Sync 1 DAGs
[2026-10-01T00:17:05.628+0000] {logging_mixin.py:137} INFO - [2026-10-01T00:17:05.628+0000] {dag.py:3427} INFO - Setting next_dagrun for tutorial_taskflow_api_virtualenv to None, run_after=None
[2026-10-01T00:17:05.661+0000] {processor.py:175} INFO - Processing /home/airflow/.local/lib/python3.7/site-packages/airflow/example_dags/tutorial_taskflow_api_virtualenv.py took 0.204 seconds
[2026-10-01T00:17:36.512+0000] {processor.py:153} INFO - Started process (PID=17811) to work on /home/airflow/.local/lib/python3.7/site-packages/airflow/example_dags/tutorial_taskflow_api_virtualenv.py
[2026-10-01T00:17:36.514+0000] {processor.py:743} INFO - Processing file /home/airflow/.local/lib/python3.7/site-packages/airflow/example_dags/tutorial_taskflow_api_virtualenv.py for tasks to queue
[2026-10-01T00:17:36.515+0000] {logging_mixin.py:137} INFO - [2026-10-01T00:17:36.514+0000] {dagbag.py:538} INFO - Filling up the DagBag from /home/airflow/.local/lib/python3.7/site-packages/airflow/example_dags/tutorial_taskflow_api_virtualenv.py
[2026-10-01T00:17:36.562+0000] {processor.py:753} INFO - DAG(s) dict_keys(['tutorial_taskflow_api_virtualenv']) retrieved from /home/airflow/.local/lib/python3.7/site-packages/airflow/example_dags/tutorial_taskflow_api_virtualenv.py
[2026-10-01T00:17:36.615+0000] {logging_mixin.py:137} INFO - [2026-10-01T00:17:36.614+0000] {dag.py:2676} INFO - Sync 1 DAGs
[2026-10-01T00:17:36.655+0000] {logging_mixin.py:137} INFO - [2026-10-01T00:17:36.655+0000] {dag.py:3427} INFO - Setting next_dagrun for tutorial_taskflow_api_virtualenv to None, run_after=None
[2026-10-01T00:17:36.684+0000] {processor.py:175} INFO - Processing /home/airflow/.local/lib/python3.7/site-packages/airflow/example_dags/tutorial_taskflow_api_virtualenv.py took 0.176 seconds
[2026-10-01T00:18:06.879+0000] {processor.py:153} INFO - Started process (PID=17901) to work on /home/airflow/.local/lib/python3.7/site-packages/airflow/example_dags/tutorial_taskflow_api_virtualenv.py
[2026-10-01T00:18:06.880+0000] {processor.py:743} INFO - Processing file /home/airflow/.local/lib/python3.7/site-packages/airflow/example_dags/tutorial_taskflow_api_virtualenv.py for tasks to queue
[2026-10-01T00:18:06.881+0000] {logging_mixin.py:137} INFO - [2026-10-01T00:18:06.881+0000] {dagbag.py:538} INFO - Filling up the DagBag from /home/airflow/.local/lib/python3.7/site-packages/airflow/example_dags/tutorial_taskflow_api_virtualenv.py
[2026-10-01T00:18:06.912+0000] {processor.py:753} INFO - DAG(s) dict_keys(['tutorial_taskflow_api_virtualenv']) retrieved from /home/airflow/.local/lib/python3.7/site-packages/airflow/example_dags/tutorial_taskflow_api_virtualenv.py
[2026-10-01T00:18:06.965+0000] {logging_mixin.py:137} INFO - [2026-10-01T00:18:06.965+0000] {dag.py:2676} INFO - Sync 1 DAGs
[2026-10-01T00:18:07.001+0000] {logging_mixin.py:137} INFO - [2026-10-01T00:18:07.001+0000] {dag.py:3427} INFO - Setting next_dagrun for tutorial_taskflow_api_virtualenv to None, run_after=None
[2026-10-01T00:18:07.022+0000] {processor.py:175} INFO - Processing /home/airflow/.local/lib/python3.7/site-packages/airflow/example_dags/tutorial_taskflow_api_virtualenv.py took 0.148 seconds
[2026-10-01T00:18:37.386+0000] {processor.py:153} INFO - Started process (PID=17980) to work on /home/airflow/.local/lib/python3.7/site-packages/airflow/example_dags/tutorial_taskflow_api_virtualenv.py
[2026-10-01T00:18:37.387+0000] {processor.py:743} INFO - Processing file /home/airflow/.local/lib/python3.7/site-packages/airflow/example_dags/tutorial_taskflow_api_virtualenv.py for tasks to queue
[2026-10-01T00:18:37.388+0000] {logging_mixin.py:137} INFO - [2026-10-01T00:18:37.388+0000] {dagbag.py:538} INFO - Filling up the DagBag from /home/airflow/.local/lib/python3.7/site-packages/airflow/example_dags/tutorial_taskflow_api_virtualenv.py
[2026-10-01T00:18:37.434+0000] {processor.py:753} INFO - DAG(s) dict_keys(['tutorial_taskflow_api_virtualenv']) retrieved from /home/airflow/.local/lib/python3.7/site-packages/airflow/example_dags/tutorial_taskflow_api_virtualenv.py
[2026-10-01T00:18:37.499+0000] {logging_mixin.py:137} INFO - [2026-10-01T00:18:37.499+0000] {dag.py:2676} INFO - Sync 1 DAGs
[2026-10-01T00:18:37.538+0000] {logging_mixin.py:137} INFO - [2026-10-01T00:18:37.538+0000] {dag.py:3427} INFO - Setting next_dagrun for tutorial_taskflow_api_virtualenv to None, run_after=None
[2026-10-01T00:18:37.570+0000] {processor.py:175} INFO - Processing /home/airflow/.local/lib/python3.7/site-packages/airflow/example_dags/tutorial_taskflow_api_virtualenv.py took 0.191 seconds
[2026-10-01T00:19:08.170+0000] {processor.py:153} INFO - Started process (PID=18059) to work on /home/airflow/.local/lib/python3.7/site-packages/airflow/example_dags/tutorial_taskflow_api_virtualenv.py
[2026-10-01T00:19:08.172+0000] {processor.py:743} INFO - Processing file /home/airflow/.local/lib/python3.7/site-packages/airflow/example_dags/tutorial_taskflow_api_virtualenv.py for tasks to queue
[2026-10-01T00:19:08.173+0000] {logging_mixin.py:137} INFO - [2026-10-01T00:19:08.173+0000] {dagbag.py:538} INFO - Filling up the DagBag from /home/airflow/.local/lib/python3.7/site-packages/airflow/example_dags/tutorial_taskflow_api_virtualenv.py
[2026-10-01T00:19:08.226+0000] {processor.py:753} INFO - DAG(s) dict_keys(['tutorial_taskflow_api_virtualenv']) retrieved from /home/airflow/.local/lib/python3.7/site-packages/airflow/example_dags/tutorial_taskflow_api_virtualenv.py
[2026-10-01T00:19:08.324+0000] {logging_mixin.py:137} INFO - [2026-10-01T00:19:08.323+0000] {dag.py:2676} INFO - Sync 1 DAGs
[2026-10-01T00:19:08.371+0000] {logging_mixin.py:137} INFO - [2026-10-01T00:19:08.371+0000] {dag.py:3427} INFO - Setting next_dagrun for tutorial_taskflow_api_virtualenv to None, run_after=None
[2026-10-01T00:19:08.397+0000] {processor.py:175} INFO - Processing /home/airflow/.local/lib/python3.7/site-packages/airflow/example_dags/tutorial_taskflow_api_virtualenv.py took 0.231 seconds
[2026-10-01T00:19:39.155+0000] {processor.py:153} INFO - Started process (PID=18158) to work on /home/airflow/.local/lib/python3.7/site-packages/airflow/example_dags/tutorial_taskflow_api_virtualenv.py
[2026-10-01T00:19:39.157+0000] {processor.py:743} INFO - Processing file /home/airflow/.local/lib/python3.7/site-packages/airflow/example_dags/tutorial_taskflow_api_virtualenv.py for tasks to queue
[2026-10-01T00:19:39.158+0000] {logging_mixin.py:137} INFO - [2026-10-01T00:19:39.158+0000] {dagbag.py:538} INFO - Filling up the DagBag from /home/airflow/.local/lib/python3.7/site-packages/airflow/example_dags/tutorial_taskflow_api_virtualenv.py
[2026-10-01T00:19:39.209+0000] {processor.py:753} INFO - DAG(s) dict_keys(['tutorial_taskflow_api_virtualenv']) retrieved from /home/airflow/.local/lib/python3.7/site-packages/airflow/example_dags/tutorial_taskflow_api_virtualenv.py
[2026-10-01T00:19:39.259+0000] {logging_mixin.py:137} INFO - [2026-10-01T00:19:39.259+0000] {dag.py:2676} INFO - Sync 1 DAGs
[2026-10-01T00:19:39.295+0000] {logging_mixin.py:137} INFO - [2026-10-01T00:19:39.295+0000] {dag.py:3427} INFO - Setting next_dagrun for tutorial_taskflow_api_virtualenv to None, run_after=None
[2026-10-01T00:19:39.320+0000] {processor.py:175} INFO - Processing /home/airflow/.local/lib/python3.7/site-packages/airflow/example_dags/tutorial_taskflow_api_virtualenv.py took 0.171 seconds
[2026-10-01T00:20:09.539+0000] {processor.py:153} INFO - Started process (PID=18237) to work on /home/airflow/.local/lib/python3.7/site-packages/airflow/example_dags/tutorial_taskflow_api_virtualenv.py
[2026-10-01T00:20:09.541+0000] {processor.py:743} INFO - Processing file /home/airflow/.local/lib/python3.7/site-packages/airflow/example_dags/tutorial_taskflow_api_virtualenv.py for tasks to queue
[2026-10-01T00:20:09.542+0000] {logging_mixin.py:137} INFO - [2026-10-01T00:20:09.542+0000] {dagbag.py:538} INFO - Filling up the DagBag from /home/airflow/.local/lib/python3.7/site-packages/airflow/example_dags/tutorial_taskflow_api_virtualenv.py
[2026-10-01T00:20:09.571+0000] {processor.py:753} INFO - DAG(s) dict_keys(['tutorial_taskflow_api_virtualenv']) retrieved from /home/airflow/.local/lib/python3.7/site-packages/airflow/example_dags/tutorial_taskflow_api_virtualenv.py
[2026-10-01T00:20:09.620+0000] {logging_mixin.py:137} INFO - [2026-10-01T00:20:09.620+0000] {dag.py:2676} INFO - Sync 1 DAGs
[2026-10-01T00:20:09.661+0000] {logging_mixin.py:137} INFO - [2026-10-01T00:20:09.661+0000] {dag.py:3427} INFO - Setting next_dagrun for tutorial_taskflow_api_virtualenv to None, run_after=None
[2026-10-01T00:20:09.689+0000] {processor.py:175} INFO - Processing /home/airflow/.local/lib/python3.7/site-packages/airflow/example_dags/tutorial_taskflow_api_virtualenv.py took 0.156 seconds
[2026-10-01T00:20:39.742+0000] {processor.py:153} INFO - Started process (PID=18315) to work on /home/airflow/.local/lib/python3.7/site-packages/airflow/example_dags/tutorial_taskflow_api_virtualenv.py
[2026-10-01T00:20:39.743+0000] {processor.py:743} INFO - Processing file /home/airflow/.local/lib/python3.7/site-packages/airflow/example_dags/tutorial_taskflow_api_virtualenv.py for tasks to queue
[2026-10-01T00:20:39.744+0000] {logging_mixin.py:137} INFO - [2026-10-01T00:20:39.744+0000] {dagbag.py:538} INFO - Filling up the DagBag from /home/airflow/.local/lib/python3.7/site-packages/airflow/example_dags/tutorial_taskflow_api_virtualenv.py
[2026-10-01T00:20:39.796+0000] {processor.py:753} INFO - DAG(s) dict_keys(['tutorial_taskflow_api_virtualenv']) retrieved from /home/airflow/.local/lib/python3.7/site-packages/airflow/example_dags/tutorial_taskflow_api_virtualenv.py
[2026-10-01T00:20:39.866+0000] {logging_mixin.py:137} INFO - [2026-10-01T00:20:39.866+0000] {dag.py:2676} INFO - Sync 1 DAGs
[2026-10-01T00:20:39.916+0000] {logging_mixin.py:137} INFO - [2026-10-01T00:20:39.915+0000] {dag.py:3427} INFO - Setting next_dagrun for tutorial_taskflow_api_virtualenv to None, run_after=None
[2026-10-01T00:20:39.952+0000] {processor.py:175} INFO - Processing /home/airflow/.local/lib/python3.7/site-packages/airflow/example_dags/tutorial_taskflow_api_virtualenv.py took 0.218 seconds
