[2026-09-30T21:50:37.820+0000] {taskinstance.py:1087} INFO - Dependencies all met for <TaskInstance: near_earth_objects.init_table scheduled__2026-05-01T00:00:00+00:00 [queued]>
[2026-09-30T21:50:37.837+0000] {taskinstance.py:1087} INFO - Dependencies all met for <TaskInstance: near_earth_objects.init_table scheduled__2026-05-01T00:00:00+00:00 [queued]>
[2026-09-30T21:50:37.837+0000] {taskinstance.py:1283} INFO - 
--------------------------------------------------------------------------------
[2026-09-30T21:50:37.837+0000] {taskinstance.py:1284} INFO - Starting attempt 1 of 1
[2026-09-30T21:50:37.837+0000] {taskinstance.py:1285} INFO - 
--------------------------------------------------------------------------------
[2026-09-30T21:50:37.874+0000] {taskinstance.py:1304} INFO - Executing <Task(_PythonDecoratedOperator): init_table> on 2026-05-01 00:00:00+00:00
[2026-09-30T21:50:37.888+0000] {standard_task_runner.py:55} INFO - Started process 14953 to run task
[2026-09-30T21:50:37.896+0000] {standard_task_runner.py:82} INFO - Running: ['***', 'tasks', 'run', 'near_earth_objects', 'init_table', 'scheduled__2026-05-01T00:00:00+00:00', '--job-id', '124', '--raw', '--subdir', 'DAGS_FOLDER/near_earth_objects.py', '--cfg-path', '/tmp/tmptso900c6']
[2026-09-30T21:50:37.897+0000] {standard_task_runner.py:83} INFO - Job 124: Subtask init_table
[2026-09-30T21:50:37.999+0000] {task_command.py:389} INFO - Running <TaskInstance: near_earth_objects.init_table scheduled__2026-05-01T00:00:00+00:00 [running]> on host 99d7515dcb98
[2026-09-30T21:50:38.115+0000] {taskinstance.py:1513} INFO - Exporting the following env vars:
AIRFLOW_CTX_DAG_OWNER=***
AIRFLOW_CTX_DAG_ID=near_earth_objects
AIRFLOW_CTX_TASK_ID=init_table
AIRFLOW_CTX_EXECUTION_DATE=2026-05-01T00:00:00+00:00
AIRFLOW_CTX_TRY_NUMBER=1
AIRFLOW_CTX_DAG_RUN_ID=scheduled__2026-05-01T00:00:00+00:00
[2026-09-30T21:50:38.130+0000] {taskinstance.py:1772} ERROR - Task failed with exception
Traceback (most recent call last):
  File "/home/airflow/.local/lib/python3.7/site-packages/airflow/decorators/base.py", line 217, in execute
    return_value = super().execute(context)
  File "/home/airflow/.local/lib/python3.7/site-packages/airflow/operators/python.py", line 175, in execute
    return_value = self.execute_callable()
  File "/home/airflow/.local/lib/python3.7/site-packages/airflow/operators/python.py", line 192, in execute_callable
    return self.python_callable(*self.op_args, **self.op_kwargs)
  File "/opt/airflow/dags/near_earth_objects.py", line 18, in init_table
    conn = psycopg2.connect(Variable.get('dburi'))
  File "/home/airflow/.local/lib/python3.7/site-packages/psycopg2/__init__.py", line 122, in connect
    conn = _connect(dsn, connection_factory=connection_factory, **kwasync)
psycopg2.OperationalError: connection to server at "localhost" (::1), port 5432 failed: Connection refused
	Is the server running on that host and accepting TCP/IP connections?
connection to server at "localhost" (127.0.0.1), port 5432 failed: Connection refused
	Is the server running on that host and accepting TCP/IP connections?

[2026-09-30T21:50:38.142+0000] {taskinstance.py:1327} INFO - Marking task as FAILED. dag_id=near_earth_objects, task_id=init_table, execution_date=20260501T000000, start_date=20260930T215037, end_date=20260930T215038
[2026-09-30T21:50:38.159+0000] {standard_task_runner.py:105} ERROR - Failed to execute job 124 for task init_table (connection to server at "localhost" (::1), port 5432 failed: Connection refused
	Is the server running on that host and accepting TCP/IP connections?
connection to server at "localhost" (127.0.0.1), port 5432 failed: Connection refused
	Is the server running on that host and accepting TCP/IP connections?
; 14953)
[2026-09-30T21:50:38.189+0000] {local_task_job.py:159} INFO - Task exited with return code 1
[2026-09-30T21:50:38.230+0000] {taskinstance.py:2582} INFO - 0 downstream tasks scheduled from follow-on schedule check
[2026-09-30T22:12:28.937+0000] {taskinstance.py:1087} INFO - Dependencies all met for <TaskInstance: near_earth_objects.init_table scheduled__2026-05-01T00:00:00+00:00 [queued]>
[2026-09-30T22:12:28.949+0000] {taskinstance.py:1087} INFO - Dependencies all met for <TaskInstance: near_earth_objects.init_table scheduled__2026-05-01T00:00:00+00:00 [queued]>
[2026-09-30T22:12:28.949+0000] {taskinstance.py:1283} INFO - 
--------------------------------------------------------------------------------
[2026-09-30T22:12:28.949+0000] {taskinstance.py:1284} INFO - Starting attempt 1 of 1
[2026-09-30T22:12:28.949+0000] {taskinstance.py:1285} INFO - 
--------------------------------------------------------------------------------
[2026-09-30T22:12:28.964+0000] {taskinstance.py:1304} INFO - Executing <Task(_PythonDecoratedOperator): init_table> on 2026-05-01 00:00:00+00:00
[2026-09-30T22:12:28.975+0000] {standard_task_runner.py:55} INFO - Started process 17767 to run task
[2026-09-30T22:12:28.978+0000] {standard_task_runner.py:82} INFO - Running: ['***', 'tasks', 'run', 'near_earth_objects', 'init_table', 'scheduled__2026-05-01T00:00:00+00:00', '--job-id', '521', '--raw', '--subdir', 'DAGS_FOLDER/near_earth_objects.py', '--cfg-path', '/tmp/tmpsb95u_8z']
[2026-09-30T22:12:28.979+0000] {standard_task_runner.py:83} INFO - Job 521: Subtask init_table
[2026-09-30T22:12:29.054+0000] {task_command.py:389} INFO - Running <TaskInstance: near_earth_objects.init_table scheduled__2026-05-01T00:00:00+00:00 [running]> on host 99d7515dcb98
[2026-09-30T22:12:29.147+0000] {taskinstance.py:1513} INFO - Exporting the following env vars:
AIRFLOW_CTX_DAG_OWNER=***
AIRFLOW_CTX_DAG_ID=near_earth_objects
AIRFLOW_CTX_TASK_ID=init_table
AIRFLOW_CTX_EXECUTION_DATE=2026-05-01T00:00:00+00:00
AIRFLOW_CTX_TRY_NUMBER=1
AIRFLOW_CTX_DAG_RUN_ID=scheduled__2026-05-01T00:00:00+00:00
[2026-09-30T22:12:29.166+0000] {python.py:177} INFO - Done. Returned value was: None
[2026-09-30T22:12:29.179+0000] {taskinstance.py:1327} INFO - Marking task as SUCCESS. dag_id=near_earth_objects, task_id=init_table, execution_date=20260501T000000, start_date=20260930T221228, end_date=20260930T221229
[2026-09-30T22:12:29.229+0000] {local_task_job.py:159} INFO - Task exited with return code 0
[2026-09-30T22:12:29.259+0000] {taskinstance.py:2582} INFO - 0 downstream tasks scheduled from follow-on schedule check
