[2026-09-30T22:12:51.611+0000] {taskinstance.py:1087} INFO - Dependencies all met for <TaskInstance: near_earth_objects.api_request scheduled__2026-05-30T00:00:00+00:00 [queued]>
[2026-09-30T22:12:51.631+0000] {taskinstance.py:1087} INFO - Dependencies all met for <TaskInstance: near_earth_objects.api_request scheduled__2026-05-30T00:00:00+00:00 [queued]>
[2026-09-30T22:12:51.632+0000] {taskinstance.py:1283} INFO - 
--------------------------------------------------------------------------------
[2026-09-30T22:12:51.633+0000] {taskinstance.py:1284} INFO - Starting attempt 1 of 1
[2026-09-30T22:12:51.633+0000] {taskinstance.py:1285} INFO - 
--------------------------------------------------------------------------------
[2026-09-30T22:12:51.659+0000] {taskinstance.py:1304} INFO - Executing <Task(_PythonDecoratedOperator): api_request> on 2026-05-30 00:00:00+00:00
[2026-09-30T22:12:51.673+0000] {standard_task_runner.py:55} INFO - Started process 17927 to run task
[2026-09-30T22:12:51.677+0000] {standard_task_runner.py:82} INFO - Running: ['***', 'tasks', 'run', 'near_earth_objects', 'api_request', 'scheduled__2026-05-30T00:00:00+00:00', '--job-id', '589', '--raw', '--subdir', 'DAGS_FOLDER/near_earth_objects.py', '--cfg-path', '/tmp/tmpgpop6v0m']
[2026-09-30T22:12:51.678+0000] {standard_task_runner.py:83} INFO - Job 589: Subtask api_request
[2026-09-30T22:12:51.785+0000] {task_command.py:389} INFO - Running <TaskInstance: near_earth_objects.api_request scheduled__2026-05-30T00:00:00+00:00 [running]> on host 99d7515dcb98
[2026-09-30T22:12:51.883+0000] {taskinstance.py:1513} INFO - Exporting the following env vars:
AIRFLOW_CTX_DAG_OWNER=***
AIRFLOW_CTX_DAG_ID=near_earth_objects
AIRFLOW_CTX_TASK_ID=api_request
AIRFLOW_CTX_EXECUTION_DATE=2026-05-30T00:00:00+00:00
AIRFLOW_CTX_TRY_NUMBER=1
AIRFLOW_CTX_DAG_RUN_ID=scheduled__2026-05-30T00:00:00+00:00
[2026-09-30T22:12:51.903+0000] {taskinstance.py:1772} ERROR - Task failed with exception
Traceback (most recent call last):
  File "/home/airflow/.local/lib/python3.7/site-packages/airflow/decorators/base.py", line 217, in execute
    return_value = super().execute(context)
  File "/home/airflow/.local/lib/python3.7/site-packages/airflow/operators/python.py", line 175, in execute
    return_value = self.execute_callable()
  File "/home/airflow/.local/lib/python3.7/site-packages/airflow/operators/python.py", line 192, in execute_callable
    return self.python_callable(*self.op_args, **self.op_kwargs)
  File "/opt/airflow/dags/near_earth_objects.py", line 29, in api_request
    with Client(proxy=proxy) as request:
TypeError: __init__() got an unexpected keyword argument 'proxy'
[2026-09-30T22:12:51.916+0000] {taskinstance.py:1327} INFO - Marking task as FAILED. dag_id=near_earth_objects, task_id=api_request, execution_date=20260530T000000, start_date=20260930T221251, end_date=20260930T221251
[2026-09-30T22:12:51.932+0000] {standard_task_runner.py:105} ERROR - Failed to execute job 589 for task api_request (__init__() got an unexpected keyword argument 'proxy'; 17927)
[2026-09-30T22:12:51.970+0000] {local_task_job.py:159} INFO - Task exited with return code 1
[2026-09-30T22:12:52.006+0000] {taskinstance.py:2582} INFO - 0 downstream tasks scheduled from follow-on schedule check
