[2026-09-30T22:08:50.999+0000] {taskinstance.py:1087} INFO - Dependencies all met for <TaskInstance: near_earth_objects.init_table manual__2026-09-30T22:08:49.497584+00:00 [queued]>
[2026-09-30T22:08:51.009+0000] {taskinstance.py:1087} INFO - Dependencies all met for <TaskInstance: near_earth_objects.init_table manual__2026-09-30T22:08:49.497584+00:00 [queued]>
[2026-09-30T22:08:51.009+0000] {taskinstance.py:1283} INFO - 
--------------------------------------------------------------------------------
[2026-09-30T22:08:51.010+0000] {taskinstance.py:1284} INFO - Starting attempt 1 of 1
[2026-09-30T22:08:51.010+0000] {taskinstance.py:1285} INFO - 
--------------------------------------------------------------------------------
[2026-09-30T22:08:51.027+0000] {taskinstance.py:1304} INFO - Executing <Task(_PythonDecoratedOperator): init_table> on 2026-09-30 22:08:49.497584+00:00
[2026-09-30T22:08:51.038+0000] {standard_task_runner.py:55} INFO - Started process 16952 to run task
[2026-09-30T22:08:51.042+0000] {standard_task_runner.py:82} INFO - Running: ['***', 'tasks', 'run', 'near_earth_objects', 'init_table', 'manual__2026-09-30T22:08:49.497584+00:00', '--job-id', '286', '--raw', '--subdir', 'DAGS_FOLDER/near_earth_objects.py', '--cfg-path', '/tmp/tmpdicpgtq_']
[2026-09-30T22:08:51.043+0000] {standard_task_runner.py:83} INFO - Job 286: Subtask init_table
[2026-09-30T22:08:51.114+0000] {task_command.py:389} INFO - Running <TaskInstance: near_earth_objects.init_table manual__2026-09-30T22:08:49.497584+00:00 [running]> on host 99d7515dcb98
[2026-09-30T22:08:51.200+0000] {taskinstance.py:1513} INFO - Exporting the following env vars:
AIRFLOW_CTX_DAG_OWNER=***
AIRFLOW_CTX_DAG_ID=near_earth_objects
AIRFLOW_CTX_TASK_ID=init_table
AIRFLOW_CTX_EXECUTION_DATE=2026-09-30T22:08:49.497584+00:00
AIRFLOW_CTX_TRY_NUMBER=1
AIRFLOW_CTX_DAG_RUN_ID=manual__2026-09-30T22:08:49.497584+00:00
[2026-09-30T22:08:51.222+0000] {python.py:177} INFO - Done. Returned value was: None
[2026-09-30T22:08:51.235+0000] {taskinstance.py:1327} INFO - Marking task as SUCCESS. dag_id=near_earth_objects, task_id=init_table, execution_date=20260930T220849, start_date=20260930T220851, end_date=20260930T220851
[2026-09-30T22:08:51.293+0000] {local_task_job.py:159} INFO - Task exited with return code 0
[2026-09-30T22:08:51.333+0000] {taskinstance.py:2582} INFO - 1 downstream tasks scheduled from follow-on schedule check
