[2026-09-30T21:52:43.599+0000] {taskinstance.py:1087} INFO - Dependencies all met for <TaskInstance: near_earth_objects.init_table scheduled__2026-09-24T00:00:00+00:00 [queued]>
[2026-09-30T21:52:43.612+0000] {taskinstance.py:1087} INFO - Dependencies all met for <TaskInstance: near_earth_objects.init_table scheduled__2026-09-24T00:00:00+00:00 [queued]>
[2026-09-30T21:52:43.612+0000] {taskinstance.py:1283} INFO - 
--------------------------------------------------------------------------------
[2026-09-30T21:52:43.613+0000] {taskinstance.py:1284} INFO - Starting attempt 1 of 1
[2026-09-30T21:52:43.613+0000] {taskinstance.py:1285} INFO - 
--------------------------------------------------------------------------------
[2026-09-30T21:52:43.630+0000] {taskinstance.py:1304} INFO - Executing <Task(_PythonDecoratedOperator): init_table> on 2026-09-24 00:00:00+00:00
[2026-09-30T21:52:43.642+0000] {standard_task_runner.py:55} INFO - Started process 15445 to run task
[2026-09-30T21:52:43.646+0000] {standard_task_runner.py:82} INFO - Running: ['***', 'tasks', 'run', 'near_earth_objects', 'init_table', 'scheduled__2026-09-24T00:00:00+00:00', '--job-id', '271', '--raw', '--subdir', 'DAGS_FOLDER/near_earth_objects.py', '--cfg-path', '/tmp/tmpwr3f8sn_']
[2026-09-30T21:52:43.647+0000] {standard_task_runner.py:83} INFO - Job 271: Subtask init_table
[2026-09-30T21:52:43.722+0000] {task_command.py:389} INFO - Running <TaskInstance: near_earth_objects.init_table scheduled__2026-09-24T00:00:00+00:00 [running]> on host 99d7515dcb98
[2026-09-30T21:52:43.816+0000] {taskinstance.py:1513} INFO - Exporting the following env vars:
AIRFLOW_CTX_DAG_OWNER=***
AIRFLOW_CTX_DAG_ID=near_earth_objects
AIRFLOW_CTX_TASK_ID=init_table
AIRFLOW_CTX_EXECUTION_DATE=2026-09-24T00:00:00+00:00
AIRFLOW_CTX_TRY_NUMBER=1
AIRFLOW_CTX_DAG_RUN_ID=scheduled__2026-09-24T00:00:00+00:00
[2026-09-30T21:52:43.827+0000] {taskinstance.py:1772} ERROR - Task failed with exception
Traceback (most recent call last):
  File "/home/airflow/.local/lib/python3.7/site-packages/airflow/decorators/base.py", line 217, in execute
    return_value = super().execute(context)
  File "/home/airflow/.local/lib/python3.7/site-packages/airflow/operators/python.py", line 175, in execute
    return_value = self.execute_callable()
  File "/home/airflow/.local/lib/python3.7/site-packages/airflow/operators/python.py", line 192, in execute_callable
    return self.python_callable(*self.op_args, **self.op_kwargs)
  File "/opt/airflow/dags/near_earth_objects.py", line 18, in init_table
    conn = psycopg2.connect(Variable.get('dburi'))
  File "/home/airflow/.local/lib/python3.7/site-packages/psycopg2/__init__.py", line 122, in connect
    conn = _connect(dsn, connection_factory=connection_factory, **kwasync)
psycopg2.OperationalError: connection to server at "localhost" (::1), port 5432 failed: Connection refused
	Is the server running on that host and accepting TCP/IP connections?
connection to server at "localhost" (127.0.0.1), port 5432 failed: Connection refused
	Is the server running on that host and accepting TCP/IP connections?

[2026-09-30T21:52:43.838+0000] {taskinstance.py:1327} INFO - Marking task as FAILED. dag_id=near_earth_objects, task_id=init_table, execution_date=20260924T000000, start_date=20260930T215243, end_date=20260930T215243
[2026-09-30T21:52:43.852+0000] {standard_task_runner.py:105} ERROR - Failed to execute job 271 for task init_table (connection to server at "localhost" (::1), port 5432 failed: Connection refused
	Is the server running on that host and accepting TCP/IP connections?
connection to server at "localhost" (127.0.0.1), port 5432 failed: Connection refused
	Is the server running on that host and accepting TCP/IP connections?
; 15445)
[2026-09-30T21:52:43.897+0000] {local_task_job.py:159} INFO - Task exited with return code 1
[2026-09-30T21:52:43.936+0000] {taskinstance.py:2582} INFO - 0 downstream tasks scheduled from follow-on schedule check
[2026-09-30T22:14:05.455+0000] {taskinstance.py:1087} INFO - Dependencies all met for <TaskInstance: near_earth_objects.init_table scheduled__2026-09-24T00:00:00+00:00 [queued]>
[2026-09-30T22:14:05.469+0000] {taskinstance.py:1087} INFO - Dependencies all met for <TaskInstance: near_earth_objects.init_table scheduled__2026-09-24T00:00:00+00:00 [queued]>
[2026-09-30T22:14:05.469+0000] {taskinstance.py:1283} INFO - 
--------------------------------------------------------------------------------
[2026-09-30T22:14:05.469+0000] {taskinstance.py:1284} INFO - Starting attempt 1 of 1
[2026-09-30T22:14:05.470+0000] {taskinstance.py:1285} INFO - 
--------------------------------------------------------------------------------
[2026-09-30T22:14:05.491+0000] {taskinstance.py:1304} INFO - Executing <Task(_PythonDecoratedOperator): init_table> on 2026-09-24 00:00:00+00:00
[2026-09-30T22:14:05.503+0000] {standard_task_runner.py:55} INFO - Started process 18495 to run task
[2026-09-30T22:14:05.508+0000] {standard_task_runner.py:82} INFO - Running: ['***', 'tasks', 'run', 'near_earth_objects', 'init_table', 'scheduled__2026-09-24T00:00:00+00:00', '--job-id', '814', '--raw', '--subdir', 'DAGS_FOLDER/near_earth_objects.py', '--cfg-path', '/tmp/tmplk10fn_v']
[2026-09-30T22:14:05.509+0000] {standard_task_runner.py:83} INFO - Job 814: Subtask init_table
[2026-09-30T22:14:05.592+0000] {task_command.py:389} INFO - Running <TaskInstance: near_earth_objects.init_table scheduled__2026-09-24T00:00:00+00:00 [running]> on host 99d7515dcb98
[2026-09-30T22:14:05.701+0000] {taskinstance.py:1513} INFO - Exporting the following env vars:
AIRFLOW_CTX_DAG_OWNER=***
AIRFLOW_CTX_DAG_ID=near_earth_objects
AIRFLOW_CTX_TASK_ID=init_table
AIRFLOW_CTX_EXECUTION_DATE=2026-09-24T00:00:00+00:00
AIRFLOW_CTX_TRY_NUMBER=1
AIRFLOW_CTX_DAG_RUN_ID=scheduled__2026-09-24T00:00:00+00:00
[2026-09-30T22:14:05.724+0000] {python.py:177} INFO - Done. Returned value was: None
[2026-09-30T22:14:05.739+0000] {taskinstance.py:1327} INFO - Marking task as SUCCESS. dag_id=near_earth_objects, task_id=init_table, execution_date=20260924T000000, start_date=20260930T221405, end_date=20260930T221405
[2026-09-30T22:14:05.799+0000] {local_task_job.py:159} INFO - Task exited with return code 0
[2026-09-30T22:14:05.873+0000] {taskinstance.py:2582} INFO - 0 downstream tasks scheduled from follow-on schedule check
