[2026-09-30T21:49:53.946+0000] {taskinstance.py:1087} INFO - Dependencies all met for <TaskInstance: near_earth_objects.init_table scheduled__2026-03-03T00:00:00+00:00 [queued]>
[2026-09-30T21:49:53.955+0000] {taskinstance.py:1087} INFO - Dependencies all met for <TaskInstance: near_earth_objects.init_table scheduled__2026-03-03T00:00:00+00:00 [queued]>
[2026-09-30T21:49:53.955+0000] {taskinstance.py:1283} INFO - 
--------------------------------------------------------------------------------
[2026-09-30T21:49:53.956+0000] {taskinstance.py:1284} INFO - Starting attempt 1 of 1
[2026-09-30T21:49:53.956+0000] {taskinstance.py:1285} INFO - 
--------------------------------------------------------------------------------
[2026-09-30T21:49:53.970+0000] {taskinstance.py:1304} INFO - Executing <Task(_PythonDecoratedOperator): init_table> on 2026-03-03 00:00:00+00:00
[2026-09-30T21:49:53.979+0000] {standard_task_runner.py:55} INFO - Started process 14773 to run task
[2026-09-30T21:49:53.983+0000] {standard_task_runner.py:82} INFO - Running: ['***', 'tasks', 'run', 'near_earth_objects', 'init_table', 'scheduled__2026-03-03T00:00:00+00:00', '--job-id', '65', '--raw', '--subdir', 'DAGS_FOLDER/near_earth_objects.py', '--cfg-path', '/tmp/tmpl2shbya4']
[2026-09-30T21:49:53.983+0000] {standard_task_runner.py:83} INFO - Job 65: Subtask init_table
[2026-09-30T21:49:54.039+0000] {task_command.py:389} INFO - Running <TaskInstance: near_earth_objects.init_table scheduled__2026-03-03T00:00:00+00:00 [running]> on host 99d7515dcb98
[2026-09-30T21:49:54.102+0000] {taskinstance.py:1513} INFO - Exporting the following env vars:
AIRFLOW_CTX_DAG_OWNER=***
AIRFLOW_CTX_DAG_ID=near_earth_objects
AIRFLOW_CTX_TASK_ID=init_table
AIRFLOW_CTX_EXECUTION_DATE=2026-03-03T00:00:00+00:00
AIRFLOW_CTX_TRY_NUMBER=1
AIRFLOW_CTX_DAG_RUN_ID=scheduled__2026-03-03T00:00:00+00:00
[2026-09-30T21:49:54.110+0000] {taskinstance.py:1772} ERROR - Task failed with exception
Traceback (most recent call last):
  File "/home/airflow/.local/lib/python3.7/site-packages/airflow/decorators/base.py", line 217, in execute
    return_value = super().execute(context)
  File "/home/airflow/.local/lib/python3.7/site-packages/airflow/operators/python.py", line 175, in execute
    return_value = self.execute_callable()
  File "/home/airflow/.local/lib/python3.7/site-packages/airflow/operators/python.py", line 192, in execute_callable
    return self.python_callable(*self.op_args, **self.op_kwargs)
  File "/opt/airflow/dags/near_earth_objects.py", line 18, in init_table
    conn = psycopg2.connect(Variable.get('dburi'))
  File "/home/airflow/.local/lib/python3.7/site-packages/psycopg2/__init__.py", line 122, in connect
    conn = _connect(dsn, connection_factory=connection_factory, **kwasync)
psycopg2.OperationalError: connection to server at "localhost" (::1), port 5432 failed: Connection refused
	Is the server running on that host and accepting TCP/IP connections?
connection to server at "localhost" (127.0.0.1), port 5432 failed: Connection refused
	Is the server running on that host and accepting TCP/IP connections?

[2026-09-30T21:49:54.117+0000] {taskinstance.py:1327} INFO - Marking task as FAILED. dag_id=near_earth_objects, task_id=init_table, execution_date=20260303T000000, start_date=20260930T214953, end_date=20260930T214954
[2026-09-30T21:49:54.127+0000] {standard_task_runner.py:105} ERROR - Failed to execute job 65 for task init_table (connection to server at "localhost" (::1), port 5432 failed: Connection refused
	Is the server running on that host and accepting TCP/IP connections?
connection to server at "localhost" (127.0.0.1), port 5432 failed: Connection refused
	Is the server running on that host and accepting TCP/IP connections?
; 14773)
[2026-09-30T21:49:54.154+0000] {local_task_job.py:159} INFO - Task exited with return code 1
[2026-09-30T21:49:54.180+0000] {taskinstance.py:2582} INFO - 0 downstream tasks scheduled from follow-on schedule check
[2026-09-30T22:11:56.446+0000] {taskinstance.py:1087} INFO - Dependencies all met for <TaskInstance: near_earth_objects.init_table scheduled__2026-03-03T00:00:00+00:00 [queued]>
[2026-09-30T22:11:56.461+0000] {taskinstance.py:1087} INFO - Dependencies all met for <TaskInstance: near_earth_objects.init_table scheduled__2026-03-03T00:00:00+00:00 [queued]>
[2026-09-30T22:11:56.462+0000] {taskinstance.py:1283} INFO - 
--------------------------------------------------------------------------------
[2026-09-30T22:11:56.462+0000] {taskinstance.py:1284} INFO - Starting attempt 1 of 1
[2026-09-30T22:11:56.462+0000] {taskinstance.py:1285} INFO - 
--------------------------------------------------------------------------------
[2026-09-30T22:11:56.493+0000] {taskinstance.py:1304} INFO - Executing <Task(_PythonDecoratedOperator): init_table> on 2026-03-03 00:00:00+00:00
[2026-09-30T22:11:56.508+0000] {standard_task_runner.py:55} INFO - Started process 17476 to run task
[2026-09-30T22:11:56.514+0000] {standard_task_runner.py:82} INFO - Running: ['***', 'tasks', 'run', 'near_earth_objects', 'init_table', 'scheduled__2026-03-03T00:00:00+00:00', '--job-id', '403', '--raw', '--subdir', 'DAGS_FOLDER/near_earth_objects.py', '--cfg-path', '/tmp/tmpr_o1abjl']
[2026-09-30T22:11:56.515+0000] {standard_task_runner.py:83} INFO - Job 403: Subtask init_table
[2026-09-30T22:11:56.640+0000] {task_command.py:389} INFO - Running <TaskInstance: near_earth_objects.init_table scheduled__2026-03-03T00:00:00+00:00 [running]> on host 99d7515dcb98
[2026-09-30T22:11:56.804+0000] {taskinstance.py:1513} INFO - Exporting the following env vars:
AIRFLOW_CTX_DAG_OWNER=***
AIRFLOW_CTX_DAG_ID=near_earth_objects
AIRFLOW_CTX_TASK_ID=init_table
AIRFLOW_CTX_EXECUTION_DATE=2026-03-03T00:00:00+00:00
AIRFLOW_CTX_TRY_NUMBER=1
AIRFLOW_CTX_DAG_RUN_ID=scheduled__2026-03-03T00:00:00+00:00
[2026-09-30T22:11:56.841+0000] {python.py:177} INFO - Done. Returned value was: None
[2026-09-30T22:11:56.860+0000] {taskinstance.py:1327} INFO - Marking task as SUCCESS. dag_id=near_earth_objects, task_id=init_table, execution_date=20260303T000000, start_date=20260930T221156, end_date=20260930T221156
[2026-09-30T22:11:56.928+0000] {local_task_job.py:159} INFO - Task exited with return code 0
[2026-09-30T22:11:56.986+0000] {taskinstance.py:2582} INFO - 1 downstream tasks scheduled from follow-on schedule check
